[0.030s][info][gc] Using Concurrent Mark Sweep
[0.030s][info][gc,heap,coops] Heap address: 0x0000000700000000, size: 4096 MB, Compressed Oops mode: Zero based, Oop shift amount: 3
[0.157s][info][safepoint    ] Entering safepoint region: EnableBiasedLocking
[0.157s][info][safepoint    ] Leaving safepoint region
[0.157s][info][safepoint    ] Total time for which application threads were stopped: 0.0031651 seconds, Stopping threads took: 0.0029426 seconds
[0.176s][info][safepoint    ] Application time: 0.0178927 seconds
[0.176s][info][safepoint    ] Entering safepoint region: RevokeBias
[0.176s][info][safepoint    ] Leaving safepoint region
[0.176s][info][safepoint    ] Total time for which application threads were stopped: 0.0000897 seconds, Stopping threads took: 0.0000092 seconds
[0.317s][info][safepoint    ] Application time: 0.1411362 seconds
[0.317s][info][safepoint    ] Entering safepoint region: Deoptimize
[0.317s][info][safepoint    ] Leaving safepoint region
[0.317s][info][safepoint    ] Total time for which application threads were stopped: 0.0000744 seconds, Stopping threads took: 0.0000200 seconds
[1.317s][info][safepoint    ] Application time: 1.0000956 seconds
[1.317s][info][safepoint    ] Entering safepoint region: Cleanup
[1.317s][info][safepoint    ] Leaving safepoint region
[1.317s][info][safepoint    ] Total time for which application threads were stopped: 0.0001444 seconds, Stopping threads took: 0.0000123 seconds
[1.873s][info][safepoint    ] Application time: 0.5559101 seconds
[1.873s][info][safepoint    ] Entering safepoint region: Deoptimize
[1.873s][info][safepoint    ] Leaving safepoint region
[1.873s][info][safepoint    ] Total time for which application threads were stopped: 0.0001328 seconds, Stopping threads took: 0.0000078 seconds
[1.922s][info][safepoint    ] Application time: 0.0489287 seconds
[1.922s][info][safepoint    ] Entering safepoint region: Deoptimize
[1.923s][info][safepoint    ] Leaving safepoint region
[1.923s][info][safepoint    ] Total time for which application threads were stopped: 0.0001606 seconds, Stopping threads took: 0.0000201 seconds
[1.975s][info][safepoint    ] Application time: 0.0522699 seconds
[1.975s][info][safepoint    ] Entering safepoint region: Deoptimize
[1.975s][info][safepoint    ] Leaving safepoint region
[1.975s][info][safepoint    ] Total time for which application threads were stopped: 0.0001568 seconds, Stopping threads took: 0.0000196 seconds
[2.975s][info][safepoint    ] Application time: 1.0001366 seconds
[2.975s][info][safepoint    ] Entering safepoint region: Cleanup
[2.975s][info][safepoint    ] Leaving safepoint region
[2.975s][info][safepoint    ] Total time for which application threads were stopped: 0.0001113 seconds, Stopping threads took: 0.0000689 seconds
[2.984s][info][safepoint    ] Application time: 0.0085437 seconds
[2.984s][info][safepoint    ] Entering safepoint region: Deoptimize
[2.984s][info][safepoint    ] Leaving safepoint region
[2.984s][info][safepoint    ] Total time for which application threads were stopped: 0.0002032 seconds, Stopping threads took: 0.0000188 seconds
[3.985s][info][safepoint    ] Application time: 1.0011908 seconds
[3.985s][info][safepoint    ] Entering safepoint region: Cleanup
[3.985s][info][safepoint    ] Leaving safepoint region
[3.985s][info][safepoint    ] Total time for which application threads were stopped: 0.0001127 seconds, Stopping threads took: 0.0000117 seconds
[4.391s][info][safepoint    ] Application time: 0.4061207 seconds
[4.392s][info][safepoint    ] Entering safepoint region: Deoptimize
[4.392s][info][safepoint    ] Leaving safepoint region
[4.392s][info][safepoint    ] Total time for which application threads were stopped: 0.0002038 seconds, Stopping threads took: 0.0000081 seconds
[5.016s][info][safepoint    ] Application time: 0.6239400 seconds
[5.016s][info][safepoint    ] Entering safepoint region: ICBufferFull
[5.016s][info][safepoint    ] Leaving safepoint region
[5.016s][info][safepoint    ] Total time for which application threads were stopped: 0.0001499 seconds, Stopping threads took: 0.0000209 seconds
[5.161s][info][safepoint    ] Application time: 0.1454719 seconds
[5.161s][info][safepoint    ] Entering safepoint region: Deoptimize
[5.162s][info][safepoint    ] Leaving safepoint region
[5.162s][info][safepoint    ] Total time for which application threads were stopped: 0.0002991 seconds, Stopping threads took: 0.0000189 seconds
[5.171s][info][safepoint    ] Application time: 0.0093451 seconds
[5.171s][info][safepoint    ] Entering safepoint region: Deoptimize
[5.171s][info][safepoint    ] Leaving safepoint region
[5.171s][info][safepoint    ] Total time for which application threads were stopped: 0.0002636 seconds, Stopping threads took: 0.0000080 seconds
[5.336s][info][safepoint    ] Application time: 0.1643035 seconds
[5.336s][info][safepoint    ] Entering safepoint region: Deoptimize
[5.336s][info][safepoint    ] Leaving safepoint region
[5.336s][info][safepoint    ] Total time for which application threads were stopped: 0.0004848 seconds, Stopping threads took: 0.0001123 seconds
[5.905s][info][safepoint    ] Application time: 0.5686738 seconds
[5.905s][info][safepoint    ] Entering safepoint region: ICBufferFull
[5.905s][info][safepoint    ] Leaving safepoint region
[5.905s][info][safepoint    ] Total time for which application threads were stopped: 0.0001818 seconds, Stopping threads took: 0.0000187 seconds
[5.967s][info][safepoint    ] Application time: 0.0621882 seconds
[5.967s][info][safepoint    ] Entering safepoint region: Deoptimize
[5.967s][info][safepoint    ] Leaving safepoint region
[5.967s][info][safepoint    ] Total time for which application threads were stopped: 0.0002890 seconds, Stopping threads took: 0.0000191 seconds
[6.279s][info][safepoint    ] Application time: 0.3116827 seconds
[6.279s][info][safepoint    ] Entering safepoint region: GenCollectForAllocation
[6.279s][info][gc,start     ] GC(0) Pause Young (Allocation Failure)
[6.306s][info][gc,task      ] GC(0) Using 4 workers of 4 for evacuation
[6.505s][debug][gc,ref       ] GC(0) Skipped phase1 of Reference Processing due to unavailable references
[6.507s][debug][gc,ref       ] GC(0) Skipped phase3 of Reference Processing due to unavailable references
[6.507s][debug][gc,age       ] GC(0) Desired survivor size 15400960 bytes, new threshold 1 (max threshold 6)
[6.507s][info ][gc,heap      ] GC(0) ParNew: 240896K->30078K(270976K)
[6.507s][info ][gc,heap      ] GC(0) CMS: 0K->5325K(602112K)
[6.507s][info ][gc,metaspace ] GC(0) Metaspace: 20336K->20336K(1067008K)
[6.507s][info ][gc           ] GC(0) Pause Young (Allocation Failure) 235M->34M(852M) 227.413ms
[6.507s][info ][gc,cpu       ] GC(0) User=0.18s Sys=0.02s Real=0.23s
[6.507s][info ][safepoint    ] Leaving safepoint region
[6.507s][info ][safepoint    ] Total time for which application threads were stopped: 0.2276436 seconds, Stopping threads took: 0.0000202 seconds
[6.522s][info ][safepoint    ] Application time: 0.0148106 seconds
[6.522s][info ][safepoint    ] Entering safepoint region: RevokeBias
[6.522s][info ][safepoint    ] Leaving safepoint region
[6.522s][info ][safepoint    ] Total time for which application threads were stopped: 0.0000782 seconds, Stopping threads took: 0.0000359 seconds
[6.522s][info ][safepoint    ] Application time: 0.0000301 seconds
[6.522s][info ][safepoint    ] Entering safepoint region: RevokeBias
[6.522s][info ][safepoint    ] Leaving safepoint region
[6.522s][info ][safepoint    ] Total time for which application threads were stopped: 0.0000286 seconds, Stopping threads took: 0.0000045 seconds
[6.522s][info ][safepoint    ] Application time: 0.0000321 seconds
[6.522s][info ][safepoint    ] Entering safepoint region: RevokeBias
[6.522s][info ][safepoint    ] Leaving safepoint region
[6.522s][info ][safepoint    ] Total time for which application threads were stopped: 0.0000274 seconds, Stopping threads took: 0.0000043 seconds
[6.588s][info ][safepoint    ] Application time: 0.0658432 seconds
[6.588s][info ][safepoint    ] Entering safepoint region: CollectForMetadataAllocation
[6.588s][info ][safepoint    ] Leaving safepoint region
[6.588s][info ][safepoint    ] Total time for which application threads were stopped: 0.0001654 seconds, Stopping threads took: 0.0000208 seconds
[6.622s][info ][safepoint    ] Application time: 0.0340433 seconds
[6.622s][info ][safepoint    ] Entering safepoint region: CollectForMetadataAllocation
[6.622s][info ][safepoint    ] Leaving safepoint region
[6.622s][info ][safepoint    ] Total time for which application threads were stopped: 0.0000754 seconds, Stopping threads took: 0.0000081 seconds
[6.729s][info ][safepoint    ] Application time: 0.1073816 seconds
[6.729s][info ][safepoint    ] Entering safepoint region: CollectForMetadataAllocation
[6.730s][info ][safepoint    ] Leaving safepoint region
[6.730s][info ][safepoint    ] Total time for which application threads were stopped: 0.0000746 seconds, Stopping threads took: 0.0000196 seconds
[6.811s][info ][safepoint    ] Application time: 0.0813046 seconds
[6.811s][info ][safepoint    ] Entering safepoint region: CollectForMetadataAllocation
[6.811s][info ][safepoint    ] Leaving safepoint region
[6.811s][info ][safepoint    ] Total time for which application threads were stopped: 0.0000807 seconds, Stopping threads took: 0.0000200 seconds
[6.829s][info ][safepoint    ] Application time: 0.0185365 seconds
[6.836s][info ][safepoint    ] Entering safepoint region: RevokeBias
[6.836s][info ][safepoint    ] Leaving safepoint region
[6.836s][info ][safepoint    ] Total time for which application threads were stopped: 0.0062722 seconds, Stopping threads took: 0.0061970 seconds
[6.868s][info ][safepoint    ] Application time: 0.0319007 seconds
[6.872s][info ][safepoint    ] Entering safepoint region: RevokeBias
[6.872s][info ][safepoint    ] Leaving safepoint region
[6.872s][info ][safepoint    ] Total time for which application threads were stopped: 0.0041002 seconds, Stopping threads took: 0.0039993 seconds
[6.880s][info ][safepoint    ] Application time: 0.0080777 seconds
[6.880s][info ][safepoint    ] Entering safepoint region: RevokeBias
[6.880s][info ][safepoint    ] Leaving safepoint region
[6.880s][info ][safepoint    ] Total time for which application threads were stopped: 0.0001733 seconds, Stopping threads took: 0.0000281 seconds
[6.896s][info ][safepoint    ] Application time: 0.0155874 seconds
[6.896s][info ][safepoint    ] Entering safepoint region: RevokeBias
[6.896s][info ][safepoint    ] Leaving safepoint region
[6.896s][info ][safepoint    ] Total time for which application threads were stopped: 0.0001667 seconds, Stopping threads took: 0.0000120 seconds
[6.896s][info ][safepoint    ] Application time: 0.0001640 seconds
[6.896s][info ][safepoint    ] Entering safepoint region: RevokeBias
[6.896s][info ][safepoint    ] Leaving safepoint region
[6.896s][info ][safepoint    ] Total time for which application threads were stopped: 0.0000763 seconds, Stopping threads took: 0.0000223 seconds
[6.900s][info ][safepoint    ] Application time: 0.0037571 seconds
[6.903s][info ][safepoint    ] Entering safepoint region: RevokeBias
[6.903s][info ][safepoint    ] Leaving safepoint region
[6.903s][info ][safepoint    ] Total time for which application threads were stopped: 0.0030746 seconds, Stopping threads took: 0.0028991 seconds
[6.904s][info ][safepoint    ] Application time: 0.0011276 seconds
[6.904s][info ][safepoint    ] Entering safepoint region: RevokeBias
[6.904s][info ][safepoint    ] Leaving safepoint region
[6.904s][info ][safepoint    ] Total time for which application threads were stopped: 0.0000943 seconds, Stopping threads took: 0.0000175 seconds
[6.905s][info ][safepoint    ] Application time: 0.0010820 seconds
[6.905s][info ][safepoint    ] Entering safepoint region: CollectForMetadataAllocation
[6.905s][info ][safepoint    ] Leaving safepoint region
[6.905s][info ][safepoint    ] Total time for which application threads were stopped: 0.0000975 seconds, Stopping threads took: 0.0000172 seconds
[6.906s][info ][safepoint    ] Application time: 0.0003373 seconds
[6.906s][info ][safepoint    ] Entering safepoint region: RevokeBias
[6.906s][info ][safepoint    ] Leaving safepoint region
[6.906s][info ][safepoint    ] Total time for which application threads were stopped: 0.0001037 seconds, Stopping threads took: 0.0000146 seconds
[6.906s][info ][safepoint    ] Application time: 0.0001919 seconds
[6.906s][info ][safepoint    ] Entering safepoint region: RevokeBias
[6.906s][info ][safepoint    ] Leaving safepoint region
[6.906s][info ][safepoint    ] Total time for which application threads were stopped: 0.0000783 seconds, Stopping threads took: 0.0000145 seconds
[6.906s][info ][safepoint    ] Application time: 0.0000316 seconds
[6.906s][info ][safepoint    ] Entering safepoint region: RevokeBias
[6.906s][info ][safepoint    ] Leaving safepoint region
[6.906s][info ][safepoint    ] Total time for which application threads were stopped: 0.0000680 seconds, Stopping threads took: 0.0000116 seconds
[6.907s][info ][safepoint    ] Application time: 0.0004801 seconds
[6.907s][info ][safepoint    ] Entering safepoint region: RevokeBias
[6.907s][info ][safepoint    ] Leaving safepoint region
[6.907s][info ][safepoint    ] Total time for which application threads were stopped: 0.0000805 seconds, Stopping threads took: 0.0000147 seconds
[6.907s][info ][safepoint    ] Application time: 0.0000726 seconds
[6.907s][info ][safepoint    ] Entering safepoint region: RevokeBias
[6.907s][info ][safepoint    ] Leaving safepoint region
[6.907s][info ][safepoint    ] Total time for which application threads were stopped: 0.0000714 seconds, Stopping threads took: 0.0000126 seconds
[6.907s][info ][safepoint    ] Application time: 0.0000423 seconds
[6.907s][info ][safepoint    ] Entering safepoint region: RevokeBias
[6.907s][info ][safepoint    ] Leaving safepoint region
[6.907s][info ][safepoint    ] Total time for which application threads were stopped: 0.0000724 seconds, Stopping threads took: 0.0000118 seconds
[6.907s][info ][safepoint    ] Application time: 0.0002108 seconds
[6.907s][info ][safepoint    ] Entering safepoint region: RevokeBias
[6.907s][info ][safepoint    ] Leaving safepoint region
[6.907s][info ][safepoint    ] Total time for which application threads were stopped: 0.0000781 seconds, Stopping threads took: 0.0000143 seconds
[6.909s][info ][safepoint    ] Application time: 0.0010684 seconds
[6.909s][info ][safepoint    ] Entering safepoint region: RevokeBias
[6.909s][info ][safepoint    ] Leaving safepoint region
[6.909s][info ][safepoint    ] Total time for which application threads were stopped: 0.0000917 seconds, Stopping threads took: 0.0000169 seconds
[6.909s][info ][safepoint    ] Application time: 0.0000836 seconds
[6.909s][info ][safepoint    ] Entering safepoint region: RevokeBias
[6.909s][info ][safepoint    ] Leaving safepoint region
[6.909s][info ][safepoint    ] Total time for which application threads were stopped: 0.0000734 seconds, Stopping threads took: 0.0000131 seconds
[6.909s][info ][safepoint    ] Application time: 0.0000765 seconds
[6.909s][info ][safepoint    ] Entering safepoint region: RevokeBias
[6.909s][info ][safepoint    ] Leaving safepoint region
[6.909s][info ][safepoint    ] Total time for which application threads were stopped: 0.0000793 seconds, Stopping threads took: 0.0000173 seconds
[6.909s][info ][safepoint    ] Application time: 0.0004081 seconds
[6.920s][info ][safepoint    ] Entering safepoint region: RevokeBias
[6.920s][info ][safepoint    ] Leaving safepoint region
[6.920s][info ][safepoint    ] Total time for which application threads were stopped: 0.0104821 seconds, Stopping threads took: 0.0103186 seconds
[6.925s][info ][safepoint    ] Application time: 0.0054125 seconds
[6.925s][info ][safepoint    ] Entering safepoint region: RevokeBias
[6.926s][info ][safepoint    ] Leaving safepoint region
[6.926s][info ][safepoint    ] Total time for which application threads were stopped: 0.0002298 seconds, Stopping threads took: 0.0000662 seconds
[6.926s][info ][safepoint    ] Application time: 0.0006344 seconds
[6.926s][info ][safepoint    ] Entering safepoint region: RevokeBias
[6.926s][info ][safepoint    ] Leaving safepoint region
[6.926s][info ][safepoint    ] Total time for which application threads were stopped: 0.0000681 seconds, Stopping threads took: 0.0000057 seconds
[6.926s][info ][safepoint    ] Application time: 0.0000498 seconds
[6.926s][info ][safepoint    ] Entering safepoint region: RevokeBias
[6.926s][info ][safepoint    ] Leaving safepoint region
[6.926s][info ][safepoint    ] Total time for which application threads were stopped: 0.0000588 seconds, Stopping threads took: 0.0000132 seconds
[6.927s][info ][safepoint    ] Application time: 0.0002173 seconds
[6.927s][info ][safepoint    ] Entering safepoint region: RevokeBias
[6.927s][info ][safepoint    ] Leaving safepoint region
[6.927s][info ][safepoint    ] Total time for which application threads were stopped: 0.0000538 seconds, Stopping threads took: 0.0000050 seconds
[6.934s][info ][safepoint    ] Application time: 0.0073905 seconds
[6.934s][info ][safepoint    ] Entering safepoint region: RevokeBias
[6.935s][info ][safepoint    ] Leaving safepoint region
[6.935s][info ][safepoint    ] Total time for which application threads were stopped: 0.0005363 seconds, Stopping threads took: 0.0001433 seconds
[6.935s][info ][safepoint    ] Application time: 0.0000478 seconds
[6.935s][info ][safepoint    ] Entering safepoint region: RevokeBias
[6.935s][info ][safepoint    ] Leaving safepoint region
[6.935s][info ][safepoint    ] Total time for which application threads were stopped: 0.0002914 seconds, Stopping threads took: 0.0000131 seconds
[6.941s][info ][safepoint    ] Application time: 0.0056395 seconds
[6.948s][info ][safepoint    ] Entering safepoint region: RevokeBias
[6.948s][info ][safepoint    ] Leaving safepoint region
[6.948s][info ][safepoint    ] Total time for which application threads were stopped: 0.0072264 seconds, Stopping threads took: 0.0071053 seconds
[6.952s][info ][safepoint    ] Application time: 0.0039112 seconds
[6.952s][info ][safepoint    ] Entering safepoint region: RevokeBias
[6.952s][info ][safepoint    ] Leaving safepoint region
[6.952s][info ][safepoint    ] Total time for which application threads were stopped: 0.0006207 seconds, Stopping threads took: 0.0004399 seconds
[6.964s][info ][safepoint    ] Application time: 0.0112787 seconds
[6.964s][info ][safepoint    ] Entering safepoint region: CollectForMetadataAllocation
[6.964s][info ][safepoint    ] Leaving safepoint region
[6.964s][info ][safepoint    ] Total time for which application threads were stopped: 0.0001411 seconds, Stopping threads took: 0.0000569 seconds
[6.965s][info ][safepoint    ] Application time: 0.0013329 seconds
[6.965s][info ][safepoint    ] Entering safepoint region: BulkRevokeBias
[6.966s][info ][safepoint    ] Leaving safepoint region
[6.966s][info ][safepoint    ] Total time for which application threads were stopped: 0.0003544 seconds, Stopping threads took: 0.0000239 seconds
[6.984s][info ][safepoint    ] Application time: 0.0188830 seconds
[6.987s][info ][safepoint    ] Entering safepoint region: RevokeBias
[6.987s][info ][safepoint    ] Leaving safepoint region
[6.987s][info ][safepoint    ] Total time for which application threads were stopped: 0.0027577 seconds, Stopping threads took: 0.0026745 seconds
[6.995s][info ][safepoint    ] Application time: 0.0078244 seconds
[6.995s][info ][safepoint    ] Entering safepoint region: RevokeBias
[6.995s][info ][safepoint    ] Leaving safepoint region
[6.995s][info ][safepoint    ] Total time for which application threads were stopped: 0.0001178 seconds, Stopping threads took: 0.0000269 seconds
[7.012s][info ][safepoint    ] Application time: 0.0167002 seconds
[7.018s][info ][safepoint    ] Entering safepoint region: CollectForMetadataAllocation
[7.018s][info ][safepoint    ] Leaving safepoint region
[7.018s][info ][safepoint    ] Total time for which application threads were stopped: 0.0058187 seconds, Stopping threads took: 0.0056526 seconds
[7.032s][info ][safepoint    ] Application time: 0.0139200 seconds
[7.032s][info ][safepoint    ] Entering safepoint region: RevokeBias
[7.032s][info ][safepoint    ] Leaving safepoint region
[7.032s][info ][safepoint    ] Total time for which application threads were stopped: 0.0002378 seconds, Stopping threads took: 0.0001603 seconds
[7.032s][info ][safepoint    ] Application time: 0.0003762 seconds
[7.032s][info ][safepoint    ] Entering safepoint region: RevokeBias
[7.032s][info ][safepoint    ] Leaving safepoint region
[7.032s][info ][safepoint    ] Total time for which application threads were stopped: 0.0000686 seconds, Stopping threads took: 0.0000176 seconds
[7.033s][info ][safepoint    ] Application time: 0.0003299 seconds
[7.033s][info ][safepoint    ] Entering safepoint region: RevokeBias
[7.033s][info ][safepoint    ] Leaving safepoint region
[7.033s][info ][safepoint    ] Total time for which application threads were stopped: 0.0000523 seconds, Stopping threads took: 0.0000147 seconds
[7.035s][info ][safepoint    ] Application time: 0.0023325 seconds
[7.035s][info ][safepoint    ] Entering safepoint region: RevokeBias
[7.035s][info ][safepoint    ] Leaving safepoint region
[7.035s][info ][safepoint    ] Total time for which application threads were stopped: 0.0000654 seconds, Stopping threads took: 0.0000184 seconds
[7.041s][info ][safepoint    ] Application time: 0.0058157 seconds
[7.041s][info ][safepoint    ] Entering safepoint region: RevokeBias
[7.041s][info ][safepoint    ] Leaving safepoint region
[7.041s][info ][safepoint    ] Total time for which application threads were stopped: 0.0001051 seconds, Stopping threads took: 0.0000206 seconds
[7.043s][info ][safepoint    ] Application time: 0.0017535 seconds
[7.043s][info ][safepoint    ] Entering safepoint region: RevokeBias
[7.043s][info ][safepoint    ] Leaving safepoint region
[7.043s][info ][safepoint    ] Total time for which application threads were stopped: 0.0000696 seconds, Stopping threads took: 0.0000155 seconds
[7.043s][info ][safepoint    ] Application time: 0.0002126 seconds
[7.043s][info ][safepoint    ] Entering safepoint region: RevokeBias
[7.043s][info ][safepoint    ] Leaving safepoint region
[7.043s][info ][safepoint    ] Total time for which application threads were stopped: 0.0000568 seconds, Stopping threads took: 0.0000142 seconds
[7.046s][info ][safepoint    ] Application time: 0.0025845 seconds
[7.046s][info ][safepoint    ] Entering safepoint region: RevokeBias
[7.046s][info ][safepoint    ] Leaving safepoint region
[7.046s][info ][safepoint    ] Total time for which application threads were stopped: 0.0000685 seconds, Stopping threads took: 0.0000228 seconds
[7.062s][info ][safepoint    ] Application time: 0.0149603 seconds
[7.062s][info ][safepoint    ] Entering safepoint region: RevokeBias
[7.062s][info ][safepoint    ] Leaving safepoint region
[7.062s][info ][safepoint    ] Total time for which application threads were stopped: 0.0001676 seconds, Stopping threads took: 0.0000618 seconds
[7.068s][info ][safepoint    ] Application time: 0.0066050 seconds
[7.068s][info ][safepoint    ] Entering safepoint region: RevokeBias
[7.069s][info ][safepoint    ] Leaving safepoint region
[7.069s][info ][safepoint    ] Total time for which application threads were stopped: 0.0000956 seconds, Stopping threads took: 0.0000259 seconds
[7.070s][info ][safepoint    ] Application time: 0.0015242 seconds
[7.070s][info ][safepoint    ] Entering safepoint region: RevokeBias
[7.070s][info ][safepoint    ] Leaving safepoint region
[7.070s][info ][safepoint    ] Total time for which application threads were stopped: 0.0000599 seconds, Stopping threads took: 0.0000154 seconds
[7.071s][info ][safepoint    ] Application time: 0.0010211 seconds
[7.071s][info ][safepoint    ] Entering safepoint region: RevokeBias
[7.071s][info ][safepoint    ] Leaving safepoint region
[7.071s][info ][safepoint    ] Total time for which application threads were stopped: 0.0000615 seconds, Stopping threads took: 0.0000170 seconds
[7.072s][info ][safepoint    ] Application time: 0.0010583 seconds
[7.072s][info ][safepoint    ] Entering safepoint region: RevokeBias
[7.072s][info ][safepoint    ] Leaving safepoint region
[7.072s][info ][safepoint    ] Total time for which application threads were stopped: 0.0000573 seconds, Stopping threads took: 0.0000166 seconds
[7.083s][info ][safepoint    ] Application time: 0.0101824 seconds
[7.083s][info ][safepoint    ] Entering safepoint region: CollectForMetadataAllocation
[7.083s][info ][safepoint    ] Leaving safepoint region
[7.083s][info ][safepoint    ] Total time for which application threads were stopped: 0.0001063 seconds, Stopping threads took: 0.0000354 seconds
[7.089s][info ][safepoint    ] Application time: 0.0064354 seconds
[7.089s][info ][safepoint    ] Entering safepoint region: RevokeBias
[7.089s][info ][safepoint    ] Leaving safepoint region
[7.089s][info ][safepoint    ] Total time for which application threads were stopped: 0.0001114 seconds, Stopping threads took: 0.0000106 seconds
[7.091s][info ][safepoint    ] Application time: 0.0015453 seconds
[7.091s][info ][safepoint    ] Entering safepoint region: RevokeBias
[7.091s][info ][safepoint    ] Leaving safepoint region
[7.091s][info ][safepoint    ] Total time for which application threads were stopped: 0.0005653 seconds, Stopping threads took: 0.0005044 seconds
[7.108s][info ][safepoint    ] Application time: 0.0168530 seconds
[7.108s][info ][safepoint    ] Entering safepoint region: RevokeBias
[7.108s][info ][safepoint    ] Leaving safepoint region
[7.108s][info ][safepoint    ] Total time for which application threads were stopped: 0.0001470 seconds, Stopping threads took: 0.0000463 seconds
[7.118s][info ][safepoint    ] Application time: 0.0096574 seconds
[7.118s][info ][safepoint    ] Entering safepoint region: RevokeBias
[7.118s][info ][safepoint    ] Leaving safepoint region
[7.118s][info ][safepoint    ] Total time for which application threads were stopped: 0.0001060 seconds, Stopping threads took: 0.0000319 seconds
[7.121s][info ][safepoint    ] Application time: 0.0025970 seconds
[7.129s][info ][safepoint    ] Entering safepoint region: RevokeBias
[7.129s][info ][safepoint    ] Leaving safepoint region
[7.129s][info ][safepoint    ] Total time for which application threads were stopped: 0.0082183 seconds, Stopping threads took: 0.0080468 seconds
[7.130s][info ][safepoint    ] Application time: 0.0008467 seconds
[7.130s][info ][safepoint    ] Entering safepoint region: BulkRevokeBias
[7.130s][info ][safepoint    ] Leaving safepoint region
[7.130s][info ][safepoint    ] Total time for which application threads were stopped: 0.0003378 seconds, Stopping threads took: 0.0000166 seconds
[7.149s][info ][safepoint    ] Application time: 0.0182107 seconds
[7.150s][info ][safepoint    ] Entering safepoint region: CollectForMetadataAllocation
[7.150s][info ][safepoint    ] Leaving safepoint region
[7.150s][info ][safepoint    ] Total time for which application threads were stopped: 0.0018101 seconds, Stopping threads took: 0.0011767 seconds
[7.168s][info ][safepoint    ] Application time: 0.0180491 seconds
[7.172s][info ][safepoint    ] Entering safepoint region: CollectForMetadataAllocation
[7.172s][info ][safepoint    ] Leaving safepoint region
[7.172s][info ][safepoint    ] Total time for which application threads were stopped: 0.0040087 seconds, Stopping threads took: 0.0039258 seconds
[7.194s][info ][safepoint    ] Application time: 0.0218351 seconds
[7.195s][info ][safepoint    ] Entering safepoint region: CollectForMetadataAllocation
[7.195s][info ][safepoint    ] Leaving safepoint region
[7.195s][info ][safepoint    ] Total time for which application threads were stopped: 0.0006129 seconds, Stopping threads took: 0.0005356 seconds
[7.205s][info ][safepoint    ] Application time: 0.0097908 seconds
[7.212s][info ][safepoint    ] Entering safepoint region: RevokeBias
[7.212s][info ][safepoint    ] Leaving safepoint region
[7.212s][info ][safepoint    ] Total time for which application threads were stopped: 0.0066912 seconds, Stopping threads took: 0.0065698 seconds
[7.227s][info ][safepoint    ] Application time: 0.0150493 seconds
[7.236s][info ][safepoint    ] Entering safepoint region: CollectForMetadataAllocation
[7.236s][info ][safepoint    ] Leaving safepoint region
[7.236s][info ][safepoint    ] Total time for which application threads were stopped: 0.0089356 seconds, Stopping threads took: 0.0087941 seconds
[7.255s][info ][safepoint    ] Application time: 0.0193489 seconds
[7.268s][info ][safepoint    ] Entering safepoint region: CollectForMetadataAllocation
[7.269s][info ][safepoint    ] Leaving safepoint region
[7.269s][info ][safepoint    ] Total time for which application threads were stopped: 0.0135895 seconds, Stopping threads took: 0.0125276 seconds
[7.356s][info ][safepoint    ] Application time: 0.0868681 seconds
[7.358s][info ][safepoint    ] Entering safepoint region: CollectForMetadataAllocation
[7.358s][info ][safepoint    ] Leaving safepoint region
[7.358s][info ][safepoint    ] Total time for which application threads were stopped: 0.0019789 seconds, Stopping threads took: 0.0018559 seconds
[7.369s][info ][safepoint    ] Application time: 0.0111947 seconds
[8.393s][info ][safepoint    ] Entering safepoint region: RevokeBias
[8.393s][info ][safepoint    ] Leaving safepoint region
[8.393s][info ][safepoint    ] Total time for which application threads were stopped: 0.0001618 seconds, Stopping threads took: 0.0000224 seconds
[8.417s][info ][safepoint    ] Application time: 0.0237007 seconds
[8.417s][info ][safepoint    ] Entering safepoint region: Deoptimize
[8.417s][info ][safepoint    ] Leaving safepoint region
[8.417s][info ][safepoint    ] Total time for which application threads were stopped: 0.0004085 seconds, Stopping threads took: 0.0000301 seconds
[8.448s][info ][safepoint    ] Application time: 0.0307421 seconds
[8.461s][info ][safepoint    ] Entering safepoint region: RevokeBias
[8.461s][info ][safepoint    ] Leaving safepoint region
[8.461s][info ][safepoint    ] Total time for which application threads were stopped: 0.0129886 seconds, Stopping threads took: 0.0128825 seconds
[8.512s][info ][safepoint    ] Application time: 0.0508395 seconds
[8.512s][info ][safepoint    ] Entering safepoint region: CMS_Initial_Mark
[8.512s][info ][gc,start     ] GC(1) Pause Initial Mark
[8.560s][info ][gc           ] GC(1) Pause Initial Mark 83M->83M(852M) 47.729ms
[8.560s][info ][gc,cpu       ] GC(1) User=0.06s Sys=0.00s Real=0.05s
[8.560s][info ][safepoint    ] Leaving safepoint region
[8.560s][info ][safepoint    ] Total time for which application threads were stopped: 0.0478872 seconds, Stopping threads took: 0.0000341 seconds
[8.560s][info ][gc           ] GC(1) Concurrent Mark
[8.633s][info ][gc           ] GC(1) Concurrent Mark 73.115ms
[8.633s][info ][gc,cpu       ] GC(1) User=0.08s Sys=0.01s Real=0.07s
[8.633s][info ][gc           ] GC(1) Concurrent Preclean
[8.633s][debug][gc,ref       ] GC(1) Preclean SoftReferences 0.001ms
[8.633s][debug][gc,ref       ] GC(1) Preclean WeakReferences 0.000ms
[8.633s][debug][gc,ref       ] GC(1) Preclean FinalReferences 0.001ms
[8.633s][debug][gc,ref       ] GC(1) Preclean PhantomReferences 0.000ms
[8.634s][info ][gc           ] GC(1) Concurrent Preclean 1.272ms
[8.634s][info ][gc,cpu       ] GC(1) User=0.01s Sys=0.00s Real=0.00s
[8.634s][info ][gc           ] GC(1) Concurrent Abortable Preclean
[8.639s][info ][safepoint    ] Application time: 0.0788282 seconds
[8.639s][info ][safepoint    ] Entering safepoint region: RevokeBias
[8.639s][info ][safepoint    ] Leaving safepoint region
[8.639s][info ][safepoint    ] Total time for which application threads were stopped: 0.0006044 seconds, Stopping threads took: 0.0005201 seconds
[8.706s][info ][safepoint    ] Application time: 0.0670524 seconds
[8.706s][info ][safepoint    ] Entering safepoint region: RevokeBias
[8.707s][info ][safepoint    ] Leaving safepoint region
[8.707s][info ][safepoint    ] Total time for which application threads were stopped: 0.0002870 seconds, Stopping threads took: 0.0000106 seconds
[8.707s][info ][safepoint    ] Application time: 0.0002686 seconds
[8.707s][info ][safepoint    ] Entering safepoint region: RevokeBias
[8.707s][info ][safepoint    ] Leaving safepoint region
[8.707s][info ][safepoint    ] Total time for which application threads were stopped: 0.0001335 seconds, Stopping threads took: 0.0000362 seconds
[8.707s][info ][safepoint    ] Application time: 0.0001483 seconds
[8.707s][info ][safepoint    ] Entering safepoint region: RevokeBias
[8.707s][info ][safepoint    ] Leaving safepoint region
[8.707s][info ][safepoint    ] Total time for which application threads were stopped: 0.0000597 seconds, Stopping threads took: 0.0000153 seconds
[8.716s][info ][safepoint    ] Application time: 0.0087849 seconds
[8.716s][info ][safepoint    ] Entering safepoint region: RevokeBias
[8.717s][info ][safepoint    ] Leaving safepoint region
[8.717s][info ][safepoint    ] Total time for which application threads were stopped: 0.0011117 seconds, Stopping threads took: 0.0000089 seconds
[8.735s][info ][safepoint    ] Application time: 0.0175437 seconds
[8.735s][info ][safepoint    ] Entering safepoint region: CollectForMetadataAllocation
[8.735s][info ][safepoint    ] Leaving safepoint region
[8.735s][info ][safepoint    ] Total time for which application threads were stopped: 0.0001563 seconds, Stopping threads took: 0.0000106 seconds
[8.743s][info ][safepoint    ] Application time: 0.0079994 seconds
[8.743s][info ][safepoint    ] Entering safepoint region: CollectForMetadataAllocation
[8.743s][info ][safepoint    ] Leaving safepoint region
[8.743s][info ][safepoint    ] Total time for which application threads were stopped: 0.0004220 seconds, Stopping threads took: 0.0003526 seconds
[8.744s][info ][safepoint    ] Application time: 0.0003233 seconds
[8.744s][info ][safepoint    ] Entering safepoint region: CollectForMetadataAllocation
[8.744s][info ][safepoint    ] Leaving safepoint region
[8.744s][info ][safepoint    ] Total time for which application threads were stopped: 0.0001261 seconds, Stopping threads took: 0.0000872 seconds
[8.822s][info ][safepoint    ] Application time: 0.0783343 seconds
[8.822s][info ][safepoint    ] Entering safepoint region: Deoptimize
[8.823s][info ][safepoint    ] Leaving safepoint region
[8.823s][info ][safepoint    ] Total time for which application threads were stopped: 0.0005812 seconds, Stopping threads took: 0.0000108 seconds
[8.847s][info ][safepoint    ] Application time: 0.0242950 seconds
[8.852s][info ][safepoint    ] Entering safepoint region: RevokeBias
[8.853s][info ][safepoint    ] Leaving safepoint region
[8.853s][info ][safepoint    ] Total time for which application threads were stopped: 0.0052798 seconds, Stopping threads took: 0.0044627 seconds
[8.960s][info ][safepoint    ] Application time: 0.1071936 seconds
[8.969s][info ][safepoint    ] Entering safepoint region: CollectForMetadataAllocation
[8.969s][info ][safepoint    ] Leaving safepoint region
[8.970s][info ][safepoint    ] Total time for which application threads were stopped: 0.0097450 seconds, Stopping threads took: 0.0094509 seconds
[9.056s][info ][safepoint    ] Application time: 0.0861915 seconds
[9.076s][info ][safepoint    ] Entering safepoint region: RevokeBias
[9.077s][info ][safepoint    ] Leaving safepoint region
[9.077s][info ][safepoint    ] Total time for which application threads were stopped: 0.0209941 seconds, Stopping threads took: 0.0206976 seconds
[9.144s][info ][safepoint    ] Application time: 0.0668292 seconds
[9.148s][info ][safepoint    ] Entering safepoint region: RevokeBias
[9.149s][info ][safepoint    ] Leaving safepoint region
[9.149s][info ][safepoint    ] Total time for which application threads were stopped: 0.0049844 seconds, Stopping threads took: 0.0046267 seconds
[9.201s][info ][safepoint    ] Application time: 0.0528682 seconds
[9.218s][info ][safepoint    ] Entering safepoint region: RevokeBias
[9.218s][info ][safepoint    ] Leaving safepoint region
[9.218s][info ][safepoint    ] Total time for which application threads were stopped: 0.0170235 seconds, Stopping threads took: 0.0167748 seconds
[9.219s][info ][safepoint    ] Application time: 0.0002078 seconds
[9.219s][info ][safepoint    ] Entering safepoint region: RevokeBias
[9.219s][info ][safepoint    ] Leaving safepoint region
[9.219s][info ][safepoint    ] Total time for which application threads were stopped: 0.0001264 seconds, Stopping threads took: 0.0000207 seconds
[9.372s][info ][safepoint    ] Application time: 0.1530586 seconds
[9.384s][info ][safepoint    ] Entering safepoint region: RevokeBias
[9.384s][info ][safepoint    ] Leaving safepoint region
[9.384s][info ][safepoint    ] Total time for which application threads were stopped: 0.0120665 seconds, Stopping threads took: 0.0117689 seconds
[9.384s][info ][safepoint    ] Application time: 0.0000958 seconds
[9.384s][info ][safepoint    ] Entering safepoint region: RevokeBias
[9.384s][info ][safepoint    ] Leaving safepoint region
[9.384s][info ][safepoint    ] Total time for which application threads were stopped: 0.0001332 seconds, Stopping threads took: 0.0000151 seconds
[9.412s][info ][safepoint    ] Application time: 0.0274540 seconds
[9.420s][info ][safepoint    ] Entering safepoint region: RevokeBias
[9.420s][info ][safepoint    ] Leaving safepoint region
[9.420s][info ][safepoint    ] Total time for which application threads were stopped: 0.0083757 seconds, Stopping threads took: 0.0080458 seconds
[9.596s][info ][safepoint    ] Application time: 0.1756504 seconds
[9.608s][info ][safepoint    ] Entering safepoint region: RevokeBias
[9.608s][info ][safepoint    ] Leaving safepoint region
[9.608s][info ][safepoint    ] Total time for which application threads were stopped: 0.0122083 seconds, Stopping threads took: 0.0119179 seconds
[9.608s][info ][safepoint    ] Application time: 0.0004709 seconds
[9.608s][info ][safepoint    ] Entering safepoint region: RevokeBias
[9.609s][info ][safepoint    ] Leaving safepoint region
[9.609s][info ][safepoint    ] Total time for which application threads were stopped: 0.0001319 seconds, Stopping threads took: 0.0000071 seconds
[9.654s][info ][safepoint    ] Application time: 0.0454050 seconds
[9.659s][info ][safepoint    ] Entering safepoint region: RevokeBias
[9.660s][info ][safepoint    ] Leaving safepoint region
[9.660s][info ][safepoint    ] Total time for which application threads were stopped: 0.0055807 seconds, Stopping threads took: 0.0052786 seconds
[9.688s][info ][safepoint    ] Application time: 0.0286701 seconds
[9.704s][info ][safepoint    ] Entering safepoint region: RevokeBias
[9.704s][info ][safepoint    ] Leaving safepoint region
[9.704s][info ][safepoint    ] Total time for which application threads were stopped: 0.0156259 seconds, Stopping threads took: 0.0153819 seconds
[9.736s][info ][safepoint    ] Application time: 0.0318407 seconds
[9.742s][info ][safepoint    ] Entering safepoint region: RevokeBias
[9.743s][info ][safepoint    ] Leaving safepoint region
[9.743s][info ][safepoint    ] Total time for which application threads were stopped: 0.0069140 seconds, Stopping threads took: 0.0059225 seconds
[9.747s][info ][safepoint    ] Application time: 0.0039721 seconds
[9.747s][info ][safepoint    ] Entering safepoint region: RevokeBias
[9.747s][info ][safepoint    ] Leaving safepoint region
[9.747s][info ][safepoint    ] Total time for which application threads were stopped: 0.0003399 seconds, Stopping threads took: 0.0000633 seconds
[9.793s][info ][safepoint    ] Application time: 0.0457236 seconds
[9.800s][info ][safepoint    ] Entering safepoint region: RevokeBias
[9.800s][info ][safepoint    ] Leaving safepoint region
[9.800s][info ][safepoint    ] Total time for which application threads were stopped: 0.0075391 seconds, Stopping threads took: 0.0070298 seconds
[9.813s][info ][safepoint    ] Application time: 0.0125268 seconds
[9.816s][info ][safepoint    ] Entering safepoint region: RevokeBias
[9.817s][info ][safepoint    ] Leaving safepoint region
[9.817s][info ][safepoint    ] Total time for which application threads were stopped: 0.0039198 seconds, Stopping threads took: 0.0030293 seconds
[9.821s][info ][safepoint    ] Application time: 0.0038720 seconds
[9.821s][info ][safepoint    ] Entering safepoint region: RevokeBias
[9.822s][info ][safepoint    ] Leaving safepoint region
[9.822s][info ][safepoint    ] Total time for which application threads were stopped: 0.0010425 seconds, Stopping threads took: 0.0005638 seconds
[9.835s][info ][safepoint    ] Application time: 0.0133551 seconds
[9.846s][info ][safepoint    ] Entering safepoint region: RevokeBias
[9.846s][info ][safepoint    ] Leaving safepoint region
[9.846s][info ][safepoint    ] Total time for which application threads were stopped: 0.0112056 seconds, Stopping threads took: 0.0108825 seconds
[9.876s][info ][safepoint    ] Application time: 0.0296266 seconds
[9.896s][info ][safepoint    ] Entering safepoint region: RevokeBias
[9.896s][info ][safepoint    ] Leaving safepoint region
[9.896s][info ][safepoint    ] Total time for which application threads were stopped: 0.0200242 seconds, Stopping threads took: 0.0196674 seconds
[9.909s][info ][safepoint    ] Application time: 0.0131046 seconds
[9.924s][info ][safepoint    ] Entering safepoint region: RevokeBias
[9.924s][info ][safepoint    ] Leaving safepoint region
[9.924s][info ][safepoint    ] Total time for which application threads were stopped: 0.0147891 seconds, Stopping threads took: 0.0143989 seconds
[9.959s][info ][safepoint    ] Application time: 0.0348666 seconds
[9.972s][info ][safepoint    ] Entering safepoint region: RevokeBias
[9.973s][info ][safepoint    ] Leaving safepoint region
[9.973s][info ][safepoint    ] Total time for which application threads were stopped: 0.0137163 seconds, Stopping threads took: 0.0132931 seconds
[10.004s][info ][safepoint    ] Application time: 0.0309478 seconds
[10.020s][info ][safepoint    ] Entering safepoint region: RevokeBias
[10.020s][info ][safepoint    ] Leaving safepoint region
[10.020s][info ][safepoint    ] Total time for which application threads were stopped: 0.0163012 seconds, Stopping threads took: 0.0159853 seconds
[10.072s][info ][safepoint    ] Application time: 0.0516997 seconds
[10.084s][info ][safepoint    ] Entering safepoint region: RevokeBias
[10.084s][info ][safepoint    ] Leaving safepoint region
[10.084s][info ][safepoint    ] Total time for which application threads were stopped: 0.0123578 seconds, Stopping threads took: 0.0119705 seconds
[10.090s][info ][safepoint    ] Application time: 0.0063257 seconds
[10.091s][info ][safepoint    ] Entering safepoint region: RevokeBias
[10.091s][info ][safepoint    ] Leaving safepoint region
[10.091s][info ][safepoint    ] Total time for which application threads were stopped: 0.0004890 seconds, Stopping threads took: 0.0001703 seconds
[10.096s][info ][safepoint    ] Application time: 0.0053894 seconds
[10.100s][info ][safepoint    ] Entering safepoint region: RevokeBias
[10.100s][info ][safepoint    ] Leaving safepoint region
[10.100s][info ][safepoint    ] Total time for which application threads were stopped: 0.0040814 seconds, Stopping threads took: 0.0038270 seconds
[10.140s][info ][safepoint    ] Application time: 0.0396456 seconds
[10.140s][info ][safepoint    ] Entering safepoint region: RevokeBias
[10.141s][info ][safepoint    ] Leaving safepoint region
[10.141s][info ][safepoint    ] Total time for which application threads were stopped: 0.0003717 seconds, Stopping threads took: 0.0000398 seconds
[10.168s][info ][safepoint    ] Application time: 0.0274071 seconds
[10.172s][info ][safepoint    ] Entering safepoint region: RevokeBias
[10.172s][info ][safepoint    ] Leaving safepoint region
[10.172s][info ][safepoint    ] Total time for which application threads were stopped: 0.0040763 seconds, Stopping threads took: 0.0037281 seconds
[10.233s][info ][safepoint    ] Application time: 0.0614004 seconds
[10.244s][info ][safepoint    ] Entering safepoint region: RevokeBias
[10.244s][info ][safepoint    ] Leaving safepoint region
[10.244s][info ][safepoint    ] Total time for which application threads were stopped: 0.0104755 seconds, Stopping threads took: 0.0102332 seconds
[10.300s][info ][safepoint    ] Application time: 0.0557240 seconds
[10.300s][info ][safepoint    ] Entering safepoint region: RevokeBias
[10.301s][info ][safepoint    ] Leaving safepoint region
[10.301s][info ][safepoint    ] Total time for which application threads were stopped: 0.0015230 seconds, Stopping threads took: 0.0006679 seconds
[10.308s][info ][safepoint    ] Application time: 0.0064264 seconds
[10.308s][info ][safepoint    ] Entering safepoint region: RevokeBias
[10.308s][info ][safepoint    ] Leaving safepoint region
[10.308s][info ][safepoint    ] Total time for which application threads were stopped: 0.0004776 seconds, Stopping threads took: 0.0000135 seconds
[10.385s][info ][safepoint    ] Application time: 0.0763271 seconds
[10.391s][info ][safepoint    ] Entering safepoint region: BulkRevokeBias
[10.393s][info ][safepoint    ] Leaving safepoint region
[10.393s][info ][safepoint    ] Total time for which application threads were stopped: 0.0085153 seconds, Stopping threads took: 0.0066527 seconds
[10.720s][info ][safepoint    ] Application time: 0.3268800 seconds
[10.728s][info ][safepoint    ] Entering safepoint region: GenCollectForAllocation
[10.728s][info ][gc,start     ] GC(2) Pause Young (Allocation Failure)
[10.728s][info ][gc,task      ] GC(2) Using 4 workers of 4 for evacuation
[10.973s][debug][gc,ref       ] GC(2) Skipped phase1 of Reference Processing due to unavailable references
[10.973s][debug][gc,ref       ] GC(2) Skipped phase3 of Reference Processing due to unavailable references
[10.974s][debug][gc,age       ] GC(2) Desired survivor size 15400960 bytes, new threshold 1 (max threshold 6)
[10.974s][info ][gc,heap      ] GC(2) ParNew: 270974K->30080K(270976K)
[10.974s][info ][gc,heap      ] GC(2) CMS: 5325K->43276K(602112K)
[10.974s][info ][gc,metaspace ] GC(2) Metaspace: 25666K->25666K(1073152K)
[10.974s][info ][gc           ] GC(2) Pause Young (Allocation Failure) 269M->71M(852M) 245.644ms
[10.974s][info ][gc,cpu       ] GC(2) User=0.28s Sys=0.01s Real=0.24s
[10.974s][info ][safepoint    ] Leaving safepoint region
[10.974s][info ][safepoint    ] Total time for which application threads were stopped: 0.2536469 seconds, Stopping threads took: 0.0077409 seconds
[11.059s][info ][safepoint    ] Application time: 0.0849122 seconds
[11.068s][info ][safepoint    ] Entering safepoint region: CollectForMetadataAllocation
[11.068s][info ][safepoint    ] Leaving safepoint region
[11.068s][info ][safepoint    ] Total time for which application threads were stopped: 0.0092773 seconds, Stopping threads took: 0.0091036 seconds
[11.487s][info ][safepoint    ] Application time: 0.4193918 seconds
[11.532s][info ][safepoint    ] Entering safepoint region: CollectForMetadataAllocation
[11.532s][info ][safepoint    ] Leaving safepoint region
[11.532s][info ][safepoint    ] Total time for which application threads were stopped: 0.0446086 seconds, Stopping threads took: 0.0443832 seconds
[11.592s][info ][safepoint    ] Application time: 0.0597819 seconds
[11.596s][info ][safepoint    ] Entering safepoint region: CollectForMetadataAllocation
[11.596s][info ][safepoint    ] Leaving safepoint region
[11.596s][info ][safepoint    ] Total time for which application threads were stopped: 0.0041602 seconds, Stopping threads took: 0.0039794 seconds
[11.663s][info ][safepoint    ] Application time: 0.0666182 seconds
[11.663s][info ][safepoint    ] Entering safepoint region: CollectForMetadataAllocation
[11.663s][info ][safepoint    ] Leaving safepoint region
[11.663s][info ][safepoint    ] Total time for which application threads were stopped: 0.0004120 seconds, Stopping threads took: 0.0002107 seconds
[11.716s][info ][safepoint    ] Application time: 0.0528982 seconds
[11.719s][info ][safepoint    ] Entering safepoint region: CollectForMetadataAllocation
[11.719s][info ][safepoint    ] Leaving safepoint region
[11.719s][info ][safepoint    ] Total time for which application threads were stopped: 0.0033418 seconds, Stopping threads took: 0.0031082 seconds
[11.719s][info ][safepoint    ] Application time: 0.0000588 seconds
[11.719s][info ][safepoint    ] Entering safepoint region: CollectForMetadataAllocation
[11.720s][info ][safepoint    ] Leaving safepoint region
[11.720s][info ][safepoint    ] Total time for which application threads were stopped: 0.0002898 seconds, Stopping threads took: 0.0001458 seconds
[11.722s][info ][safepoint    ] Application time: 0.0020833 seconds
[11.722s][info ][safepoint    ] Entering safepoint region: CollectForMetadataAllocation
[11.722s][info ][safepoint    ] Leaving safepoint region
[11.722s][info ][safepoint    ] Total time for which application threads were stopped: 0.0001190 seconds, Stopping threads took: 0.0000234 seconds
[11.732s][info ][gc           ] GC(1) Concurrent Abortable Preclean 3097.621ms
[11.732s][info ][gc,cpu       ] GC(1) User=3.93s Sys=0.15s Real=3.10s
[11.732s][info ][safepoint    ] Application time: 0.0100601 seconds
[11.735s][info ][safepoint    ] Entering safepoint region: CMS_Final_Remark
[11.735s][info ][gc,start     ] GC(1) Pause Remark
[11.892s][debug][gc,phases    ] GC(1) Rescan (parallel) 156.706ms
[11.892s][debug][gc,ref       ] GC(1) Skipped phase1 of Reference Processing due to unavailable references
[11.892s][debug][gc,ref       ] GC(1) Skipped phase2 of Reference Processing due to unavailable references
[11.892s][debug][gc,ref       ] GC(1) Skipped phase3 of Reference Processing due to unavailable references
[11.892s][debug][gc,ref       ] GC(1) Skipped phase4 of Reference Processing due to unavailable references
[11.892s][debug][gc,phases    ] GC(1) Reference Processing 0.035ms
[11.892s][debug][gc,phases    ] GC(1) Weak Processing 0.047ms
[11.892s][debug][gc,phases    ] GC(1) ClassLoaderData 0.434ms
[11.892s][debug][gc,phases    ] GC(1) ProtectionDomainCacheTable 0.004ms
[11.892s][debug][gc,phases    ] GC(1) ResolvedMethodTable 0.050ms
[11.894s][debug][gc,phases    ] GC(1) Class Unloading 2.133ms
[11.900s][debug][gc,phases    ] GC(1) Scrub Symbol Table 5.426ms
[11.900s][debug][gc,phases    ] GC(1) Scrub String Table 0.569ms
[11.902s][info ][gc           ] GC(1) Pause Remark 214M->214M(852M) 165.289ms
[11.902s][info ][gc,cpu       ] GC(1) User=0.16s Sys=0.00s Real=0.17s
[11.902s][info ][safepoint    ] Leaving safepoint region
[11.902s][info ][safepoint    ] Total time for which application threads were stopped: 0.1703878 seconds, Stopping threads took: 0.0030597 seconds
[11.902s][info ][gc           ] GC(1) Concurrent Sweep
[12.057s][info ][gc           ] GC(1) Concurrent Sweep 154.575ms
[12.057s][info ][gc,cpu       ] GC(1) User=0.27s Sys=0.01s Real=0.16s
[12.057s][info ][gc           ] GC(1) Concurrent Reset
[12.108s][info ][safepoint    ] Application time: 0.2058807 seconds
[12.124s][info ][safepoint    ] Entering safepoint region: GenCollectForAllocation
[12.124s][info ][gc,start     ] GC(3) Pause Young (Allocation Failure)
[12.124s][info ][gc,task      ] GC(3) Using 4 workers of 4 for evacuation
[12.344s][debug][gc,ref       ] GC(3) Skipped phase1 of Reference Processing due to unavailable references
[12.344s][debug][gc,ref       ] GC(3) Skipped phase3 of Reference Processing due to unavailable references
[12.344s][debug][gc,age       ] GC(3) Desired survivor size 15400960 bytes, new threshold 1 (max threshold 6)
[12.344s][info ][gc,heap      ] GC(3) ParNew: 270976K->27594K(270976K)
[12.344s][info ][gc,heap      ] GC(3) CMS: 43276K->73788K(602112K)
[12.344s][info ][gc,metaspace ] GC(3) Metaspace: 27060K->27060K(1073152K)
[12.344s][info ][gc           ] GC(3) Pause Young (Allocation Failure) 306M->99M(852M) 219.981ms
[12.344s][info ][gc,cpu       ] GC(3) User=0.27s Sys=0.01s Real=0.22s
[12.344s][info ][safepoint    ] Leaving safepoint region
[12.344s][info ][safepoint    ] Total time for which application threads were stopped: 0.2359234 seconds, Stopping threads took: 0.0157120 seconds
[12.387s][info ][gc           ] GC(1) Concurrent Reset 330.468ms
[12.387s][info ][gc,cpu       ] GC(1) User=0.44s Sys=0.02s Real=0.33s
[12.387s][info ][gc,heap      ] GC(1) Old: 5325K->73788K(602112K)
[12.715s][info ][safepoint    ] Application time: 0.3709200 seconds
[12.726s][info ][safepoint    ] Entering safepoint region: GenCollectForAllocation
[12.726s][info ][gc,start     ] GC(4) Pause Young (Allocation Failure)
[12.726s][info ][gc,task      ] GC(4) Using 4 workers of 4 for evacuation
[12.876s][debug][gc,ref       ] GC(4) Skipped phase1 of Reference Processing due to unavailable references
[12.876s][debug][gc,ref       ] GC(4) Skipped phase3 of Reference Processing due to unavailable references
[12.876s][debug][gc,age       ] GC(4) Desired survivor size 15400960 bytes, new threshold 6 (max threshold 6)
[12.876s][info ][gc,heap      ] GC(4) ParNew: 268490K->22575K(270976K)
[12.876s][info ][gc,heap      ] GC(4) CMS: 73788K->96101K(602112K)
[12.876s][info ][gc,metaspace ] GC(4) Metaspace: 28088K->28088K(1075200K)
[12.876s][info ][gc           ] GC(4) Pause Young (Allocation Failure) 334M->115M(852M) 150.171ms
[12.876s][info ][gc,cpu       ] GC(4) User=0.13s Sys=0.02s Real=0.15s
[12.876s][info ][safepoint    ] Leaving safepoint region
[12.876s][info ][safepoint    ] Total time for which application threads were stopped: 0.1610036 seconds, Stopping threads took: 0.0105713 seconds
[13.057s][info ][safepoint    ] Application time: 0.1807257 seconds
[13.088s][info ][safepoint    ] Entering safepoint region: GenCollectForAllocation
[13.088s][info ][gc,start     ] GC(5) Pause Young (Allocation Failure)
[13.088s][info ][gc,task      ] GC(5) Using 4 workers of 4 for evacuation
[13.116s][debug][gc,ref       ] GC(5) Skipped phase1 of Reference Processing due to unavailable references
[13.116s][debug][gc,ref       ] GC(5) Skipped phase3 of Reference Processing due to unavailable references
[13.116s][debug][gc,age       ] GC(5) Desired survivor size 15400960 bytes, new threshold 6 (max threshold 6)
[13.116s][info ][gc,heap      ] GC(5) ParNew: 263471K->10818K(270976K)
[13.116s][info ][gc,heap      ] GC(5) CMS: 96101K->96101K(602112K)
[13.116s][info ][gc,metaspace ] GC(5) Metaspace: 28504K->28504K(1075200K)
[13.116s][info ][gc           ] GC(5) Pause Young (Allocation Failure) 351M->104M(852M) 27.907ms
[13.116s][info ][gc,cpu       ] GC(5) User=0.04s Sys=0.00s Real=0.03s
[13.116s][info ][safepoint    ] Leaving safepoint region
[13.116s][info ][safepoint    ] Total time for which application threads were stopped: 0.0590938 seconds, Stopping threads took: 0.0309092 seconds
[13.581s][info ][safepoint    ] Application time: 0.4650090 seconds
[13.628s][info ][safepoint    ] Entering safepoint region: GenCollectForAllocation
[13.628s][info ][gc,start     ] GC(6) Pause Young (Allocation Failure)
[13.628s][info ][gc,task      ] GC(6) Using 4 workers of 4 for evacuation
[13.692s][debug][gc,ref       ] GC(6) Skipped phase1 of Reference Processing due to unavailable references
[13.692s][debug][gc,ref       ] GC(6) Skipped phase3 of Reference Processing due to unavailable references
[13.692s][debug][gc,age       ] GC(6) Desired survivor size 15400960 bytes, new threshold 6 (max threshold 6)
[13.692s][info ][gc,heap      ] GC(6) ParNew: 251714K->13459K(270976K)
[13.692s][info ][gc,heap      ] GC(6) CMS: 96101K->96101K(602112K)
[13.692s][info ][gc,metaspace ] GC(6) Metaspace: 30286K->30286K(1077248K)
[13.692s][info ][gc           ] GC(6) Pause Young (Allocation Failure) 339M->106M(852M) 63.957ms
[13.692s][info ][gc,cpu       ] GC(6) User=0.04s Sys=0.00s Real=0.06s
[13.692s][info ][safepoint    ] Leaving safepoint region
[13.692s][info ][safepoint    ] Total time for which application threads were stopped: 0.1110070 seconds, Stopping threads took: 0.0467471 seconds
[13.740s][info ][safepoint    ] Application time: 0.0477402 seconds
[13.772s][info ][safepoint    ] Entering safepoint region: Deoptimize
[13.772s][info ][safepoint    ] Leaving safepoint region
[13.772s][info ][safepoint    ] Total time for which application threads were stopped: 0.0326401 seconds, Stopping threads took: 0.0319686 seconds
[14.073s][info ][safepoint    ] Application time: 0.3003929 seconds
[14.090s][info ][safepoint    ] Entering safepoint region: GenCollectForAllocation
[14.090s][info ][gc,start     ] GC(7) Pause Young (Allocation Failure)
[14.091s][info ][gc,task      ] GC(7) Using 4 workers of 4 for evacuation
[14.135s][debug][gc,ref       ] GC(7) Skipped phase1 of Reference Processing due to unavailable references
[14.135s][debug][gc,ref       ] GC(7) Skipped phase3 of Reference Processing due to unavailable references
[14.135s][debug][gc,age       ] GC(7) Desired survivor size 15400960 bytes, new threshold 6 (max threshold 6)
[14.135s][info ][gc,heap      ] GC(7) ParNew: 254355K->17103K(270976K)
[14.135s][info ][gc,heap      ] GC(7) CMS: 96101K->96101K(602112K)
[14.135s][info ][gc,metaspace ] GC(7) Metaspace: 31410K->31410K(1077248K)
[14.135s][info ][gc           ] GC(7) Pause Young (Allocation Failure) 342M->110M(852M) 44.624ms
[14.135s][info ][gc,cpu       ] GC(7) User=0.06s Sys=0.00s Real=0.04s
[14.135s][info ][safepoint    ] Leaving safepoint region
[14.135s][info ][safepoint    ] Total time for which application threads were stopped: 0.0623346 seconds, Stopping threads took: 0.0174883 seconds
[14.135s][info ][safepoint    ] Application time: 0.0002737 seconds
[14.136s][info ][safepoint    ] Entering safepoint region: RevokeBias
[14.136s][info ][safepoint    ] Leaving safepoint region
[14.136s][info ][safepoint    ] Total time for which application threads were stopped: 0.0002736 seconds, Stopping threads took: 0.0001061 seconds
[14.136s][info ][safepoint    ] Application time: 0.0000275 seconds
[14.136s][info ][safepoint    ] Entering safepoint region: RevokeBias
[14.136s][info ][safepoint    ] Leaving safepoint region
[14.136s][info ][safepoint    ] Total time for which application threads were stopped: 0.0000775 seconds, Stopping threads took: 0.0000052 seconds
[14.332s][info ][safepoint    ] Application time: 0.1963148 seconds
[14.360s][info ][safepoint    ] Entering safepoint region: GenCollectForAllocation
[14.360s][info ][gc,start     ] GC(8) Pause Young (Allocation Failure)
[14.360s][info ][gc,task      ] GC(8) Using 4 workers of 4 for evacuation
[14.408s][debug][gc,ref       ] GC(8) Skipped phase1 of Reference Processing due to unavailable references
[14.408s][debug][gc,ref       ] GC(8) Skipped phase3 of Reference Processing due to unavailable references
[14.409s][debug][gc,age       ] GC(8) Desired survivor size 15400960 bytes, new threshold 6 (max threshold 6)
[14.409s][info ][gc,heap      ] GC(8) ParNew: 257999K->16745K(270976K)
[14.409s][info ][gc,heap      ] GC(8) CMS: 96101K->96101K(602112K)
[14.409s][info ][gc,metaspace ] GC(8) Metaspace: 32019K->32019K(1077248K)
[14.409s][info ][gc           ] GC(8) Pause Young (Allocation Failure) 345M->110M(852M) 48.492ms
[14.409s][info ][gc,cpu       ] GC(8) User=0.05s Sys=0.00s Real=0.05s
[14.409s][info ][safepoint    ] Leaving safepoint region
[14.409s][info ][safepoint    ] Total time for which application threads were stopped: 0.0764533 seconds, Stopping threads took: 0.0276639 seconds
[14.819s][info ][safepoint    ] Application time: 0.4103077 seconds
[14.868s][info ][safepoint    ] Entering safepoint region: GenCollectForAllocation
[14.868s][info ][gc,start     ] GC(9) Pause Young (Allocation Failure)
[14.868s][info ][gc,task      ] GC(9) Using 4 workers of 4 for evacuation
[14.920s][debug][gc,ref       ] GC(9) Skipped phase1 of Reference Processing due to unavailable references
[14.920s][debug][gc,ref       ] GC(9) Skipped phase3 of Reference Processing due to unavailable references
[14.920s][debug][gc,age       ] GC(9) Desired survivor size 15400960 bytes, new threshold 6 (max threshold 6)
[14.920s][info ][gc,heap      ] GC(9) ParNew: 257641K->18062K(270976K)
[14.920s][info ][gc,heap      ] GC(9) CMS: 96101K->96101K(602112K)
[14.920s][info ][gc,metaspace ] GC(9) Metaspace: 32812K->32812K(1079296K)
[14.920s][info ][gc           ] GC(9) Pause Young (Allocation Failure) 345M->111M(852M) 51.840ms
[14.920s][info ][gc,cpu       ] GC(9) User=0.07s Sys=0.00s Real=0.05s
[14.920s][info ][safepoint    ] Leaving safepoint region
[14.920s][info ][safepoint    ] Total time for which application threads were stopped: 0.1011093 seconds, Stopping threads took: 0.0489093 seconds
[15.028s][info ][safepoint    ] Application time: 0.1074052 seconds
[15.064s][info ][safepoint    ] Entering safepoint region: Deoptimize
[15.065s][info ][safepoint    ] Leaving safepoint region
[15.065s][info ][safepoint    ] Total time for which application threads were stopped: 0.0370560 seconds, Stopping threads took: 0.0363431 seconds
[15.168s][info ][safepoint    ] Application time: 0.1038846 seconds
[15.180s][info ][safepoint    ] Entering safepoint region: RevokeBias
[15.180s][info ][safepoint    ] Leaving safepoint region
[15.180s][info ][safepoint    ] Total time for which application threads were stopped: 0.0115580 seconds, Stopping threads took: 0.0111019 seconds
[15.224s][info ][safepoint    ] Application time: 0.0441220 seconds
[15.280s][info ][safepoint    ] Entering safepoint region: RevokeBias
[15.280s][info ][safepoint    ] Leaving safepoint region
[15.280s][info ][safepoint    ] Total time for which application threads were stopped: 0.0559371 seconds, Stopping threads took: 0.0557800 seconds
[15.310s][info ][safepoint    ] Application time: 0.0303157 seconds
[15.340s][info ][safepoint    ] Entering safepoint region: RevokeBias
[15.340s][info ][safepoint    ] Leaving safepoint region
[15.340s][info ][safepoint    ] Total time for which application threads were stopped: 0.0294271 seconds, Stopping threads took: 0.0292133 seconds
[15.361s][info ][safepoint    ] Application time: 0.0212791 seconds
[15.379s][info ][safepoint    ] Entering safepoint region: RevokeBias
[15.379s][info ][safepoint    ] Leaving safepoint region
[15.379s][info ][safepoint    ] Total time for which application threads were stopped: 0.0174884 seconds, Stopping threads took: 0.0173274 seconds
[15.404s][info ][safepoint    ] Application time: 0.0250495 seconds
[15.412s][info ][safepoint    ] Entering safepoint region: RevokeBias
[15.412s][info ][safepoint    ] Leaving safepoint region
[15.412s][info ][safepoint    ] Total time for which application threads were stopped: 0.0082146 seconds, Stopping threads took: 0.0080088 seconds
[15.412s][info ][safepoint    ] Application time: 0.0000663 seconds
[15.412s][info ][safepoint    ] Entering safepoint region: RevokeBias
[15.412s][info ][safepoint    ] Leaving safepoint region
[15.412s][info ][safepoint    ] Total time for which application threads were stopped: 0.0001798 seconds, Stopping threads took: 0.0000405 seconds
[15.413s][info ][safepoint    ] Application time: 0.0010589 seconds
[15.413s][info ][safepoint    ] Entering safepoint region: RevokeBias
[15.413s][info ][safepoint    ] Leaving safepoint region
[15.413s][info ][safepoint    ] Total time for which application threads were stopped: 0.0001219 seconds, Stopping threads took: 0.0000073 seconds
[15.414s][info ][safepoint    ] Application time: 0.0001229 seconds
[15.414s][info ][safepoint    ] Entering safepoint region: RevokeBias
[15.414s][info ][safepoint    ] Leaving safepoint region
[15.414s][info ][safepoint    ] Total time for which application threads were stopped: 0.0001124 seconds, Stopping threads took: 0.0000056 seconds
[15.661s][info ][safepoint    ] Application time: 0.2476648 seconds
[15.683s][info ][safepoint    ] Entering safepoint region: GenCollectForAllocation
[15.683s][info ][gc,start     ] GC(10) Pause Young (Allocation Failure)
[15.683s][info ][gc,task      ] GC(10) Using 4 workers of 4 for evacuation
[15.740s][debug][gc,ref       ] GC(10) Skipped phase1 of Reference Processing due to unavailable references
[15.740s][debug][gc,ref       ] GC(10) Skipped phase3 of Reference Processing due to unavailable references
[15.740s][debug][gc,age       ] GC(10) Desired survivor size 15400960 bytes, new threshold 6 (max threshold 6)
[15.740s][info ][gc,heap      ] GC(10) ParNew: 258958K->16467K(270976K)
[15.740s][info ][gc,heap      ] GC(10) CMS: 96101K->102464K(602112K)
[15.740s][info ][gc,metaspace ] GC(10) Metaspace: 33369K->33369K(1079296K)
[15.740s][info ][gc           ] GC(10) Pause Young (Allocation Failure) 346M->116M(852M) 57.375ms
[15.740s][info ][gc,cpu       ] GC(10) User=0.07s Sys=0.00s Real=0.06s
[15.740s][info ][safepoint    ] Leaving safepoint region
[15.740s][info ][safepoint    ] Total time for which application threads were stopped: 0.0788752 seconds, Stopping threads took: 0.0212558 seconds
[16.049s][info ][safepoint    ] Application time: 0.3091312 seconds
[16.068s][info ][safepoint    ] Entering safepoint region: GenCollectForAllocation
[16.068s][info ][gc,start     ] GC(11) Pause Young (Allocation Failure)
[16.068s][info ][gc,task      ] GC(11) Using 4 workers of 4 for evacuation
[16.119s][debug][gc,ref       ] GC(11) Skipped phase1 of Reference Processing due to unavailable references
[16.119s][debug][gc,ref       ] GC(11) Skipped phase3 of Reference Processing due to unavailable references
[16.119s][debug][gc,age       ] GC(11) Desired survivor size 15400960 bytes, new threshold 6 (max threshold 6)
[16.119s][info ][gc,heap      ] GC(11) ParNew: 257363K->8038K(270976K)
[16.119s][info ][gc,heap      ] GC(11) CMS: 102464K->104106K(602112K)
[16.119s][info ][gc,metaspace ] GC(11) Metaspace: 33384K->33384K(1079296K)
[16.119s][info ][gc           ] GC(11) Pause Young (Allocation Failure) 351M->109M(852M) 50.868ms
[16.119s][info ][gc,cpu       ] GC(11) User=0.05s Sys=0.00s Real=0.05s
[16.119s][info ][safepoint    ] Leaving safepoint region
[16.119s][info ][safepoint    ] Total time for which application threads were stopped: 0.0694285 seconds, Stopping threads took: 0.0183298 seconds
[16.424s][info ][safepoint    ] Application time: 0.3047880 seconds
[16.452s][info ][safepoint    ] Entering safepoint region: GenCollectForAllocation
[16.452s][info ][gc,start     ] GC(12) Pause Young (Allocation Failure)
[16.452s][info ][gc,task      ] GC(12) Using 4 workers of 4 for evacuation
[16.507s][debug][gc,ref       ] GC(12) Skipped phase1 of Reference Processing due to unavailable references
[16.507s][debug][gc,ref       ] GC(12) Skipped phase3 of Reference Processing due to unavailable references
[16.507s][debug][gc,ref       ] GC(12) Skipped phase4 of Reference Processing due to unavailable references
[16.508s][debug][gc,age       ] GC(12) Desired survivor size 15400960 bytes, new threshold 6 (max threshold 6)
[16.508s][info ][gc,heap      ] GC(12) ParNew: 248934K->6712K(270976K)
[16.508s][info ][gc,heap      ] GC(12) CMS: 104106K->106890K(602112K)
[16.508s][info ][gc,metaspace ] GC(12) Metaspace: 33427K->33427K(1079296K)
[16.508s][info ][gc           ] GC(12) Pause Young (Allocation Failure) 344M->110M(852M) 55.703ms
[16.508s][info ][gc,cpu       ] GC(12) User=0.04s Sys=0.00s Real=0.06s
[16.508s][info ][safepoint    ] Leaving safepoint region
[16.508s][info ][safepoint    ] Total time for which application threads were stopped: 0.0839067 seconds, Stopping threads took: 0.0280011 seconds
[16.552s][info ][safepoint    ] Application time: 0.0440937 seconds
[16.564s][info ][safepoint    ] Entering safepoint region: Deoptimize
[16.564s][info ][safepoint    ] Leaving safepoint region
[16.564s][info ][safepoint    ] Total time for which application threads were stopped: 0.0126727 seconds, Stopping threads took: 0.0119642 seconds
[16.617s][info ][safepoint    ] Application time: 0.0525545 seconds
[16.631s][info ][safepoint    ] Entering safepoint region: Deoptimize
[16.632s][info ][safepoint    ] Leaving safepoint region
[16.632s][info ][safepoint    ] Total time for which application threads were stopped: 0.0145963 seconds, Stopping threads took: 0.0138920 seconds
[16.683s][info ][safepoint    ] Application time: 0.0516391 seconds
[16.696s][info ][safepoint    ] Entering safepoint region: RevokeBias
[16.696s][info ][safepoint    ] Leaving safepoint region
[16.696s][info ][safepoint    ] Total time for which application threads were stopped: 0.0127323 seconds, Stopping threads took: 0.0125530 seconds
[16.696s][info ][safepoint    ] Application time: 0.0001479 seconds
[16.696s][info ][safepoint    ] Entering safepoint region: RevokeBias
[16.696s][info ][safepoint    ] Leaving safepoint region
[16.696s][info ][safepoint    ] Total time for which application threads were stopped: 0.0000912 seconds, Stopping threads took: 0.0000072 seconds
[16.701s][info ][safepoint    ] Application time: 0.0052118 seconds
[16.702s][info ][safepoint    ] Entering safepoint region: RevokeBias
[16.702s][info ][safepoint    ] Leaving safepoint region
[16.702s][info ][safepoint    ] Total time for which application threads were stopped: 0.0001910 seconds, Stopping threads took: 0.0000382 seconds
[16.757s][info ][safepoint    ] Application time: 0.0552600 seconds
[16.763s][info ][safepoint    ] Entering safepoint region: RevokeBias
[16.764s][info ][safepoint    ] Leaving safepoint region
[16.764s][info ][safepoint    ] Total time for which application threads were stopped: 0.0065690 seconds, Stopping threads took: 0.0064224 seconds
[16.774s][info ][safepoint    ] Application time: 0.0105698 seconds
[16.777s][info ][safepoint    ] Entering safepoint region: RevokeBias
[16.777s][info ][safepoint    ] Leaving safepoint region
[16.777s][info ][safepoint    ] Total time for which application threads were stopped: 0.0031507 seconds, Stopping threads took: 0.0030208 seconds
[16.777s][info ][safepoint    ] Application time: 0.0000429 seconds
[16.777s][info ][safepoint    ] Entering safepoint region: RevokeBias
[16.777s][info ][safepoint    ] Leaving safepoint region
[16.777s][info ][safepoint    ] Total time for which application threads were stopped: 0.0000728 seconds, Stopping threads took: 0.0000058 seconds
[16.817s][info ][safepoint    ] Application time: 0.0394823 seconds
[16.823s][info ][safepoint    ] Entering safepoint region: RevokeBias
[16.823s][info ][safepoint    ] Leaving safepoint region
[16.823s][info ][safepoint    ] Total time for which application threads were stopped: 0.0059794 seconds, Stopping threads took: 0.0058506 seconds
[16.824s][info ][safepoint    ] Application time: 0.0010871 seconds
[16.824s][info ][safepoint    ] Entering safepoint region: RevokeBias
[16.824s][info ][safepoint    ] Leaving safepoint region
[16.824s][info ][safepoint    ] Total time for which application threads were stopped: 0.0001052 seconds, Stopping threads took: 0.0000079 seconds
[16.931s][info ][safepoint    ] Application time: 0.1067865 seconds
[17.092s][info ][safepoint    ] Entering safepoint region: GenCollectForAllocation
[17.092s][info ][gc,start     ] GC(13) Pause Young (Allocation Failure)
[17.092s][info ][gc,task      ] GC(13) Using 4 workers of 4 for evacuation
[17.116s][debug][gc,ref       ] GC(13) Skipped phase1 of Reference Processing due to unavailable references
[17.116s][debug][gc,ref       ] GC(13) Skipped phase3 of Reference Processing due to unavailable references
[17.116s][debug][gc,age       ] GC(13) Desired survivor size 15400960 bytes, new threshold 6 (max threshold 6)
[17.116s][info ][gc,heap      ] GC(13) ParNew: 247608K->4818K(270976K)
[17.116s][info ][gc,heap      ] GC(13) CMS: 106890K->108040K(602112K)
[17.116s][info ][gc,metaspace ] GC(13) Metaspace: 33916K->33916K(1079296K)
[17.116s][info ][gc           ] GC(13) Pause Young (Allocation Failure) 346M->110M(852M) 24.257ms
[17.116s][info ][gc,cpu       ] GC(13) User=0.02s Sys=0.00s Real=0.03s
[17.116s][info ][safepoint    ] Leaving safepoint region
[17.116s][info ][safepoint    ] Total time for which application threads were stopped: 0.0245672 seconds, Stopping threads took: 0.0000913 seconds
[17.298s][info ][safepoint    ] Application time: 0.1818723 seconds
[17.312s][info ][safepoint    ] Entering safepoint region: RevokeBias
[17.312s][info ][safepoint    ] Leaving safepoint region
[17.312s][info ][safepoint    ] Total time for which application threads were stopped: 0.0143210 seconds, Stopping threads took: 0.0141215 seconds
[17.524s][info ][safepoint    ] Application time: 0.2118680 seconds
[17.560s][info ][safepoint    ] Entering safepoint region: RevokeBias
[17.560s][info ][safepoint    ] Leaving safepoint region
[17.560s][info ][safepoint    ] Total time for which application threads were stopped: 0.0358506 seconds, Stopping threads took: 0.0357016 seconds
[17.570s][info ][safepoint    ] Application time: 0.0096420 seconds
[17.574s][info ][safepoint    ] Entering safepoint region: GenCollectForAllocation
[17.574s][info ][gc,start     ] GC(14) Pause Young (Allocation Failure)
[17.574s][info ][gc,task      ] GC(14) Using 4 workers of 4 for evacuation
[17.602s][debug][gc,ref       ] GC(14) Skipped phase1 of Reference Processing due to unavailable references
[17.602s][debug][gc,ref       ] GC(14) Skipped phase3 of Reference Processing due to unavailable references
[17.602s][debug][gc,age       ] GC(14) Desired survivor size 15400960 bytes, new threshold 6 (max threshold 6)
[17.602s][info ][gc,heap      ] GC(14) ParNew: 245714K->6454K(270976K)
[17.602s][info ][gc,heap      ] GC(14) CMS: 108040K->108757K(602112K)
[17.602s][info ][gc,metaspace ] GC(14) Metaspace: 35323K->35323K(1081344K)
[17.602s][info ][gc           ] GC(14) Pause Young (Allocation Failure) 345M->112M(852M) 28.039ms
[17.602s][info ][gc,cpu       ] GC(14) User=0.04s Sys=0.00s Real=0.03s
[17.602s][info ][safepoint    ] Leaving safepoint region
[17.602s][info ][safepoint    ] Total time for which application threads were stopped: 0.0321435 seconds, Stopping threads took: 0.0039469 seconds
[17.652s][info ][safepoint    ] Application time: 0.0500724 seconds
[17.660s][info ][safepoint    ] Entering safepoint region: RevokeBias
[17.660s][info ][safepoint    ] Leaving safepoint region
[17.660s][info ][safepoint    ] Total time for which application threads were stopped: 0.0082579 seconds, Stopping threads took: 0.0081143 seconds
[17.666s][info ][safepoint    ] Application time: 0.0055137 seconds
[17.666s][info ][safepoint    ] Entering safepoint region: RevokeBias
[17.666s][info ][safepoint    ] Leaving safepoint region
[17.666s][info ][safepoint    ] Total time for which application threads were stopped: 0.0001370 seconds, Stopping threads took: 0.0000119 seconds
[17.669s][info ][safepoint    ] Application time: 0.0035463 seconds
[17.670s][info ][safepoint    ] Entering safepoint region: RevokeBias
[17.670s][info ][safepoint    ] Leaving safepoint region
[17.670s][info ][safepoint    ] Total time for which application threads were stopped: 0.0001183 seconds, Stopping threads took: 0.0000110 seconds
[17.925s][info ][safepoint    ] Application time: 0.2558484 seconds
[17.930s][info ][safepoint    ] Entering safepoint region: GenCollectForAllocation
[17.930s][info ][gc,start     ] GC(15) Pause Young (Allocation Failure)
[17.930s][info ][gc,task      ] GC(15) Using 4 workers of 4 for evacuation
[17.948s][debug][gc,ref       ] GC(15) Skipped phase1 of Reference Processing due to unavailable references
[17.948s][debug][gc,ref       ] GC(15) Skipped phase3 of Reference Processing due to unavailable references
[17.948s][debug][gc,ref       ] GC(15) Skipped phase4 of Reference Processing due to unavailable references
[17.948s][debug][gc,age       ] GC(15) Desired survivor size 15400960 bytes, new threshold 6 (max threshold 6)
[17.948s][info ][gc,heap      ] GC(15) ParNew: 247350K->4186K(270976K)
[17.948s][info ][gc,heap      ] GC(15) CMS: 108757K->110065K(602112K)
[17.948s][info ][gc,metaspace ] GC(15) Metaspace: 35625K->35625K(1081344K)
[17.948s][info ][gc           ] GC(15) Pause Young (Allocation Failure) 347M->111M(852M) 18.038ms
[17.948s][info ][gc,cpu       ] GC(15) User=0.02s Sys=0.00s Real=0.02s
[17.949s][info ][safepoint    ] Leaving safepoint region
[17.949s][info ][safepoint    ] Total time for which application threads were stopped: 0.0230260 seconds, Stopping threads took: 0.0046596 seconds
[18.417s][info ][safepoint    ] Application time: 0.4680011 seconds
[18.438s][info ][safepoint    ] Entering safepoint region: GenCollectForAllocation
[18.438s][info ][gc,start     ] GC(16) Pause Young (Allocation Failure)
[18.438s][info ][gc,task      ] GC(16) Using 4 workers of 4 for evacuation
[18.462s][debug][gc,ref       ] GC(16) Skipped phase1 of Reference Processing due to unavailable references
[18.462s][debug][gc,ref       ] GC(16) Skipped phase3 of Reference Processing due to unavailable references
[18.462s][debug][gc,ref       ] GC(16) Skipped phase4 of Reference Processing due to unavailable references
[18.462s][debug][gc,age       ] GC(16) Desired survivor size 15400960 bytes, new threshold 6 (max threshold 6)
[18.462s][info ][gc,heap      ] GC(16) ParNew: 245082K->2586K(270976K)
[18.462s][info ][gc,heap      ] GC(16) CMS: 110065K->111080K(602112K)
[18.462s][info ][gc,metaspace ] GC(16) Metaspace: 35627K->35627K(1081344K)
[18.462s][info ][gc           ] GC(16) Pause Young (Allocation Failure) 346M->111M(852M) 23.731ms
[18.462s][info ][gc,cpu       ] GC(16) User=0.04s Sys=0.01s Real=0.02s
[18.462s][info ][safepoint    ] Leaving safepoint region
[18.462s][info ][safepoint    ] Total time for which application threads were stopped: 0.0455955 seconds, Stopping threads took: 0.0216118 seconds
[18.729s][info ][safepoint    ] Application time: 0.2671503 seconds
[18.748s][info ][safepoint    ] Entering safepoint region: GenCollectForAllocation
[18.748s][info ][gc,start     ] GC(17) Pause Young (Allocation Failure)
[18.748s][info ][gc,task      ] GC(17) Using 4 workers of 4 for evacuation
[18.764s][debug][gc,ref       ] GC(17) Skipped phase1 of Reference Processing due to unavailable references
[18.764s][debug][gc,ref       ] GC(17) Skipped phase3 of Reference Processing due to unavailable references
[18.764s][debug][gc,ref       ] GC(17) Skipped phase4 of Reference Processing due to unavailable references
[18.764s][debug][gc,age       ] GC(17) Desired survivor size 15400960 bytes, new threshold 6 (max threshold 6)
[18.764s][info ][gc,heap      ] GC(17) ParNew: 243482K->3251K(270976K)
[18.764s][info ][gc,heap      ] GC(17) CMS: 111080K->111097K(602112K)
[18.764s][info ][gc,metaspace ] GC(17) Metaspace: 35627K->35627K(1081344K)
[18.764s][info ][gc           ] GC(17) Pause Young (Allocation Failure) 346M->111M(852M) 16.036ms
[18.764s][info ][gc,cpu       ] GC(17) User=0.01s Sys=0.00s Real=0.02s
[18.764s][info ][safepoint    ] Leaving safepoint region
[18.764s][info ][safepoint    ] Total time for which application threads were stopped: 0.0346294 seconds, Stopping threads took: 0.0183894 seconds
[19.020s][info ][safepoint    ] Application time: 0.2559715 seconds
[19.036s][info ][safepoint    ] Entering safepoint region: RevokeBias
[19.036s][info ][safepoint    ] Leaving safepoint region
[19.036s][info ][safepoint    ] Total time for which application threads were stopped: 0.0160139 seconds, Stopping threads took: 0.0158449 seconds
[19.076s][info ][safepoint    ] Application time: 0.0400314 seconds
[19.076s][info ][safepoint    ] Entering safepoint region: RevokeBias
[19.076s][info ][safepoint    ] Leaving safepoint region
[19.076s][info ][safepoint    ] Total time for which application threads were stopped: 0.0002430 seconds, Stopping threads took: 0.0001262 seconds
[19.112s][info ][safepoint    ] Application time: 0.0359823 seconds
[19.128s][info ][safepoint    ] Entering safepoint region: GenCollectForAllocation
[19.128s][info ][gc,start     ] GC(18) Pause Young (Allocation Failure)
[19.128s][info ][gc,task      ] GC(18) Using 4 workers of 4 for evacuation
[19.156s][debug][gc,ref       ] GC(18) Skipped phase1 of Reference Processing due to unavailable references
[19.156s][debug][gc,ref       ] GC(18) Skipped phase3 of Reference Processing due to unavailable references
[19.156s][debug][gc,age       ] GC(18) Desired survivor size 15400960 bytes, new threshold 6 (max threshold 6)
[19.156s][info ][gc,heap      ] GC(18) ParNew: 244147K->2984K(270976K)
[19.156s][info ][gc,heap      ] GC(18) CMS: 111097K->111138K(602112K)
[19.156s][info ][gc,metaspace ] GC(18) Metaspace: 35937K->35937K(1081344K)
[19.156s][info ][gc           ] GC(18) Pause Young (Allocation Failure) 346M->111M(852M) 28.081ms
[19.156s][info ][gc,cpu       ] GC(18) User=0.01s Sys=0.00s Real=0.03s
[19.156s][info ][safepoint    ] Leaving safepoint region
[19.156s][info ][safepoint    ] Total time for which application threads were stopped: 0.0436742 seconds, Stopping threads took: 0.0154165 seconds
[19.172s][info ][safepoint    ] Application time: 0.0157675 seconds
[19.188s][info ][safepoint    ] Entering safepoint region: RevokeBias
[19.188s][info ][safepoint    ] Leaving safepoint region
[19.188s][info ][safepoint    ] Total time for which application threads were stopped: 0.0160765 seconds, Stopping threads took: 0.0159626 seconds
[19.410s][info ][safepoint    ] Application time: 0.2226205 seconds
[19.444s][info ][safepoint    ] Entering safepoint region: GenCollectForAllocation
[19.444s][info ][gc,start     ] GC(19) Pause Young (Allocation Failure)
[19.444s][info ][gc,task      ] GC(19) Using 4 workers of 4 for evacuation
[19.451s][debug][gc,ref       ] GC(19) Skipped phase1 of Reference Processing due to unavailable references
[19.451s][debug][gc,ref       ] GC(19) Skipped phase3 of Reference Processing due to unavailable references
[19.452s][debug][gc,age       ] GC(19) Desired survivor size 15400960 bytes, new threshold 6 (max threshold 6)
[19.452s][info ][gc,heap      ] GC(19) ParNew: 243880K->2962K(270976K)
[19.452s][info ][gc,heap      ] GC(19) CMS: 111138K->111375K(602112K)
[19.452s][info ][gc,metaspace ] GC(19) Metaspace: 35961K->35961K(1081344K)
[19.452s][info ][gc           ] GC(19) Pause Young (Allocation Failure) 346M->111M(852M) 7.675ms
[19.452s][info ][gc,cpu       ] GC(19) User=0.01s Sys=0.00s Real=0.00s
[19.452s][info ][safepoint    ] Leaving safepoint region
[19.452s][info ][safepoint    ] Total time for which application threads were stopped: 0.0411186 seconds, Stopping threads took: 0.0332540 seconds
[19.696s][info ][safepoint    ] Application time: 0.2440773 seconds
[19.740s][info ][safepoint    ] Entering safepoint region: GenCollectForAllocation
[19.740s][info ][gc,start     ] GC(20) Pause Young (Allocation Failure)
[19.740s][info ][gc,task      ] GC(20) Using 4 workers of 4 for evacuation
[19.768s][debug][gc,ref       ] GC(20) Skipped phase1 of Reference Processing due to unavailable references
[19.768s][debug][gc,ref       ] GC(20) Skipped phase3 of Reference Processing due to unavailable references
[19.768s][debug][gc,ref       ] GC(20) Skipped phase4 of Reference Processing due to unavailable references
[19.768s][debug][gc,age       ] GC(20) Desired survivor size 15400960 bytes, new threshold 6 (max threshold 6)
[19.768s][info ][gc,heap      ] GC(20) ParNew: 243858K->2230K(270976K)
[19.768s][info ][gc,heap      ] GC(20) CMS: 111375K->113127K(602112K)
[19.768s][info ][gc,metaspace ] GC(20) Metaspace: 35961K->35961K(1081344K)
[19.768s][info ][gc           ] GC(20) Pause Young (Allocation Failure) 346M->112M(852M) 28.137ms
[19.768s][info ][gc,cpu       ] GC(20) User=0.02s Sys=0.00s Real=0.03s
[19.768s][info ][safepoint    ] Leaving safepoint region
[19.768s][info ][safepoint    ] Total time for which application threads were stopped: 0.0723384 seconds, Stopping threads took: 0.0440111 seconds
[19.982s][info ][safepoint    ] Application time: 0.2140341 seconds
[20.008s][info ][safepoint    ] Entering safepoint region: GenCollectForAllocation
[20.008s][info ][gc,start     ] GC(21) Pause Young (Allocation Failure)
[20.008s][info ][gc,task      ] GC(21) Using 4 workers of 4 for evacuation
[20.020s][debug][gc,ref       ] GC(21) Skipped phase1 of Reference Processing due to unavailable references
[20.020s][debug][gc,ref       ] GC(21) Skipped phase3 of Reference Processing due to unavailable references
[20.020s][debug][gc,ref       ] GC(21) Skipped phase4 of Reference Processing due to unavailable references
[20.020s][debug][gc,age       ] GC(21) Desired survivor size 15400960 bytes, new threshold 6 (max threshold 6)
[20.020s][info ][gc,heap      ] GC(21) ParNew: 243126K->674K(270976K)
[20.020s][info ][gc,heap      ] GC(21) CMS: 113127K->113211K(602112K)
[20.020s][info ][gc,metaspace ] GC(21) Metaspace: 35961K->35961K(1081344K)
[20.020s][info ][gc           ] GC(21) Pause Young (Allocation Failure) 347M->111M(852M) 11.749ms
[20.020s][info ][gc,cpu       ] GC(21) User=0.01s Sys=0.00s Real=0.01s
[20.020s][info ][safepoint    ] Leaving safepoint region
[20.020s][info ][safepoint    ] Total time for which application threads were stopped: 0.0378926 seconds, Stopping threads took: 0.0259562 seconds
[20.291s][info ][safepoint    ] Application time: 0.2705753 seconds
[20.312s][info ][safepoint    ] Entering safepoint region: GenCollectForAllocation
[20.312s][info ][gc,start     ] GC(22) Pause Young (Allocation Failure)
[20.312s][info ][gc,task      ] GC(22) Using 4 workers of 4 for evacuation
[20.316s][debug][gc,ref       ] GC(22) Skipped phase1 of Reference Processing due to unavailable references
[20.316s][debug][gc,ref       ] GC(22) Skipped phase3 of Reference Processing due to unavailable references
[20.316s][debug][gc,ref       ] GC(22) Skipped phase4 of Reference Processing due to unavailable references
[20.316s][debug][gc,age       ] GC(22) Desired survivor size 15400960 bytes, new threshold 6 (max threshold 6)
[20.316s][info ][gc,heap      ] GC(22) ParNew: 241570K->492K(270976K)
[20.316s][info ][gc,heap      ] GC(22) CMS: 113211K->113292K(602112K)
[20.316s][info ][gc,metaspace ] GC(22) Metaspace: 35961K->35961K(1081344K)
[20.316s][info ][gc           ] GC(22) Pause Young (Allocation Failure) 346M->111M(852M) 4.083ms
[20.316s][info ][gc,cpu       ] GC(22) User=0.00s Sys=0.00s Real=0.01s
[20.316s][info ][safepoint    ] Leaving safepoint region
[20.316s][info ][safepoint    ] Total time for which application threads were stopped: 0.0253507 seconds, Stopping threads took: 0.0210940 seconds
[20.552s][info ][safepoint    ] Application time: 0.2362567 seconds
[20.576s][info ][safepoint    ] Entering safepoint region: GenCollectForAllocation
[20.576s][info ][gc,start     ] GC(23) Pause Young (Allocation Failure)
[20.576s][info ][gc,task      ] GC(23) Using 4 workers of 4 for evacuation
[20.593s][debug][gc,ref       ] GC(23) Skipped phase1 of Reference Processing due to unavailable references
[20.593s][debug][gc,ref       ] GC(23) Skipped phase3 of Reference Processing due to unavailable references
[20.593s][debug][gc,ref       ] GC(23) Skipped phase4 of Reference Processing due to unavailable references
[20.593s][debug][gc,age       ] GC(23) Desired survivor size 15400960 bytes, new threshold 6 (max threshold 6)
[20.593s][info ][gc,heap      ] GC(23) ParNew: 241388K->613K(270976K)
[20.593s][info ][gc,heap      ] GC(23) CMS: 113292K->113315K(602112K)
[20.594s][info ][gc,metaspace ] GC(23) Metaspace: 35961K->35961K(1081344K)
[20.594s][info ][gc           ] GC(23) Pause Young (Allocation Failure) 346M->111M(852M) 17.622ms
[20.594s][info ][gc,cpu       ] GC(23) User=0.02s Sys=0.00s Real=0.01s
[20.594s][info ][safepoint    ] Leaving safepoint region
[20.594s][info ][safepoint    ] Total time for which application threads were stopped: 0.0412965 seconds, Stopping threads took: 0.0234727 seconds
[20.749s][info ][safepoint    ] Application time: 0.1550100 seconds
[20.776s][info ][safepoint    ] Entering safepoint region: GenCollectForAllocation
[20.776s][info ][gc,start     ] GC(24) Pause Young (Allocation Failure)
[20.776s][info ][gc,task      ] GC(24) Using 4 workers of 4 for evacuation
[20.784s][debug][gc,ref       ] GC(24) Skipped phase1 of Reference Processing due to unavailable references
[20.784s][debug][gc,ref       ] GC(24) Skipped phase3 of Reference Processing due to unavailable references
[20.784s][debug][gc,age       ] GC(24) Desired survivor size 15400960 bytes, new threshold 6 (max threshold 6)
[20.784s][info ][gc,heap      ] GC(24) ParNew: 241509K->4011K(270976K)
[20.784s][info ][gc,heap      ] GC(24) CMS: 113315K->113430K(602112K)
[20.784s][info ][gc,metaspace ] GC(24) Metaspace: 36125K->36125K(1081344K)
[20.784s][info ][gc           ] GC(24) Pause Young (Allocation Failure) 346M->114M(852M) 7.991ms
[20.784s][info ][gc,cpu       ] GC(24) User=0.01s Sys=0.00s Real=0.01s
[20.784s][info ][safepoint    ] Leaving safepoint region
[20.784s][info ][safepoint    ] Total time for which application threads were stopped: 0.0353695 seconds, Stopping threads took: 0.0271947 seconds
[20.908s][info ][safepoint    ] Application time: 0.1244052 seconds
[20.923s][info ][safepoint    ] Entering safepoint region: Deoptimize
[20.924s][info ][safepoint    ] Leaving safepoint region
[21.542s][info ][safepoint    ] Total time for which application threads were stopped: 0.6333096 seconds, Stopping threads took: 0.0150280 seconds
[21.626s][info ][safepoint    ] Application time: 0.0838188 seconds
[21.635s][info ][safepoint    ] Entering safepoint region: RevokeBias
[21.635s][info ][safepoint    ] Leaving safepoint region
[21.635s][info ][safepoint    ] Total time for which application threads were stopped: 0.0093912 seconds, Stopping threads took: 0.0092739 seconds
[21.677s][info ][safepoint    ] Application time: 0.0422518 seconds
[21.695s][info ][safepoint    ] Entering safepoint region: RevokeBias
[21.695s][info ][safepoint    ] Leaving safepoint region
[21.695s][info ][safepoint    ] Total time for which application threads were stopped: 0.0174995 seconds, Stopping threads took: 0.0173773 seconds
[21.702s][info ][safepoint    ] Application time: 0.0068218 seconds
[21.711s][info ][safepoint    ] Entering safepoint region: Deoptimize
[21.711s][info ][safepoint    ] Leaving safepoint region
[21.711s][info ][safepoint    ] Total time for which application threads were stopped: 0.0096874 seconds, Stopping threads took: 0.0089345 seconds
[21.729s][info ][safepoint    ] Application time: 0.0173216 seconds
[21.736s][info ][safepoint    ] Entering safepoint region: RevokeBias
[21.736s][info ][safepoint    ] Leaving safepoint region
[21.736s][info ][safepoint    ] Total time for which application threads were stopped: 0.0072924 seconds, Stopping threads took: 0.0071522 seconds
[21.779s][info ][safepoint    ] Application time: 0.0430466 seconds
[21.792s][info ][safepoint    ] Entering safepoint region: GenCollectForAllocation
[21.792s][info ][gc,start     ] GC(25) Pause Young (Allocation Failure)
[21.792s][info ][gc,task      ] GC(25) Using 4 workers of 4 for evacuation
[21.828s][debug][gc,ref       ] GC(25) Skipped phase1 of Reference Processing due to unavailable references
[21.828s][debug][gc,ref       ] GC(25) Skipped phase3 of Reference Processing due to unavailable references
[21.828s][debug][gc,age       ] GC(25) Desired survivor size 15400960 bytes, new threshold 6 (max threshold 6)
[21.828s][info ][gc,heap      ] GC(25) ParNew: 244907K->7108K(270976K)
[21.828s][info ][gc,heap      ] GC(25) CMS: 113430K->113487K(602112K)
[21.828s][info ][gc,metaspace ] GC(25) Metaspace: 36231K->36231K(1081344K)
[21.828s][info ][gc           ] GC(25) Pause Young (Allocation Failure) 349M->117M(852M) 35.888ms
[21.828s][info ][gc,cpu       ] GC(25) User=0.03s Sys=0.00s Real=0.04s
[21.828s][info ][safepoint    ] Leaving safepoint region
[21.828s][info ][safepoint    ] Total time for which application threads were stopped: 0.0488013 seconds, Stopping threads took: 0.0127036 seconds
[22.021s][info ][safepoint    ] Application time: 0.1934419 seconds
[22.032s][info ][safepoint    ] Entering safepoint region: GenCollectForAllocation
[22.032s][info ][gc,start     ] GC(26) Pause Young (Allocation Failure)
[22.032s][info ][gc,task      ] GC(26) Using 4 workers of 4 for evacuation
[22.073s][debug][gc,ref       ] GC(26) Skipped phase1 of Reference Processing due to unavailable references
[22.073s][debug][gc,ref       ] GC(26) Skipped phase3 of Reference Processing due to unavailable references
[22.073s][debug][gc,age       ] GC(26) Desired survivor size 15400960 bytes, new threshold 6 (max threshold 6)
[22.073s][info ][gc,heap      ] GC(26) ParNew: 248004K->8286K(270976K)
[22.073s][info ][gc,heap      ] GC(26) CMS: 113487K->113516K(602112K)
[22.073s][info ][gc,metaspace ] GC(26) Metaspace: 36231K->36231K(1081344K)
[22.073s][info ][gc           ] GC(26) Pause Young (Allocation Failure) 353M->118M(852M) 41.108ms
[22.073s][info ][gc,cpu       ] GC(26) User=0.03s Sys=0.00s Real=0.04s
[22.073s][info ][safepoint    ] Leaving safepoint region
[22.073s][info ][safepoint    ] Total time for which application threads were stopped: 0.0517345 seconds, Stopping threads took: 0.0104277 seconds
[22.254s][info ][safepoint    ] Application time: 0.1808769 seconds
[22.280s][info ][safepoint    ] Entering safepoint region: GenCollectForAllocation
[22.280s][info ][gc,start     ] GC(27) Pause Young (Allocation Failure)
[22.280s][info ][gc,task      ] GC(27) Using 4 workers of 4 for evacuation
[22.321s][debug][gc,ref       ] GC(27) Skipped phase1 of Reference Processing due to unavailable references
[22.321s][debug][gc,ref       ] GC(27) Skipped phase3 of Reference Processing due to unavailable references
[22.321s][debug][gc,age       ] GC(27) Desired survivor size 15400960 bytes, new threshold 6 (max threshold 6)
[22.321s][info ][gc,heap      ] GC(27) ParNew: 249182K->8571K(270976K)
[22.321s][info ][gc,heap      ] GC(27) CMS: 113516K->113555K(602112K)
[22.321s][info ][gc,metaspace ] GC(27) Metaspace: 36231K->36231K(1081344K)
[22.321s][info ][gc           ] GC(27) Pause Young (Allocation Failure) 354M->119M(852M) 41.319ms
[22.321s][info ][gc,cpu       ] GC(27) User=0.03s Sys=0.00s Real=0.04s
[22.321s][info ][safepoint    ] Leaving safepoint region
[22.321s][info ][safepoint    ] Total time for which application threads were stopped: 0.0672725 seconds, Stopping threads took: 0.0257203 seconds
[22.394s][info ][safepoint    ] Application time: 0.0730951 seconds
[22.412s][info ][safepoint    ] Entering safepoint region: RevokeBias
[22.412s][info ][safepoint    ] Leaving safepoint region
[22.412s][info ][safepoint    ] Total time for which application threads were stopped: 0.0177564 seconds, Stopping threads took: 0.0176186 seconds
[22.415s][info ][safepoint    ] Application time: 0.0028388 seconds
[22.415s][info ][safepoint    ] Entering safepoint region: RevokeBias
[22.415s][info ][safepoint    ] Leaving safepoint region
[22.415s][info ][safepoint    ] Total time for which application threads were stopped: 0.0001172 seconds, Stopping threads took: 0.0000291 seconds
[22.642s][info ][safepoint    ] Application time: 0.2271937 seconds
[22.672s][info ][safepoint    ] Entering safepoint region: GenCollectForAllocation
[22.672s][info ][gc,start     ] GC(28) Pause Young (Allocation Failure)
[22.672s][info ][gc,task      ] GC(28) Using 4 workers of 4 for evacuation
[22.692s][debug][gc,ref       ] GC(28) Skipped phase1 of Reference Processing due to unavailable references
[22.692s][debug][gc,ref       ] GC(28) Skipped phase3 of Reference Processing due to unavailable references
[22.692s][debug][gc,age       ] GC(28) Desired survivor size 15400960 bytes, new threshold 6 (max threshold 6)
[22.692s][info ][gc,heap      ] GC(28) ParNew: 249467K->9945K(270976K)
[22.692s][info ][gc,heap      ] GC(28) CMS: 113555K->113604K(602112K)
[22.692s][info ][gc,metaspace ] GC(28) Metaspace: 36337K->36337K(1081344K)
[22.692s][info ][gc           ] GC(28) Pause Young (Allocation Failure) 354M->120M(852M) 20.021ms
[22.692s][info ][gc,cpu       ] GC(28) User=0.03s Sys=0.00s Real=0.02s
[22.692s][info ][safepoint    ] Leaving safepoint region
[22.692s][info ][safepoint    ] Total time for which application threads were stopped: 0.0496086 seconds, Stopping threads took: 0.0293756 seconds
[22.891s][info ][safepoint    ] Application time: 0.1987482 seconds
[22.897s][info ][safepoint    ] Entering safepoint region: GenCollectForAllocation
[22.897s][info ][gc,start     ] GC(29) Pause Young (Allocation Failure)
[22.897s][info ][gc,task      ] GC(29) Using 4 workers of 4 for evacuation
[22.934s][debug][gc,ref       ] GC(29) Skipped phase1 of Reference Processing due to unavailable references
[22.934s][debug][gc,ref       ] GC(29) Skipped phase3 of Reference Processing due to unavailable references
[22.934s][debug][gc,age       ] GC(29) Desired survivor size 15400960 bytes, new threshold 6 (max threshold 6)
[22.934s][info ][gc,heap      ] GC(29) ParNew: 250841K->7865K(270976K)
[22.934s][info ][gc,heap      ] GC(29) CMS: 113604K->113655K(602112K)
[22.934s][info ][gc,metaspace ] GC(29) Metaspace: 36344K->36344K(1081344K)
[22.934s][info ][gc           ] GC(29) Pause Young (Allocation Failure) 355M->118M(852M) 36.641ms
[22.934s][info ][gc,cpu       ] GC(29) User=0.03s Sys=0.00s Real=0.03s
[22.934s][info ][safepoint    ] Leaving safepoint region
[22.934s][info ][safepoint    ] Total time for which application threads were stopped: 0.0431062 seconds, Stopping threads took: 0.0062750 seconds
[23.183s][info ][safepoint    ] Application time: 0.2489570 seconds
[23.188s][info ][safepoint    ] Entering safepoint region: GenCollectForAllocation
[23.188s][info ][gc,start     ] GC(30) Pause Young (Allocation Failure)
[23.188s][info ][gc,task      ] GC(30) Using 4 workers of 4 for evacuation
[23.230s][debug][gc,ref       ] GC(30) Skipped phase1 of Reference Processing due to unavailable references
[23.230s][debug][gc,ref       ] GC(30) Skipped phase3 of Reference Processing due to unavailable references
[23.230s][debug][gc,ref       ] GC(30) Skipped phase4 of Reference Processing due to unavailable references
[23.230s][debug][gc,age       ] GC(30) Desired survivor size 15400960 bytes, new threshold 6 (max threshold 6)
[23.230s][info ][gc,heap      ] GC(30) ParNew: 248761K->5985K(270976K)
[23.230s][info ][gc,heap      ] GC(30) CMS: 113655K->117187K(602112K)
[23.230s][info ][gc,metaspace ] GC(30) Metaspace: 36344K->36344K(1081344K)
[23.230s][info ][gc           ] GC(30) Pause Young (Allocation Failure) 353M->120M(852M) 41.981ms
[23.230s][info ][gc,cpu       ] GC(30) User=0.03s Sys=0.00s Real=0.04s
[23.230s][info ][safepoint    ] Leaving safepoint region
[23.230s][info ][safepoint    ] Total time for which application threads were stopped: 0.0471209 seconds, Stopping threads took: 0.0049452 seconds
[23.536s][info ][safepoint    ] Application time: 0.3064446 seconds
[23.548s][info ][safepoint    ] Entering safepoint region: GenCollectForAllocation
[23.548s][info ][gc,start     ] GC(31) Pause Young (Allocation Failure)
[23.548s][info ][gc,task      ] GC(31) Using 4 workers of 4 for evacuation
[23.570s][debug][gc,ref       ] GC(31) Skipped phase1 of Reference Processing due to unavailable references
[23.570s][debug][gc,ref       ] GC(31) Skipped phase3 of Reference Processing due to unavailable references
[23.570s][debug][gc,ref       ] GC(31) Skipped phase4 of Reference Processing due to unavailable references
[23.570s][debug][gc,age       ] GC(31) Desired survivor size 15400960 bytes, new threshold 6 (max threshold 6)
[23.570s][info ][gc,heap      ] GC(31) ParNew: 246881K->1679K(270976K)
[23.570s][info ][gc,heap      ] GC(31) CMS: 117187K->120160K(602112K)
[23.570s][info ][gc,metaspace ] GC(31) Metaspace: 36344K->36344K(1081344K)
[23.570s][info ][gc           ] GC(31) Pause Young (Allocation Failure) 355M->118M(852M) 22.326ms
[23.570s][info ][gc,cpu       ] GC(31) User=0.02s Sys=0.00s Real=0.02s
[23.570s][info ][safepoint    ] Leaving safepoint region
[23.570s][info ][safepoint    ] Total time for which application threads were stopped: 0.0338467 seconds, Stopping threads took: 0.0113181 seconds
[23.792s][info ][safepoint    ] Application time: 0.2214170 seconds
[23.811s][info ][safepoint    ] Entering safepoint region: GenCollectForAllocation
[23.811s][info ][gc,start     ] GC(32) Pause Young (Allocation Failure)
[23.811s][info ][gc,task      ] GC(32) Using 4 workers of 4 for evacuation
[23.837s][debug][gc,ref       ] GC(32) Skipped phase1 of Reference Processing due to unavailable references
[23.837s][debug][gc,ref       ] GC(32) Skipped phase3 of Reference Processing due to unavailable references
[23.837s][debug][gc,ref       ] GC(32) Skipped phase4 of Reference Processing due to unavailable references
[23.837s][debug][gc,age       ] GC(32) Desired survivor size 15400960 bytes, new threshold 6 (max threshold 6)
[23.837s][info ][gc,heap      ] GC(32) ParNew: 242575K->493K(270976K)
[23.837s][info ][gc,heap      ] GC(32) CMS: 120160K->120204K(602112K)
[23.837s][info ][gc,metaspace ] GC(32) Metaspace: 36344K->36344K(1081344K)
[23.837s][info ][gc           ] GC(32) Pause Young (Allocation Failure) 354M->117M(852M) 26.063ms
[23.837s][info ][gc,cpu       ] GC(32) User=0.01s Sys=0.00s Real=0.03s
[23.837s][info ][safepoint    ] Leaving safepoint region
[23.837s][info ][safepoint    ] Total time for which application threads were stopped: 0.0455718 seconds, Stopping threads took: 0.0190921 seconds
[24.082s][info ][safepoint    ] Application time: 0.2448210 seconds
[24.275s][info ][safepoint    ] Entering safepoint region: GenCollectForAllocation
[24.275s][info ][gc,start     ] GC(33) Pause Young (Allocation Failure)
[24.275s][info ][gc,task      ] GC(33) Using 4 workers of 4 for evacuation
[24.288s][debug][gc,ref       ] GC(33) Skipped phase1 of Reference Processing due to unavailable references
[24.288s][debug][gc,ref       ] GC(33) Skipped phase3 of Reference Processing due to unavailable references
[24.288s][debug][gc,ref       ] GC(33) Skipped phase4 of Reference Processing due to unavailable references
[24.288s][debug][gc,age       ] GC(33) Desired survivor size 15400960 bytes, new threshold 6 (max threshold 6)
[24.288s][info ][gc,heap      ] GC(33) ParNew: 241389K->471K(270976K)
[24.288s][info ][gc,heap      ] GC(33) CMS: 120204K->120244K(602112K)
[24.288s][info ][gc,metaspace ] GC(33) Metaspace: 36345K->36345K(1081344K)
[24.288s][info ][gc           ] GC(33) Pause Young (Allocation Failure) 353M->117M(852M) 13.237ms
[24.288s][info ][gc,cpu       ] GC(33) User=0.01s Sys=0.00s Real=0.02s
[24.288s][info ][safepoint    ] Leaving safepoint region
[24.288s][info ][safepoint    ] Total time for which application threads were stopped: 0.0134531 seconds, Stopping threads took: 0.0000266 seconds
[24.493s][info ][safepoint    ] Application time: 0.2044003 seconds
[24.512s][info ][safepoint    ] Entering safepoint region: GenCollectForAllocation
[24.512s][info ][gc,start     ] GC(34) Pause Young (Allocation Failure)
[24.512s][info ][gc,task      ] GC(34) Using 4 workers of 4 for evacuation
[24.537s][debug][gc,ref       ] GC(34) Skipped phase1 of Reference Processing due to unavailable references
[24.537s][debug][gc,ref       ] GC(34) Skipped phase2 of Reference Processing due to unavailable references
[24.537s][debug][gc,ref       ] GC(34) Skipped phase3 of Reference Processing due to unavailable references
[24.537s][debug][gc,ref       ] GC(34) Skipped phase4 of Reference Processing due to unavailable references
[24.537s][debug][gc,age       ] GC(34) Desired survivor size 15400960 bytes, new threshold 6 (max threshold 6)
[24.537s][info ][gc,heap      ] GC(34) ParNew: 241367K->423K(270976K)
[24.537s][info ][gc,heap      ] GC(34) CMS: 120244K->120340K(602112K)
[24.537s][info ][gc,metaspace ] GC(34) Metaspace: 36345K->36345K(1081344K)
[24.537s][info ][gc           ] GC(34) Pause Young (Allocation Failure) 353M->117M(852M) 24.920ms
[24.537s][info ][gc,cpu       ] GC(34) User=0.02s Sys=0.00s Real=0.03s
[24.537s][info ][safepoint    ] Leaving safepoint region
[24.537s][info ][safepoint    ] Total time for which application threads were stopped: 0.0441165 seconds, Stopping threads took: 0.0189953 seconds
[24.806s][info ][safepoint    ] Application time: 0.2692620 seconds
[24.828s][info ][safepoint    ] Entering safepoint region: GenCollectForAllocation
[24.828s][info ][gc,start     ] GC(35) Pause Young (Allocation Failure)
[24.828s][info ][gc,task      ] GC(35) Using 4 workers of 4 for evacuation
[24.846s][debug][gc,ref       ] GC(35) Skipped phase1 of Reference Processing due to unavailable references
[24.846s][debug][gc,ref       ] GC(35) Skipped phase2 of Reference Processing due to unavailable references
[24.846s][debug][gc,ref       ] GC(35) Skipped phase3 of Reference Processing due to unavailable references
[24.846s][debug][gc,ref       ] GC(35) Skipped phase4 of Reference Processing due to unavailable references
[24.846s][debug][gc,age       ] GC(35) Desired survivor size 15400960 bytes, new threshold 6 (max threshold 6)
[24.846s][info ][gc,heap      ] GC(35) ParNew: 241319K->446K(270976K)
[24.846s][info ][gc,heap      ] GC(35) CMS: 120340K->120370K(602112K)
[24.846s][info ][gc,metaspace ] GC(35) Metaspace: 36345K->36345K(1081344K)
[24.846s][info ][gc           ] GC(35) Pause Young (Allocation Failure) 353M->117M(852M) 18.101ms
[24.846s][info ][gc,cpu       ] GC(35) User=0.02s Sys=0.00s Real=0.02s
[24.846s][info ][safepoint    ] Leaving safepoint region
[24.846s][info ][safepoint    ] Total time for which application threads were stopped: 0.0398421 seconds, Stopping threads took: 0.0215419 seconds
[25.092s][info ][safepoint    ] Application time: 0.2463704 seconds
[25.112s][info ][safepoint    ] Entering safepoint region: GenCollectForAllocation
[25.112s][info ][gc,start     ] GC(36) Pause Young (Allocation Failure)
[25.112s][info ][gc,task      ] GC(36) Using 4 workers of 4 for evacuation
[25.124s][debug][gc,ref       ] GC(36) Skipped phase1 of Reference Processing due to unavailable references
[25.124s][debug][gc,ref       ] GC(36) Skipped phase2 of Reference Processing due to unavailable references
[25.124s][debug][gc,ref       ] GC(36) Skipped phase3 of Reference Processing due to unavailable references
[25.124s][debug][gc,ref       ] GC(36) Skipped phase4 of Reference Processing due to unavailable references
[25.124s][debug][gc,age       ] GC(36) Desired survivor size 15400960 bytes, new threshold 6 (max threshold 6)
[25.124s][info ][gc,heap      ] GC(36) ParNew: 241342K->363K(270976K)
[25.124s][info ][gc,heap      ] GC(36) CMS: 120370K->120420K(602112K)
[25.124s][info ][gc,metaspace ] GC(36) Metaspace: 36345K->36345K(1081344K)
[25.124s][info ][gc           ] GC(36) Pause Young (Allocation Failure) 353M->117M(852M) 12.271ms
[25.124s][info ][gc,cpu       ] GC(36) User=0.00s Sys=0.00s Real=0.02s
[25.124s][info ][safepoint    ] Leaving safepoint region
[25.124s][info ][safepoint    ] Total time for which application threads were stopped: 0.0316770 seconds, Stopping threads took: 0.0192349 seconds
[25.377s][info ][safepoint    ] Application time: 0.2532626 seconds
[25.381s][info ][safepoint    ] Entering safepoint region: GenCollectForAllocation
[25.381s][info ][gc,start     ] GC(37) Pause Young (Allocation Failure)
[25.381s][info ][gc,task      ] GC(37) Using 4 workers of 4 for evacuation
[25.392s][debug][gc,ref       ] GC(37) Skipped phase1 of Reference Processing due to unavailable references
[25.392s][debug][gc,ref       ] GC(37) Skipped phase2 of Reference Processing due to unavailable references
[25.392s][debug][gc,ref       ] GC(37) Skipped phase3 of Reference Processing due to unavailable references
[25.392s][debug][gc,ref       ] GC(37) Skipped phase4 of Reference Processing due to unavailable references
[25.392s][debug][gc,age       ] GC(37) Desired survivor size 15400960 bytes, new threshold 6 (max threshold 6)
[25.392s][info ][gc,heap      ] GC(37) ParNew: 241259K->344K(270976K)
[25.392s][info ][gc,heap      ] GC(37) CMS: 120420K->120467K(602112K)
[25.392s][info ][gc,metaspace ] GC(37) Metaspace: 36345K->36345K(1081344K)
[25.392s][info ][gc           ] GC(37) Pause Young (Allocation Failure) 353M->117M(852M) 11.425ms
[25.392s][info ][gc,cpu       ] GC(37) User=0.01s Sys=0.00s Real=0.01s
[25.392s][info ][safepoint    ] Leaving safepoint region
[25.392s][info ][safepoint    ] Total time for which application threads were stopped: 0.0146969 seconds, Stopping threads took: 0.0031038 seconds
[25.749s][info ][safepoint    ] Application time: 0.3563817 seconds
[25.760s][info ][safepoint    ] Entering safepoint region: GenCollectForAllocation
[25.760s][info ][gc,start     ] GC(38) Pause Young (Allocation Failure)
[25.760s][info ][gc,task      ] GC(38) Using 4 workers of 4 for evacuation
[25.776s][debug][gc,ref       ] GC(38) Skipped phase1 of Reference Processing due to unavailable references
[25.776s][debug][gc,ref       ] GC(38) Skipped phase2 of Reference Processing due to unavailable references
[25.776s][debug][gc,ref       ] GC(38) Skipped phase3 of Reference Processing due to unavailable references
[25.776s][debug][gc,ref       ] GC(38) Skipped phase4 of Reference Processing due to unavailable references
[25.776s][debug][gc,age       ] GC(38) Desired survivor size 15400960 bytes, new threshold 6 (max threshold 6)
[25.776s][info ][gc,heap      ] GC(38) ParNew: 241240K->411K(270976K)
[25.776s][info ][gc,heap      ] GC(38) CMS: 120467K->120517K(602112K)
[25.776s][info ][gc,metaspace ] GC(38) Metaspace: 36345K->36345K(1081344K)
[25.776s][info ][gc           ] GC(38) Pause Young (Allocation Failure) 353M->118M(852M) 16.315ms
[25.776s][info ][gc,cpu       ] GC(38) User=0.01s Sys=0.00s Real=0.02s
[25.776s][info ][safepoint    ] Leaving safepoint region
[25.776s][info ][safepoint    ] Total time for which application threads were stopped: 0.0277474 seconds, Stopping threads took: 0.0112341 seconds
[26.037s][info ][safepoint    ] Application time: 0.2605261 seconds
[26.056s][info ][safepoint    ] Entering safepoint region: GenCollectForAllocation
[26.056s][info ][gc,start     ] GC(39) Pause Young (Allocation Failure)
[26.056s][info ][gc,task      ] GC(39) Using 4 workers of 4 for evacuation
[26.076s][debug][gc,ref       ] GC(39) Skipped phase1 of Reference Processing due to unavailable references
[26.076s][debug][gc,ref       ] GC(39) Skipped phase2 of Reference Processing due to unavailable references
[26.076s][debug][gc,ref       ] GC(39) Skipped phase3 of Reference Processing due to unavailable references
[26.076s][debug][gc,ref       ] GC(39) Skipped phase4 of Reference Processing due to unavailable references
[26.076s][debug][gc,age       ] GC(39) Desired survivor size 15400960 bytes, new threshold 6 (max threshold 6)
[26.076s][info ][gc,heap      ] GC(39) ParNew: 241307K->430K(270976K)
[26.076s][info ][gc,heap      ] GC(39) CMS: 120517K->120569K(602112K)
[26.076s][info ][gc,metaspace ] GC(39) Metaspace: 36345K->36345K(1081344K)
[26.076s][info ][gc           ] GC(39) Pause Young (Allocation Failure) 353M->118M(852M) 19.917ms
[26.076s][info ][gc,cpu       ] GC(39) User=0.02s Sys=0.00s Real=0.02s
[26.076s][info ][safepoint    ] Leaving safepoint region
[26.076s][info ][safepoint    ] Total time for which application threads were stopped: 0.0390789 seconds, Stopping threads took: 0.0189695 seconds
[26.280s][info ][safepoint    ] Application time: 0.2038347 seconds
[26.280s][info ][safepoint    ] Entering safepoint region: GenCollectForAllocation
[26.280s][info ][gc,start     ] GC(40) Pause Young (Allocation Failure)
[26.280s][info ][gc,task      ] GC(40) Using 4 workers of 4 for evacuation
[26.283s][debug][gc,ref       ] GC(40) Skipped phase1 of Reference Processing due to unavailable references
[26.283s][debug][gc,ref       ] GC(40) Skipped phase2 of Reference Processing due to unavailable references
[26.283s][debug][gc,ref       ] GC(40) Skipped phase3 of Reference Processing due to unavailable references
[26.283s][debug][gc,ref       ] GC(40) Skipped phase4 of Reference Processing due to unavailable references
[26.283s][debug][gc,age       ] GC(40) Desired survivor size 15400960 bytes, new threshold 6 (max threshold 6)
[26.283s][info ][gc,heap      ] GC(40) ParNew: 241326K->505K(270976K)
[26.283s][info ][gc,heap      ] GC(40) CMS: 120569K->120601K(602112K)
[26.283s][info ][gc,metaspace ] GC(40) Metaspace: 36365K->36365K(1081344K)
[26.283s][info ][gc           ] GC(40) Pause Young (Allocation Failure) 353M->118M(852M) 2.647ms
[26.283s][info ][gc,cpu       ] GC(40) User=0.00s Sys=0.00s Real=0.00s
[26.283s][info ][safepoint    ] Leaving safepoint region
[26.283s][info ][safepoint    ] Total time for which application threads were stopped: 0.0029739 seconds, Stopping threads took: 0.0001749 seconds
[26.512s][info ][safepoint    ] Application time: 0.2288767 seconds
[26.532s][info ][safepoint    ] Entering safepoint region: GenCollectForAllocation
[26.532s][info ][gc,start     ] GC(41) Pause Young (Allocation Failure)
[26.532s][info ][gc,task      ] GC(41) Using 4 workers of 4 for evacuation
[26.544s][debug][gc,ref       ] GC(41) Skipped phase1 of Reference Processing due to unavailable references
[26.544s][debug][gc,ref       ] GC(41) Skipped phase2 of Reference Processing due to unavailable references
[26.544s][debug][gc,ref       ] GC(41) Skipped phase3 of Reference Processing due to unavailable references
[26.544s][debug][gc,ref       ] GC(41) Skipped phase4 of Reference Processing due to unavailable references
[26.544s][debug][gc,age       ] GC(41) Desired survivor size 15400960 bytes, new threshold 6 (max threshold 6)
[26.544s][info ][gc,heap      ] GC(41) ParNew: 241401K->421K(270976K)
[26.544s][info ][gc,heap      ] GC(41) CMS: 120601K->120647K(602112K)
[26.544s][info ][gc,metaspace ] GC(41) Metaspace: 36367K->36367K(1081344K)
[26.544s][info ][gc           ] GC(41) Pause Young (Allocation Failure) 353M->118M(852M) 12.015ms
[26.544s][info ][gc,cpu       ] GC(41) User=0.01s Sys=0.00s Real=0.02s
[26.544s][info ][safepoint    ] Leaving safepoint region
[26.544s][info ][safepoint    ] Total time for which application threads were stopped: 0.0322057 seconds, Stopping threads took: 0.0200109 seconds
[26.700s][info ][safepoint    ] Application time: 0.1557884 seconds
[26.720s][info ][safepoint    ] Entering safepoint region: GenCollectForAllocation
[26.720s][info ][gc,start     ] GC(42) Pause Young (Allocation Failure)
[26.720s][info ][gc,task      ] GC(42) Using 4 workers of 4 for evacuation
[26.728s][debug][gc,ref       ] GC(42) Skipped phase1 of Reference Processing due to unavailable references
[26.728s][debug][gc,ref       ] GC(42) Skipped phase2 of Reference Processing due to unavailable references
[26.728s][debug][gc,ref       ] GC(42) Skipped phase3 of Reference Processing due to unavailable references
[26.728s][debug][gc,ref       ] GC(42) Skipped phase4 of Reference Processing due to unavailable references
[26.728s][debug][gc,age       ] GC(42) Desired survivor size 15400960 bytes, new threshold 6 (max threshold 6)
[26.728s][info ][gc,heap      ] GC(42) ParNew: 241317K->610K(270976K)
[26.728s][info ][gc,heap      ] GC(42) CMS: 120647K->120689K(602112K)
[26.728s][info ][gc,metaspace ] GC(42) Metaspace: 36367K->36367K(1081344K)
[26.728s][info ][gc           ] GC(42) Pause Young (Allocation Failure) 353M->118M(852M) 8.430ms
[26.728s][info ][gc,cpu       ] GC(42) User=0.01s Sys=0.00s Real=0.01s
[26.728s][info ][safepoint    ] Leaving safepoint region
[26.728s][info ][safepoint    ] Total time for which application threads were stopped: 0.0286452 seconds, Stopping threads took: 0.0200302 seconds
[26.834s][info ][safepoint    ] Application time: 0.1052875 seconds
[26.872s][info ][safepoint    ] Entering safepoint region: GenCollectForAllocation
[26.872s][info ][gc,start     ] GC(43) Pause Young (Allocation Failure)
[26.872s][info ][gc,task      ] GC(43) Using 4 workers of 4 for evacuation
[26.884s][debug][gc,ref       ] GC(43) Skipped phase1 of Reference Processing due to unavailable references
[26.884s][debug][gc,ref       ] GC(43) Skipped phase2 of Reference Processing due to unavailable references
[26.884s][debug][gc,ref       ] GC(43) Skipped phase3 of Reference Processing due to unavailable references
[26.884s][debug][gc,ref       ] GC(43) Skipped phase4 of Reference Processing due to unavailable references
[26.884s][debug][gc,age       ] GC(43) Desired survivor size 15400960 bytes, new threshold 6 (max threshold 6)
[26.884s][info ][gc,heap      ] GC(43) ParNew: 241506K->392K(270976K)
[26.884s][info ][gc,heap      ] GC(43) CMS: 120689K->120711K(602112K)
[26.884s][info ][gc,metaspace ] GC(43) Metaspace: 36367K->36367K(1081344K)
[26.884s][info ][gc           ] GC(43) Pause Young (Allocation Failure) 353M->118M(852M) 12.007ms
[26.884s][info ][gc,cpu       ] GC(43) User=0.00s Sys=0.00s Real=0.02s
[26.884s][info ][safepoint    ] Leaving safepoint region
[26.884s][info ][safepoint    ] Total time for which application threads were stopped: 0.0502163 seconds, Stopping threads took: 0.0379989 seconds
[27.056s][info ][safepoint    ] Application time: 0.1717517 seconds
[27.068s][info ][safepoint    ] Entering safepoint region: GenCollectForAllocation
[27.068s][info ][gc,start     ] GC(44) Pause Young (Allocation Failure)
[27.068s][info ][gc,task      ] GC(44) Using 4 workers of 4 for evacuation
[27.085s][debug][gc,ref       ] GC(44) Skipped phase1 of Reference Processing due to unavailable references
[27.085s][debug][gc,ref       ] GC(44) Skipped phase2 of Reference Processing due to unavailable references
[27.085s][debug][gc,ref       ] GC(44) Skipped phase3 of Reference Processing due to unavailable references
[27.085s][debug][gc,ref       ] GC(44) Skipped phase4 of Reference Processing due to unavailable references
[27.086s][debug][gc,age       ] GC(44) Desired survivor size 15400960 bytes, new threshold 6 (max threshold 6)
[27.086s][info ][gc,heap      ] GC(44) ParNew: 241288K->416K(270976K)
[27.086s][info ][gc,heap      ] GC(44) CMS: 120711K->120782K(602112K)
[27.086s][info ][gc,metaspace ] GC(44) Metaspace: 36367K->36367K(1081344K)
[27.086s][info ][gc           ] GC(44) Pause Young (Allocation Failure) 353M->118M(852M) 17.747ms
[27.086s][info ][gc,cpu       ] GC(44) User=0.01s Sys=0.00s Real=0.02s
[27.086s][info ][safepoint    ] Leaving safepoint region
[27.086s][info ][safepoint    ] Total time for which application threads were stopped: 0.0299425 seconds, Stopping threads took: 0.0120065 seconds
[27.351s][info ][safepoint    ] Application time: 0.2650452 seconds
[27.364s][info ][safepoint    ] Entering safepoint region: GenCollectForAllocation
[27.365s][info ][gc,start     ] GC(45) Pause Young (Allocation Failure)
[27.365s][info ][gc,task      ] GC(45) Using 4 workers of 4 for evacuation
[27.404s][debug][gc,ref       ] GC(45) Skipped phase1 of Reference Processing due to unavailable references
[27.404s][debug][gc,ref       ] GC(45) Skipped phase2 of Reference Processing due to unavailable references
[27.404s][debug][gc,ref       ] GC(45) Skipped phase3 of Reference Processing due to unavailable references
[27.404s][debug][gc,ref       ] GC(45) Skipped phase4 of Reference Processing due to unavailable references
[27.404s][debug][gc,age       ] GC(45) Desired survivor size 15400960 bytes, new threshold 6 (max threshold 6)
[27.404s][info ][gc,heap      ] GC(45) ParNew: 241312K->571K(270976K)
[27.404s][info ][gc,heap      ] GC(45) CMS: 120782K->120821K(602112K)
[27.404s][info ][gc,metaspace ] GC(45) Metaspace: 36367K->36367K(1081344K)
[27.404s][info ][gc           ] GC(45) Pause Young (Allocation Failure) 353M->118M(852M) 39.071ms
[27.404s][info ][gc,cpu       ] GC(45) User=0.01s Sys=0.00s Real=0.04s
[27.404s][info ][safepoint    ] Leaving safepoint region
[27.404s][info ][safepoint    ] Total time for which application threads were stopped: 0.0532355 seconds, Stopping threads took: 0.0130256 seconds
[27.566s][info ][safepoint    ] Application time: 0.1623022 seconds
[27.588s][info ][safepoint    ] Entering safepoint region: GenCollectForAllocation
[27.588s][info ][gc,start     ] GC(46) Pause Young (Allocation Failure)
[27.588s][info ][gc,task      ] GC(46) Using 4 workers of 4 for evacuation
[27.612s][debug][gc,ref       ] GC(46) Skipped phase1 of Reference Processing due to unavailable references
[27.612s][debug][gc,ref       ] GC(46) Skipped phase2 of Reference Processing due to unavailable references
[27.612s][debug][gc,ref       ] GC(46) Skipped phase3 of Reference Processing due to unavailable references
[27.612s][debug][gc,ref       ] GC(46) Skipped phase4 of Reference Processing due to unavailable references
[27.612s][debug][gc,age       ] GC(46) Desired survivor size 15400960 bytes, new threshold 6 (max threshold 6)
[27.612s][info ][gc,heap      ] GC(46) ParNew: 241467K->613K(270976K)
[27.612s][info ][gc,heap      ] GC(46) CMS: 120821K->120860K(602112K)
[27.612s][info ][gc,metaspace ] GC(46) Metaspace: 36367K->36367K(1081344K)
[27.612s][info ][gc           ] GC(46) Pause Young (Allocation Failure) 353M->118M(852M) 24.143ms
[27.612s][info ][gc,cpu       ] GC(46) User=0.01s Sys=0.00s Real=0.02s
[27.612s][info ][safepoint    ] Leaving safepoint region
[27.612s][info ][safepoint    ] Total time for which application threads were stopped: 0.0457562 seconds, Stopping threads took: 0.0214058 seconds
[27.710s][info ][safepoint    ] Application time: 0.0974479 seconds
[27.724s][info ][safepoint    ] Entering safepoint region: GenCollectForAllocation
[27.724s][info ][gc,start     ] GC(47) Pause Young (Allocation Failure)
[27.724s][info ][gc,task      ] GC(47) Using 4 workers of 4 for evacuation
[27.750s][debug][gc,ref       ] GC(47) Skipped phase1 of Reference Processing due to unavailable references
[27.750s][debug][gc,ref       ] GC(47) Skipped phase2 of Reference Processing due to unavailable references
[27.750s][debug][gc,ref       ] GC(47) Skipped phase3 of Reference Processing due to unavailable references
[27.750s][debug][gc,ref       ] GC(47) Skipped phase4 of Reference Processing due to unavailable references
[27.750s][debug][gc,age       ] GC(47) Desired survivor size 15400960 bytes, new threshold 6 (max threshold 6)
[27.750s][info ][gc,heap      ] GC(47) ParNew: 241509K->468K(270976K)
[27.750s][info ][gc,heap      ] GC(47) CMS: 120860K->120920K(602112K)
[27.750s][info ][gc,metaspace ] GC(47) Metaspace: 36367K->36367K(1081344K)
[27.750s][info ][gc           ] GC(47) Pause Young (Allocation Failure) 353M->118M(852M) 25.843ms
[27.750s][info ][gc,cpu       ] GC(47) User=0.00s Sys=0.01s Real=0.02s
[27.750s][info ][safepoint    ] Leaving safepoint region
[27.750s][info ][safepoint    ] Total time for which application threads were stopped: 0.0402691 seconds, Stopping threads took: 0.0142037 seconds
[27.992s][info ][safepoint    ] Application time: 0.2418748 seconds
[28.014s][info ][safepoint    ] Entering safepoint region: GenCollectForAllocation
[28.014s][info ][gc,start     ] GC(48) Pause Young (Allocation Failure)
[28.014s][info ][gc,task      ] GC(48) Using 4 workers of 4 for evacuation
[28.047s][debug][gc,ref       ] GC(48) Skipped phase1 of Reference Processing due to unavailable references
[28.047s][debug][gc,ref       ] GC(48) Skipped phase2 of Reference Processing due to unavailable references
[28.048s][debug][gc,ref       ] GC(48) Skipped phase3 of Reference Processing due to unavailable references
[28.048s][debug][gc,ref       ] GC(48) Skipped phase4 of Reference Processing due to unavailable references
[28.048s][debug][gc,age       ] GC(48) Desired survivor size 15400960 bytes, new threshold 6 (max threshold 6)
[28.048s][info ][gc,heap      ] GC(48) ParNew: 241364K->446K(270976K)
[28.048s][info ][gc,heap      ] GC(48) CMS: 120920K->120968K(602112K)
[28.048s][info ][gc,metaspace ] GC(48) Metaspace: 36367K->36367K(1081344K)
[28.048s][info ][gc           ] GC(48) Pause Young (Allocation Failure) 353M->118M(852M) 33.959ms
[28.048s][info ][gc,cpu       ] GC(48) User=0.02s Sys=0.00s Real=0.04s
[28.048s][info ][safepoint    ] Leaving safepoint region
[28.049s][info ][safepoint    ] Total time for which application threads were stopped: 0.0567410 seconds, Stopping threads took: 0.0218296 seconds
[28.192s][info ][safepoint    ] Application time: 0.1433090 seconds
[28.530s][info ][safepoint    ] Entering safepoint region: GenCollectForAllocation
[28.530s][info ][gc,start     ] GC(49) Pause Young (Allocation Failure)
[28.530s][info ][gc,task      ] GC(49) Using 4 workers of 4 for evacuation
[28.551s][debug][gc,ref       ] GC(49) Skipped phase1 of Reference Processing due to unavailable references
[28.551s][debug][gc,ref       ] GC(49) Skipped phase2 of Reference Processing due to unavailable references
[28.551s][debug][gc,ref       ] GC(49) Skipped phase3 of Reference Processing due to unavailable references
[28.551s][debug][gc,ref       ] GC(49) Skipped phase4 of Reference Processing due to unavailable references
[28.551s][debug][gc,age       ] GC(49) Desired survivor size 15400960 bytes, new threshold 6 (max threshold 6)
[28.551s][info ][gc,heap      ] GC(49) ParNew: 241342K->451K(270976K)
[28.551s][info ][gc,heap      ] GC(49) CMS: 120968K->120993K(602112K)
[28.551s][info ][gc,metaspace ] GC(49) Metaspace: 36367K->36367K(1081344K)
[28.551s][info ][gc           ] GC(49) Pause Young (Allocation Failure) 353M->118M(852M) 21.416ms
[28.551s][info ][gc,cpu       ] GC(49) User=0.01s Sys=0.00s Real=0.02s
[28.551s][info ][safepoint    ] Leaving safepoint region
[28.551s][info ][safepoint    ] Total time for which application threads were stopped: 0.0215983 seconds, Stopping threads took: 0.0000263 seconds
[28.775s][info ][safepoint    ] Application time: 0.2232887 seconds
[28.784s][info ][safepoint    ] Entering safepoint region: GenCollectForAllocation
[28.784s][info ][gc,start     ] GC(50) Pause Young (Allocation Failure)
[28.784s][info ][gc,task      ] GC(50) Using 4 workers of 4 for evacuation
[28.808s][debug][gc,ref       ] GC(50) Skipped phase1 of Reference Processing due to unavailable references
[28.808s][debug][gc,ref       ] GC(50) Skipped phase2 of Reference Processing due to unavailable references
[28.808s][debug][gc,ref       ] GC(50) Skipped phase3 of Reference Processing due to unavailable references
[28.808s][debug][gc,ref       ] GC(50) Skipped phase4 of Reference Processing due to unavailable references
[28.808s][debug][gc,age       ] GC(50) Desired survivor size 15400960 bytes, new threshold 6 (max threshold 6)
[28.808s][info ][gc,heap      ] GC(50) ParNew: 241347K->568K(270976K)
[28.808s][info ][gc,heap      ] GC(50) CMS: 120993K->121031K(602112K)
[28.808s][info ][gc,metaspace ] GC(50) Metaspace: 36367K->36367K(1081344K)
[28.808s][info ][gc           ] GC(50) Pause Young (Allocation Failure) 353M->118M(852M) 24.044ms
[28.808s][info ][gc,cpu       ] GC(50) User=0.01s Sys=0.00s Real=0.02s
[28.808s][info ][safepoint    ] Leaving safepoint region
[28.808s][info ][safepoint    ] Total time for which application threads were stopped: 0.0332591 seconds, Stopping threads took: 0.0090318 seconds
[29.045s][info ][safepoint    ] Application time: 0.2372563 seconds
[29.045s][info ][safepoint    ] Entering safepoint region: GenCollectForAllocation
[29.045s][info ][gc,start     ] GC(51) Pause Young (Allocation Failure)
[29.045s][info ][gc,task      ] GC(51) Using 4 workers of 4 for evacuation
[29.056s][debug][gc,ref       ] GC(51) Skipped phase1 of Reference Processing due to unavailable references
[29.056s][debug][gc,ref       ] GC(51) Skipped phase2 of Reference Processing due to unavailable references
[29.056s][debug][gc,ref       ] GC(51) Skipped phase3 of Reference Processing due to unavailable references
[29.056s][debug][gc,ref       ] GC(51) Skipped phase4 of Reference Processing due to unavailable references
[29.056s][debug][gc,age       ] GC(51) Desired survivor size 15400960 bytes, new threshold 6 (max threshold 6)
[29.056s][info ][gc,heap      ] GC(51) ParNew: 241464K->386K(270976K)
[29.056s][info ][gc,heap      ] GC(51) CMS: 121031K->121102K(602112K)
[29.056s][info ][gc,metaspace ] GC(51) Metaspace: 36367K->36367K(1081344K)
[29.056s][info ][gc           ] GC(51) Pause Young (Allocation Failure) 354M->118M(852M) 10.623ms
[29.056s][info ][gc,cpu       ] GC(51) User=0.01s Sys=0.00s Real=0.01s
[29.056s][info ][safepoint    ] Leaving safepoint region
[29.056s][info ][safepoint    ] Total time for which application threads were stopped: 0.0108320 seconds, Stopping threads took: 0.0000449 seconds
[29.197s][info ][safepoint    ] Application time: 0.1412279 seconds
[29.225s][info ][safepoint    ] Entering safepoint region: GenCollectForAllocation
[29.225s][info ][gc,start     ] GC(52) Pause Young (Allocation Failure)
[29.225s][info ][gc,task      ] GC(52) Using 4 workers of 4 for evacuation
[29.240s][debug][gc,ref       ] GC(52) Skipped phase1 of Reference Processing due to unavailable references
[29.240s][debug][gc,ref       ] GC(52) Skipped phase2 of Reference Processing due to unavailable references
[29.240s][debug][gc,ref       ] GC(52) Skipped phase3 of Reference Processing due to unavailable references
[29.240s][debug][gc,ref       ] GC(52) Skipped phase4 of Reference Processing due to unavailable references
[29.240s][debug][gc,age       ] GC(52) Desired survivor size 15400960 bytes, new threshold 6 (max threshold 6)
[29.240s][info ][gc,heap      ] GC(52) ParNew: 241282K->564K(270976K)
[29.240s][info ][gc,heap      ] GC(52) CMS: 121102K->121150K(602112K)
[29.240s][info ][gc,metaspace ] GC(52) Metaspace: 36367K->36367K(1081344K)
[29.240s][info ][gc           ] GC(52) Pause Young (Allocation Failure) 353M->118M(852M) 14.858ms
[29.240s][info ][gc,cpu       ] GC(52) User=0.01s Sys=0.00s Real=0.01s
[29.240s][info ][safepoint    ] Leaving safepoint region
[29.240s][info ][safepoint    ] Total time for which application threads were stopped: 0.0427463 seconds, Stopping threads took: 0.0277210 seconds
[29.390s][info ][safepoint    ] Application time: 0.1499444 seconds
[29.409s][info ][safepoint    ] Entering safepoint region: GenCollectForAllocation
[29.409s][info ][gc,start     ] GC(53) Pause Young (Allocation Failure)
[29.409s][info ][gc,task      ] GC(53) Using 4 workers of 4 for evacuation
[29.416s][debug][gc,ref       ] GC(53) Skipped phase1 of Reference Processing due to unavailable references
[29.416s][debug][gc,ref       ] GC(53) Skipped phase2 of Reference Processing due to unavailable references
[29.416s][debug][gc,ref       ] GC(53) Skipped phase3 of Reference Processing due to unavailable references
[29.416s][debug][gc,ref       ] GC(53) Skipped phase4 of Reference Processing due to unavailable references
[29.416s][debug][gc,age       ] GC(53) Desired survivor size 15400960 bytes, new threshold 6 (max threshold 6)
[29.416s][info ][gc,heap      ] GC(53) ParNew: 241460K->466K(270976K)
[29.416s][info ][gc,heap      ] GC(53) CMS: 121150K->121175K(602112K)
[29.416s][info ][gc,metaspace ] GC(53) Metaspace: 36367K->36367K(1081344K)
[29.416s][info ][gc           ] GC(53) Pause Young (Allocation Failure) 354M->118M(852M) 6.892ms
[29.416s][info ][gc,cpu       ] GC(53) User=0.01s Sys=0.00s Real=0.01s
[29.416s][info ][safepoint    ] Leaving safepoint region
[29.416s][info ][safepoint    ] Total time for which application threads were stopped: 0.0259364 seconds, Stopping threads took: 0.0188671 seconds
[29.751s][info ][safepoint    ] Application time: 0.3347101 seconds
[29.772s][info ][safepoint    ] Entering safepoint region: GenCollectForAllocation
[29.772s][info ][gc,start     ] GC(54) Pause Young (Allocation Failure)
[29.772s][info ][gc,task      ] GC(54) Using 4 workers of 4 for evacuation
[29.796s][debug][gc,ref       ] GC(54) Skipped phase1 of Reference Processing due to unavailable references
[29.796s][debug][gc,ref       ] GC(54) Skipped phase2 of Reference Processing due to unavailable references
[29.796s][debug][gc,ref       ] GC(54) Skipped phase3 of Reference Processing due to unavailable references
[29.796s][debug][gc,ref       ] GC(54) Skipped phase4 of Reference Processing due to unavailable references
[29.796s][debug][gc,age       ] GC(54) Desired survivor size 15400960 bytes, new threshold 6 (max threshold 6)
[29.796s][info ][gc,heap      ] GC(54) ParNew: 241362K->476K(270976K)
[29.796s][info ][gc,heap      ] GC(54) CMS: 121175K->121258K(602112K)
[29.796s][info ][gc,metaspace ] GC(54) Metaspace: 36369K->36369K(1081344K)
[29.796s][info ][gc           ] GC(54) Pause Young (Allocation Failure) 354M->118M(852M) 24.067ms
[29.796s][info ][gc,cpu       ] GC(54) User=0.01s Sys=0.00s Real=0.03s
[29.796s][info ][safepoint    ] Leaving safepoint region
[29.796s][info ][safepoint    ] Total time for which application threads were stopped: 0.0452380 seconds, Stopping threads took: 0.0209898 seconds
[30.056s][info ][safepoint    ] Application time: 0.2597292 seconds
[30.077s][info ][safepoint    ] Entering safepoint region: GenCollectForAllocation
[30.078s][info ][gc,start     ] GC(55) Pause Young (Allocation Failure)
[30.078s][info ][gc,task      ] GC(55) Using 4 workers of 4 for evacuation
[30.099s][debug][gc,ref       ] GC(55) Skipped phase1 of Reference Processing due to unavailable references
[30.099s][debug][gc,ref       ] GC(55) Skipped phase2 of Reference Processing due to unavailable references
[30.099s][debug][gc,ref       ] GC(55) Skipped phase3 of Reference Processing due to unavailable references
[30.099s][debug][gc,ref       ] GC(55) Skipped phase4 of Reference Processing due to unavailable references
[30.099s][debug][gc,age       ] GC(55) Desired survivor size 15400960 bytes, new threshold 6 (max threshold 6)
[30.099s][info ][gc,heap      ] GC(55) ParNew: 241372K->571K(270976K)
[30.099s][info ][gc,heap      ] GC(55) CMS: 121258K->121300K(602112K)
[30.099s][info ][gc,metaspace ] GC(55) Metaspace: 36369K->36369K(1081344K)
[30.099s][info ][gc           ] GC(55) Pause Young (Allocation Failure) 354M->119M(852M) 21.312ms
[30.099s][info ][gc,cpu       ] GC(55) User=0.01s Sys=0.00s Real=0.02s
[30.099s][info ][safepoint    ] Leaving safepoint region
[30.099s][info ][safepoint    ] Total time for which application threads were stopped: 0.0431361 seconds, Stopping threads took: 0.0216309 seconds
[30.232s][info ][safepoint    ] Application time: 0.1333627 seconds
[30.264s][info ][safepoint    ] Entering safepoint region: GenCollectForAllocation
[30.264s][info ][gc,start     ] GC(56) Pause Young (Allocation Failure)
[30.264s][info ][gc,task      ] GC(56) Using 4 workers of 4 for evacuation
[30.276s][debug][gc,ref       ] GC(56) Skipped phase1 of Reference Processing due to unavailable references
[30.276s][debug][gc,ref       ] GC(56) Skipped phase2 of Reference Processing due to unavailable references
[30.276s][debug][gc,ref       ] GC(56) Skipped phase3 of Reference Processing due to unavailable references
[30.276s][debug][gc,ref       ] GC(56) Skipped phase4 of Reference Processing due to unavailable references
[30.276s][debug][gc,age       ] GC(56) Desired survivor size 15400960 bytes, new threshold 6 (max threshold 6)
[30.276s][info ][gc,heap      ] GC(56) ParNew: 241467K->716K(270976K)
[30.276s][info ][gc,heap      ] GC(56) CMS: 121300K->121344K(602112K)
[30.276s][info ][gc,metaspace ] GC(56) Metaspace: 36376K->36376K(1081344K)
[30.276s][info ][gc           ] GC(56) Pause Young (Allocation Failure) 354M->119M(852M) 12.323ms
[30.276s][info ][gc,cpu       ] GC(56) User=0.01s Sys=0.01s Real=0.01s
[30.276s][info ][safepoint    ] Leaving safepoint region
[30.276s][info ][safepoint    ] Total time for which application threads were stopped: 0.0440193 seconds, Stopping threads took: 0.0314956 seconds
[30.452s][info ][safepoint    ] Application time: 0.1754048 seconds
[30.461s][info ][safepoint    ] Entering safepoint region: GenCollectForAllocation
[30.461s][info ][gc,start     ] GC(57) Pause Young (Allocation Failure)
[30.461s][info ][gc,task      ] GC(57) Using 4 workers of 4 for evacuation
[30.471s][debug][gc,ref       ] GC(57) Skipped phase1 of Reference Processing due to unavailable references
[30.471s][debug][gc,ref       ] GC(57) Skipped phase2 of Reference Processing due to unavailable references
[30.471s][debug][gc,ref       ] GC(57) Skipped phase3 of Reference Processing due to unavailable references
[30.471s][debug][gc,ref       ] GC(57) Skipped phase4 of Reference Processing due to unavailable references
[30.471s][debug][gc,age       ] GC(57) Desired survivor size 15400960 bytes, new threshold 6 (max threshold 6)
[30.471s][info ][gc,heap      ] GC(57) ParNew: 241612K->469K(270976K)
[30.471s][info ][gc,heap      ] GC(57) CMS: 121344K->121403K(602112K)
[30.471s][info ][gc,metaspace ] GC(57) Metaspace: 36376K->36376K(1081344K)
[30.471s][info ][gc           ] GC(57) Pause Young (Allocation Failure) 354M->119M(852M) 9.927ms
[30.471s][info ][gc,cpu       ] GC(57) User=0.01s Sys=0.00s Real=0.01s
[30.471s][info ][safepoint    ] Leaving safepoint region
[30.471s][info ][safepoint    ] Total time for which application threads were stopped: 0.0195096 seconds, Stopping threads took: 0.0092753 seconds
[30.745s][info ][safepoint    ] Application time: 0.2739162 seconds
[30.776s][info ][safepoint    ] Entering safepoint region: GenCollectForAllocation
[30.776s][info ][gc,start     ] GC(58) Pause Young (Allocation Failure)
[30.776s][info ][gc,task      ] GC(58) Using 4 workers of 4 for evacuation
[30.792s][debug][gc,ref       ] GC(58) Skipped phase1 of Reference Processing due to unavailable references
[30.792s][debug][gc,ref       ] GC(58) Skipped phase2 of Reference Processing due to unavailable references
[30.792s][debug][gc,ref       ] GC(58) Skipped phase3 of Reference Processing due to unavailable references
[30.792s][debug][gc,ref       ] GC(58) Skipped phase4 of Reference Processing due to unavailable references
[30.792s][debug][gc,age       ] GC(58) Desired survivor size 15400960 bytes, new threshold 6 (max threshold 6)
[30.792s][info ][gc,heap      ] GC(58) ParNew: 241365K->583K(270976K)
[30.792s][info ][gc,heap      ] GC(58) CMS: 121403K->121440K(602112K)
[30.792s][info ][gc,metaspace ] GC(58) Metaspace: 36376K->36376K(1081344K)
[30.792s][info ][gc           ] GC(58) Pause Young (Allocation Failure) 354M->119M(852M) 16.003ms
[30.792s][info ][gc,cpu       ] GC(58) User=0.01s Sys=0.00s Real=0.01s
[30.792s][info ][safepoint    ] Leaving safepoint region
[30.792s][info ][safepoint    ] Total time for which application threads were stopped: 0.0467698 seconds, Stopping threads took: 0.0305550 seconds
[30.984s][info ][safepoint    ] Application time: 0.1916288 seconds
[31.012s][info ][safepoint    ] Entering safepoint region: GenCollectForAllocation
[31.012s][info ][gc,start     ] GC(59) Pause Young (Allocation Failure)
[31.012s][info ][gc,task      ] GC(59) Using 4 workers of 4 for evacuation
[31.024s][debug][gc,ref       ] GC(59) Skipped phase1 of Reference Processing due to unavailable references
[31.024s][debug][gc,ref       ] GC(59) Skipped phase2 of Reference Processing due to unavailable references
[31.024s][debug][gc,ref       ] GC(59) Skipped phase3 of Reference Processing due to unavailable references
[31.024s][debug][gc,ref       ] GC(59) Skipped phase4 of Reference Processing due to unavailable references
[31.024s][debug][gc,age       ] GC(59) Desired survivor size 15400960 bytes, new threshold 6 (max threshold 6)
[31.024s][info ][gc,heap      ] GC(59) ParNew: 241479K->559K(270976K)
[31.024s][info ][gc,heap      ] GC(59) CMS: 121440K->121485K(602112K)
[31.024s][info ][gc,metaspace ] GC(59) Metaspace: 36376K->36376K(1081344K)
[31.024s][info ][gc           ] GC(59) Pause Young (Allocation Failure) 354M->119M(852M) 11.764ms
[31.024s][info ][gc,cpu       ] GC(59) User=0.00s Sys=0.00s Real=0.02s
[31.024s][info ][safepoint    ] Leaving safepoint region
[31.024s][info ][safepoint    ] Total time for which application threads were stopped: 0.0405134 seconds, Stopping threads took: 0.0284442 seconds
[31.267s][info ][safepoint    ] Application time: 0.2426535 seconds
[31.284s][info ][safepoint    ] Entering safepoint region: GenCollectForAllocation
[31.284s][info ][gc,start     ] GC(60) Pause Young (Allocation Failure)
[31.284s][info ][gc,task      ] GC(60) Using 4 workers of 4 for evacuation
[31.296s][debug][gc,ref       ] GC(60) Skipped phase1 of Reference Processing due to unavailable references
[31.296s][debug][gc,ref       ] GC(60) Skipped phase2 of Reference Processing due to unavailable references
[31.296s][debug][gc,ref       ] GC(60) Skipped phase3 of Reference Processing due to unavailable references
[31.296s][debug][gc,ref       ] GC(60) Skipped phase4 of Reference Processing due to unavailable references
[31.296s][debug][gc,age       ] GC(60) Desired survivor size 15400960 bytes, new threshold 6 (max threshold 6)
[31.296s][info ][gc,heap      ] GC(60) ParNew: 241455K->547K(270976K)
[31.296s][info ][gc,heap      ] GC(60) CMS: 121485K->121545K(602112K)
[31.296s][info ][gc,metaspace ] GC(60) Metaspace: 36376K->36376K(1081344K)
[31.296s][info ][gc           ] GC(60) Pause Young (Allocation Failure) 354M->119M(852M) 12.038ms
[31.296s][info ][gc,cpu       ] GC(60) User=0.01s Sys=0.00s Real=0.01s
[31.296s][info ][safepoint    ] Leaving safepoint region
[31.296s][info ][safepoint    ] Total time for which application threads were stopped: 0.0291817 seconds, Stopping threads took: 0.0169544 seconds
[31.505s][info ][safepoint    ] Application time: 0.2085908 seconds
[31.536s][info ][safepoint    ] Entering safepoint region: GenCollectForAllocation
[31.536s][info ][gc,start     ] GC(61) Pause Young (Allocation Failure)
[31.536s][info ][gc,task      ] GC(61) Using 4 workers of 4 for evacuation
[31.539s][debug][gc,ref       ] GC(61) Skipped phase1 of Reference Processing due to unavailable references
[31.539s][debug][gc,ref       ] GC(61) Skipped phase2 of Reference Processing due to unavailable references
[31.539s][debug][gc,ref       ] GC(61) Skipped phase3 of Reference Processing due to unavailable references
[31.539s][debug][gc,ref       ] GC(61) Skipped phase4 of Reference Processing due to unavailable references
[31.539s][debug][gc,age       ] GC(61) Desired survivor size 15400960 bytes, new threshold 6 (max threshold 6)
[31.539s][info ][gc,heap      ] GC(61) ParNew: 241443K->557K(270976K)
[31.539s][info ][gc,heap      ] GC(61) CMS: 121545K->121593K(602112K)
[31.539s][info ][gc,metaspace ] GC(61) Metaspace: 36376K->36376K(1081344K)
[31.539s][info ][gc           ] GC(61) Pause Young (Allocation Failure) 354M->119M(852M) 2.808ms
[31.539s][info ][gc,cpu       ] GC(61) User=0.00s Sys=0.00s Real=0.00s
[31.539s][info ][safepoint    ] Leaving safepoint region
[31.539s][info ][safepoint    ] Total time for which application threads were stopped: 0.0341394 seconds, Stopping threads took: 0.0311368 seconds
[31.733s][info ][safepoint    ] Application time: 0.1937715 seconds
[31.756s][info ][safepoint    ] Entering safepoint region: GenCollectForAllocation
[31.756s][info ][gc,start     ] GC(62) Pause Young (Allocation Failure)
[31.756s][info ][gc,task      ] GC(62) Using 4 workers of 4 for evacuation
[31.780s][debug][gc,ref       ] GC(62) Skipped phase1 of Reference Processing due to unavailable references
[31.780s][debug][gc,ref       ] GC(62) Skipped phase2 of Reference Processing due to unavailable references
[31.780s][debug][gc,ref       ] GC(62) Skipped phase3 of Reference Processing due to unavailable references
[31.780s][debug][gc,ref       ] GC(62) Skipped phase4 of Reference Processing due to unavailable references
[31.780s][debug][gc,age       ] GC(62) Desired survivor size 15400960 bytes, new threshold 6 (max threshold 6)
[31.780s][info ][gc,heap      ] GC(62) ParNew: 241453K->570K(270976K)
[31.780s][info ][gc,heap      ] GC(62) CMS: 121593K->121642K(602112K)
[31.780s][info ][gc,metaspace ] GC(62) Metaspace: 36376K->36376K(1081344K)
[31.780s][info ][gc           ] GC(62) Pause Young (Allocation Failure) 354M->119M(852M) 23.803ms
[31.780s][info ][gc,cpu       ] GC(62) User=0.01s Sys=0.00s Real=0.02s
[31.780s][info ][safepoint    ] Leaving safepoint region
[31.780s][info ][safepoint    ] Total time for which application threads were stopped: 0.0474579 seconds, Stopping threads took: 0.0234531 seconds
[31.926s][info ][safepoint    ] Application time: 0.1457691 seconds
[31.960s][info ][safepoint    ] Entering safepoint region: GenCollectForAllocation
[31.960s][info ][gc,start     ] GC(63) Pause Young (Allocation Failure)
[31.960s][info ][gc,task      ] GC(63) Using 4 workers of 4 for evacuation
[31.986s][debug][gc,ref       ] GC(63) Skipped phase1 of Reference Processing due to unavailable references
[31.986s][debug][gc,ref       ] GC(63) Skipped phase2 of Reference Processing due to unavailable references
[31.986s][debug][gc,ref       ] GC(63) Skipped phase3 of Reference Processing due to unavailable references
[31.986s][debug][gc,ref       ] GC(63) Skipped phase4 of Reference Processing due to unavailable references
[31.986s][debug][gc,age       ] GC(63) Desired survivor size 15400960 bytes, new threshold 6 (max threshold 6)
[31.986s][info ][gc,heap      ] GC(63) ParNew: 241466K->491K(270976K)
[31.986s][info ][gc,heap      ] GC(63) CMS: 121642K->121687K(602112K)
[31.986s][info ][gc,metaspace ] GC(63) Metaspace: 36376K->36376K(1081344K)
[31.986s][info ][gc           ] GC(63) Pause Young (Allocation Failure) 354M->119M(852M) 25.957ms
[31.986s][info ][gc,cpu       ] GC(63) User=0.02s Sys=0.00s Real=0.03s
[31.986s][info ][safepoint    ] Leaving safepoint region
[31.986s][info ][safepoint    ] Total time for which application threads were stopped: 0.0601032 seconds, Stopping threads took: 0.0339366 seconds
[32.226s][info ][safepoint    ] Application time: 0.2402091 seconds
[32.256s][info ][safepoint    ] Entering safepoint region: GenCollectForAllocation
[32.256s][info ][gc,start     ] GC(64) Pause Young (Allocation Failure)
[32.256s][info ][gc,task      ] GC(64) Using 4 workers of 4 for evacuation
[32.272s][debug][gc,ref       ] GC(64) Skipped phase1 of Reference Processing due to unavailable references
[32.272s][debug][gc,ref       ] GC(64) Skipped phase2 of Reference Processing due to unavailable references
[32.272s][debug][gc,ref       ] GC(64) Skipped phase3 of Reference Processing due to unavailable references
[32.272s][debug][gc,ref       ] GC(64) Skipped phase4 of Reference Processing due to unavailable references
[32.272s][debug][gc,age       ] GC(64) Desired survivor size 15400960 bytes, new threshold 6 (max threshold 6)
[32.272s][info ][gc,heap      ] GC(64) ParNew: 241387K->604K(270976K)
[32.272s][info ][gc,heap      ] GC(64) CMS: 121687K->121744K(602112K)
[32.272s][info ][gc,metaspace ] GC(64) Metaspace: 36376K->36376K(1081344K)
[32.272s][info ][gc           ] GC(64) Pause Young (Allocation Failure) 354M->119M(852M) 16.061ms
[32.272s][info ][gc,cpu       ] GC(64) User=0.01s Sys=0.00s Real=0.02s
[32.272s][info ][safepoint    ] Leaving safepoint region
[32.272s][info ][safepoint    ] Total time for which application threads were stopped: 0.0458478 seconds, Stopping threads took: 0.0296027 seconds
[32.477s][info ][safepoint    ] Application time: 0.2054772 seconds
[32.511s][info ][safepoint    ] Entering safepoint region: GenCollectForAllocation
[32.511s][info ][gc,start     ] GC(65) Pause Young (Allocation Failure)
[32.511s][info ][gc,task      ] GC(65) Using 4 workers of 4 for evacuation
[32.536s][debug][gc,ref       ] GC(65) Skipped phase1 of Reference Processing due to unavailable references
[32.536s][debug][gc,ref       ] GC(65) Skipped phase2 of Reference Processing due to unavailable references
[32.536s][debug][gc,ref       ] GC(65) Skipped phase3 of Reference Processing due to unavailable references
[32.536s][debug][gc,ref       ] GC(65) Skipped phase4 of Reference Processing due to unavailable references
[32.536s][debug][gc,age       ] GC(65) Desired survivor size 15400960 bytes, new threshold 6 (max threshold 6)
[32.536s][info ][gc,heap      ] GC(65) ParNew: 241500K->636K(270976K)
[32.536s][info ][gc,heap      ] GC(65) CMS: 121744K->121789K(602112K)
[32.536s][info ][gc,metaspace ] GC(65) Metaspace: 36376K->36376K(1081344K)
[32.536s][info ][gc           ] GC(65) Pause Young (Allocation Failure) 354M->119M(852M) 24.977ms
[32.536s][info ][gc,cpu       ] GC(65) User=0.01s Sys=0.00s Real=0.03s
[32.536s][info ][safepoint    ] Leaving safepoint region
[32.536s][info ][safepoint    ] Total time for which application threads were stopped: 0.0584538 seconds, Stopping threads took: 0.0333048 seconds
[32.667s][info ][safepoint    ] Application time: 0.1310045 seconds
[32.676s][info ][safepoint    ] Entering safepoint region: GenCollectForAllocation
[32.676s][info ][gc,start     ] GC(66) Pause Young (Allocation Failure)
[32.676s][info ][gc,task      ] GC(66) Using 4 workers of 4 for evacuation
[32.700s][debug][gc,ref       ] GC(66) Skipped phase1 of Reference Processing due to unavailable references
[32.700s][debug][gc,ref       ] GC(66) Skipped phase2 of Reference Processing due to unavailable references
[32.700s][debug][gc,ref       ] GC(66) Skipped phase3 of Reference Processing due to unavailable references
[32.700s][debug][gc,ref       ] GC(66) Skipped phase4 of Reference Processing due to unavailable references
[32.700s][debug][gc,age       ] GC(66) Desired survivor size 15400960 bytes, new threshold 6 (max threshold 6)
[32.700s][info ][gc,heap      ] GC(66) ParNew: 241532K->620K(270976K)
[32.700s][info ][gc,heap      ] GC(66) CMS: 121789K->121845K(602112K)
[32.700s][info ][gc,metaspace ] GC(66) Metaspace: 36376K->36376K(1081344K)
[32.700s][info ][gc           ] GC(66) Pause Young (Allocation Failure) 354M->119M(852M) 23.885ms
[32.700s][info ][gc,cpu       ] GC(66) User=0.01s Sys=0.00s Real=0.02s
[32.700s][info ][safepoint    ] Leaving safepoint region
[32.700s][info ][safepoint    ] Total time for which application threads were stopped: 0.0329413 seconds, Stopping threads took: 0.0088705 seconds
[32.875s][info ][safepoint    ] Application time: 0.1747609 seconds
[32.900s][info ][safepoint    ] Entering safepoint region: GenCollectForAllocation
[32.900s][info ][gc,start     ] GC(67) Pause Young (Allocation Failure)
[32.900s][info ][gc,task      ] GC(67) Using 4 workers of 4 for evacuation
[32.917s][debug][gc,ref       ] GC(67) Skipped phase1 of Reference Processing due to unavailable references
[32.917s][debug][gc,ref       ] GC(67) Skipped phase2 of Reference Processing due to unavailable references
[32.917s][debug][gc,ref       ] GC(67) Skipped phase3 of Reference Processing due to unavailable references
[32.917s][debug][gc,ref       ] GC(67) Skipped phase4 of Reference Processing due to unavailable references
[32.917s][debug][gc,age       ] GC(67) Desired survivor size 15400960 bytes, new threshold 6 (max threshold 6)
[32.917s][info ][gc,heap      ] GC(67) ParNew: 241516K->421K(270976K)
[32.917s][info ][gc,heap      ] GC(67) CMS: 121845K->121914K(602112K)
[32.917s][info ][gc,metaspace ] GC(67) Metaspace: 36376K->36376K(1081344K)
[32.917s][info ][gc           ] GC(67) Pause Young (Allocation Failure) 354M->119M(852M) 17.412ms
[32.917s][info ][gc,cpu       ] GC(67) User=0.01s Sys=0.00s Real=0.02s
[32.917s][info ][safepoint    ] Leaving safepoint region
[32.917s][info ][safepoint    ] Total time for which application threads were stopped: 0.0426022 seconds, Stopping threads took: 0.0249925 seconds
[33.093s][info ][safepoint    ] Application time: 0.1754694 seconds
[33.122s][info ][safepoint    ] Entering safepoint region: GenCollectForAllocation
[33.122s][info ][gc,start     ] GC(68) Pause Young (Allocation Failure)
[33.122s][info ][gc,task      ] GC(68) Using 4 workers of 4 for evacuation
[33.140s][debug][gc,ref       ] GC(68) Skipped phase1 of Reference Processing due to unavailable references
[33.140s][debug][gc,ref       ] GC(68) Skipped phase2 of Reference Processing due to unavailable references
[33.140s][debug][gc,ref       ] GC(68) Skipped phase3 of Reference Processing due to unavailable references
[33.140s][debug][gc,ref       ] GC(68) Skipped phase4 of Reference Processing due to unavailable references
[33.140s][debug][gc,age       ] GC(68) Desired survivor size 15400960 bytes, new threshold 6 (max threshold 6)
[33.140s][info ][gc,heap      ] GC(68) ParNew: 241317K->620K(270976K)
[33.140s][info ][gc,heap      ] GC(68) CMS: 121914K->121960K(602112K)
[33.140s][info ][gc,metaspace ] GC(68) Metaspace: 36376K->36376K(1081344K)
[33.141s][info ][gc           ] GC(68) Pause Young (Allocation Failure) 354M->119M(852M) 18.517ms
[33.141s][info ][gc,cpu       ] GC(68) User=0.01s Sys=0.00s Real=0.02s
[33.141s][info ][safepoint    ] Leaving safepoint region
[33.141s][info ][safepoint    ] Total time for which application threads were stopped: 0.0477364 seconds, Stopping threads took: 0.0290408 seconds
[33.414s][info ][safepoint    ] Application time: 0.2738373 seconds
[33.440s][info ][safepoint    ] Entering safepoint region: GenCollectForAllocation
[33.440s][info ][gc,start     ] GC(69) Pause Young (Allocation Failure)
[33.440s][info ][gc,task      ] GC(69) Using 4 workers of 4 for evacuation
[33.458s][debug][gc,ref       ] GC(69) Skipped phase1 of Reference Processing due to unavailable references
[33.459s][debug][gc,ref       ] GC(69) Skipped phase2 of Reference Processing due to unavailable references
[33.459s][debug][gc,ref       ] GC(69) Skipped phase3 of Reference Processing due to unavailable references
[33.459s][debug][gc,ref       ] GC(69) Skipped phase4 of Reference Processing due to unavailable references
[33.459s][debug][gc,age       ] GC(69) Desired survivor size 15400960 bytes, new threshold 6 (max threshold 6)
[33.459s][info ][gc,heap      ] GC(69) ParNew: 241516K->645K(270976K)
[33.459s][info ][gc,heap      ] GC(69) CMS: 121960K->122015K(602112K)
[33.459s][info ][gc,metaspace ] GC(69) Metaspace: 36376K->36376K(1081344K)
[33.459s][info ][gc           ] GC(69) Pause Young (Allocation Failure) 354M->119M(852M) 18.319ms
[33.459s][info ][gc,cpu       ] GC(69) User=0.01s Sys=0.00s Real=0.02s
[33.459s][info ][safepoint    ] Leaving safepoint region
[33.459s][info ][safepoint    ] Total time for which application threads were stopped: 0.0442284 seconds, Stopping threads took: 0.0256013 seconds
[33.705s][info ][safepoint    ] Application time: 0.2466806 seconds
[33.724s][info ][safepoint    ] Entering safepoint region: GenCollectForAllocation
[33.724s][info ][gc,start     ] GC(70) Pause Young (Allocation Failure)
[33.724s][info ][gc,task      ] GC(70) Using 4 workers of 4 for evacuation
[33.740s][debug][gc,ref       ] GC(70) Skipped phase1 of Reference Processing due to unavailable references
[33.740s][debug][gc,ref       ] GC(70) Skipped phase2 of Reference Processing due to unavailable references
[33.740s][debug][gc,ref       ] GC(70) Skipped phase3 of Reference Processing due to unavailable references
[33.740s][debug][gc,ref       ] GC(70) Skipped phase4 of Reference Processing due to unavailable references
[33.740s][debug][gc,age       ] GC(70) Desired survivor size 15400960 bytes, new threshold 6 (max threshold 6)
[33.740s][info ][gc,heap      ] GC(70) ParNew: 241541K->544K(270976K)
[33.740s][info ][gc,heap      ] GC(70) CMS: 122015K->122095K(602112K)
[33.740s][info ][gc,metaspace ] GC(70) Metaspace: 36376K->36376K(1081344K)
[33.740s][info ][gc           ] GC(70) Pause Young (Allocation Failure) 355M->119M(852M) 16.054ms
[33.740s][info ][gc,cpu       ] GC(70) User=0.01s Sys=0.00s Real=0.01s
[33.740s][info ][safepoint    ] Leaving safepoint region
[33.740s][info ][safepoint    ] Total time for which application threads were stopped: 0.0344713 seconds, Stopping threads took: 0.0182297 seconds
[33.967s][info ][safepoint    ] Application time: 0.2274288 seconds
[33.988s][info ][safepoint    ] Entering safepoint region: GenCollectForAllocation
[33.988s][info ][gc,start     ] GC(71) Pause Young (Allocation Failure)
[33.988s][info ][gc,task      ] GC(71) Using 4 workers of 4 for evacuation
[33.995s][debug][gc,ref       ] GC(71) Skipped phase1 of Reference Processing due to unavailable references
[33.995s][debug][gc,ref       ] GC(71) Skipped phase2 of Reference Processing due to unavailable references
[33.995s][debug][gc,ref       ] GC(71) Skipped phase3 of Reference Processing due to unavailable references
[33.995s][debug][gc,ref       ] GC(71) Skipped phase4 of Reference Processing due to unavailable references
[33.995s][debug][gc,age       ] GC(71) Desired survivor size 15400960 bytes, new threshold 6 (max threshold 6)
[33.995s][info ][gc,heap      ] GC(71) ParNew: 241440K->646K(270976K)
[33.995s][info ][gc,heap      ] GC(71) CMS: 122095K->122136K(602112K)
[33.995s][info ][gc,metaspace ] GC(71) Metaspace: 36376K->36376K(1081344K)
[33.995s][info ][gc           ] GC(71) Pause Young (Allocation Failure) 355M->119M(852M) 6.983ms
[33.995s][info ][gc,cpu       ] GC(71) User=0.01s Sys=0.00s Real=0.00s
[33.995s][info ][safepoint    ] Leaving safepoint region
[33.995s][info ][safepoint    ] Total time for which application threads were stopped: 0.0274594 seconds, Stopping threads took: 0.0202884 seconds
[34.124s][info ][safepoint    ] Application time: 0.1286272 seconds
[34.136s][info ][safepoint    ] Entering safepoint region: GenCollectForAllocation
[34.136s][info ][gc,start     ] GC(72) Pause Young (Allocation Failure)
[34.136s][info ][gc,task      ] GC(72) Using 4 workers of 4 for evacuation
[34.159s][debug][gc,ref       ] GC(72) Skipped phase1 of Reference Processing due to unavailable references
[34.159s][debug][gc,ref       ] GC(72) Skipped phase2 of Reference Processing due to unavailable references
[34.159s][debug][gc,ref       ] GC(72) Skipped phase3 of Reference Processing due to unavailable references
[34.159s][debug][gc,ref       ] GC(72) Skipped phase4 of Reference Processing due to unavailable references
[34.159s][debug][gc,age       ] GC(72) Desired survivor size 15400960 bytes, new threshold 6 (max threshold 6)
[34.159s][info ][gc,heap      ] GC(72) ParNew: 241542K->580K(270976K)
[34.159s][info ][gc,heap      ] GC(72) CMS: 122136K->122196K(602112K)
[34.159s][info ][gc,metaspace ] GC(72) Metaspace: 36376K->36376K(1081344K)
[34.159s][info ][gc           ] GC(72) Pause Young (Allocation Failure) 355M->119M(852M) 23.530ms
[34.159s][info ][gc,cpu       ] GC(72) User=0.02s Sys=0.00s Real=0.02s
[34.159s][info ][safepoint    ] Leaving safepoint region
[34.159s][info ][safepoint    ] Total time for which application threads were stopped: 0.0359373 seconds, Stopping threads took: 0.0122495 seconds
[34.305s][info ][safepoint    ] Application time: 0.1451525 seconds
[35.500s][info ][safepoint    ] Entering safepoint region: GenCollectForAllocation
[35.500s][info ][gc,start     ] GC(73) Pause Young (Allocation Failure)
[35.500s][info ][gc,task      ] GC(73) Using 4 workers of 4 for evacuation
[35.506s][debug][gc,ref       ] GC(73) Skipped phase1 of Reference Processing due to unavailable references
[35.506s][debug][gc,ref       ] GC(73) Skipped phase2 of Reference Processing due to unavailable references
[35.506s][debug][gc,ref       ] GC(73) Skipped phase3 of Reference Processing due to unavailable references
[35.506s][debug][gc,ref       ] GC(73) Skipped phase4 of Reference Processing due to unavailable references
[35.506s][debug][gc,age       ] GC(73) Desired survivor size 15400960 bytes, new threshold 6 (max threshold 6)
[35.506s][info ][gc,heap      ] GC(73) ParNew: 241476K->819K(270976K)
[35.506s][info ][gc,heap      ] GC(73) CMS: 122196K->122270K(602112K)
[35.506s][info ][gc,metaspace ] GC(73) Metaspace: 36379K->36379K(1081344K)
[35.506s][info ][gc           ] GC(73) Pause Young (Allocation Failure) 355M->120M(852M) 6.302ms
[35.506s][info ][gc,cpu       ] GC(73) User=0.01s Sys=0.00s Real=0.01s
[35.506s][info ][safepoint    ] Leaving safepoint region
[35.506s][info ][safepoint    ] Total time for which application threads were stopped: 0.0065244 seconds, Stopping threads took: 0.0000462 seconds
[35.728s][info ][safepoint    ] Application time: 0.2215619 seconds
[35.728s][info ][safepoint    ] Entering safepoint region: GenCollectForAllocation
[35.728s][info ][gc,start     ] GC(74) Pause Young (Allocation Failure)
[35.728s][info ][gc,task      ] GC(74) Using 4 workers of 4 for evacuation
[35.746s][debug][gc,ref       ] GC(74) Skipped phase1 of Reference Processing due to unavailable references
[35.746s][debug][gc,ref       ] GC(74) Skipped phase2 of Reference Processing due to unavailable references
[35.746s][debug][gc,ref       ] GC(74) Skipped phase3 of Reference Processing due to unavailable references
[35.746s][debug][gc,ref       ] GC(74) Skipped phase4 of Reference Processing due to unavailable references
[35.746s][debug][gc,age       ] GC(74) Desired survivor size 15400960 bytes, new threshold 6 (max threshold 6)
[35.746s][info ][gc,heap      ] GC(74) ParNew: 241715K->750K(270976K)
[35.746s][info ][gc,heap      ] GC(74) CMS: 122270K->122317K(602112K)
[35.746s][info ][gc,metaspace ] GC(74) Metaspace: 36379K->36379K(1081344K)
[35.746s][info ][gc           ] GC(74) Pause Young (Allocation Failure) 355M->120M(852M) 18.577ms
[35.746s][info ][gc,cpu       ] GC(74) User=0.01s Sys=0.00s Real=0.02s
[35.747s][info ][safepoint    ] Leaving safepoint region
[35.747s][info ][safepoint    ] Total time for which application threads were stopped: 0.0187621 seconds, Stopping threads took: 0.0000166 seconds
[35.988s][info ][safepoint    ] Application time: 0.2410692 seconds
[36.005s][info ][safepoint    ] Entering safepoint region: GenCollectForAllocation
[36.005s][info ][gc,start     ] GC(75) Pause Young (Allocation Failure)
[36.005s][info ][gc,task      ] GC(75) Using 4 workers of 4 for evacuation
[36.032s][debug][gc,ref       ] GC(75) Skipped phase1 of Reference Processing due to unavailable references
[36.032s][debug][gc,ref       ] GC(75) Skipped phase2 of Reference Processing due to unavailable references
[36.032s][debug][gc,ref       ] GC(75) Skipped phase3 of Reference Processing due to unavailable references
[36.032s][debug][gc,ref       ] GC(75) Skipped phase4 of Reference Processing due to unavailable references
[36.032s][debug][gc,age       ] GC(75) Desired survivor size 15400960 bytes, new threshold 6 (max threshold 6)
[36.032s][info ][gc,heap      ] GC(75) ParNew: 241646K->1798K(270976K)
[36.032s][info ][gc,heap      ] GC(75) CMS: 122317K->122386K(602112K)
[36.032s][info ][gc,metaspace ] GC(75) Metaspace: 36379K->36379K(1081344K)
[36.032s][info ][gc           ] GC(75) Pause Young (Allocation Failure) 355M->121M(852M) 26.682ms
[36.032s][info ][gc,cpu       ] GC(75) User=0.01s Sys=0.00s Real=0.02s
[36.032s][info ][safepoint    ] Leaving safepoint region
[36.032s][info ][safepoint    ] Total time for which application threads were stopped: 0.0445411 seconds, Stopping threads took: 0.0176537 seconds
[36.172s][info ][safepoint    ] Application time: 0.1400696 seconds
[36.184s][info ][safepoint    ] Entering safepoint region: GenCollectForAllocation
[36.184s][info ][gc,start     ] GC(76) Pause Young (Allocation Failure)
[36.184s][info ][gc,task      ] GC(76) Using 4 workers of 4 for evacuation
[36.199s][debug][gc,ref       ] GC(76) Skipped phase1 of Reference Processing due to unavailable references
[36.199s][debug][gc,ref       ] GC(76) Skipped phase2 of Reference Processing due to unavailable references
[36.199s][debug][gc,ref       ] GC(76) Skipped phase3 of Reference Processing due to unavailable references
[36.199s][debug][gc,ref       ] GC(76) Skipped phase4 of Reference Processing due to unavailable references
[36.199s][debug][gc,age       ] GC(76) Desired survivor size 15400960 bytes, new threshold 6 (max threshold 6)
[36.199s][info ][gc,heap      ] GC(76) ParNew: 242694K->1959K(270976K)
[36.199s][info ][gc,heap      ] GC(76) CMS: 122386K->122455K(602112K)
[36.199s][info ][gc,metaspace ] GC(76) Metaspace: 36379K->36379K(1081344K)
[36.199s][info ][gc           ] GC(76) Pause Young (Allocation Failure) 356M->121M(852M) 15.027ms
[36.199s][info ][gc,cpu       ] GC(76) User=0.01s Sys=0.00s Real=0.01s
[36.199s][info ][safepoint    ] Leaving safepoint region
[36.199s][info ][safepoint    ] Total time for which application threads were stopped: 0.0267553 seconds, Stopping threads took: 0.0115513 seconds
[36.391s][info ][safepoint    ] Application time: 0.1923919 seconds
[36.404s][info ][safepoint    ] Entering safepoint region: GenCollectForAllocation
[36.404s][info ][gc,start     ] GC(77) Pause Young (Allocation Failure)
[36.404s][info ][gc,task      ] GC(77) Using 4 workers of 4 for evacuation
[36.427s][debug][gc,ref       ] GC(77) Skipped phase1 of Reference Processing due to unavailable references
[36.427s][debug][gc,ref       ] GC(77) Skipped phase2 of Reference Processing due to unavailable references
[36.427s][debug][gc,ref       ] GC(77) Skipped phase3 of Reference Processing due to unavailable references
[36.427s][debug][gc,ref       ] GC(77) Skipped phase4 of Reference Processing due to unavailable references
[36.427s][debug][gc,age       ] GC(77) Desired survivor size 15400960 bytes, new threshold 6 (max threshold 6)
[36.427s][info ][gc,heap      ] GC(77) ParNew: 242855K->2186K(270976K)
[36.427s][info ][gc,heap      ] GC(77) CMS: 122455K->122533K(602112K)
[36.427s][info ][gc,metaspace ] GC(77) Metaspace: 36379K->36379K(1081344K)
[36.427s][info ][gc           ] GC(77) Pause Young (Allocation Failure) 356M->121M(852M) 23.430ms
[36.427s][info ][gc,cpu       ] GC(77) User=0.01s Sys=0.00s Real=0.02s
[36.427s][info ][safepoint    ] Leaving safepoint region
[36.427s][info ][safepoint    ] Total time for which application threads were stopped: 0.0360170 seconds, Stopping threads took: 0.0124234 seconds
[36.738s][info ][safepoint    ] Application time: 0.3105819 seconds
[36.740s][info ][safepoint    ] Entering safepoint region: GenCollectForAllocation
[36.740s][info ][gc,start     ] GC(78) Pause Young (Allocation Failure)
[36.740s][info ][gc,task      ] GC(78) Using 4 workers of 4 for evacuation
[36.752s][debug][gc,ref       ] GC(78) Skipped phase1 of Reference Processing due to unavailable references
[36.752s][debug][gc,ref       ] GC(78) Skipped phase2 of Reference Processing due to unavailable references
[36.752s][debug][gc,ref       ] GC(78) Skipped phase3 of Reference Processing due to unavailable references
[36.752s][debug][gc,ref       ] GC(78) Skipped phase4 of Reference Processing due to unavailable references
[36.753s][debug][gc,age       ] GC(78) Desired survivor size 15400960 bytes, new threshold 6 (max threshold 6)
[36.753s][info ][gc,heap      ] GC(78) ParNew: 243082K->2227K(270976K)
[36.753s][info ][gc,heap      ] GC(78) CMS: 122533K->122604K(602112K)
[36.753s][info ][gc,metaspace ] GC(78) Metaspace: 36379K->36379K(1081344K)
[36.753s][info ][gc           ] GC(78) Pause Young (Allocation Failure) 357M->121M(852M) 12.803ms
[36.753s][info ][gc,cpu       ] GC(78) User=0.01s Sys=0.00s Real=0.01s
[36.753s][info ][safepoint    ] Leaving safepoint region
[36.753s][info ][safepoint    ] Total time for which application threads were stopped: 0.0145625 seconds, Stopping threads took: 0.0015949 seconds
[37.018s][info ][safepoint    ] Application time: 0.2655090 seconds
[37.021s][info ][safepoint    ] Entering safepoint region: GenCollectForAllocation
[37.021s][info ][gc,start     ] GC(79) Pause Young (Allocation Failure)
[37.021s][info ][gc,task      ] GC(79) Using 4 workers of 4 for evacuation
[37.052s][debug][gc,ref       ] GC(79) Skipped phase1 of Reference Processing due to unavailable references
[37.052s][debug][gc,ref       ] GC(79) Skipped phase2 of Reference Processing due to unavailable references
[37.052s][debug][gc,ref       ] GC(79) Skipped phase3 of Reference Processing due to unavailable references
[37.052s][debug][gc,ref       ] GC(79) Skipped phase4 of Reference Processing due to unavailable references
[37.052s][debug][gc,age       ] GC(79) Desired survivor size 15400960 bytes, new threshold 6 (max threshold 6)
[37.052s][info ][gc,heap      ] GC(79) ParNew: 243123K->2267K(270976K)
[37.052s][info ][gc,heap      ] GC(79) CMS: 122604K->122851K(602112K)
[37.052s][info ][gc,metaspace ] GC(79) Metaspace: 36379K->36379K(1081344K)
[37.052s][info ][gc           ] GC(79) Pause Young (Allocation Failure) 357M->122M(852M) 30.540ms
[37.052s][info ][gc,cpu       ] GC(79) User=0.02s Sys=0.00s Real=0.03s
[37.052s][info ][safepoint    ] Leaving safepoint region
[37.052s][info ][safepoint    ] Total time for which application threads were stopped: 0.0338228 seconds, Stopping threads took: 0.0031342 seconds
[37.229s][info ][safepoint    ] Application time: 0.1765662 seconds
[37.249s][info ][safepoint    ] Entering safepoint region: GenCollectForAllocation
[37.249s][info ][gc,start     ] GC(80) Pause Young (Allocation Failure)
[37.249s][info ][gc,task      ] GC(80) Using 4 workers of 4 for evacuation
[37.269s][debug][gc,ref       ] GC(80) Skipped phase1 of Reference Processing due to unavailable references
[37.269s][debug][gc,ref       ] GC(80) Skipped phase2 of Reference Processing due to unavailable references
[37.269s][debug][gc,ref       ] GC(80) Skipped phase3 of Reference Processing due to unavailable references
[37.269s][debug][gc,ref       ] GC(80) Skipped phase4 of Reference Processing due to unavailable references
[37.269s][debug][gc,age       ] GC(80) Desired survivor size 15400960 bytes, new threshold 6 (max threshold 6)
[37.269s][info ][gc,heap      ] GC(80) ParNew: 243163K->1540K(270976K)
[37.269s][info ][gc,heap      ] GC(80) CMS: 122851K->122930K(602112K)
[37.269s][info ][gc,metaspace ] GC(80) Metaspace: 36379K->36379K(1081344K)
[37.270s][info ][gc           ] GC(80) Pause Young (Allocation Failure) 357M->121M(852M) 20.080ms
[37.270s][info ][gc,cpu       ] GC(80) User=0.01s Sys=0.00s Real=0.02s
[37.270s][info ][safepoint    ] Leaving safepoint region
[37.270s][info ][safepoint    ] Total time for which application threads were stopped: 0.0413016 seconds, Stopping threads took: 0.0206602 seconds
[37.490s][info ][safepoint    ] Application time: 0.2196991 seconds
[37.510s][info ][safepoint    ] Entering safepoint region: GenCollectForAllocation
[37.511s][info ][gc,start     ] GC(81) Pause Young (Allocation Failure)
[37.511s][info ][gc,task      ] GC(81) Using 4 workers of 4 for evacuation
[37.535s][debug][gc,ref       ] GC(81) Skipped phase1 of Reference Processing due to unavailable references
[37.535s][debug][gc,ref       ] GC(81) Skipped phase2 of Reference Processing due to unavailable references
[37.535s][debug][gc,ref       ] GC(81) Skipped phase3 of Reference Processing due to unavailable references
[37.535s][debug][gc,ref       ] GC(81) Skipped phase4 of Reference Processing due to unavailable references
[37.535s][debug][gc,age       ] GC(81) Desired survivor size 15400960 bytes, new threshold 6 (max threshold 6)
[37.535s][info ][gc,heap      ] GC(81) ParNew: 242436K->1216K(270976K)
[37.535s][info ][gc,heap      ] GC(81) CMS: 122930K->123893K(602112K)
[37.535s][info ][gc,metaspace ] GC(81) Metaspace: 36379K->36379K(1081344K)
[37.535s][info ][gc           ] GC(81) Pause Young (Allocation Failure) 356M->122M(852M) 24.832ms
[37.535s][info ][gc,cpu       ] GC(81) User=0.02s Sys=0.00s Real=0.02s
[37.535s][info ][safepoint    ] Leaving safepoint region
[37.535s][info ][safepoint    ] Total time for which application threads were stopped: 0.0457709 seconds, Stopping threads took: 0.0207422 seconds
[37.801s][info ][safepoint    ] Application time: 0.2650762 seconds
[37.832s][info ][safepoint    ] Entering safepoint region: GenCollectForAllocation
[37.832s][info ][gc,start     ] GC(82) Pause Young (Allocation Failure)
[37.832s][info ][gc,task      ] GC(82) Using 4 workers of 4 for evacuation
[37.845s][debug][gc,ref       ] GC(82) Skipped phase1 of Reference Processing due to unavailable references
[37.845s][debug][gc,ref       ] GC(82) Skipped phase2 of Reference Processing due to unavailable references
[37.845s][debug][gc,ref       ] GC(82) Skipped phase3 of Reference Processing due to unavailable references
[37.845s][debug][gc,ref       ] GC(82) Skipped phase4 of Reference Processing due to unavailable references
[37.845s][debug][gc,age       ] GC(82) Desired survivor size 15400960 bytes, new threshold 6 (max threshold 6)
[37.845s][info ][gc,heap      ] GC(82) ParNew: 242112K->733K(270976K)
[37.845s][info ][gc,heap      ] GC(82) CMS: 123893K->123956K(602112K)
[37.845s][info ][gc,metaspace ] GC(82) Metaspace: 36379K->36379K(1081344K)
[37.845s][info ][gc           ] GC(82) Pause Young (Allocation Failure) 357M->121M(852M) 12.834ms
[37.845s][info ][gc,cpu       ] GC(82) User=0.01s Sys=0.00s Real=0.02s
[37.845s][info ][safepoint    ] Leaving safepoint region
[37.845s][info ][safepoint    ] Total time for which application threads were stopped: 0.0442557 seconds, Stopping threads took: 0.0312342 seconds
[38.067s][info ][safepoint    ] Application time: 0.2223349 seconds
[38.084s][info ][safepoint    ] Entering safepoint region: GenCollectForAllocation
[38.084s][info ][gc,start     ] GC(83) Pause Young (Allocation Failure)
[38.084s][info ][gc,task      ] GC(83) Using 4 workers of 4 for evacuation
[38.143s][debug][gc,ref       ] GC(83) Skipped phase1 of Reference Processing due to unavailable references
[38.143s][debug][gc,ref       ] GC(83) Skipped phase2 of Reference Processing due to unavailable references
[38.143s][debug][gc,ref       ] GC(83) Skipped phase3 of Reference Processing due to unavailable references
[38.143s][debug][gc,ref       ] GC(83) Skipped phase4 of Reference Processing due to unavailable references
[38.144s][debug][gc,age       ] GC(83) Desired survivor size 15400960 bytes, new threshold 6 (max threshold 6)
[38.144s][info ][gc,heap      ] GC(83) ParNew: 241629K->1020K(270976K)
[38.144s][info ][gc,heap      ] GC(83) CMS: 123956K->124027K(602112K)
[38.144s][info ][gc,metaspace ] GC(83) Metaspace: 36379K->36379K(1081344K)
[38.144s][info ][gc           ] GC(83) Pause Young (Allocation Failure) 357M->122M(852M) 59.728ms
[38.144s][info ][gc,cpu       ] GC(83) User=0.02s Sys=0.00s Real=0.05s
[38.144s][info ][safepoint    ] Leaving safepoint region
[38.144s][info ][safepoint    ] Total time for which application threads were stopped: 0.0764576 seconds, Stopping threads took: 0.0165453 seconds
[38.497s][info ][safepoint    ] Application time: 0.3530004 seconds
[38.508s][info ][safepoint    ] Entering safepoint region: GenCollectForAllocation
[38.508s][info ][gc,start     ] GC(84) Pause Young (Allocation Failure)
[38.508s][info ][gc,task      ] GC(84) Using 4 workers of 4 for evacuation
[38.542s][debug][gc,ref       ] GC(84) Skipped phase1 of Reference Processing due to unavailable references
[38.542s][debug][gc,ref       ] GC(84) Skipped phase2 of Reference Processing due to unavailable references
[38.542s][debug][gc,ref       ] GC(84) Skipped phase3 of Reference Processing due to unavailable references
[38.542s][debug][gc,ref       ] GC(84) Skipped phase4 of Reference Processing due to unavailable references
[38.542s][debug][gc,age       ] GC(84) Desired survivor size 15400960 bytes, new threshold 6 (max threshold 6)
[38.542s][info ][gc,heap      ] GC(84) ParNew: 241916K->1568K(270976K)
[38.542s][info ][gc,heap      ] GC(84) CMS: 124027K->124113K(602112K)
[38.542s][info ][gc,metaspace ] GC(84) Metaspace: 36379K->36379K(1081344K)
[38.542s][info ][gc           ] GC(84) Pause Young (Allocation Failure) 357M->122M(852M) 34.125ms
[38.542s][info ][gc,cpu       ] GC(84) User=0.02s Sys=0.00s Real=0.03s
[38.542s][info ][safepoint    ] Leaving safepoint region
[38.542s][info ][safepoint    ] Total time for which application threads were stopped: 0.0454038 seconds, Stopping threads took: 0.0110848 seconds
[38.867s][info ][safepoint    ] Application time: 0.3251911 seconds
[38.876s][info ][safepoint    ] Entering safepoint region: GenCollectForAllocation
[38.876s][info ][gc,start     ] GC(85) Pause Young (Allocation Failure)
[38.876s][info ][gc,task      ] GC(85) Using 4 workers of 4 for evacuation
[38.927s][debug][gc,ref       ] GC(85) Skipped phase1 of Reference Processing due to unavailable references
[38.928s][debug][gc,ref       ] GC(85) Skipped phase2 of Reference Processing due to unavailable references
[38.928s][debug][gc,ref       ] GC(85) Skipped phase3 of Reference Processing due to unavailable references
[38.928s][debug][gc,ref       ] GC(85) Skipped phase4 of Reference Processing due to unavailable references
[38.928s][debug][gc,age       ] GC(85) Desired survivor size 15400960 bytes, new threshold 6 (max threshold 6)
[38.928s][info ][gc,heap      ] GC(85) ParNew: 242464K->2490K(270976K)
[38.928s][info ][gc,heap      ] GC(85) CMS: 124113K->124187K(602112K)
[38.928s][info ][gc,metaspace ] GC(85) Metaspace: 36379K->36379K(1081344K)
[38.928s][info ][gc           ] GC(85) Pause Young (Allocation Failure) 357M->123M(852M) 51.829ms
[38.928s][info ][gc,cpu       ] GC(85) User=0.03s Sys=0.00s Real=0.05s
[38.928s][info ][safepoint    ] Leaving safepoint region
[38.928s][info ][safepoint    ] Total time for which application threads were stopped: 0.0604397 seconds, Stopping threads took: 0.0084329 seconds
[39.252s][info ][safepoint    ] Application time: 0.3245741 seconds
[39.259s][info ][safepoint    ] Entering safepoint region: GenCollectForAllocation
[39.259s][info ][gc,start     ] GC(86) Pause Young (Allocation Failure)
[39.259s][info ][gc,task      ] GC(86) Using 4 workers of 4 for evacuation
[39.304s][debug][gc,ref       ] GC(86) Skipped phase1 of Reference Processing due to unavailable references
[39.304s][debug][gc,ref       ] GC(86) Skipped phase2 of Reference Processing due to unavailable references
[39.304s][debug][gc,ref       ] GC(86) Skipped phase3 of Reference Processing due to unavailable references
[39.304s][debug][gc,ref       ] GC(86) Skipped phase4 of Reference Processing due to unavailable references
[39.304s][debug][gc,age       ] GC(86) Desired survivor size 15400960 bytes, new threshold 6 (max threshold 6)
[39.304s][info ][gc,heap      ] GC(86) ParNew: 243386K->3297K(270976K)
[39.304s][info ][gc,heap      ] GC(86) CMS: 124187K->124244K(602112K)
[39.304s][info ][gc,metaspace ] GC(86) Metaspace: 36379K->36379K(1081344K)
[39.304s][info ][gc           ] GC(86) Pause Young (Allocation Failure) 358M->124M(852M) 45.117ms
[39.304s][info ][gc,cpu       ] GC(86) User=0.03s Sys=0.00s Real=0.05s
[39.304s][info ][safepoint    ] Leaving safepoint region
[39.304s][info ][safepoint    ] Total time for which application threads were stopped: 0.0516408 seconds, Stopping threads took: 0.0063508 seconds
[39.655s][info ][safepoint    ] Application time: 0.3508924 seconds
[39.663s][info ][safepoint    ] Entering safepoint region: GenCollectForAllocation
[39.663s][info ][gc,start     ] GC(87) Pause Young (Allocation Failure)
[39.663s][info ][gc,task      ] GC(87) Using 4 workers of 4 for evacuation
[39.703s][debug][gc,ref       ] GC(87) Skipped phase1 of Reference Processing due to unavailable references
[39.703s][debug][gc,ref       ] GC(87) Skipped phase2 of Reference Processing due to unavailable references
[39.703s][debug][gc,ref       ] GC(87) Skipped phase3 of Reference Processing due to unavailable references
[39.703s][debug][gc,ref       ] GC(87) Skipped phase4 of Reference Processing due to unavailable references
[39.703s][debug][gc,age       ] GC(87) Desired survivor size 15400960 bytes, new threshold 6 (max threshold 6)
[39.703s][info ][gc,heap      ] GC(87) ParNew: 244193K->3432K(270976K)
[39.703s][info ][gc,heap      ] GC(87) CMS: 124244K->124322K(602112K)
[39.703s][info ][gc,metaspace ] GC(87) Metaspace: 36379K->36379K(1081344K)
[39.703s][info ][gc           ] GC(87) Pause Young (Allocation Failure) 359M->124M(852M) 40.097ms
[39.703s][info ][gc,cpu       ] GC(87) User=0.04s Sys=0.00s Real=0.04s
[39.703s][info ][safepoint    ] Leaving safepoint region
[39.703s][info ][safepoint    ] Total time for which application threads were stopped: 0.0484974 seconds, Stopping threads took: 0.0082165 seconds
[39.904s][info ][safepoint    ] Application time: 0.2007707 seconds
[39.920s][info ][safepoint    ] Entering safepoint region: GenCollectForAllocation
[39.920s][info ][gc,start     ] GC(88) Pause Young (Allocation Failure)
[39.920s][info ][gc,task      ] GC(88) Using 4 workers of 4 for evacuation
[39.945s][debug][gc,ref       ] GC(88) Skipped phase1 of Reference Processing due to unavailable references
[39.945s][debug][gc,ref       ] GC(88) Skipped phase2 of Reference Processing due to unavailable references
[39.945s][debug][gc,ref       ] GC(88) Skipped phase3 of Reference Processing due to unavailable references
[39.945s][debug][gc,ref       ] GC(88) Skipped phase4 of Reference Processing due to unavailable references
[39.945s][debug][gc,age       ] GC(88) Desired survivor size 15400960 bytes, new threshold 6 (max threshold 6)
[39.945s][info ][gc,heap      ] GC(88) ParNew: 244328K->4004K(270976K)
[39.945s][info ][gc,heap      ] GC(88) CMS: 124322K->124513K(602112K)
[39.945s][info ][gc,metaspace ] GC(88) Metaspace: 36379K->36379K(1081344K)
[39.945s][info ][gc           ] GC(88) Pause Young (Allocation Failure) 360M->125M(852M) 24.782ms
[39.945s][info ][gc,cpu       ] GC(88) User=0.02s Sys=0.00s Real=0.03s
[39.945s][info ][safepoint    ] Leaving safepoint region
[39.945s][info ][safepoint    ] Total time for which application threads were stopped: 0.0406214 seconds, Stopping threads took: 0.0156666 seconds
[40.250s][info ][safepoint    ] Application time: 0.3056346 seconds
[40.256s][info ][safepoint    ] Entering safepoint region: GenCollectForAllocation
[40.256s][info ][gc,start     ] GC(89) Pause Young (Allocation Failure)
[40.256s][info ][gc,task      ] GC(89) Using 4 workers of 4 for evacuation
[40.302s][debug][gc,ref       ] GC(89) Skipped phase1 of Reference Processing due to unavailable references
[40.302s][debug][gc,ref       ] GC(89) Skipped phase2 of Reference Processing due to unavailable references
[40.302s][debug][gc,ref       ] GC(89) Skipped phase3 of Reference Processing due to unavailable references
[40.302s][debug][gc,ref       ] GC(89) Skipped phase4 of Reference Processing due to unavailable references
[40.302s][debug][gc,age       ] GC(89) Desired survivor size 15400960 bytes, new threshold 6 (max threshold 6)
[40.302s][info ][gc,heap      ] GC(89) ParNew: 244900K->5456K(270976K)
[40.302s][info ][gc,heap      ] GC(89) CMS: 124513K->124838K(602112K)
[40.302s][info ][gc,metaspace ] GC(89) Metaspace: 36379K->36379K(1081344K)
[40.302s][info ][gc           ] GC(89) Pause Young (Allocation Failure) 360M->127M(852M) 46.374ms
[40.302s][info ][gc,cpu       ] GC(89) User=0.03s Sys=0.00s Real=0.04s
[40.302s][info ][safepoint    ] Leaving safepoint region
[40.302s][info ][safepoint    ] Total time for which application threads were stopped: 0.0517904 seconds, Stopping threads took: 0.0052130 seconds
[40.607s][info ][safepoint    ] Application time: 0.3045920 seconds
[40.622s][info ][safepoint    ] Entering safepoint region: GenCollectForAllocation
[40.622s][info ][gc,start     ] GC(90) Pause Young (Allocation Failure)
[40.622s][info ][gc,task      ] GC(90) Using 4 workers of 4 for evacuation
[40.656s][debug][gc,ref       ] GC(90) Skipped phase1 of Reference Processing due to unavailable references
[40.656s][debug][gc,ref       ] GC(90) Skipped phase2 of Reference Processing due to unavailable references
[40.656s][debug][gc,ref       ] GC(90) Skipped phase3 of Reference Processing due to unavailable references
[40.656s][debug][gc,ref       ] GC(90) Skipped phase4 of Reference Processing due to unavailable references
[40.656s][debug][gc,age       ] GC(90) Desired survivor size 15400960 bytes, new threshold 6 (max threshold 6)
[40.656s][info ][gc,heap      ] GC(90) ParNew: 246352K->8568K(270976K)
[40.656s][info ][gc,heap      ] GC(90) CMS: 124838K->125477K(602112K)
[40.656s][info ][gc,metaspace ] GC(90) Metaspace: 36390K->36390K(1081344K)
[40.656s][info ][gc           ] GC(90) Pause Young (Allocation Failure) 362M->130M(852M) 34.235ms
[40.656s][info ][gc,cpu       ] GC(90) User=0.04s Sys=0.00s Real=0.04s
[40.657s][info ][safepoint    ] Leaving safepoint region
[40.657s][info ][safepoint    ] Total time for which application threads were stopped: 0.0495951 seconds, Stopping threads took: 0.0151598 seconds
[40.865s][info ][safepoint    ] Application time: 0.2084914 seconds
[40.884s][info ][safepoint    ] Entering safepoint region: GenCollectForAllocation
[40.884s][info ][gc,start     ] GC(91) Pause Young (Allocation Failure)
[40.884s][info ][gc,task      ] GC(91) Using 4 workers of 4 for evacuation
[40.912s][debug][gc,ref       ] GC(91) Skipped phase1 of Reference Processing due to unavailable references
[40.912s][debug][gc,ref       ] GC(91) Skipped phase2 of Reference Processing due to unavailable references
[40.912s][debug][gc,ref       ] GC(91) Skipped phase3 of Reference Processing due to unavailable references
[40.912s][debug][gc,ref       ] GC(91) Skipped phase4 of Reference Processing due to unavailable references
[40.912s][debug][gc,age       ] GC(91) Desired survivor size 15400960 bytes, new threshold 6 (max threshold 6)
[40.912s][info ][gc,heap      ] GC(91) ParNew: 249464K->9300K(270976K)
[40.912s][info ][gc,heap      ] GC(91) CMS: 125477K->126313K(602112K)
[40.912s][info ][gc,metaspace ] GC(91) Metaspace: 36390K->36390K(1081344K)
[40.912s][info ][gc           ] GC(91) Pause Young (Allocation Failure) 366M->132M(852M) 28.059ms
[40.912s][info ][gc,cpu       ] GC(91) User=0.04s Sys=0.00s Real=0.02s
[40.912s][info ][safepoint    ] Leaving safepoint region
[40.912s][info ][safepoint    ] Total time for which application threads were stopped: 0.0469843 seconds, Stopping threads took: 0.0186958 seconds
[41.126s][info ][safepoint    ] Application time: 0.2138966 seconds
[41.152s][info ][safepoint    ] Entering safepoint region: GenCollectForAllocation
[41.152s][info ][gc,start     ] GC(92) Pause Young (Allocation Failure)
[41.152s][info ][gc,task      ] GC(92) Using 4 workers of 4 for evacuation
[41.184s][debug][gc,ref       ] GC(92) Skipped phase1 of Reference Processing due to unavailable references
[41.184s][debug][gc,ref       ] GC(92) Skipped phase2 of Reference Processing due to unavailable references
[41.184s][debug][gc,ref       ] GC(92) Skipped phase3 of Reference Processing due to unavailable references
[41.184s][debug][gc,ref       ] GC(92) Skipped phase4 of Reference Processing due to unavailable references
[41.184s][debug][gc,age       ] GC(92) Desired survivor size 15400960 bytes, new threshold 6 (max threshold 6)
[41.184s][info ][gc,heap      ] GC(92) ParNew: 250196K->9241K(270976K)
[41.184s][info ][gc,heap      ] GC(92) CMS: 126313K->126722K(602112K)
[41.184s][info ][gc,metaspace ] GC(92) Metaspace: 36390K->36390K(1081344K)
[41.184s][info ][gc           ] GC(92) Pause Young (Allocation Failure) 367M->132M(852M) 31.691ms
[41.184s][info ][gc,cpu       ] GC(92) User=0.03s Sys=0.01s Real=0.04s
[41.184s][info ][safepoint    ] Leaving safepoint region
[41.184s][info ][safepoint    ] Total time for which application threads were stopped: 0.0579964 seconds, Stopping threads took: 0.0261062 seconds
[41.467s][info ][safepoint    ] Application time: 0.2828482 seconds
[41.480s][info ][safepoint    ] Entering safepoint region: GenCollectForAllocation
[41.480s][info ][gc,start     ] GC(93) Pause Young (Allocation Failure)
[41.480s][info ][gc,task      ] GC(93) Using 4 workers of 4 for evacuation
[41.512s][debug][gc,ref       ] GC(93) Skipped phase1 of Reference Processing due to unavailable references
[41.512s][debug][gc,ref       ] GC(93) Skipped phase2 of Reference Processing due to unavailable references
[41.512s][debug][gc,ref       ] GC(93) Skipped phase3 of Reference Processing due to unavailable references
[41.512s][debug][gc,ref       ] GC(93) Skipped phase4 of Reference Processing due to unavailable references
[41.512s][debug][gc,age       ] GC(93) Desired survivor size 15400960 bytes, new threshold 6 (max threshold 6)
[41.512s][info ][gc,heap      ] GC(93) ParNew: 250137K->7430K(270976K)
[41.512s][info ][gc,heap      ] GC(93) CMS: 126722K->127198K(602112K)
[41.512s][info ][gc,metaspace ] GC(93) Metaspace: 36390K->36390K(1081344K)
[41.512s][info ][gc           ] GC(93) Pause Young (Allocation Failure) 368M->131M(852M) 32.191ms
[41.512s][info ][gc,cpu       ] GC(93) User=0.03s Sys=0.00s Real=0.03s
[41.512s][info ][safepoint    ] Leaving safepoint region
[41.512s][info ][safepoint    ] Total time for which application threads were stopped: 0.0453319 seconds, Stopping threads took: 0.0129547 seconds
[41.848s][info ][safepoint    ] Application time: 0.3361802 seconds
[41.876s][info ][safepoint    ] Entering safepoint region: GenCollectForAllocation
[41.876s][info ][gc,start     ] GC(94) Pause Young (Allocation Failure)
[41.876s][info ][gc,task      ] GC(94) Using 4 workers of 4 for evacuation
[41.926s][debug][gc,ref       ] GC(94) Skipped phase1 of Reference Processing due to unavailable references
[41.926s][debug][gc,ref       ] GC(94) Skipped phase2 of Reference Processing due to unavailable references
[41.926s][debug][gc,ref       ] GC(94) Skipped phase3 of Reference Processing due to unavailable references
[41.926s][debug][gc,ref       ] GC(94) Skipped phase4 of Reference Processing due to unavailable references
[41.926s][debug][gc,age       ] GC(94) Desired survivor size 15400960 bytes, new threshold 6 (max threshold 6)
[41.926s][info ][gc,heap      ] GC(94) ParNew: 248326K->7030K(270976K)
[41.927s][info ][gc,heap      ] GC(94) CMS: 127198K->127315K(602112K)
[41.927s][info ][gc,metaspace ] GC(94) Metaspace: 36390K->36390K(1081344K)
[41.927s][info ][gc           ] GC(94) Pause Young (Allocation Failure) 366M->131M(852M) 50.511ms
[41.927s][info ][gc,cpu       ] GC(94) User=0.03s Sys=0.00s Real=0.05s
[41.927s][info ][safepoint    ] Leaving safepoint region
[41.927s][info ][safepoint    ] Total time for which application threads were stopped: 0.0782053 seconds, Stopping threads took: 0.0275271 seconds
[42.498s][info ][safepoint    ] Application time: 0.5712885 seconds
[42.528s][info ][safepoint    ] Entering safepoint region: GenCollectForAllocation
[42.528s][info ][gc,start     ] GC(95) Pause Young (Allocation Failure)
[42.528s][info ][gc,task      ] GC(95) Using 4 workers of 4 for evacuation
[42.581s][debug][gc,ref       ] GC(95) Skipped phase1 of Reference Processing due to unavailable references
[42.581s][debug][gc,ref       ] GC(95) Skipped phase2 of Reference Processing due to unavailable references
[42.581s][debug][gc,ref       ] GC(95) Skipped phase3 of Reference Processing due to unavailable references
[42.581s][debug][gc,ref       ] GC(95) Skipped phase4 of Reference Processing due to unavailable references
[42.581s][debug][gc,age       ] GC(95) Desired survivor size 15400960 bytes, new threshold 6 (max threshold 6)
[42.581s][info ][gc,heap      ] GC(95) ParNew: 247926K->5568K(270976K)
[42.581s][info ][gc,heap      ] GC(95) CMS: 127315K->129799K(602112K)
[42.581s][info ][gc,metaspace ] GC(95) Metaspace: 36390K->36390K(1081344K)
[42.581s][info ][gc           ] GC(95) Pause Young (Allocation Failure) 366M->132M(852M) 53.075ms
[42.581s][info ][gc,cpu       ] GC(95) User=0.04s Sys=0.00s Real=0.05s
[42.581s][info ][safepoint    ] Leaving safepoint region
[42.581s][info ][safepoint    ] Total time for which application threads were stopped: 0.0831034 seconds, Stopping threads took: 0.0298421 seconds
[42.961s][info ][safepoint    ] Application time: 0.3801301 seconds
[42.968s][info ][safepoint    ] Entering safepoint region: GenCollectForAllocation
[42.968s][info ][gc,start     ] GC(96) Pause Young (Allocation Failure)
[42.968s][info ][gc,task      ] GC(96) Using 4 workers of 4 for evacuation
[43.004s][debug][gc,ref       ] GC(96) Skipped phase1 of Reference Processing due to unavailable references
[43.004s][debug][gc,ref       ] GC(96) Skipped phase2 of Reference Processing due to unavailable references
[43.004s][debug][gc,ref       ] GC(96) Skipped phase3 of Reference Processing due to unavailable references
[43.004s][debug][gc,ref       ] GC(96) Skipped phase4 of Reference Processing due to unavailable references
[43.004s][debug][gc,age       ] GC(96) Desired survivor size 15400960 bytes, new threshold 6 (max threshold 6)
[43.004s][info ][gc,heap      ] GC(96) ParNew: 246464K->3959K(270976K)
[43.004s][info ][gc,heap      ] GC(96) CMS: 129799K->132519K(602112K)
[43.004s][info ][gc,metaspace ] GC(96) Metaspace: 36390K->36390K(1081344K)
[43.004s][info ][gc           ] GC(96) Pause Young (Allocation Failure) 367M->133M(852M) 36.041ms
[43.004s][info ][gc,cpu       ] GC(96) User=0.03s Sys=0.01s Real=0.04s
[43.004s][info ][safepoint    ] Leaving safepoint region
[43.004s][info ][safepoint    ] Total time for which application threads were stopped: 0.0428872 seconds, Stopping threads took: 0.0066681 seconds
[43.364s][info ][safepoint    ] Application time: 0.3601996 seconds
[43.384s][info ][safepoint    ] Entering safepoint region: GenCollectForAllocation
[43.384s][info ][gc,start     ] GC(97) Pause Young (Allocation Failure)
[43.384s][info ][gc,task      ] GC(97) Using 4 workers of 4 for evacuation
[43.404s][debug][gc,ref       ] GC(97) Skipped phase1 of Reference Processing due to unavailable references
[43.404s][debug][gc,ref       ] GC(97) Skipped phase2 of Reference Processing due to unavailable references
[43.404s][debug][gc,ref       ] GC(97) Skipped phase3 of Reference Processing due to unavailable references
[43.404s][debug][gc,ref       ] GC(97) Skipped phase4 of Reference Processing due to unavailable references
[43.404s][debug][gc,age       ] GC(97) Desired survivor size 15400960 bytes, new threshold 6 (max threshold 6)
[43.404s][info ][gc,heap      ] GC(97) ParNew: 244855K->2218K(270976K)
[43.404s][info ][gc,heap      ] GC(97) CMS: 132519K->132622K(602112K)
[43.404s][info ][gc,metaspace ] GC(97) Metaspace: 36390K->36390K(1081344K)
[43.404s][info ][gc           ] GC(97) Pause Young (Allocation Failure) 368M->131M(852M) 20.047ms
[43.404s][info ][gc,cpu       ] GC(97) User=0.02s Sys=0.00s Real=0.02s
[43.404s][info ][safepoint    ] Leaving safepoint region
[43.404s][info ][safepoint    ] Total time for which application threads were stopped: 0.0396572 seconds, Stopping threads took: 0.0194382 seconds
[43.496s][info ][safepoint    ] Application time: 0.0922164 seconds
[43.497s][info ][safepoint    ] Entering safepoint region: RevokeBias
[43.497s][info ][safepoint    ] Leaving safepoint region
[43.497s][info ][safepoint    ] Total time for which application threads were stopped: 0.0007154 seconds, Stopping threads took: 0.0005986 seconds
[43.536s][info ][safepoint    ] Application time: 0.0387975 seconds
[43.548s][info ][safepoint    ] Entering safepoint region: RevokeBias
[43.548s][info ][safepoint    ] Leaving safepoint region
[43.548s][info ][safepoint    ] Total time for which application threads were stopped: 0.0121477 seconds, Stopping threads took: 0.0120125 seconds
[43.893s][info ][safepoint    ] Application time: 0.3451455 seconds
[43.896s][info ][safepoint    ] Entering safepoint region: RevokeBias
[43.896s][info ][safepoint    ] Leaving safepoint region
[43.896s][info ][safepoint    ] Total time for which application threads were stopped: 0.0032503 seconds, Stopping threads took: 0.0030950 seconds
[44.681s][info ][safepoint    ] Application time: 0.7842983 seconds
[44.681s][info ][safepoint    ] Entering safepoint region: RevokeBias
[44.681s][info ][safepoint    ] Leaving safepoint region
[44.681s][info ][safepoint    ] Total time for which application threads were stopped: 0.0001800 seconds, Stopping threads took: 0.0000248 seconds
[45.136s][info ][safepoint    ] Application time: 0.4550223 seconds
[45.136s][info ][safepoint    ] Entering safepoint region: GenCollectForAllocation
[45.136s][info ][gc,start     ] GC(98) Pause Young (Allocation Failure)
[45.136s][info ][gc,task      ] GC(98) Using 4 workers of 4 for evacuation
[45.192s][debug][gc,ref       ] GC(98) Skipped phase1 of Reference Processing due to unavailable references
[45.192s][debug][gc,ref       ] GC(98) Skipped phase3 of Reference Processing due to unavailable references
[45.192s][debug][gc,age       ] GC(98) Desired survivor size 15400960 bytes, new threshold 6 (max threshold 6)
[45.192s][info ][gc,heap      ] GC(98) ParNew: 243114K->16074K(270976K)
[45.192s][info ][gc,heap      ] GC(98) CMS: 132622K->132721K(602112K)
[45.192s][info ][gc,metaspace ] GC(98) Metaspace: 38606K->38606K(1083392K)
[45.192s][info ][gc           ] GC(98) Pause Young (Allocation Failure) 366M->145M(852M) 55.556ms
[45.192s][info ][gc,cpu       ] GC(98) User=0.07s Sys=0.00s Real=0.05s
[45.192s][info ][safepoint    ] Leaving safepoint region
[45.192s][info ][safepoint    ] Total time for which application threads were stopped: 0.0560189 seconds, Stopping threads took: 0.0002065 seconds
[45.245s][info ][safepoint    ] Application time: 0.0529462 seconds
[45.245s][info ][safepoint    ] Entering safepoint region: RevokeBias
[45.245s][info ][safepoint    ] Leaving safepoint region
[45.245s][info ][safepoint    ] Total time for which application threads were stopped: 0.0000735 seconds, Stopping threads took: 0.0000249 seconds
[45.247s][info ][safepoint    ] Application time: 0.0019781 seconds
[45.247s][info ][safepoint    ] Entering safepoint region: RevokeBias
[45.247s][info ][safepoint    ] Leaving safepoint region
[45.247s][info ][safepoint    ] Total time for which application threads were stopped: 0.0000451 seconds, Stopping threads took: 0.0000207 seconds
[45.247s][info ][safepoint    ] Application time: 0.0002820 seconds
[45.247s][info ][safepoint    ] Entering safepoint region: RevokeBias
[45.247s][info ][safepoint    ] Leaving safepoint region
[45.247s][info ][safepoint    ] Total time for which application threads were stopped: 0.0000366 seconds, Stopping threads took: 0.0000159 seconds
[45.281s][info ][safepoint    ] Application time: 0.0333474 seconds
[45.281s][info ][safepoint    ] Entering safepoint region: RevokeBias
[45.281s][info ][safepoint    ] Leaving safepoint region
[45.281s][info ][safepoint    ] Total time for which application threads were stopped: 0.0000686 seconds, Stopping threads took: 0.0000242 seconds
[45.306s][info ][safepoint    ] Application time: 0.0247348 seconds
[45.306s][info ][safepoint    ] Entering safepoint region: Deoptimize
[45.306s][info ][safepoint    ] Leaving safepoint region
[45.306s][info ][safepoint    ] Total time for which application threads were stopped: 0.0006547 seconds, Stopping threads took: 0.0000254 seconds
[45.329s][info ][safepoint    ] Application time: 0.0222960 seconds
[45.329s][info ][safepoint    ] Entering safepoint region: RevokeBias
[45.329s][info ][safepoint    ] Leaving safepoint region
[45.329s][info ][safepoint    ] Total time for which application threads were stopped: 0.0000676 seconds, Stopping threads took: 0.0000235 seconds
[45.344s][info ][safepoint    ] Application time: 0.0157321 seconds
[45.344s][info ][safepoint    ] Entering safepoint region: RevokeBias
[45.344s][info ][safepoint    ] Leaving safepoint region
[45.344s][info ][safepoint    ] Total time for which application threads were stopped: 0.0000677 seconds, Stopping threads took: 0.0000259 seconds
[45.344s][info ][safepoint    ] Application time: 0.0000345 seconds
[45.345s][info ][safepoint    ] Entering safepoint region: RevokeBias
[45.345s][info ][safepoint    ] Leaving safepoint region
[45.345s][info ][safepoint    ] Total time for which application threads were stopped: 0.0000288 seconds, Stopping threads took: 0.0000129 seconds
[45.345s][info ][safepoint    ] Application time: 0.0005932 seconds
[45.345s][info ][safepoint    ] Entering safepoint region: Deoptimize
[45.346s][info ][safepoint    ] Leaving safepoint region
[45.346s][info ][safepoint    ] Total time for which application threads were stopped: 0.0006265 seconds, Stopping threads took: 0.0000179 seconds
[45.372s][info ][safepoint    ] Application time: 0.0260096 seconds
[45.372s][info ][safepoint    ] Entering safepoint region: RevokeBias
[45.372s][info ][safepoint    ] Leaving safepoint region
[45.372s][info ][safepoint    ] Total time for which application threads were stopped: 0.0000736 seconds, Stopping threads took: 0.0000255 seconds
[45.459s][info ][safepoint    ] Application time: 0.0875708 seconds
[45.460s][info ][safepoint    ] Entering safepoint region: Deoptimize
[45.460s][info ][safepoint    ] Leaving safepoint region
[45.460s][info ][safepoint    ] Total time for which application threads were stopped: 0.0006983 seconds, Stopping threads took: 0.0000263 seconds
[45.497s][info ][safepoint    ] Application time: 0.0368281 seconds
[45.497s][info ][safepoint    ] Entering safepoint region: RevokeBias
[45.497s][info ][safepoint    ] Leaving safepoint region
[45.497s][info ][safepoint    ] Total time for which application threads were stopped: 0.0000828 seconds, Stopping threads took: 0.0000256 seconds
[45.698s][info ][safepoint    ] Application time: 0.2008119 seconds
[45.698s][info ][safepoint    ] Entering safepoint region: Deoptimize
[45.699s][info ][safepoint    ] Leaving safepoint region
[45.699s][info ][safepoint    ] Total time for which application threads were stopped: 0.0007005 seconds, Stopping threads took: 0.0000151 seconds
[45.709s][info ][safepoint    ] Application time: 0.0102994 seconds
[45.709s][info ][safepoint    ] Entering safepoint region: RevokeBias
[45.709s][info ][safepoint    ] Leaving safepoint region
[45.709s][info ][safepoint    ] Total time for which application threads were stopped: 0.0002070 seconds, Stopping threads took: 0.0001384 seconds
[45.776s][info ][safepoint    ] Application time: 0.0668252 seconds
[45.776s][info ][safepoint    ] Entering safepoint region: RevokeBias
[45.776s][info ][safepoint    ] Leaving safepoint region
[45.776s][info ][safepoint    ] Total time for which application threads were stopped: 0.0001066 seconds, Stopping threads took: 0.0000247 seconds
[45.776s][info ][safepoint    ] Application time: 0.0000525 seconds
[45.776s][info ][safepoint    ] Entering safepoint region: RevokeBias
[45.776s][info ][safepoint    ] Leaving safepoint region
[45.776s][info ][safepoint    ] Total time for which application threads were stopped: 0.0000296 seconds, Stopping threads took: 0.0000059 seconds
[46.233s][info ][safepoint    ] Application time: 0.4571462 seconds
[46.233s][info ][safepoint    ] Entering safepoint region: ICBufferFull
[46.234s][info ][safepoint    ] Leaving safepoint region
[46.234s][info ][safepoint    ] Total time for which application threads were stopped: 0.0001726 seconds, Stopping threads took: 0.0000140 seconds
[46.518s][info ][safepoint    ] Application time: 0.2840532 seconds
[46.518s][info ][safepoint    ] Entering safepoint region: ICBufferFull
[46.518s][info ][safepoint    ] Leaving safepoint region
[46.518s][info ][safepoint    ] Total time for which application threads were stopped: 0.0001572 seconds, Stopping threads took: 0.0000145 seconds
[47.140s][info ][safepoint    ] Application time: 0.6216676 seconds
[47.140s][info ][safepoint    ] Entering safepoint region: ICBufferFull
[47.140s][info ][safepoint    ] Leaving safepoint region
[47.140s][info ][safepoint    ] Total time for which application threads were stopped: 0.0002041 seconds, Stopping threads took: 0.0000152 seconds
[47.599s][info ][safepoint    ] Application time: 0.4596823 seconds
[47.599s][info ][safepoint    ] Entering safepoint region: RevokeBias
[47.600s][info ][safepoint    ] Leaving safepoint region
[47.600s][info ][safepoint    ] Total time for which application threads were stopped: 0.0001456 seconds, Stopping threads took: 0.0000260 seconds
[47.642s][info ][safepoint    ] Application time: 0.0423338 seconds
[47.642s][info ][safepoint    ] Entering safepoint region: Deoptimize
[47.644s][info ][safepoint    ] Leaving safepoint region
[47.644s][info ][safepoint    ] Total time for which application threads were stopped: 0.0019240 seconds, Stopping threads took: 0.0000386 seconds
[47.667s][info ][safepoint    ] Application time: 0.0233440 seconds
[47.668s][info ][safepoint    ] Entering safepoint region: RevokeBias
[47.668s][info ][safepoint    ] Leaving safepoint region
[47.668s][info ][safepoint    ] Total time for which application threads were stopped: 0.0006145 seconds, Stopping threads took: 0.0004595 seconds
[47.772s][info ][safepoint    ] Application time: 0.1039064 seconds
[47.772s][info ][safepoint    ] Entering safepoint region: RevokeBias
[47.772s][info ][safepoint    ] Leaving safepoint region
[47.772s][info ][safepoint    ] Total time for which application threads were stopped: 0.0001511 seconds, Stopping threads took: 0.0000435 seconds
[48.085s][info ][safepoint    ] Application time: 0.3128640 seconds
[48.085s][info ][safepoint    ] Entering safepoint region: ICBufferFull
[48.085s][info ][safepoint    ] Leaving safepoint region
[48.085s][info ][safepoint    ] Total time for which application threads were stopped: 0.0002373 seconds, Stopping threads took: 0.0000306 seconds
[48.478s][info ][safepoint    ] Application time: 0.3925048 seconds
[48.478s][info ][safepoint    ] Entering safepoint region: RevokeBias
[48.478s][info ][safepoint    ] Leaving safepoint region
[48.478s][info ][safepoint    ] Total time for which application threads were stopped: 0.0004620 seconds, Stopping threads took: 0.0002491 seconds
[49.080s][info ][safepoint    ] Application time: 0.6015686 seconds
[49.080s][info ][safepoint    ] Entering safepoint region: BulkRevokeBias
[49.080s][info ][safepoint    ] Leaving safepoint region
[49.080s][info ][safepoint    ] Total time for which application threads were stopped: 0.0005392 seconds, Stopping threads took: 0.0000200 seconds
[49.753s][info ][safepoint    ] Application time: 0.6723666 seconds
[49.753s][info ][safepoint    ] Entering safepoint region: GenCollectForAllocation
[49.753s][info ][gc,start     ] GC(99) Pause Young (Allocation Failure)
[49.753s][info ][gc,task      ] GC(99) Using 4 workers of 4 for evacuation
[49.919s][debug][gc,ref       ] GC(99) Skipped phase1 of Reference Processing due to unavailable references
[51.756s][debug][gc,ref       ] GC(99) Skipped phase3 of Reference Processing due to unavailable references
[51.756s][debug][gc,age       ] GC(99) Desired survivor size 15400960 bytes, new threshold 1 (max threshold 6)
[51.756s][info ][gc,heap      ] GC(99) ParNew: 256970K->30080K(270976K)
[51.756s][info ][gc,heap      ] GC(99) CMS: 132721K->157034K(602112K)
[51.756s][info ][gc,metaspace ] GC(99) Metaspace: 44238K->44238K(1089536K)
[51.756s][info ][gc           ] GC(99) Pause Young (Allocation Failure) 380M->182M(852M) 2003.240ms
[51.756s][info ][gc,cpu       ] GC(99) User=0.19s Sys=0.01s Real=2.01s
[51.756s][info ][safepoint    ] Leaving safepoint region
[51.756s][info ][safepoint    ] Total time for which application threads were stopped: 2.0034931 seconds, Stopping threads took: 0.0000184 seconds
[51.785s][info ][safepoint    ] Application time: 0.0285494 seconds
[51.785s][info ][safepoint    ] Entering safepoint region: Deoptimize
[51.786s][info ][safepoint    ] Leaving safepoint region
[51.786s][info ][safepoint    ] Total time for which application threads were stopped: 0.0009191 seconds, Stopping threads took: 0.0000153 seconds
[52.141s][info ][safepoint    ] Application time: 0.3554632 seconds
[52.141s][info ][safepoint    ] Entering safepoint region: ICBufferFull
[52.141s][info ][safepoint    ] Leaving safepoint region
[52.141s][info ][safepoint    ] Total time for which application threads were stopped: 0.0002093 seconds, Stopping threads took: 0.0000186 seconds
[52.301s][info ][safepoint    ] Application time: 0.1600914 seconds
[52.302s][info ][safepoint    ] Entering safepoint region: Deoptimize
[52.302s][info ][safepoint    ] Leaving safepoint region
[52.302s][info ][safepoint    ] Total time for which application threads were stopped: 0.0009786 seconds, Stopping threads took: 0.0000157 seconds
[52.309s][info ][safepoint    ] Application time: 0.0063387 seconds
[52.309s][info ][safepoint    ] Entering safepoint region: CollectForMetadataAllocation
[52.309s][info ][safepoint    ] Leaving safepoint region
[52.309s][info ][safepoint    ] Total time for which application threads were stopped: 0.0004667 seconds, Stopping threads took: 0.0000152 seconds
[52.814s][info ][safepoint    ] Application time: 0.5048987 seconds
[52.816s][info ][safepoint    ] Entering safepoint region: ICBufferFull
[52.816s][info ][safepoint    ] Leaving safepoint region
[52.816s][info ][safepoint    ] Total time for which application threads were stopped: 0.0015698 seconds, Stopping threads took: 0.0013672 seconds
[52.970s][info ][safepoint    ] Application time: 0.1539942 seconds
[52.976s][info ][safepoint    ] Entering safepoint region: CollectForMetadataAllocation
[52.976s][info ][safepoint    ] Leaving safepoint region
[52.976s][info ][safepoint    ] Total time for which application threads were stopped: 0.0060729 seconds, Stopping threads took: 0.0058925 seconds
[53.420s][info ][safepoint    ] Application time: 0.4437759 seconds
[53.420s][info ][safepoint    ] Entering safepoint region: ICBufferFull
[53.420s][info ][safepoint    ] Leaving safepoint region
[53.420s][info ][safepoint    ] Total time for which application threads were stopped: 0.0001993 seconds, Stopping threads took: 0.0000167 seconds
[53.523s][info ][safepoint    ] Application time: 0.1031318 seconds
[53.523s][info ][safepoint    ] Entering safepoint region: ICBufferFull
[53.523s][info ][safepoint    ] Leaving safepoint region
[53.523s][info ][safepoint    ] Total time for which application threads were stopped: 0.0001533 seconds, Stopping threads took: 0.0000161 seconds
[53.589s][info ][safepoint    ] Application time: 0.0659953 seconds
[53.589s][info ][safepoint    ] Entering safepoint region: ICBufferFull
[53.589s][info ][safepoint    ] Leaving safepoint region
[53.589s][info ][safepoint    ] Total time for which application threads were stopped: 0.0002364 seconds, Stopping threads took: 0.0000828 seconds
[53.675s][info ][safepoint    ] Application time: 0.0853874 seconds
[53.675s][info ][safepoint    ] Entering safepoint region: ICBufferFull
[53.675s][info ][safepoint    ] Leaving safepoint region
[53.675s][info ][safepoint    ] Total time for which application threads were stopped: 0.0001733 seconds, Stopping threads took: 0.0000273 seconds
[53.756s][info ][safepoint    ] Application time: 0.0807506 seconds
[53.756s][info ][safepoint    ] Entering safepoint region: CMS_Initial_Mark
[53.756s][info ][gc,start     ] GC(100) Pause Initial Mark
[53.801s][info ][gc           ] GC(100) Pause Initial Mark 300M->300M(852M) 45.360ms
[53.801s][info ][gc,cpu       ] GC(100) User=0.10s Sys=0.00s Real=0.04s
[53.801s][info ][safepoint    ] Leaving safepoint region
[53.801s][info ][safepoint    ] Total time for which application threads were stopped: 0.0455227 seconds, Stopping threads took: 0.0000191 seconds
[53.801s][info ][gc           ] GC(100) Concurrent Mark
[54.131s][info ][safepoint    ] Application time: 0.3291372 seconds
[54.131s][info ][safepoint    ] Entering safepoint region: ICBufferFull
[54.131s][info ][safepoint    ] Leaving safepoint region
[54.131s][info ][safepoint    ] Total time for which application threads were stopped: 0.0002239 seconds, Stopping threads took: 0.0000145 seconds
[54.140s][info ][safepoint    ] Application time: 0.0087720 seconds
[54.140s][info ][safepoint    ] Entering safepoint region: ICBufferFull
[54.140s][info ][safepoint    ] Leaving safepoint region
[54.140s][info ][safepoint    ] Total time for which application threads were stopped: 0.0002372 seconds, Stopping threads took: 0.0000141 seconds
[54.145s][info ][safepoint    ] Application time: 0.0052287 seconds
[54.145s][info ][safepoint    ] Entering safepoint region: ICBufferFull
[54.145s][info ][safepoint    ] Leaving safepoint region
[54.145s][info ][safepoint    ] Total time for which application threads were stopped: 0.0002209 seconds, Stopping threads took: 0.0000147 seconds
[54.252s][info ][gc           ] GC(100) Concurrent Mark 450.613ms
[54.252s][info ][gc,cpu       ] GC(100) User=0.79s Sys=0.03s Real=0.45s
[54.252s][info ][safepoint    ] Application time: 0.1068074 seconds
[54.252s][info ][safepoint    ] Entering safepoint region: ICBufferFull
[54.252s][info ][safepoint    ] Leaving safepoint region
[54.252s][info ][safepoint    ] Total time for which application threads were stopped: 0.0002484 seconds, Stopping threads took: 0.0000210 seconds
[54.252s][info ][gc           ] GC(100) Concurrent Preclean
[54.252s][debug][gc,ref       ] GC(100) Preclean SoftReferences 0.001ms
[54.252s][debug][gc,ref       ] GC(100) Preclean WeakReferences 0.050ms
[54.252s][debug][gc,ref       ] GC(100) Preclean FinalReferences 0.001ms
[54.252s][debug][gc,ref       ] GC(100) Preclean PhantomReferences 0.001ms
[54.254s][info ][gc           ] GC(100) Concurrent Preclean 1.476ms
[54.254s][info ][gc,cpu       ] GC(100) User=0.00s Sys=0.00s Real=0.00s
[54.254s][info ][gc           ] GC(100) Concurrent Abortable Preclean
[54.748s][info ][safepoint    ] Application time: 0.4953446 seconds
[54.748s][info ][safepoint    ] Entering safepoint region: ICBufferFull
[54.748s][info ][safepoint    ] Leaving safepoint region
[54.748s][info ][safepoint    ] Total time for which application threads were stopped: 0.0001953 seconds, Stopping threads took: 0.0000177 seconds
[54.868s][info ][safepoint    ] Application time: 0.1203080 seconds
[54.880s][info ][safepoint    ] Entering safepoint region: CollectForMetadataAllocation
[54.880s][info ][safepoint    ] Leaving safepoint region
[54.880s][info ][safepoint    ] Total time for which application threads were stopped: 0.0115804 seconds, Stopping threads took: 0.0114509 seconds
[55.036s][info ][safepoint    ] Application time: 0.1561430 seconds
[55.039s][info ][safepoint    ] Entering safepoint region: RevokeBias
[55.040s][info ][safepoint    ] Leaving safepoint region
[55.040s][info ][safepoint    ] Total time for which application threads were stopped: 0.0036118 seconds, Stopping threads took: 0.0034836 seconds
[55.060s][info ][safepoint    ] Application time: 0.0203412 seconds
[55.068s][info ][safepoint    ] Entering safepoint region: RevokeBias
[55.068s][info ][safepoint    ] Leaving safepoint region
[55.068s][info ][safepoint    ] Total time for which application threads were stopped: 0.0078983 seconds, Stopping threads took: 0.0077364 seconds
[55.069s][info ][safepoint    ] Application time: 0.0007559 seconds
[55.069s][info ][safepoint    ] Entering safepoint region: RevokeBias
[55.069s][info ][safepoint    ] Leaving safepoint region
[55.069s][info ][safepoint    ] Total time for which application threads were stopped: 0.0001326 seconds, Stopping threads took: 0.0000707 seconds
[55.075s][info ][safepoint    ] Application time: 0.0063041 seconds
[55.080s][info ][safepoint    ] Entering safepoint region: CollectForMetadataAllocation
[55.080s][info ][safepoint    ] Leaving safepoint region
[55.080s][info ][safepoint    ] Total time for which application threads were stopped: 0.0046368 seconds, Stopping threads took: 0.0045336 seconds
[55.082s][info ][safepoint    ] Application time: 0.0024669 seconds
[55.082s][info ][safepoint    ] Entering safepoint region: CollectForMetadataAllocation
[55.082s][info ][safepoint    ] Leaving safepoint region
[55.082s][info ][safepoint    ] Total time for which application threads were stopped: 0.0002031 seconds, Stopping threads took: 0.0001058 seconds
[55.106s][info ][safepoint    ] Application time: 0.0232804 seconds
[55.116s][info ][safepoint    ] Entering safepoint region: CollectForMetadataAllocation
[55.116s][info ][safepoint    ] Leaving safepoint region
[55.116s][info ][safepoint    ] Total time for which application threads were stopped: 0.0102901 seconds, Stopping threads took: 0.0101615 seconds
[55.175s][info ][safepoint    ] Application time: 0.0584181 seconds
[55.181s][info ][safepoint    ] Entering safepoint region: CollectForMetadataAllocation
[55.181s][info ][safepoint    ] Leaving safepoint region
[55.181s][info ][safepoint    ] Total time for which application threads were stopped: 0.0067176 seconds, Stopping threads took: 0.0065890 seconds
[55.198s][info ][safepoint    ] Application time: 0.0168957 seconds
[55.198s][info ][safepoint    ] Entering safepoint region: Deoptimize
[55.199s][info ][safepoint    ] Leaving safepoint region
[55.199s][info ][safepoint    ] Total time for which application threads were stopped: 0.0011425 seconds, Stopping threads took: 0.0000532 seconds
[55.205s][info ][safepoint    ] Application time: 0.0055592 seconds
[55.205s][info ][safepoint    ] Entering safepoint region: RevokeBias
[55.205s][info ][safepoint    ] Leaving safepoint region
[55.205s][info ][safepoint    ] Total time for which application threads were stopped: 0.0001253 seconds, Stopping threads took: 0.0000159 seconds
[55.240s][info ][safepoint    ] Application time: 0.0346547 seconds
[55.240s][info ][safepoint    ] Entering safepoint region: CollectForMetadataAllocation
[55.240s][info ][safepoint    ] Leaving safepoint region
[55.240s][info ][safepoint    ] Total time for which application threads were stopped: 0.0001299 seconds, Stopping threads took: 0.0000342 seconds
[55.260s][info ][safepoint    ] Application time: 0.0198267 seconds
[55.264s][info ][safepoint    ] Entering safepoint region: RevokeBias
[55.264s][info ][safepoint    ] Leaving safepoint region
[55.264s][info ][safepoint    ] Total time for which application threads were stopped: 0.0040379 seconds, Stopping threads took: 0.0039604 seconds
[55.266s][info ][safepoint    ] Application time: 0.0020681 seconds
[55.266s][info ][safepoint    ] Entering safepoint region: RevokeBias
[55.266s][info ][safepoint    ] Leaving safepoint region
[55.266s][info ][safepoint    ] Total time for which application threads were stopped: 0.0000702 seconds, Stopping threads took: 0.0000243 seconds
[56.028s][info ][safepoint    ] Application time: 0.7617774 seconds
[56.028s][info ][safepoint    ] Entering safepoint region: Deoptimize
[56.029s][info ][safepoint    ] Leaving safepoint region
[56.029s][info ][safepoint    ] Total time for which application threads were stopped: 0.0011850 seconds, Stopping threads took: 0.0000171 seconds
[56.155s][info ][safepoint    ] Application time: 0.1256616 seconds
[56.155s][info ][safepoint    ] Entering safepoint region: GenCollectForAllocation
[56.155s][info ][gc,start     ] GC(101) Pause Young (Allocation Failure)
[56.155s][info ][gc,task      ] GC(101) Using 4 workers of 4 for evacuation
[56.236s][info ][gc           ] GC(100) Concurrent Abortable Preclean 1981.903ms
[56.236s][info ][gc,cpu       ] GC(100) User=3.00s Sys=0.07s Real=1.99s
[56.249s][debug][gc,ref       ] GC(101) Skipped phase1 of Reference Processing due to unavailable references
[56.249s][debug][gc,ref       ] GC(101) Skipped phase3 of Reference Processing due to unavailable references
[56.249s][debug][gc,age       ] GC(101) Desired survivor size 15400960 bytes, new threshold 6 (max threshold 6)
[56.249s][info ][gc,heap      ] GC(101) ParNew: 270976K->25465K(270976K)
[56.249s][info ][gc,heap      ] GC(101) CMS: 157034K->187385K(602112K)
[56.249s][info ][gc,metaspace ] GC(101) Metaspace: 46554K->46554K(1091584K)
[56.249s][info ][gc           ] GC(101) Pause Young (Allocation Failure) 417M->207M(852M) 94.732ms
[56.249s][info ][gc,cpu       ] GC(101) User=0.15s Sys=0.01s Real=0.10s
[56.250s][info ][safepoint    ] Leaving safepoint region
[56.250s][info ][safepoint    ] Total time for which application threads were stopped: 0.0949160 seconds, Stopping threads took: 0.0000284 seconds
[56.257s][info ][safepoint    ] Application time: 0.0074049 seconds
[56.267s][info ][safepoint    ] Entering safepoint region: CMS_Final_Remark
[56.267s][info ][gc,start     ] GC(100) Pause Remark
[56.306s][debug][gc,phases    ] GC(100) Rescan (parallel) 39.313ms
[56.306s][debug][gc,ref       ] GC(100) Skipped phase1 of Reference Processing due to unavailable references
[56.306s][debug][gc,ref       ] GC(100) Skipped phase3 of Reference Processing due to unavailable references
[56.306s][debug][gc,ref       ] GC(100) Skipped phase4 of Reference Processing due to unavailable references
[56.306s][debug][gc,phases    ] GC(100) Reference Processing 0.032ms
[56.307s][debug][gc,phases    ] GC(100) Weak Processing 0.117ms
[56.307s][debug][gc,phases    ] GC(100) ClassLoaderData 0.722ms
[56.307s][debug][gc,phases    ] GC(100) Dictionary 0.018ms
[56.307s][debug][gc,phases    ] GC(100) ProtectionDomainCacheTable 0.004ms
[56.307s][debug][gc,phases    ] GC(100) ResolvedMethodTable 0.117ms
[56.329s][debug][gc,phases    ] GC(100) Class Unloading 22.735ms
[56.333s][debug][gc,phases    ] GC(100) Scrub Symbol Table 3.820ms
[56.334s][debug][gc,phases    ] GC(100) Scrub String Table 0.318ms
[56.334s][info ][gc           ] GC(100) Pause Remark 210M->210M(852M) 66.523ms
[56.334s][info ][gc,cpu       ] GC(100) User=0.06s Sys=0.00s Real=0.06s
[56.334s][info ][safepoint    ] Leaving safepoint region
[56.334s][info ][safepoint    ] Total time for which application threads were stopped: 0.0766908 seconds, Stopping threads took: 0.0100449 seconds
[56.348s][info ][gc           ] GC(100) Concurrent Sweep
[56.360s][info ][safepoint    ] Application time: 0.0262969 seconds
[56.363s][info ][safepoint    ] Entering safepoint region: CollectForMetadataAllocation
[56.363s][info ][safepoint    ] Leaving safepoint region
[56.363s][info ][safepoint    ] Total time for which application threads were stopped: 0.0032255 seconds, Stopping threads took: 0.0030104 seconds
[56.432s][info ][safepoint    ] Application time: 0.0685501 seconds
[56.435s][info ][safepoint    ] Entering safepoint region: CollectForMetadataAllocation
[56.435s][info ][safepoint    ] Leaving safepoint region
[56.435s][info ][safepoint    ] Total time for which application threads were stopped: 0.0036693 seconds, Stopping threads took: 0.0030700 seconds
[56.475s][info ][safepoint    ] Application time: 0.0394143 seconds
[56.475s][info ][safepoint    ] Entering safepoint region: Deoptimize
[56.476s][info ][safepoint    ] Leaving safepoint region
[56.476s][info ][safepoint    ] Total time for which application threads were stopped: 0.0011254 seconds, Stopping threads took: 0.0000534 seconds
[56.481s][info ][safepoint    ] Application time: 0.0046393 seconds
[56.492s][info ][safepoint    ] Entering safepoint region: RevokeBias
[56.492s][info ][safepoint    ] Leaving safepoint region
[56.492s][info ][safepoint    ] Total time for which application threads were stopped: 0.0112036 seconds, Stopping threads took: 0.0111020 seconds
[56.492s][info ][safepoint    ] Application time: 0.0000624 seconds
[56.499s][info ][safepoint    ] Entering safepoint region: RevokeBias
[56.500s][info ][safepoint    ] Leaving safepoint region
[56.500s][info ][safepoint    ] Total time for which application threads were stopped: 0.0075385 seconds, Stopping threads took: 0.0074417 seconds
[56.500s][info ][safepoint    ] Application time: 0.0002199 seconds
[56.504s][info ][safepoint    ] Entering safepoint region: RevokeBias
[56.504s][info ][safepoint    ] Leaving safepoint region
[56.504s][info ][safepoint    ] Total time for which application threads were stopped: 0.0041712 seconds, Stopping threads took: 0.0040810 seconds
[56.504s][info ][safepoint    ] Application time: 0.0000384 seconds
[56.504s][info ][safepoint    ] Entering safepoint region: RevokeBias
[56.504s][info ][safepoint    ] Leaving safepoint region
[56.504s][info ][safepoint    ] Total time for which application threads were stopped: 0.0000472 seconds, Stopping threads took: 0.0000167 seconds
[56.508s][info ][safepoint    ] Application time: 0.0040105 seconds
[56.508s][info ][safepoint    ] Entering safepoint region: CollectForMetadataAllocation
[56.508s][info ][safepoint    ] Leaving safepoint region
[56.508s][info ][safepoint    ] Total time for which application threads were stopped: 0.0001439 seconds, Stopping threads took: 0.0000343 seconds
[56.540s][info ][safepoint    ] Application time: 0.0316024 seconds
[56.552s][info ][safepoint    ] Entering safepoint region: RevokeBias
[56.552s][info ][safepoint    ] Leaving safepoint region
[56.552s][info ][safepoint    ] Total time for which application threads were stopped: 0.0124794 seconds, Stopping threads took: 0.0123774 seconds
[56.586s][info ][gc           ] GC(100) Concurrent Sweep 238.217ms
[56.586s][info ][gc,cpu       ] GC(100) User=0.42s Sys=0.00s Real=0.24s
[56.588s][info ][safepoint    ] Application time: 0.0353698 seconds
[56.591s][info ][safepoint    ] Entering safepoint region: CollectForMetadataAllocation
[56.591s][info ][safepoint    ] Leaving safepoint region
[56.591s][info ][safepoint    ] Total time for which application threads were stopped: 0.0036933 seconds, Stopping threads took: 0.0034915 seconds
[56.591s][info ][gc           ] GC(100) Concurrent Reset
[56.619s][info ][gc           ] GC(100) Concurrent Reset 27.038ms
[56.619s][info ][gc,cpu       ] GC(100) User=0.05s Sys=0.00s Real=0.03s
[56.619s][info ][gc,heap      ] GC(100) Old: 157034K->175291K(602112K)
[56.699s][info ][safepoint    ] Application time: 0.1071509 seconds
[56.708s][info ][safepoint    ] Entering safepoint region: Deoptimize
[56.710s][info ][safepoint    ] Leaving safepoint region
[56.710s][info ][safepoint    ] Total time for which application threads were stopped: 0.0109823 seconds, Stopping threads took: 0.0098097 seconds
[56.745s][info ][safepoint    ] Application time: 0.0352580 seconds
[56.749s][info ][safepoint    ] Entering safepoint region: RevokeBias
[56.749s][info ][safepoint    ] Leaving safepoint region
[56.749s][info ][safepoint    ] Total time for which application threads were stopped: 0.0038433 seconds, Stopping threads took: 0.0037657 seconds
[56.749s][info ][safepoint    ] Application time: 0.0001080 seconds
[56.749s][info ][safepoint    ] Entering safepoint region: RevokeBias
[56.749s][info ][safepoint    ] Leaving safepoint region
[56.749s][info ][safepoint    ] Total time for which application threads were stopped: 0.0000412 seconds, Stopping threads took: 0.0000167 seconds
[56.763s][info ][safepoint    ] Application time: 0.0143741 seconds
[56.764s][info ][safepoint    ] Entering safepoint region: RevokeBias
[56.764s][info ][safepoint    ] Leaving safepoint region
[56.764s][info ][safepoint    ] Total time for which application threads were stopped: 0.0006367 seconds, Stopping threads took: 0.0005366 seconds
[56.786s][info ][safepoint    ] Application time: 0.0218121 seconds
[56.786s][info ][safepoint    ] Entering safepoint region: Deoptimize
[56.787s][info ][safepoint    ] Leaving safepoint region
[56.787s][info ][safepoint    ] Total time for which application threads were stopped: 0.0011490 seconds, Stopping threads took: 0.0000389 seconds
[56.956s][info ][safepoint    ] Application time: 0.1691027 seconds
[56.969s][info ][safepoint    ] Entering safepoint region: RevokeBias
[56.969s][info ][safepoint    ] Leaving safepoint region
[56.969s][info ][safepoint    ] Total time for which application threads were stopped: 0.0130334 seconds, Stopping threads took: 0.0128748 seconds
[57.000s][info ][safepoint    ] Application time: 0.0306571 seconds
[57.000s][info ][safepoint    ] Entering safepoint region: Deoptimize
[57.001s][info ][safepoint    ] Leaving safepoint region
[57.001s][info ][safepoint    ] Total time for which application threads were stopped: 0.0011294 seconds, Stopping threads took: 0.0000175 seconds
[57.001s][info ][safepoint    ] Application time: 0.0003546 seconds
[57.002s][info ][safepoint    ] Entering safepoint region: Deoptimize
[57.003s][info ][safepoint    ] Leaving safepoint region
[57.003s][info ][safepoint    ] Total time for which application threads were stopped: 0.0015469 seconds, Stopping threads took: 0.0006651 seconds
[57.007s][info ][safepoint    ] Application time: 0.0042384 seconds
[57.007s][info ][safepoint    ] Entering safepoint region: RevokeBias
[57.007s][info ][safepoint    ] Leaving safepoint region
[57.007s][info ][safepoint    ] Total time for which application threads were stopped: 0.0001167 seconds, Stopping threads took: 0.0000372 seconds
[57.012s][info ][safepoint    ] Application time: 0.0049133 seconds
[57.017s][info ][safepoint    ] Entering safepoint region: Deoptimize
[57.018s][info ][safepoint    ] Leaving safepoint region
[57.018s][info ][safepoint    ] Total time for which application threads were stopped: 0.0057379 seconds, Stopping threads took: 0.0046156 seconds
[57.035s][info ][safepoint    ] Application time: 0.0173775 seconds
[57.035s][info ][safepoint    ] Entering safepoint region: RevokeBias
[57.036s][info ][safepoint    ] Leaving safepoint region
[57.036s][info ][safepoint    ] Total time for which application threads were stopped: 0.0002065 seconds, Stopping threads took: 0.0000938 seconds
[57.084s][info ][safepoint    ] Application time: 0.0483808 seconds
[57.084s][info ][safepoint    ] Entering safepoint region: RevokeBias
[57.084s][info ][safepoint    ] Leaving safepoint region
[57.084s][info ][safepoint    ] Total time for which application threads were stopped: 0.0001005 seconds, Stopping threads took: 0.0000279 seconds
[57.090s][info ][safepoint    ] Application time: 0.0064108 seconds
[57.090s][info ][safepoint    ] Entering safepoint region: Deoptimize
[57.091s][info ][safepoint    ] Leaving safepoint region
[57.092s][info ][safepoint    ] Total time for which application threads were stopped: 0.0010302 seconds, Stopping threads took: 0.0000261 seconds
[57.353s][info ][safepoint    ] Application time: 0.2610902 seconds
[57.353s][info ][safepoint    ] Entering safepoint region: ICBufferFull
[57.353s][info ][safepoint    ] Leaving safepoint region
[57.353s][info ][safepoint    ] Total time for which application threads were stopped: 0.0002381 seconds, Stopping threads took: 0.0000348 seconds
[57.636s][info ][safepoint    ] Application time: 0.2836063 seconds
[57.637s][info ][safepoint    ] Entering safepoint region: ICBufferFull
[57.637s][info ][safepoint    ] Leaving safepoint region
[57.637s][info ][safepoint    ] Total time for which application threads were stopped: 0.0002590 seconds, Stopping threads took: 0.0000358 seconds
[57.639s][info ][safepoint    ] Application time: 0.0026264 seconds
[57.639s][info ][safepoint    ] Entering safepoint region: RevokeBias
[57.639s][info ][safepoint    ] Leaving safepoint region
[57.639s][info ][safepoint    ] Total time for which application threads were stopped: 0.0000624 seconds, Stopping threads took: 0.0000086 seconds
[57.848s][info ][safepoint    ] Application time: 0.2082769 seconds
[57.848s][info ][safepoint    ] Entering safepoint region: RevokeBias
[57.848s][info ][safepoint    ] Leaving safepoint region
[57.848s][info ][safepoint    ] Total time for which application threads were stopped: 0.0002608 seconds, Stopping threads took: 0.0001003 seconds
[57.907s][info ][safepoint    ] Application time: 0.0586554 seconds
[57.907s][info ][safepoint    ] Entering safepoint region: RevokeBias
[57.907s][info ][safepoint    ] Leaving safepoint region
[57.907s][info ][safepoint    ] Total time for which application threads were stopped: 0.0001580 seconds, Stopping threads took: 0.0000184 seconds
[57.913s][info ][safepoint    ] Application time: 0.0058354 seconds
[57.913s][info ][safepoint    ] Entering safepoint region: RevokeBias
[57.913s][info ][safepoint    ] Leaving safepoint region
[57.913s][info ][safepoint    ] Total time for which application threads were stopped: 0.0002580 seconds, Stopping threads took: 0.0000788 seconds
[57.915s][info ][safepoint    ] Application time: 0.0015322 seconds
[57.915s][info ][safepoint    ] Entering safepoint region: RevokeBias
[57.915s][info ][safepoint    ] Leaving safepoint region
[57.915s][info ][safepoint    ] Total time for which application threads were stopped: 0.0001062 seconds, Stopping threads took: 0.0000294 seconds
[57.917s][info ][safepoint    ] Application time: 0.0018619 seconds
[57.917s][info ][safepoint    ] Entering safepoint region: RevokeBias
[57.917s][info ][safepoint    ] Leaving safepoint region
[57.917s][info ][safepoint    ] Total time for which application threads were stopped: 0.0000780 seconds, Stopping threads took: 0.0000092 seconds
[58.237s][info ][safepoint    ] Application time: 0.3205566 seconds
[58.237s][info ][safepoint    ] Entering safepoint region: ICBufferFull
[58.237s][info ][safepoint    ] Leaving safepoint region
[58.237s][info ][safepoint    ] Total time for which application threads were stopped: 0.0001993 seconds, Stopping threads took: 0.0000157 seconds
[58.239s][info ][safepoint    ] Application time: 0.0015796 seconds
[58.239s][info ][safepoint    ] Entering safepoint region: Deoptimize
[58.240s][info ][safepoint    ] Leaving safepoint region
[58.240s][info ][safepoint    ] Total time for which application threads were stopped: 0.0011169 seconds, Stopping threads took: 0.0000083 seconds
[58.240s][info ][safepoint    ] Application time: 0.0003236 seconds
[58.240s][info ][safepoint    ] Entering safepoint region: Deoptimize
[58.241s][info ][safepoint    ] Leaving safepoint region
[58.241s][info ][safepoint    ] Total time for which application threads were stopped: 0.0007109 seconds, Stopping threads took: 0.0000106 seconds
[58.437s][info ][safepoint    ] Application time: 0.1953293 seconds
[58.437s][info ][safepoint    ] Entering safepoint region: ICBufferFull
[58.437s][info ][safepoint    ] Leaving safepoint region
[58.437s][info ][safepoint    ] Total time for which application threads were stopped: 0.0001896 seconds, Stopping threads took: 0.0000269 seconds
[58.459s][info ][safepoint    ] Application time: 0.0225401 seconds
[58.459s][info ][safepoint    ] Entering safepoint region: GenCollectForAllocation
[58.459s][info ][gc,start     ] GC(102) Pause Young (Allocation Failure)
[58.459s][info ][gc,task      ] GC(102) Using 4 workers of 4 for evacuation
[58.484s][debug][gc,ref       ] GC(102) Skipped phase1 of Reference Processing due to unavailable references
[58.484s][debug][gc,age       ] GC(102) Desired survivor size 15400960 bytes, new threshold 1 (max threshold 6)
[58.484s][info ][gc,heap      ] GC(102) ParNew: 266361K->30080K(270976K)
[58.484s][info ][gc,heap      ] GC(102) CMS: 175291K->177447K(602112K)
[58.484s][info ][gc,metaspace ] GC(102) Metaspace: 53458K->53458K(1097728K)
[58.484s][info ][gc           ] GC(102) Pause Young (Allocation Failure) 431M->202M(852M) 24.732ms
[58.484s][info ][gc,cpu       ] GC(102) User=0.07s Sys=0.00s Real=0.03s
[58.484s][info ][safepoint    ] Leaving safepoint region
[58.484s][info ][safepoint    ] Total time for which application threads were stopped: 0.0248946 seconds, Stopping threads took: 0.0000146 seconds
[59.020s][info ][safepoint    ] Application time: 0.5354937 seconds
[59.020s][info ][safepoint    ] Entering safepoint region: RevokeBias
[59.020s][info ][safepoint    ] Leaving safepoint region
[59.020s][info ][safepoint    ] Total time for which application threads were stopped: 0.0003347 seconds, Stopping threads took: 0.0001070 seconds
[59.758s][info ][safepoint    ] Application time: 0.7380091 seconds
[59.758s][info ][safepoint    ] Entering safepoint region: ICBufferFull
[59.759s][info ][safepoint    ] Leaving safepoint region
[59.759s][info ][safepoint    ] Total time for which application threads were stopped: 0.0004942 seconds, Stopping threads took: 0.0000319 seconds
[60.377s][info ][safepoint    ] Application time: 0.6180073 seconds
[60.377s][info ][safepoint    ] Entering safepoint region: ICBufferFull
[60.377s][info ][safepoint    ] Leaving safepoint region
[60.377s][info ][safepoint    ] Total time for which application threads were stopped: 0.0002981 seconds, Stopping threads took: 0.0000955 seconds
[61.038s][info ][safepoint    ] Application time: 0.6607239 seconds
[61.038s][info ][safepoint    ] Entering safepoint region: GenCollectForAllocation
[61.039s][info ][gc,start     ] GC(103) Pause Young (Allocation Failure)
[61.039s][info ][gc,task      ] GC(103) Using 4 workers of 4 for evacuation
[61.138s][debug][gc,ref       ] GC(103) Skipped phase1 of Reference Processing due to unavailable references
[61.138s][debug][gc,ref       ] GC(103) Skipped phase3 of Reference Processing due to unavailable references
[61.138s][debug][gc,age       ] GC(103) Desired survivor size 15400960 bytes, new threshold 6 (max threshold 6)
[61.138s][info ][gc,heap      ] GC(103) ParNew: 270976K->19282K(270976K)
[61.138s][info ][gc,heap      ] GC(103) CMS: 177447K->203598K(602112K)
[61.138s][info ][gc,metaspace ] GC(103) Metaspace: 54455K->54455K(1097728K)
[61.138s][info ][gc           ] GC(103) Pause Young (Allocation Failure) 437M->217M(852M) 99.503ms
[61.138s][info ][gc,cpu       ] GC(103) User=0.07s Sys=0.01s Real=0.10s
[61.138s][info ][safepoint    ] Leaving safepoint region
[61.138s][info ][safepoint    ] Total time for which application threads were stopped: 0.1003971 seconds, Stopping threads took: 0.0003069 seconds
[61.634s][info ][safepoint    ] Application time: 0.4954340 seconds
[61.634s][info ][safepoint    ] Entering safepoint region: Deoptimize
[61.635s][info ][safepoint    ] Leaving safepoint region
[61.635s][info ][safepoint    ] Total time for which application threads were stopped: 0.0013529 seconds, Stopping threads took: 0.0000165 seconds
[62.020s][info ][safepoint    ] Application time: 0.3849839 seconds
[62.024s][info ][safepoint    ] Entering safepoint region: RevokeBias
[62.024s][info ][safepoint    ] Leaving safepoint region
[62.024s][info ][safepoint    ] Total time for which application threads were stopped: 0.0040321 seconds, Stopping threads took: 0.0037934 seconds
[62.024s][info ][safepoint    ] Application time: 0.0003805 seconds
[62.024s][info ][safepoint    ] Entering safepoint region: RevokeBias
[62.024s][info ][safepoint    ] Leaving safepoint region
[62.024s][info ][safepoint    ] Total time for which application threads were stopped: 0.0000622 seconds, Stopping threads took: 0.0000297 seconds
[62.025s][info ][safepoint    ] Application time: 0.0002014 seconds
[62.025s][info ][safepoint    ] Entering safepoint region: RevokeBias
[62.025s][info ][safepoint    ] Leaving safepoint region
[62.025s][info ][safepoint    ] Total time for which application threads were stopped: 0.0000366 seconds, Stopping threads took: 0.0000100 seconds
[62.026s][info ][safepoint    ] Application time: 0.0010175 seconds
[62.026s][info ][safepoint    ] Entering safepoint region: BulkRevokeBias
[62.026s][info ][safepoint    ] Leaving safepoint region
[62.026s][info ][safepoint    ] Total time for which application threads were stopped: 0.0004158 seconds, Stopping threads took: 0.0002336 seconds
[62.026s][info ][safepoint    ] Application time: 0.0003587 seconds
[62.026s][info ][safepoint    ] Entering safepoint region: RevokeBias
[62.027s][info ][safepoint    ] Leaving safepoint region
[62.027s][info ][safepoint    ] Total time for which application threads were stopped: 0.0000337 seconds, Stopping threads took: 0.0000078 seconds
[62.027s][info ][safepoint    ] Application time: 0.0001902 seconds
[62.027s][info ][safepoint    ] Entering safepoint region: RevokeBias
[62.027s][info ][safepoint    ] Leaving safepoint region
[62.027s][info ][safepoint    ] Total time for which application threads were stopped: 0.0000332 seconds, Stopping threads took: 0.0000079 seconds
[62.027s][info ][safepoint    ] Application time: 0.0000960 seconds
[62.027s][info ][safepoint    ] Entering safepoint region: RevokeBias
[62.027s][info ][safepoint    ] Leaving safepoint region
[62.027s][info ][safepoint    ] Total time for which application threads were stopped: 0.0000295 seconds, Stopping threads took: 0.0000065 seconds
[62.027s][info ][safepoint    ] Application time: 0.0001178 seconds
[62.027s][info ][safepoint    ] Entering safepoint region: RevokeBias
[62.027s][info ][safepoint    ] Leaving safepoint region
[62.027s][info ][safepoint    ] Total time for which application threads were stopped: 0.0000284 seconds, Stopping threads took: 0.0000065 seconds
[62.224s][info ][safepoint    ] Application time: 0.1971658 seconds
[62.224s][info ][safepoint    ] Entering safepoint region: Deoptimize
[62.225s][info ][safepoint    ] Leaving safepoint region
[62.225s][info ][safepoint    ] Total time for which application threads were stopped: 0.0012228 seconds, Stopping threads took: 0.0000159 seconds
[63.144s][info ][safepoint    ] Application time: 0.9182146 seconds
[63.144s][info ][safepoint    ] Entering safepoint region: Deoptimize
[63.145s][info ][safepoint    ] Leaving safepoint region
[63.145s][info ][safepoint    ] Total time for which application threads were stopped: 0.0013465 seconds, Stopping threads took: 0.0000178 seconds
[63.152s][info ][safepoint    ] Application time: 0.0066122 seconds
[63.152s][info ][safepoint    ] Entering safepoint region: Deoptimize
[63.158s][info ][safepoint    ] Leaving safepoint region
[63.158s][info ][safepoint    ] Total time for which application threads were stopped: 0.0060397 seconds, Stopping threads took: 0.0000153 seconds
[63.377s][info ][safepoint    ] Application time: 0.2192499 seconds
[63.377s][info ][safepoint    ] Entering safepoint region: GenCollectForAllocation
[63.377s][info ][gc,start     ] GC(104) Pause Young (Allocation Failure)
[63.377s][info ][gc,task      ] GC(104) Using 4 workers of 4 for evacuation
[63.427s][debug][gc,ref       ] GC(104) Skipped phase1 of Reference Processing due to unavailable references
[63.427s][debug][gc,ref       ] GC(104) Skipped phase3 of Reference Processing due to unavailable references
[63.428s][debug][gc,age       ] GC(104) Desired survivor size 15400960 bytes, new threshold 2 (max threshold 6)
[63.428s][info ][gc,heap      ] GC(104) ParNew: 260178K->26136K(270976K)
[63.428s][info ][gc,heap      ] GC(104) CMS: 203598K->203598K(602112K)
[63.428s][info ][gc,metaspace ] GC(104) Metaspace: 54875K->54875K(1099776K)
[63.428s][info ][gc           ] GC(104) Pause Young (Allocation Failure) 452M->224M(852M) 50.430ms
[63.428s][info ][gc,cpu       ] GC(104) User=0.05s Sys=0.00s Real=0.05s
[63.428s][info ][safepoint    ] Leaving safepoint region
[63.428s][info ][safepoint    ] Total time for which application threads were stopped: 0.0506379 seconds, Stopping threads took: 0.0000140 seconds
[63.768s][info ][safepoint    ] Application time: 0.3402902 seconds
[63.768s][info ][safepoint    ] Entering safepoint region: ICBufferFull
[63.768s][info ][safepoint    ] Leaving safepoint region
[63.768s][info ][safepoint    ] Total time for which application threads were stopped: 0.0003195 seconds, Stopping threads took: 0.0000943 seconds
[64.146s][info ][safepoint    ] Application time: 0.3781456 seconds
[64.147s][info ][safepoint    ] Entering safepoint region: ICBufferFull
[64.147s][info ][safepoint    ] Leaving safepoint region
[64.147s][info ][safepoint    ] Total time for which application threads were stopped: 0.0002481 seconds, Stopping threads took: 0.0000142 seconds
[64.769s][info ][safepoint    ] Application time: 0.6223245 seconds
[64.769s][info ][safepoint    ] Entering safepoint region: Deoptimize
[64.770s][info ][safepoint    ] Leaving safepoint region
[64.770s][info ][safepoint    ] Total time for which application threads were stopped: 0.0012499 seconds, Stopping threads took: 0.0000146 seconds
[64.771s][info ][safepoint    ] Application time: 0.0003036 seconds
[64.771s][info ][safepoint    ] Entering safepoint region: Deoptimize
[64.771s][info ][safepoint    ] Leaving safepoint region
[64.771s][info ][safepoint    ] Total time for which application threads were stopped: 0.0007032 seconds, Stopping threads took: 0.0000103 seconds
[64.805s][info ][safepoint    ] Application time: 0.0336853 seconds
[64.805s][info ][safepoint    ] Entering safepoint region: GenCollectForAllocation
[64.805s][info ][gc,start     ] GC(105) Pause Young (Allocation Failure)
[64.805s][info ][gc,task      ] GC(105) Using 4 workers of 4 for evacuation
[64.820s][debug][gc,ref       ] GC(105) Skipped phase1 of Reference Processing due to unavailable references
[64.820s][debug][gc,ref       ] GC(105) Skipped phase3 of Reference Processing due to unavailable references
[64.820s][debug][gc,age       ] GC(105) Desired survivor size 15400960 bytes, new threshold 2 (max threshold 6)
[64.820s][info ][gc,heap      ] GC(105) ParNew: 267032K->21575K(270976K)
[64.820s][info ][gc,heap      ] GC(105) CMS: 203598K->211146K(602112K)
[64.820s][info ][gc,metaspace ] GC(105) Metaspace: 55000K->55000K(1099776K)
[64.820s][info ][gc           ] GC(105) Pause Young (Allocation Failure) 459M->227M(852M) 15.116ms
[64.820s][info ][gc,cpu       ] GC(105) User=0.06s Sys=0.00s Real=0.01s
[64.820s][info ][safepoint    ] Leaving safepoint region
[64.820s][info ][safepoint    ] Total time for which application threads were stopped: 0.0152624 seconds, Stopping threads took: 0.0000164 seconds
[65.604s][info ][safepoint    ] Application time: 0.7831782 seconds
[65.604s][info ][safepoint    ] Entering safepoint region: ICBufferFull
[65.604s][info ][safepoint    ] Leaving safepoint region
[65.604s][info ][safepoint    ] Total time for which application threads were stopped: 0.0002512 seconds, Stopping threads took: 0.0000293 seconds
[66.043s][info ][safepoint    ] Application time: 0.4387795 seconds
[66.043s][info ][safepoint    ] Entering safepoint region: GenCollectForAllocation
[66.043s][info ][gc,start     ] GC(106) Pause Young (Allocation Failure)
[66.043s][info ][gc,task      ] GC(106) Using 4 workers of 4 for evacuation
[66.069s][debug][gc,ref       ] GC(106) Skipped phase1 of Reference Processing due to unavailable references
[66.069s][debug][gc,ref       ] GC(106) Skipped phase3 of Reference Processing due to unavailable references
[66.069s][debug][gc,age       ] GC(106) Desired survivor size 15400960 bytes, new threshold 6 (max threshold 6)
[66.069s][info ][gc,heap      ] GC(106) ParNew: 262471K->15603K(270976K)
[66.069s][info ][gc,heap      ] GC(106) CMS: 211146K->217369K(602112K)
[66.069s][info ][gc,metaspace ] GC(106) Metaspace: 55233K->55233K(1099776K)
[66.069s][info ][gc           ] GC(106) Pause Young (Allocation Failure) 462M->227M(852M) 26.475ms
[66.069s][info ][gc,cpu       ] GC(106) User=0.08s Sys=0.00s Real=0.03s
[66.069s][info ][safepoint    ] Leaving safepoint region
[66.069s][info ][safepoint    ] Total time for which application threads were stopped: 0.0267417 seconds, Stopping threads took: 0.0000409 seconds
[66.733s][info ][safepoint    ] Application time: 0.6636383 seconds
[66.733s][info ][safepoint    ] Entering safepoint region: ICBufferFull
[66.733s][info ][safepoint    ] Leaving safepoint region
[66.733s][info ][safepoint    ] Total time for which application threads were stopped: 0.0002365 seconds, Stopping threads took: 0.0000160 seconds
[67.268s][info ][safepoint    ] Application time: 0.5342873 seconds
[67.268s][info ][safepoint    ] Entering safepoint region: ICBufferFull
[67.268s][info ][safepoint    ] Leaving safepoint region
[67.268s][info ][safepoint    ] Total time for which application threads were stopped: 0.0002095 seconds, Stopping threads took: 0.0000161 seconds
[67.275s][info ][safepoint    ] Application time: 0.0073463 seconds
[67.275s][info ][safepoint    ] Entering safepoint region: GenCollectForAllocation
[67.275s][info ][gc,start     ] GC(107) Pause Young (Allocation Failure)
[67.275s][info ][gc,task      ] GC(107) Using 4 workers of 4 for evacuation
[67.284s][debug][gc,ref       ] GC(107) Skipped phase1 of Reference Processing due to unavailable references
[67.284s][debug][gc,ref       ] GC(107) Skipped phase3 of Reference Processing due to unavailable references
[67.284s][debug][gc,age       ] GC(107) Desired survivor size 15400960 bytes, new threshold 6 (max threshold 6)
[67.284s][info ][gc,heap      ] GC(107) ParNew: 256499K->13839K(270976K)
[67.284s][info ][gc,heap      ] GC(107) CMS: 217369K->217369K(602112K)
[67.284s][info ][gc,metaspace ] GC(107) Metaspace: 55277K->55277K(1099776K)
[67.284s][info ][gc           ] GC(107) Pause Young (Allocation Failure) 462M->225M(852M) 8.642ms
[67.284s][info ][gc,cpu       ] GC(107) User=0.03s Sys=0.00s Real=0.02s
[67.284s][info ][safepoint    ] Leaving safepoint region
[67.284s][info ][safepoint    ] Total time for which application threads were stopped: 0.0087904 seconds, Stopping threads took: 0.0000159 seconds
[68.284s][info ][safepoint    ] Application time: 1.0000986 seconds
[68.284s][info ][safepoint    ] Entering safepoint region: Cleanup
[68.284s][info ][safepoint    ] Leaving safepoint region
[68.284s][info ][safepoint    ] Total time for which application threads were stopped: 0.0002226 seconds, Stopping threads took: 0.0000370 seconds
[68.804s][info ][safepoint    ] Application time: 0.5192395 seconds
[68.804s][info ][safepoint    ] Entering safepoint region: ICBufferFull
[68.804s][info ][safepoint    ] Leaving safepoint region
[68.804s][info ][safepoint    ] Total time for which application threads were stopped: 0.0001984 seconds, Stopping threads took: 0.0000168 seconds
[69.336s][info ][safepoint    ] Application time: 0.5318067 seconds
[69.336s][info ][safepoint    ] Entering safepoint region: GenCollectForAllocation
[69.336s][info ][gc,start     ] GC(108) Pause Young (Allocation Failure)
[69.336s][info ][gc,task      ] GC(108) Using 4 workers of 4 for evacuation
[69.355s][debug][gc,ref       ] GC(108) Skipped phase1 of Reference Processing due to unavailable references
[69.355s][debug][gc,ref       ] GC(108) Skipped phase3 of Reference Processing due to unavailable references
[69.356s][debug][gc,age       ] GC(108) Desired survivor size 15400960 bytes, new threshold 6 (max threshold 6)
[69.356s][info ][gc,heap      ] GC(108) ParNew: 254735K->15247K(270976K)
[69.356s][info ][gc,heap      ] GC(108) CMS: 217369K->217369K(602112K)
[69.356s][info ][gc,metaspace ] GC(108) Metaspace: 55361K->55361K(1099776K)
[69.356s][info ][gc           ] GC(108) Pause Young (Allocation Failure) 461M->227M(852M) 19.705ms
[69.356s][info ][gc,cpu       ] GC(108) User=0.03s Sys=0.00s Real=0.01s
[69.356s][info ][safepoint    ] Leaving safepoint region
[69.356s][info ][safepoint    ] Total time for which application threads were stopped: 0.0199284 seconds, Stopping threads took: 0.0000242 seconds
[70.356s][info ][safepoint    ] Application time: 1.0000655 seconds
[70.356s][info ][safepoint    ] Entering safepoint region: Cleanup
[70.356s][info ][safepoint    ] Leaving safepoint region
[70.356s][info ][safepoint    ] Total time for which application threads were stopped: 0.0001802 seconds, Stopping threads took: 0.0000335 seconds
[71.002s][info ][safepoint    ] Application time: 0.6464836 seconds
[71.003s][info ][safepoint    ] Entering safepoint region: ICBufferFull
[71.003s][info ][safepoint    ] Leaving safepoint region
[71.003s][info ][safepoint    ] Total time for which application threads were stopped: 0.0002457 seconds, Stopping threads took: 0.0000366 seconds
[71.069s][info ][safepoint    ] Application time: 0.0657948 seconds
[71.069s][info ][safepoint    ] Entering safepoint region: GenCollectForAllocation
[71.069s][info ][gc,start     ] GC(109) Pause Young (Allocation Failure)
[71.069s][info ][gc,task      ] GC(109) Using 4 workers of 4 for evacuation
[71.084s][debug][gc,ref       ] GC(109) Skipped phase1 of Reference Processing due to unavailable references
[71.084s][debug][gc,ref       ] GC(109) Skipped phase3 of Reference Processing due to unavailable references
[71.084s][debug][gc,age       ] GC(109) Desired survivor size 15400960 bytes, new threshold 6 (max threshold 6)
[71.084s][info ][gc,heap      ] GC(109) ParNew: 256143K->12607K(270976K)
[71.084s][info ][gc,heap      ] GC(109) CMS: 217369K->217369K(602112K)
[71.084s][info ][gc,metaspace ] GC(109) Metaspace: 55413K->55413K(1099776K)
[71.084s][info ][gc           ] GC(109) Pause Young (Allocation Failure) 462M->224M(852M) 15.166ms
[71.084s][info ][gc,cpu       ] GC(109) User=0.02s Sys=0.00s Real=0.02s
[71.084s][info ][safepoint    ] Leaving safepoint region
[71.084s][info ][safepoint    ] Total time for which application threads were stopped: 0.0154400 seconds, Stopping threads took: 0.0000181 seconds
[72.084s][info ][safepoint    ] Application time: 1.0000986 seconds
[72.084s][info ][safepoint    ] Entering safepoint region: Cleanup
[72.084s][info ][safepoint    ] Leaving safepoint region
[72.084s][info ][safepoint    ] Total time for which application threads were stopped: 0.0002043 seconds, Stopping threads took: 0.0000407 seconds
[72.859s][info ][safepoint    ] Application time: 0.7743109 seconds
[72.859s][info ][safepoint    ] Entering safepoint region: GenCollectForAllocation
[72.859s][info ][gc,start     ] GC(110) Pause Young (Allocation Failure)
[72.859s][info ][gc,task      ] GC(110) Using 4 workers of 4 for evacuation
[72.866s][debug][gc,ref       ] GC(110) Skipped phase1 of Reference Processing due to unavailable references
[72.866s][debug][gc,ref       ] GC(110) Skipped phase3 of Reference Processing due to unavailable references
[72.866s][debug][gc,age       ] GC(110) Desired survivor size 15400960 bytes, new threshold 6 (max threshold 6)
[72.866s][info ][gc,heap      ] GC(110) ParNew: 253503K->15080K(270976K)
[72.866s][info ][gc,heap      ] GC(110) CMS: 217369K->217369K(602112K)
[72.866s][info ][gc,metaspace ] GC(110) Metaspace: 55480K->55480K(1099776K)
[72.866s][info ][gc           ] GC(110) Pause Young (Allocation Failure) 459M->227M(852M) 6.970ms
[72.866s][info ][gc,cpu       ] GC(110) User=0.03s Sys=0.00s Real=0.01s
[72.866s][info ][safepoint    ] Leaving safepoint region
[72.866s][info ][safepoint    ] Total time for which application threads were stopped: 0.0071825 seconds, Stopping threads took: 0.0000165 seconds
[73.866s][info ][safepoint    ] Application time: 1.0001762 seconds
[73.866s][info ][safepoint    ] Entering safepoint region: Cleanup
[73.866s][info ][safepoint    ] Leaving safepoint region
[73.866s][info ][safepoint    ] Total time for which application threads were stopped: 0.0001993 seconds, Stopping threads took: 0.0000200 seconds
[74.627s][info ][safepoint    ] Application time: 0.7603459 seconds
[74.627s][info ][safepoint    ] Entering safepoint region: GenCollectForAllocation
[74.627s][info ][gc,start     ] GC(111) Pause Young (Allocation Failure)
[74.627s][info ][gc,task      ] GC(111) Using 4 workers of 4 for evacuation
[74.646s][debug][gc,ref       ] GC(111) Skipped phase1 of Reference Processing due to unavailable references
[74.646s][debug][gc,ref       ] GC(111) Skipped phase3 of Reference Processing due to unavailable references
[74.646s][debug][gc,age       ] GC(111) Desired survivor size 15400960 bytes, new threshold 6 (max threshold 6)
[74.646s][info ][gc,heap      ] GC(111) ParNew: 255976K->10114K(270976K)
[74.646s][info ][gc,heap      ] GC(111) CMS: 217369K->222949K(602112K)
[74.646s][info ][gc,metaspace ] GC(111) Metaspace: 55585K->55585K(1099776K)
[74.646s][info ][gc           ] GC(111) Pause Young (Allocation Failure) 462M->227M(852M) 19.518ms
[74.646s][info ][gc,cpu       ] GC(111) User=0.05s Sys=0.00s Real=0.02s
[74.646s][info ][safepoint    ] Leaving safepoint region
[74.646s][info ][safepoint    ] Total time for which application threads were stopped: 0.0197119 seconds, Stopping threads took: 0.0000173 seconds
[75.647s][info ][safepoint    ] Application time: 1.0001190 seconds
[75.647s][info ][safepoint    ] Entering safepoint region: Cleanup
[75.647s][info ][safepoint    ] Leaving safepoint region
[75.647s][info ][safepoint    ] Total time for which application threads were stopped: 0.0001684 seconds, Stopping threads took: 0.0000491 seconds
[76.412s][info ][safepoint    ] Application time: 0.7649871 seconds
[76.412s][info ][safepoint    ] Entering safepoint region: GenCollectForAllocation
[76.412s][info ][gc,start     ] GC(112) Pause Young (Allocation Failure)
[76.412s][info ][gc,task      ] GC(112) Using 4 workers of 4 for evacuation
[76.436s][debug][gc,ref       ] GC(112) Skipped phase1 of Reference Processing due to unavailable references
[76.436s][debug][gc,ref       ] GC(112) Skipped phase3 of Reference Processing due to unavailable references
[76.436s][debug][gc,age       ] GC(112) Desired survivor size 15400960 bytes, new threshold 6 (max threshold 6)
[76.436s][info ][gc,heap      ] GC(112) ParNew: 251010K->7198K(270976K)
[76.436s][info ][gc,heap      ] GC(112) CMS: 222949K->224399K(602112K)
[76.436s][info ][gc,metaspace ] GC(112) Metaspace: 55710K->55710K(1099776K)
[76.436s][info ][gc           ] GC(112) Pause Young (Allocation Failure) 462M->226M(852M) 24.078ms
[76.436s][info ][gc,cpu       ] GC(112) User=0.05s Sys=0.00s Real=0.03s
[76.436s][info ][safepoint    ] Leaving safepoint region
[76.436s][info ][safepoint    ] Total time for which application threads were stopped: 0.0242835 seconds, Stopping threads took: 0.0000194 seconds
[77.436s][info ][safepoint    ] Application time: 1.0001087 seconds
[77.436s][info ][safepoint    ] Entering safepoint region: Cleanup
[77.436s][info ][safepoint    ] Leaving safepoint region
[77.436s][info ][safepoint    ] Total time for which application threads were stopped: 0.0002080 seconds, Stopping threads took: 0.0000383 seconds
[78.261s][info ][safepoint    ] Application time: 0.8250272 seconds
[78.261s][info ][safepoint    ] Entering safepoint region: GenCollectForAllocation
[78.262s][info ][gc,start     ] GC(113) Pause Young (Allocation Failure)
[78.262s][info ][gc,task      ] GC(113) Using 4 workers of 4 for evacuation
[78.272s][debug][gc,ref       ] GC(113) Skipped phase1 of Reference Processing due to unavailable references
[78.272s][debug][gc,ref       ] GC(113) Skipped phase3 of Reference Processing due to unavailable references
[78.272s][debug][gc,age       ] GC(113) Desired survivor size 15400960 bytes, new threshold 6 (max threshold 6)
[78.272s][info ][gc,heap      ] GC(113) ParNew: 248094K->10891K(270976K)
[78.272s][info ][gc,heap      ] GC(113) CMS: 224399K->224571K(602112K)
[78.272s][info ][gc,metaspace ] GC(113) Metaspace: 55794K->55794K(1099776K)
[78.272s][info ][gc           ] GC(113) Pause Young (Allocation Failure) 461M->229M(852M) 10.444ms
[78.272s][info ][gc,cpu       ] GC(113) User=0.04s Sys=0.00s Real=0.01s
[78.272s][info ][safepoint    ] Leaving safepoint region
[78.272s][info ][safepoint    ] Total time for which application threads were stopped: 0.0106427 seconds, Stopping threads took: 0.0000174 seconds
[79.272s][info ][safepoint    ] Application time: 1.0001143 seconds
[79.272s][info ][safepoint    ] Entering safepoint region: Cleanup
[79.272s][info ][safepoint    ] Leaving safepoint region
[79.272s][info ][safepoint    ] Total time for which application threads were stopped: 0.0001266 seconds, Stopping threads took: 0.0000391 seconds
[80.190s][info ][safepoint    ] Application time: 0.9175014 seconds
[80.190s][info ][safepoint    ] Entering safepoint region: GenCollectForAllocation
[80.190s][info ][gc,start     ] GC(114) Pause Young (Allocation Failure)
[80.190s][info ][gc,task      ] GC(114) Using 4 workers of 4 for evacuation
[80.196s][debug][gc,ref       ] GC(114) Skipped phase1 of Reference Processing due to unavailable references
[80.196s][debug][gc,ref       ] GC(114) Skipped phase3 of Reference Processing due to unavailable references
[80.196s][debug][gc,ref       ] GC(114) Skipped phase4 of Reference Processing due to unavailable references
[80.197s][debug][gc,age       ] GC(114) Desired survivor size 15400960 bytes, new threshold 6 (max threshold 6)
[80.197s][info ][gc,heap      ] GC(114) ParNew: 251787K->12143K(270976K)
[80.197s][info ][gc,heap      ] GC(114) CMS: 224571K->224633K(602112K)
[80.197s][info ][gc,metaspace ] GC(114) Metaspace: 55834K->55834K(1099776K)
[80.197s][info ][gc           ] GC(114) Pause Young (Allocation Failure) 465M->231M(852M) 6.577ms
[80.197s][info ][gc,cpu       ] GC(114) User=0.02s Sys=0.00s Real=0.01s
[80.197s][info ][safepoint    ] Leaving safepoint region
[80.197s][info ][safepoint    ] Total time for which application threads were stopped: 0.0067660 seconds, Stopping threads took: 0.0000166 seconds
[81.197s][info ][safepoint    ] Application time: 1.0001785 seconds
[81.197s][info ][safepoint    ] Entering safepoint region: Cleanup
[81.197s][info ][safepoint    ] Leaving safepoint region
[81.197s][info ][safepoint    ] Total time for which application threads were stopped: 0.0001573 seconds, Stopping threads took: 0.0000390 seconds
[82.189s][info ][safepoint    ] Application time: 0.9921738 seconds
[82.189s][info ][safepoint    ] Entering safepoint region: GenCollectForAllocation
[82.189s][info ][gc,start     ] GC(115) Pause Young (Allocation Failure)
[82.189s][info ][gc,task      ] GC(115) Using 4 workers of 4 for evacuation
[82.195s][debug][gc,ref       ] GC(115) Skipped phase1 of Reference Processing due to unavailable references
[82.195s][debug][gc,ref       ] GC(115) Skipped phase3 of Reference Processing due to unavailable references
[82.195s][debug][gc,ref       ] GC(115) Skipped phase4 of Reference Processing due to unavailable references
[82.195s][debug][gc,age       ] GC(115) Desired survivor size 15400960 bytes, new threshold 6 (max threshold 6)
[82.195s][info ][gc,heap      ] GC(115) ParNew: 253039K->13023K(270976K)
[82.195s][info ][gc,heap      ] GC(115) CMS: 224633K->224688K(602112K)
[82.195s][info ][gc,metaspace ] GC(115) Metaspace: 55867K->55867K(1099776K)
[82.196s][info ][gc           ] GC(115) Pause Young (Allocation Failure) 466M->232M(852M) 6.127ms
[82.196s][info ][gc,cpu       ] GC(115) User=0.02s Sys=0.00s Real=0.00s
[82.196s][info ][safepoint    ] Leaving safepoint region
[82.196s][info ][safepoint    ] Total time for which application threads were stopped: 0.0063065 seconds, Stopping threads took: 0.0000152 seconds
[83.196s][info ][safepoint    ] Application time: 1.0001233 seconds
[83.196s][info ][safepoint    ] Entering safepoint region: Cleanup
[83.196s][info ][safepoint    ] Leaving safepoint region
[83.196s][info ][safepoint    ] Total time for which application threads were stopped: 0.0002492 seconds, Stopping threads took: 0.0000353 seconds
[84.030s][info ][safepoint    ] Application time: 0.8341501 seconds
[84.030s][info ][safepoint    ] Entering safepoint region: GenCollectForAllocation
[84.030s][info ][gc,start     ] GC(116) Pause Young (Allocation Failure)
[84.030s][info ][gc,task      ] GC(116) Using 4 workers of 4 for evacuation
[84.038s][debug][gc,ref       ] GC(116) Skipped phase1 of Reference Processing due to unavailable references
[84.038s][debug][gc,ref       ] GC(116) Skipped phase3 of Reference Processing due to unavailable references
[84.039s][debug][gc,age       ] GC(116) Desired survivor size 15400960 bytes, new threshold 6 (max threshold 6)
[84.039s][info ][gc,heap      ] GC(116) ParNew: 253919K->10651K(270976K)
[84.039s][info ][gc,heap      ] GC(116) CMS: 224688K->224787K(602112K)
[84.039s][info ][gc,metaspace ] GC(116) Metaspace: 55906K->55906K(1099776K)
[84.039s][info ][gc           ] GC(116) Pause Young (Allocation Failure) 467M->229M(852M) 8.372ms
[84.039s][info ][gc,cpu       ] GC(116) User=0.03s Sys=0.00s Real=0.01s
[84.039s][info ][safepoint    ] Leaving safepoint region
[84.039s][info ][safepoint    ] Total time for which application threads were stopped: 0.0085455 seconds, Stopping threads took: 0.0000286 seconds
[85.039s][info ][safepoint    ] Application time: 1.0001066 seconds
[85.039s][info ][safepoint    ] Entering safepoint region: Cleanup
[85.039s][info ][safepoint    ] Leaving safepoint region
[85.039s][info ][safepoint    ] Total time for which application threads were stopped: 0.0001231 seconds, Stopping threads took: 0.0000391 seconds
[85.874s][info ][safepoint    ] Application time: 0.8350358 seconds
[85.874s][info ][safepoint    ] Entering safepoint region: GenCollectForAllocation
[85.874s][info ][gc,start     ] GC(117) Pause Young (Allocation Failure)
[85.874s][info ][gc,task      ] GC(117) Using 4 workers of 4 for evacuation
[85.882s][debug][gc,ref       ] GC(117) Skipped phase1 of Reference Processing due to unavailable references
[85.882s][debug][gc,ref       ] GC(117) Skipped phase3 of Reference Processing due to unavailable references
[85.882s][debug][gc,ref       ] GC(117) Skipped phase4 of Reference Processing due to unavailable references
[85.882s][debug][gc,age       ] GC(117) Desired survivor size 15400960 bytes, new threshold 6 (max threshold 6)
[85.882s][info ][gc,heap      ] GC(117) ParNew: 251547K->11162K(270976K)
[85.882s][info ][gc,heap      ] GC(117) CMS: 224787K->226313K(602112K)
[85.882s][info ][gc,metaspace ] GC(117) Metaspace: 55924K->55924K(1099776K)
[85.882s][info ][gc           ] GC(117) Pause Young (Allocation Failure) 465M->231M(852M) 8.124ms
[85.882s][info ][gc,cpu       ] GC(117) User=0.04s Sys=0.00s Real=0.01s
[85.882s][info ][safepoint    ] Leaving safepoint region
[85.882s][info ][safepoint    ] Total time for which application threads were stopped: 0.0082885 seconds, Stopping threads took: 0.0000164 seconds
[86.883s][info ][safepoint    ] Application time: 1.0001951 seconds
[86.883s][info ][safepoint    ] Entering safepoint region: Cleanup
[86.883s][info ][safepoint    ] Leaving safepoint region
[86.883s][info ][safepoint    ] Total time for which application threads were stopped: 0.0003092 seconds, Stopping threads took: 0.0000658 seconds
[87.640s][info ][safepoint    ] Application time: 0.7573059 seconds
[87.640s][info ][safepoint    ] Entering safepoint region: GenCollectForAllocation
[87.640s][info ][gc,start     ] GC(118) Pause Young (Allocation Failure)
[87.640s][info ][gc,task      ] GC(118) Using 4 workers of 4 for evacuation
[87.647s][debug][gc,ref       ] GC(118) Skipped phase1 of Reference Processing due to unavailable references
[87.647s][debug][gc,ref       ] GC(118) Skipped phase3 of Reference Processing due to unavailable references
[87.647s][debug][gc,ref       ] GC(118) Skipped phase4 of Reference Processing due to unavailable references
[87.647s][debug][gc,age       ] GC(118) Desired survivor size 15400960 bytes, new threshold 6 (max threshold 6)
[87.647s][info ][gc,heap      ] GC(118) ParNew: 252058K->11960K(270976K)
[87.647s][info ][gc,heap      ] GC(118) CMS: 226313K->226430K(602112K)
[87.647s][info ][gc,metaspace ] GC(118) Metaspace: 55982K->55982K(1099776K)
[87.647s][info ][gc           ] GC(118) Pause Young (Allocation Failure) 467M->232M(852M) 6.595ms
[87.647s][info ][gc,cpu       ] GC(118) User=0.02s Sys=0.00s Real=0.01s
[87.647s][info ][safepoint    ] Leaving safepoint region
[87.647s][info ][safepoint    ] Total time for which application threads were stopped: 0.0068184 seconds, Stopping threads took: 0.0000688 seconds
[88.647s][info ][safepoint    ] Application time: 1.0001101 seconds
[88.647s][info ][safepoint    ] Entering safepoint region: Cleanup
[88.647s][info ][safepoint    ] Leaving safepoint region
[88.647s][info ][safepoint    ] Total time for which application threads were stopped: 0.0001575 seconds, Stopping threads took: 0.0000392 seconds
[89.335s][info ][safepoint    ] Application time: 0.6872523 seconds
[89.335s][info ][safepoint    ] Entering safepoint region: GenCollectForAllocation
[89.335s][info ][gc,start     ] GC(119) Pause Young (Allocation Failure)
[89.335s][info ][gc,task      ] GC(119) Using 4 workers of 4 for evacuation
[89.344s][debug][gc,ref       ] GC(119) Skipped phase1 of Reference Processing due to unavailable references
[89.344s][debug][gc,ref       ] GC(119) Skipped phase3 of Reference Processing due to unavailable references
[89.344s][debug][gc,age       ] GC(119) Desired survivor size 15400960 bytes, new threshold 6 (max threshold 6)
[89.344s][info ][gc,heap      ] GC(119) ParNew: 252856K->10174K(270976K)
[89.344s][info ][gc,heap      ] GC(119) CMS: 226430K->229254K(602112K)
[89.344s][info ][gc,metaspace ] GC(119) Metaspace: 56018K->56018K(1099776K)
[89.344s][info ][gc           ] GC(119) Pause Young (Allocation Failure) 468M->233M(852M) 9.580ms
[89.344s][info ][gc,cpu       ] GC(119) User=0.04s Sys=0.00s Real=0.02s
[89.344s][info ][safepoint    ] Leaving safepoint region
[89.344s][info ][safepoint    ] Total time for which application threads were stopped: 0.0097961 seconds, Stopping threads took: 0.0000301 seconds
[90.345s][info ][safepoint    ] Application time: 1.0000887 seconds
[90.345s][info ][safepoint    ] Entering safepoint region: Cleanup
[90.345s][info ][safepoint    ] Leaving safepoint region
[90.345s][info ][safepoint    ] Total time for which application threads were stopped: 0.0001767 seconds, Stopping threads took: 0.0000672 seconds
[91.039s][info ][safepoint    ] Application time: 0.6946131 seconds
[91.039s][info ][safepoint    ] Entering safepoint region: GenCollectForAllocation
[91.040s][info ][gc,start     ] GC(120) Pause Young (Allocation Failure)
[91.040s][info ][gc,task      ] GC(120) Using 4 workers of 4 for evacuation
[91.045s][debug][gc,ref       ] GC(120) Skipped phase1 of Reference Processing due to unavailable references
[91.045s][debug][gc,ref       ] GC(120) Skipped phase3 of Reference Processing due to unavailable references
[91.045s][debug][gc,ref       ] GC(120) Skipped phase4 of Reference Processing due to unavailable references
[91.045s][debug][gc,age       ] GC(120) Desired survivor size 15400960 bytes, new threshold 6 (max threshold 6)
[91.045s][info ][gc,heap      ] GC(120) ParNew: 251070K->10877K(270976K)
[91.045s][info ][gc,heap      ] GC(120) CMS: 229254K->229360K(602112K)
[91.045s][info ][gc,metaspace ] GC(120) Metaspace: 56035K->56035K(1099776K)
[91.045s][info ][gc           ] GC(120) Pause Young (Allocation Failure) 469M->234M(852M) 5.913ms
[91.045s][info ][gc,cpu       ] GC(120) User=0.03s Sys=0.00s Real=0.01s
[91.045s][info ][safepoint    ] Leaving safepoint region
[91.046s][info ][safepoint    ] Total time for which application threads were stopped: 0.0061581 seconds, Stopping threads took: 0.0000629 seconds
[92.046s][info ][safepoint    ] Application time: 1.0001904 seconds
[92.046s][info ][safepoint    ] Entering safepoint region: Cleanup
[92.046s][info ][safepoint    ] Leaving safepoint region
[92.046s][info ][safepoint    ] Total time for which application threads were stopped: 0.0001809 seconds, Stopping threads took: 0.0000584 seconds
[92.840s][info ][safepoint    ] Application time: 0.7943072 seconds
[92.840s][info ][safepoint    ] Entering safepoint region: GenCollectForAllocation
[92.840s][info ][gc,start     ] GC(121) Pause Young (Allocation Failure)
[92.840s][info ][gc,task      ] GC(121) Using 4 workers of 4 for evacuation
[92.846s][debug][gc,ref       ] GC(121) Skipped phase1 of Reference Processing due to unavailable references
[92.846s][debug][gc,ref       ] GC(121) Skipped phase3 of Reference Processing due to unavailable references
[92.847s][debug][gc,age       ] GC(121) Desired survivor size 15400960 bytes, new threshold 6 (max threshold 6)
[92.847s][info ][gc,heap      ] GC(121) ParNew: 251773K->14032K(270976K)
[92.847s][info ][gc,heap      ] GC(121) CMS: 229360K->229449K(602112K)
[92.847s][info ][gc,metaspace ] GC(121) Metaspace: 56056K->56056K(1099776K)
[92.847s][info ][gc           ] GC(121) Pause Young (Allocation Failure) 469M->237M(852M) 6.223ms
[92.847s][info ][gc,cpu       ] GC(121) User=0.03s Sys=0.00s Real=0.01s
[92.847s][info ][safepoint    ] Leaving safepoint region
[92.847s][info ][safepoint    ] Total time for which application threads were stopped: 0.0063923 seconds, Stopping threads took: 0.0000169 seconds
[93.847s][info ][safepoint    ] Application time: 1.0000994 seconds
[93.847s][info ][safepoint    ] Entering safepoint region: Cleanup
[93.847s][info ][safepoint    ] Leaving safepoint region
[93.847s][info ][safepoint    ] Total time for which application threads were stopped: 0.0001503 seconds, Stopping threads took: 0.0000380 seconds
[94.602s][info ][safepoint    ] Application time: 0.7549128 seconds
[94.602s][info ][safepoint    ] Entering safepoint region: GenCollectForAllocation
[94.602s][info ][gc,start     ] GC(122) Pause Young (Allocation Failure)
[94.602s][info ][gc,task      ] GC(122) Using 4 workers of 4 for evacuation
[94.608s][debug][gc,ref       ] GC(122) Skipped phase1 of Reference Processing due to unavailable references
[94.608s][debug][gc,ref       ] GC(122) Skipped phase3 of Reference Processing due to unavailable references
[94.608s][debug][gc,ref       ] GC(122) Skipped phase4 of Reference Processing due to unavailable references
[94.608s][debug][gc,age       ] GC(122) Desired survivor size 15400960 bytes, new threshold 6 (max threshold 6)
[94.608s][info ][gc,heap      ] GC(122) ParNew: 254928K->10114K(270976K)
[94.608s][info ][gc,heap      ] GC(122) CMS: 229449K->230583K(602112K)
[94.608s][info ][gc,metaspace ] GC(122) Metaspace: 56069K->56069K(1099776K)
[94.608s][info ][gc           ] GC(122) Pause Young (Allocation Failure) 473M->235M(852M) 6.175ms
[94.608s][info ][gc,cpu       ] GC(122) User=0.03s Sys=0.00s Real=0.01s
[94.608s][info ][safepoint    ] Leaving safepoint region
[94.608s][info ][safepoint    ] Total time for which application threads were stopped: 0.0063358 seconds, Stopping threads took: 0.0000161 seconds
[95.608s][info ][safepoint    ] Application time: 1.0000899 seconds
[95.608s][info ][safepoint    ] Entering safepoint region: Cleanup
[95.608s][info ][safepoint    ] Leaving safepoint region
[95.608s][info ][safepoint    ] Total time for which application threads were stopped: 0.0000808 seconds, Stopping threads took: 0.0000158 seconds
[96.486s][info ][safepoint    ] Application time: 0.8776242 seconds
[96.486s][info ][safepoint    ] Entering safepoint region: GenCollectForAllocation
[96.486s][info ][gc,start     ] GC(123) Pause Young (Allocation Failure)
[96.486s][info ][gc,task      ] GC(123) Using 4 workers of 4 for evacuation
[96.492s][debug][gc,ref       ] GC(123) Skipped phase1 of Reference Processing due to unavailable references
[96.492s][debug][gc,ref       ] GC(123) Skipped phase3 of Reference Processing due to unavailable references
[96.492s][debug][gc,ref       ] GC(123) Skipped phase4 of Reference Processing due to unavailable references
[96.492s][debug][gc,age       ] GC(123) Desired survivor size 15400960 bytes, new threshold 6 (max threshold 6)
[96.492s][info ][gc,heap      ] GC(123) ParNew: 251010K->11706K(270976K)
[96.492s][info ][gc,heap      ] GC(123) CMS: 230583K->231820K(602112K)
[96.492s][info ][gc,metaspace ] GC(123) Metaspace: 56078K->56078K(1099776K)
[96.492s][info ][gc           ] GC(123) Pause Young (Allocation Failure) 470M->237M(852M) 6.156ms
[96.492s][info ][gc,cpu       ] GC(123) User=0.02s Sys=0.01s Real=0.00s
[96.492s][info ][safepoint    ] Leaving safepoint region
[96.492s][info ][safepoint    ] Total time for which application threads were stopped: 0.0063069 seconds, Stopping threads took: 0.0000158 seconds
[97.493s][info ][safepoint    ] Application time: 1.0001001 seconds
[97.493s][info ][safepoint    ] Entering safepoint region: Cleanup
[97.493s][info ][safepoint    ] Leaving safepoint region
[97.493s][info ][safepoint    ] Total time for which application threads were stopped: 0.0001298 seconds, Stopping threads took: 0.0000510 seconds
[98.183s][info ][safepoint    ] Application time: 0.6906002 seconds
[98.183s][info ][safepoint    ] Entering safepoint region: GenCollectForAllocation
[98.183s][info ][gc,start     ] GC(124) Pause Young (Allocation Failure)
[98.183s][info ][gc,task      ] GC(124) Using 4 workers of 4 for evacuation
[98.189s][debug][gc,ref       ] GC(124) Skipped phase1 of Reference Processing due to unavailable references
[98.189s][debug][gc,ref       ] GC(124) Skipped phase3 of Reference Processing due to unavailable references
[98.189s][debug][gc,ref       ] GC(124) Skipped phase4 of Reference Processing due to unavailable references
[98.189s][debug][gc,age       ] GC(124) Desired survivor size 15400960 bytes, new threshold 6 (max threshold 6)
[98.189s][info ][gc,heap      ] GC(124) ParNew: 252602K->8773K(270976K)
[98.189s][info ][gc,heap      ] GC(124) CMS: 231820K->231955K(602112K)
[98.189s][info ][gc,metaspace ] GC(124) Metaspace: 56090K->56090K(1099776K)
[98.189s][info ][gc           ] GC(124) Pause Young (Allocation Failure) 473M->235M(852M) 5.392ms
[98.189s][info ][gc,cpu       ] GC(124) User=0.02s Sys=0.00s Real=0.01s
[98.189s][info ][safepoint    ] Leaving safepoint region
[98.189s][info ][safepoint    ] Total time for which application threads were stopped: 0.0055481 seconds, Stopping threads took: 0.0000177 seconds
[99.189s][info ][safepoint    ] Application time: 1.0000799 seconds
[99.189s][info ][safepoint    ] Entering safepoint region: Cleanup
[99.189s][info ][safepoint    ] Leaving safepoint region
[99.189s][info ][safepoint    ] Total time for which application threads were stopped: 0.0001065 seconds, Stopping threads took: 0.0000391 seconds
[100.034s][info ][safepoint    ] Application time: 0.8450018 seconds
[100.034s][info ][safepoint    ] Entering safepoint region: GenCollectForAllocation
[100.034s][info ][gc,start     ] GC(125) Pause Young (Allocation Failure)
[100.034s][info ][gc,task      ] GC(125) Using 4 workers of 4 for evacuation
[100.040s][debug][gc,ref       ] GC(125) Skipped phase1 of Reference Processing due to unavailable references
[100.040s][debug][gc,ref       ] GC(125) Skipped phase3 of Reference Processing due to unavailable references
[100.040s][debug][gc,ref       ] GC(125) Skipped phase4 of Reference Processing due to unavailable references
[100.040s][debug][gc,age       ] GC(125) Desired survivor size 15400960 bytes, new threshold 6 (max threshold 6)
[100.040s][info ][gc,heap      ] GC(125) ParNew: 249669K->7381K(270976K)
[100.040s][info ][gc,heap      ] GC(125) CMS: 231955K->233309K(602112K)
[100.040s][info ][gc,metaspace ] GC(125) Metaspace: 56091K->56091K(1099776K)
[100.041s][info ][gc           ] GC(125) Pause Young (Allocation Failure) 470M->235M(852M) 6.199ms
[100.041s][info ][gc,cpu       ] GC(125) User=0.03s Sys=0.00s Real=0.01s
[100.041s][info ][safepoint    ] Leaving safepoint region
[100.041s][info ][safepoint    ] Total time for which application threads were stopped: 0.0064775 seconds, Stopping threads took: 0.0000175 seconds
[101.041s][info ][safepoint    ] Application time: 1.0001232 seconds
[101.041s][info ][safepoint    ] Entering safepoint region: Cleanup
[101.041s][info ][safepoint    ] Leaving safepoint region
[101.041s][info ][safepoint    ] Total time for which application threads were stopped: 0.0001305 seconds, Stopping threads took: 0.0000646 seconds
[101.976s][info ][safepoint    ] Application time: 0.9354973 seconds
[101.976s][info ][safepoint    ] Entering safepoint region: GenCollectForAllocation
[101.977s][info ][gc,start     ] GC(126) Pause Young (Allocation Failure)
[101.977s][info ][gc,task      ] GC(126) Using 4 workers of 4 for evacuation
[101.984s][debug][gc,ref       ] GC(126) Skipped phase1 of Reference Processing due to unavailable references
[101.984s][debug][gc,ref       ] GC(126) Skipped phase3 of Reference Processing due to unavailable references
[101.984s][debug][gc,ref       ] GC(126) Skipped phase4 of Reference Processing due to unavailable references
[101.984s][debug][gc,age       ] GC(126) Desired survivor size 15400960 bytes, new threshold 6 (max threshold 6)
[101.984s][info ][gc,heap      ] GC(126) ParNew: 248277K->7972K(270976K)
[101.984s][info ][gc,heap      ] GC(126) CMS: 233309K->233484K(602112K)
[101.984s][info ][gc,metaspace ] GC(126) Metaspace: 56095K->56095K(1099776K)
[101.984s][info ][gc           ] GC(126) Pause Young (Allocation Failure) 470M->235M(852M) 7.481ms
[101.984s][info ][gc,cpu       ] GC(126) User=0.02s Sys=0.00s Real=0.01s
[101.984s][info ][safepoint    ] Leaving safepoint region
[101.984s][info ][safepoint    ] Total time for which application threads were stopped: 0.0077093 seconds, Stopping threads took: 0.0000171 seconds
[102.986s][info ][safepoint    ] Application time: 1.0016679 seconds
[102.986s][info ][safepoint    ] Entering safepoint region: Cleanup
[102.986s][info ][safepoint    ] Leaving safepoint region
[102.986s][info ][safepoint    ] Total time for which application threads were stopped: 0.0001104 seconds, Stopping threads took: 0.0000421 seconds
[103.884s][info ][safepoint    ] Application time: 0.8983325 seconds
[103.884s][info ][safepoint    ] Entering safepoint region: GenCollectForAllocation
[103.884s][info ][gc,start     ] GC(127) Pause Young (Allocation Failure)
[103.884s][info ][gc,task      ] GC(127) Using 4 workers of 4 for evacuation
[103.896s][debug][gc,ref       ] GC(127) Skipped phase1 of Reference Processing due to unavailable references
[103.896s][debug][gc,ref       ] GC(127) Skipped phase3 of Reference Processing due to unavailable references
[103.896s][debug][gc,ref       ] GC(127) Skipped phase4 of Reference Processing due to unavailable references
[103.896s][debug][gc,age       ] GC(127) Desired survivor size 15400960 bytes, new threshold 6 (max threshold 6)
[103.896s][info ][gc,heap      ] GC(127) ParNew: 248868K->5096K(270976K)
[103.896s][info ][gc,heap      ] GC(127) CMS: 233484K->236976K(602112K)
[103.896s][info ][gc,metaspace ] GC(127) Metaspace: 56103K->56103K(1099776K)
[103.896s][info ][gc           ] GC(127) Pause Young (Allocation Failure) 471M->236M(852M) 11.468ms
[103.896s][info ][gc,cpu       ] GC(127) User=0.02s Sys=0.00s Real=0.01s
[103.896s][info ][safepoint    ] Leaving safepoint region
[103.896s][info ][safepoint    ] Total time for which application threads were stopped: 0.0116481 seconds, Stopping threads took: 0.0000162 seconds
[104.896s][info ][safepoint    ] Application time: 1.0001098 seconds
[104.896s][info ][safepoint    ] Entering safepoint region: Cleanup
[104.896s][info ][safepoint    ] Leaving safepoint region
[104.896s][info ][safepoint    ] Total time for which application threads were stopped: 0.0001580 seconds, Stopping threads took: 0.0000678 seconds
[105.896s][info ][safepoint    ] Application time: 1.0001576 seconds
[105.896s][info ][safepoint    ] Entering safepoint region: Cleanup
[105.897s][info ][safepoint    ] Leaving safepoint region
[105.897s][info ][safepoint    ] Total time for which application threads were stopped: 0.0001084 seconds, Stopping threads took: 0.0000299 seconds
[105.933s][info ][safepoint    ] Application time: 0.0363175 seconds
[105.933s][info ][safepoint    ] Entering safepoint region: GenCollectForAllocation
[105.933s][info ][gc,start     ] GC(128) Pause Young (Allocation Failure)
[105.933s][info ][gc,task      ] GC(128) Using 4 workers of 4 for evacuation
[105.940s][debug][gc,ref       ] GC(128) Skipped phase1 of Reference Processing due to unavailable references
[105.940s][debug][gc,ref       ] GC(128) Skipped phase3 of Reference Processing due to unavailable references
[105.940s][debug][gc,ref       ] GC(128) Skipped phase4 of Reference Processing due to unavailable references
[105.940s][debug][gc,age       ] GC(128) Desired survivor size 15400960 bytes, new threshold 6 (max threshold 6)
[105.940s][info ][gc,heap      ] GC(128) ParNew: 245992K->2150K(270976K)
[105.940s][info ][gc,heap      ] GC(128) CMS: 236976K->237271K(602112K)
[105.940s][info ][gc,metaspace ] GC(128) Metaspace: 56119K->56119K(1099776K)
[105.940s][info ][gc           ] GC(128) Pause Young (Allocation Failure) 471M->233M(852M) 6.921ms
[105.940s][info ][gc,cpu       ] GC(128) User=0.02s Sys=0.00s Real=0.01s
[105.940s][info ][safepoint    ] Leaving safepoint region
[105.940s][info ][safepoint    ] Total time for which application threads were stopped: 0.0070863 seconds, Stopping threads took: 0.0000156 seconds
[106.940s][info ][safepoint    ] Application time: 1.0001014 seconds
[106.941s][info ][safepoint    ] Entering safepoint region: Cleanup
[106.941s][info ][safepoint    ] Leaving safepoint region
[106.941s][info ][safepoint    ] Total time for which application threads were stopped: 0.0013155 seconds, Stopping threads took: 0.0012449 seconds
[107.823s][info ][safepoint    ] Application time: 0.8814276 seconds
[107.823s][info ][safepoint    ] Entering safepoint region: GenCollectForAllocation
[107.823s][info ][gc,start     ] GC(129) Pause Young (Allocation Failure)
[107.823s][info ][gc,task      ] GC(129) Using 4 workers of 4 for evacuation
[107.829s][debug][gc,ref       ] GC(129) Skipped phase1 of Reference Processing due to unavailable references
[107.829s][debug][gc,ref       ] GC(129) Skipped phase3 of Reference Processing due to unavailable references
[107.829s][debug][gc,ref       ] GC(129) Skipped phase4 of Reference Processing due to unavailable references
[107.829s][debug][gc,age       ] GC(129) Desired survivor size 15400960 bytes, new threshold 6 (max threshold 6)
[107.829s][info ][gc,heap      ] GC(129) ParNew: 243046K->2501K(270976K)
[107.829s][info ][gc,heap      ] GC(129) CMS: 237271K->237309K(602112K)
[107.829s][info ][gc,metaspace ] GC(129) Metaspace: 56119K->56119K(1099776K)
[107.829s][info ][gc           ] GC(129) Pause Young (Allocation Failure) 469M->234M(852M) 6.169ms
[107.829s][info ][gc,cpu       ] GC(129) User=0.01s Sys=0.00s Real=0.01s
[107.829s][info ][safepoint    ] Leaving safepoint region
[107.829s][info ][safepoint    ] Total time for which application threads were stopped: 0.0063869 seconds, Stopping threads took: 0.0000774 seconds
[108.829s][info ][safepoint    ] Application time: 1.0001009 seconds
[108.830s][info ][safepoint    ] Entering safepoint region: Cleanup
[108.830s][info ][safepoint    ] Leaving safepoint region
[108.830s][info ][safepoint    ] Total time for which application threads were stopped: 0.0001230 seconds, Stopping threads took: 0.0000575 seconds
[109.477s][info ][safepoint    ] Application time: 0.6471315 seconds
[109.477s][info ][safepoint    ] Entering safepoint region: ICBufferFull
[109.477s][info ][safepoint    ] Leaving safepoint region
[109.477s][info ][safepoint    ] Total time for which application threads were stopped: 0.0002420 seconds, Stopping threads took: 0.0000469 seconds
[109.602s][info ][safepoint    ] Application time: 0.1249268 seconds
[109.602s][info ][safepoint    ] Entering safepoint region: GenCollectForAllocation
[109.602s][info ][gc,start     ] GC(130) Pause Young (Allocation Failure)
[109.602s][info ][gc,task      ] GC(130) Using 4 workers of 4 for evacuation
[109.613s][debug][gc,ref       ] GC(130) Skipped phase1 of Reference Processing due to unavailable references
[109.613s][debug][gc,ref       ] GC(130) Skipped phase3 of Reference Processing due to unavailable references
[109.614s][debug][gc,age       ] GC(130) Desired survivor size 15400960 bytes, new threshold 6 (max threshold 6)
[109.614s][info ][gc,heap      ] GC(130) ParNew: 243397K->9661K(270976K)
[109.614s][info ][gc,heap      ] GC(130) CMS: 237309K->237502K(602112K)
[109.614s][info ][gc,metaspace ] GC(130) Metaspace: 56386K->56386K(1099776K)
[109.614s][info ][gc           ] GC(130) Pause Young (Allocation Failure) 469M->241M(852M) 11.356ms
[109.614s][info ][gc,cpu       ] GC(130) User=0.03s Sys=0.00s Real=0.01s
[109.614s][info ][safepoint    ] Leaving safepoint region
[109.614s][info ][safepoint    ] Total time for which application threads were stopped: 0.0116945 seconds, Stopping threads took: 0.0001441 seconds
[110.640s][info ][safepoint    ] Application time: 1.0260337 seconds
[110.640s][info ][safepoint    ] Entering safepoint region: Cleanup
[110.640s][info ][safepoint    ] Leaving safepoint region
[110.640s][info ][safepoint    ] Total time for which application threads were stopped: 0.0002597 seconds, Stopping threads took: 0.0000739 seconds
[111.252s][info ][safepoint    ] Application time: 0.6123352 seconds
[111.252s][info ][safepoint    ] Entering safepoint region: GenCollectForAllocation
[111.253s][info ][gc,start     ] GC(131) Pause Young (Allocation Failure)
[111.253s][info ][gc,task      ] GC(131) Using 4 workers of 4 for evacuation
[111.259s][debug][gc,ref       ] GC(131) Skipped phase1 of Reference Processing due to unavailable references
[111.259s][debug][gc,ref       ] GC(131) Skipped phase3 of Reference Processing due to unavailable references
[111.259s][debug][gc,age       ] GC(131) Desired survivor size 15400960 bytes, new threshold 6 (max threshold 6)
[111.259s][info ][gc,heap      ] GC(131) ParNew: 250557K->7039K(270976K)
[111.259s][info ][gc,heap      ] GC(131) CMS: 237502K->237682K(602112K)
[111.259s][info ][gc,metaspace ] GC(131) Metaspace: 56551K->56551K(1099776K)
[111.259s][info ][gc           ] GC(131) Pause Young (Allocation Failure) 476M->238M(852M) 6.688ms
[111.259s][info ][gc,cpu       ] GC(131) User=0.02s Sys=0.00s Real=0.01s
[111.259s][info ][safepoint    ] Leaving safepoint region
[111.259s][info ][safepoint    ] Total time for which application threads were stopped: 0.0069942 seconds, Stopping threads took: 0.0000637 seconds
[112.260s][info ][safepoint    ] Application time: 1.0004688 seconds
[112.260s][info ][safepoint    ] Entering safepoint region: Cleanup
[112.260s][info ][safepoint    ] Leaving safepoint region
[112.260s][info ][safepoint    ] Total time for which application threads were stopped: 0.0001872 seconds, Stopping threads took: 0.0000591 seconds
[112.424s][info ][safepoint    ] Application time: 0.1637570 seconds
[112.424s][info ][safepoint    ] Entering safepoint region: GenCollectForAllocation
[112.424s][info ][gc,start     ] GC(132) Pause Young (Allocation Failure)
[112.424s][info ][gc,task      ] GC(132) Using 4 workers of 4 for evacuation
[112.430s][debug][gc,ref       ] GC(132) Skipped phase1 of Reference Processing due to unavailable references
[112.430s][debug][gc,ref       ] GC(132) Skipped phase3 of Reference Processing due to unavailable references
[112.430s][debug][gc,age       ] GC(132) Desired survivor size 15400960 bytes, new threshold 6 (max threshold 6)
[112.430s][info ][gc,heap      ] GC(132) ParNew: 247935K->2707K(270976K)
[112.430s][info ][gc,heap      ] GC(132) CMS: 237682K->237753K(602112K)
[112.430s][info ][gc,metaspace ] GC(132) Metaspace: 56555K->56555K(1099776K)
[112.430s][info ][gc           ] GC(132) Pause Young (Allocation Failure) 474M->234M(852M) 5.805ms
[112.430s][info ][gc,cpu       ] GC(132) User=0.01s Sys=0.00s Real=0.00s
[112.430s][info ][safepoint    ] Leaving safepoint region
[112.430s][info ][safepoint    ] Total time for which application threads were stopped: 0.0059921 seconds, Stopping threads took: 0.0000320 seconds
[113.430s][info ][safepoint    ] Application time: 1.0001074 seconds
[113.430s][info ][safepoint    ] Entering safepoint region: Cleanup
[113.430s][info ][safepoint    ] Leaving safepoint region
[113.430s][info ][safepoint    ] Total time for which application threads were stopped: 0.0001297 seconds, Stopping threads took: 0.0000346 seconds
[113.818s][info ][safepoint    ] Application time: 0.3883391 seconds
[113.818s][info ][safepoint    ] Entering safepoint region: GenCollectForAllocation
[113.819s][info ][gc,start     ] GC(133) Pause Young (Allocation Failure)
[113.819s][info ][gc,task      ] GC(133) Using 4 workers of 4 for evacuation
[113.858s][debug][gc,ref       ] GC(133) Skipped phase1 of Reference Processing due to unavailable references
[113.858s][debug][gc,ref       ] GC(133) Skipped phase3 of Reference Processing due to unavailable references
[113.858s][debug][gc,ref       ] GC(133) Skipped phase4 of Reference Processing due to unavailable references
[113.858s][debug][gc,age       ] GC(133) Desired survivor size 15400960 bytes, new threshold 6 (max threshold 6)
[113.858s][info ][gc,heap      ] GC(133) ParNew: 243603K->2683K(270976K)
[113.858s][info ][gc,heap      ] GC(133) CMS: 237753K->237904K(602112K)
[113.858s][info ][gc,metaspace ] GC(133) Metaspace: 56558K->56558K(1099776K)
[113.858s][info ][gc           ] GC(133) Pause Young (Allocation Failure) 470M->234M(852M) 39.420ms
[113.858s][info ][gc,cpu       ] GC(133) User=0.03s Sys=0.00s Real=0.04s
[113.858s][info ][safepoint    ] Leaving safepoint region
[113.858s][info ][safepoint    ] Total time for which application threads were stopped: 0.0396573 seconds, Stopping threads took: 0.0000588 seconds
[114.858s][info ][safepoint    ] Application time: 1.0003297 seconds
[114.859s][info ][safepoint    ] Entering safepoint region: Cleanup
[114.859s][info ][safepoint    ] Leaving safepoint region
[114.859s][info ][safepoint    ] Total time for which application threads were stopped: 0.0001955 seconds, Stopping threads took: 0.0001031 seconds
[115.403s][info ][safepoint    ] Application time: 0.5443432 seconds
[115.403s][info ][safepoint    ] Entering safepoint region: GenCollectForAllocation
[115.403s][info ][gc,start     ] GC(134) Pause Young (Allocation Failure)
[115.403s][info ][gc,task      ] GC(134) Using 4 workers of 4 for evacuation
[115.432s][debug][gc,ref       ] GC(134) Skipped phase1 of Reference Processing due to unavailable references
[115.432s][debug][gc,ref       ] GC(134) Skipped phase3 of Reference Processing due to unavailable references
[115.432s][debug][gc,ref       ] GC(134) Skipped phase4 of Reference Processing due to unavailable references
[115.432s][debug][gc,age       ] GC(134) Desired survivor size 15400960 bytes, new threshold 6 (max threshold 6)
[115.432s][info ][gc,heap      ] GC(134) ParNew: 243579K->2834K(270976K)
[115.432s][info ][gc,heap      ] GC(134) CMS: 237904K->237952K(602112K)
[115.432s][info ][gc,metaspace ] GC(134) Metaspace: 56560K->56560K(1099776K)
[115.432s][info ][gc           ] GC(134) Pause Young (Allocation Failure) 470M->235M(852M) 28.808ms
[115.432s][info ][gc,cpu       ] GC(134) User=0.04s Sys=0.00s Real=0.03s
[115.432s][info ][safepoint    ] Leaving safepoint region
[115.432s][info ][safepoint    ] Total time for which application threads were stopped: 0.0289722 seconds, Stopping threads took: 0.0000185 seconds
[116.432s][info ][safepoint    ] Application time: 1.0001050 seconds
[116.432s][info ][safepoint    ] Entering safepoint region: Cleanup
[116.432s][info ][safepoint    ] Leaving safepoint region
[116.432s][info ][safepoint    ] Total time for which application threads were stopped: 0.0001448 seconds, Stopping threads took: 0.0000614 seconds
[117.285s][info ][safepoint    ] Application time: 0.8522338 seconds
[117.285s][info ][safepoint    ] Entering safepoint region: GenCollectForAllocation
[117.285s][info ][gc,start     ] GC(135) Pause Young (Allocation Failure)
[117.285s][info ][gc,task      ] GC(135) Using 4 workers of 4 for evacuation
[117.312s][debug][gc,ref       ] GC(135) Skipped phase1 of Reference Processing due to unavailable references
[117.312s][debug][gc,ref       ] GC(135) Skipped phase3 of Reference Processing due to unavailable references
[117.312s][debug][gc,ref       ] GC(135) Skipped phase4 of Reference Processing due to unavailable references
[117.312s][debug][gc,age       ] GC(135) Desired survivor size 15400960 bytes, new threshold 6 (max threshold 6)
[117.312s][info ][gc,heap      ] GC(135) ParNew: 243730K->5499K(270976K)
[117.312s][info ][gc,heap      ] GC(135) CMS: 237952K->238038K(602112K)
[117.312s][info ][gc,metaspace ] GC(135) Metaspace: 56572K->56572K(1099776K)
[117.312s][info ][gc           ] GC(135) Pause Young (Allocation Failure) 470M->237M(852M) 27.596ms
[117.312s][info ][gc,cpu       ] GC(135) User=0.04s Sys=0.00s Real=0.02s
[117.312s][info ][safepoint    ] Leaving safepoint region
[117.312s][info ][safepoint    ] Total time for which application threads were stopped: 0.0279075 seconds, Stopping threads took: 0.0000539 seconds
[118.316s][info ][safepoint    ] Application time: 1.0032120 seconds
[118.330s][info ][safepoint    ] Entering safepoint region: Cleanup
[118.330s][info ][safepoint    ] Leaving safepoint region
[118.330s][info ][safepoint    ] Total time for which application threads were stopped: 0.0143880 seconds, Stopping threads took: 0.0142878 seconds
[118.677s][info ][safepoint    ] Application time: 0.3468023 seconds
[118.677s][info ][safepoint    ] Entering safepoint region: GenCollectForAllocation
[118.677s][info ][gc,start     ] GC(136) Pause Young (Allocation Failure)
[118.677s][info ][gc,task      ] GC(136) Using 4 workers of 4 for evacuation
[118.695s][debug][gc,ref       ] GC(136) Skipped phase1 of Reference Processing due to unavailable references
[118.695s][debug][gc,ref       ] GC(136) Skipped phase3 of Reference Processing due to unavailable references
[118.695s][debug][gc,age       ] GC(136) Desired survivor size 15400960 bytes, new threshold 6 (max threshold 6)
[118.696s][info ][gc,heap      ] GC(136) ParNew: 246395K->6349K(270976K)
[118.696s][info ][gc,heap      ] GC(136) CMS: 238038K->238188K(602112K)
[118.696s][info ][gc,metaspace ] GC(136) Metaspace: 56589K->56589K(1099776K)
[118.696s][info ][gc           ] GC(136) Pause Young (Allocation Failure) 473M->238M(852M) 18.451ms
[118.696s][info ][gc,cpu       ] GC(136) User=0.02s Sys=0.00s Real=0.01s
[118.696s][info ][safepoint    ] Leaving safepoint region
[118.696s][info ][safepoint    ] Total time for which application threads were stopped: 0.0186441 seconds, Stopping threads took: 0.0000305 seconds
[119.696s][info ][safepoint    ] Application time: 1.0001687 seconds
[119.696s][info ][safepoint    ] Entering safepoint region: Cleanup
[119.696s][info ][safepoint    ] Leaving safepoint region
[119.696s][info ][safepoint    ] Total time for which application threads were stopped: 0.0005994 seconds, Stopping threads took: 0.0004585 seconds
[120.373s][info ][safepoint    ] Application time: 0.6763519 seconds
[120.373s][info ][safepoint    ] Entering safepoint region: GenCollectForAllocation
[120.373s][info ][gc,start     ] GC(137) Pause Young (Allocation Failure)
[120.373s][info ][gc,task      ] GC(137) Using 4 workers of 4 for evacuation
[120.385s][debug][gc,ref       ] GC(137) Skipped phase1 of Reference Processing due to unavailable references
[120.385s][debug][gc,ref       ] GC(137) Skipped phase3 of Reference Processing due to unavailable references
[120.385s][debug][gc,ref       ] GC(137) Skipped phase4 of Reference Processing due to unavailable references
[120.386s][debug][gc,age       ] GC(137) Desired survivor size 15400960 bytes, new threshold 6 (max threshold 6)
[120.386s][info ][gc,heap      ] GC(137) ParNew: 247245K->5979K(270976K)
[120.386s][info ][gc,heap      ] GC(137) CMS: 238188K->238454K(602112K)
[120.386s][info ][gc,metaspace ] GC(137) Metaspace: 56591K->56591K(1099776K)
[120.386s][info ][gc           ] GC(137) Pause Young (Allocation Failure) 474M->238M(852M) 12.719ms
[120.386s][info ][gc,cpu       ] GC(137) User=0.03s Sys=0.00s Real=0.02s
[120.386s][info ][safepoint    ] Leaving safepoint region
[120.386s][info ][safepoint    ] Total time for which application threads were stopped: 0.0129201 seconds, Stopping threads took: 0.0000312 seconds
[121.386s][info ][safepoint    ] Application time: 1.0001085 seconds
[121.397s][info ][safepoint    ] Entering safepoint region: Cleanup
[121.397s][info ][safepoint    ] Leaving safepoint region
[121.397s][info ][safepoint    ] Total time for which application threads were stopped: 0.0109762 seconds, Stopping threads took: 0.0108980 seconds
[121.802s][info ][safepoint    ] Application time: 0.4048576 seconds
[121.802s][info ][safepoint    ] Entering safepoint region: GenCollectForAllocation
[121.802s][info ][gc,start     ] GC(138) Pause Young (Allocation Failure)
[121.802s][info ][gc,task      ] GC(138) Using 4 workers of 4 for evacuation
[121.815s][debug][gc,ref       ] GC(138) Skipped phase1 of Reference Processing due to unavailable references
[121.815s][debug][gc,ref       ] GC(138) Skipped phase3 of Reference Processing due to unavailable references
[121.815s][debug][gc,ref       ] GC(138) Skipped phase4 of Reference Processing due to unavailable references
[121.815s][debug][gc,age       ] GC(138) Desired survivor size 15400960 bytes, new threshold 6 (max threshold 6)
[121.815s][info ][gc,heap      ] GC(138) ParNew: 246875K->6274K(270976K)
[121.815s][info ][gc,heap      ] GC(138) CMS: 238454K->238607K(602112K)
[121.815s][info ][gc,metaspace ] GC(138) Metaspace: 56597K->56597K(1099776K)
[121.815s][info ][gc           ] GC(138) Pause Young (Allocation Failure) 473M->239M(852M) 13.283ms
[121.815s][info ][gc,cpu       ] GC(138) User=0.02s Sys=0.00s Real=0.01s
[121.815s][info ][safepoint    ] Leaving safepoint region
[121.815s][info ][safepoint    ] Total time for which application threads were stopped: 0.0136962 seconds, Stopping threads took: 0.0000174 seconds
[122.816s][info ][safepoint    ] Application time: 1.0002468 seconds
[122.819s][info ][safepoint    ] Entering safepoint region: Cleanup
[122.819s][info ][safepoint    ] Leaving safepoint region
[122.819s][info ][safepoint    ] Total time for which application threads were stopped: 0.0036215 seconds, Stopping threads took: 0.0033399 seconds
[123.578s][info ][safepoint    ] Application time: 0.7589245 seconds
[123.578s][info ][safepoint    ] Entering safepoint region: GenCollectForAllocation
[123.579s][info ][gc,start     ] GC(139) Pause Young (Allocation Failure)
[123.579s][info ][gc,task      ] GC(139) Using 4 workers of 4 for evacuation
[123.595s][debug][gc,ref       ] GC(139) Skipped phase1 of Reference Processing due to unavailable references
[123.595s][debug][gc,ref       ] GC(139) Skipped phase3 of Reference Processing due to unavailable references
[123.595s][debug][gc,ref       ] GC(139) Skipped phase4 of Reference Processing due to unavailable references
[123.595s][debug][gc,age       ] GC(139) Desired survivor size 15400960 bytes, new threshold 6 (max threshold 6)
[123.595s][info ][gc,heap      ] GC(139) ParNew: 247170K->6261K(270976K)
[123.595s][info ][gc,heap      ] GC(139) CMS: 238607K->238717K(602112K)
[123.595s][info ][gc,metaspace ] GC(139) Metaspace: 56605K->56605K(1099776K)
[123.596s][info ][gc           ] GC(139) Pause Young (Allocation Failure) 474M->239M(852M) 17.000ms
[123.596s][info ][gc,cpu       ] GC(139) User=0.02s Sys=0.00s Real=0.01s
[123.596s][info ][safepoint    ] Leaving safepoint region
[123.596s][info ][safepoint    ] Total time for which application threads were stopped: 0.0172727 seconds, Stopping threads took: 0.0000186 seconds
[124.596s][info ][safepoint    ] Application time: 1.0001334 seconds
[124.596s][info ][safepoint    ] Entering safepoint region: Cleanup
[124.596s][info ][safepoint    ] Leaving safepoint region
[124.596s][info ][safepoint    ] Total time for which application threads were stopped: 0.0003731 seconds, Stopping threads took: 0.0002331 seconds
[125.380s][info ][safepoint    ] Application time: 0.7840547 seconds
[125.380s][info ][safepoint    ] Entering safepoint region: GenCollectForAllocation
[125.380s][info ][gc,start     ] GC(140) Pause Young (Allocation Failure)
[125.380s][info ][gc,task      ] GC(140) Using 4 workers of 4 for evacuation
[125.391s][debug][gc,ref       ] GC(140) Skipped phase1 of Reference Processing due to unavailable references
[125.391s][debug][gc,ref       ] GC(140) Skipped phase3 of Reference Processing due to unavailable references
[125.391s][debug][gc,ref       ] GC(140) Skipped phase4 of Reference Processing due to unavailable references
[125.391s][debug][gc,age       ] GC(140) Desired survivor size 15400960 bytes, new threshold 6 (max threshold 6)
[125.391s][info ][gc,heap      ] GC(140) ParNew: 247157K->7218K(270976K)
[125.391s][info ][gc,heap      ] GC(140) CMS: 238717K->238863K(602112K)
[125.391s][info ][gc,metaspace ] GC(140) Metaspace: 56624K->56624K(1099776K)
[125.391s][info ][gc           ] GC(140) Pause Young (Allocation Failure) 474M->240M(852M) 10.702ms
[125.391s][info ][gc,cpu       ] GC(140) User=0.02s Sys=0.00s Real=0.01s
[125.391s][info ][safepoint    ] Leaving safepoint region
[125.391s][info ][safepoint    ] Total time for which application threads were stopped: 0.0109291 seconds, Stopping threads took: 0.0000305 seconds
[126.391s][info ][safepoint    ] Application time: 1.0002386 seconds
[126.391s][info ][safepoint    ] Entering safepoint region: Cleanup
[126.391s][info ][safepoint    ] Leaving safepoint region
[126.392s][info ][safepoint    ] Total time for which application threads were stopped: 0.0001113 seconds, Stopping threads took: 0.0000339 seconds
[127.193s][info ][safepoint    ] Application time: 0.8017939 seconds
[127.193s][info ][safepoint    ] Entering safepoint region: GenCollectForAllocation
[127.194s][info ][gc,start     ] GC(141) Pause Young (Allocation Failure)
[127.194s][info ][gc,task      ] GC(141) Using 4 workers of 4 for evacuation
[127.225s][debug][gc,ref       ] GC(141) Skipped phase1 of Reference Processing due to unavailable references
[127.225s][debug][gc,ref       ] GC(141) Skipped phase3 of Reference Processing due to unavailable references
[127.225s][debug][gc,ref       ] GC(141) Skipped phase4 of Reference Processing due to unavailable references
[127.226s][debug][gc,age       ] GC(141) Desired survivor size 15400960 bytes, new threshold 6 (max threshold 6)
[127.226s][info ][gc,heap      ] GC(141) ParNew: 248114K->6450K(270976K)
[127.226s][info ][gc,heap      ] GC(141) CMS: 238863K->240585K(602112K)
[127.226s][info ][gc,metaspace ] GC(141) Metaspace: 56628K->56628K(1099776K)
[127.226s][info ][gc           ] GC(141) Pause Young (Allocation Failure) 475M->241M(852M) 32.114ms
[127.226s][info ][gc,cpu       ] GC(141) User=0.06s Sys=0.00s Real=0.04s
[127.226s][info ][safepoint    ] Leaving safepoint region
[127.226s][info ][safepoint    ] Total time for which application threads were stopped: 0.0323374 seconds, Stopping threads took: 0.0000722 seconds
[128.226s][info ][safepoint    ] Application time: 1.0001073 seconds
[128.226s][info ][safepoint    ] Entering safepoint region: Cleanup
[128.226s][info ][safepoint    ] Leaving safepoint region
[128.226s][info ][safepoint    ] Total time for which application threads were stopped: 0.0001324 seconds, Stopping threads took: 0.0000407 seconds
[129.093s][info ][safepoint    ] Application time: 0.8668609 seconds
[129.093s][info ][safepoint    ] Entering safepoint region: GenCollectForAllocation
[129.093s][info ][gc,start     ] GC(142) Pause Young (Allocation Failure)
[129.093s][info ][gc,task      ] GC(142) Using 4 workers of 4 for evacuation
[129.097s][debug][gc,ref       ] GC(142) Skipped phase1 of Reference Processing due to unavailable references
[129.097s][debug][gc,ref       ] GC(142) Skipped phase2 of Reference Processing due to unavailable references
[129.097s][debug][gc,ref       ] GC(142) Skipped phase3 of Reference Processing due to unavailable references
[129.097s][debug][gc,ref       ] GC(142) Skipped phase4 of Reference Processing due to unavailable references
[129.097s][debug][gc,age       ] GC(142) Desired survivor size 15400960 bytes, new threshold 6 (max threshold 6)
[129.097s][info ][gc,heap      ] GC(142) ParNew: 247346K->5578K(270976K)
[129.097s][info ][gc,heap      ] GC(142) CMS: 240585K->240656K(602112K)
[129.097s][info ][gc,metaspace ] GC(142) Metaspace: 56634K->56634K(1099776K)
[129.097s][info ][gc           ] GC(142) Pause Young (Allocation Failure) 476M->240M(852M) 4.321ms
[129.097s][info ][gc,cpu       ] GC(142) User=0.02s Sys=0.00s Real=0.01s
[129.097s][info ][safepoint    ] Leaving safepoint region
[129.097s][info ][safepoint    ] Total time for which application threads were stopped: 0.0044688 seconds, Stopping threads took: 0.0000160 seconds
[130.097s][info ][safepoint    ] Application time: 1.0001174 seconds
[130.097s][info ][safepoint    ] Entering safepoint region: Cleanup
[130.098s][info ][safepoint    ] Leaving safepoint region
[130.098s][info ][safepoint    ] Total time for which application threads were stopped: 0.0001185 seconds, Stopping threads took: 0.0000394 seconds
[130.995s][info ][safepoint    ] Application time: 0.8977649 seconds
[130.995s][info ][safepoint    ] Entering safepoint region: GenCollectForAllocation
[130.995s][info ][gc,start     ] GC(143) Pause Young (Allocation Failure)
[130.996s][info ][gc,task      ] GC(143) Using 4 workers of 4 for evacuation
[131.001s][debug][gc,ref       ] GC(143) Skipped phase1 of Reference Processing due to unavailable references
[131.001s][debug][gc,ref       ] GC(143) Skipped phase3 of Reference Processing due to unavailable references
[131.001s][debug][gc,age       ] GC(143) Desired survivor size 15400960 bytes, new threshold 6 (max threshold 6)
[131.001s][info ][gc,heap      ] GC(143) ParNew: 246474K->7252K(270976K)
[131.001s][info ][gc,heap      ] GC(143) CMS: 240656K->240934K(602112K)
[131.001s][info ][gc,metaspace ] GC(143) Metaspace: 56641K->56641K(1099776K)
[131.001s][info ][gc           ] GC(143) Pause Young (Allocation Failure) 475M->242M(852M) 5.842ms
[131.001s][info ][gc,cpu       ] GC(143) User=0.02s Sys=0.00s Real=0.01s
[131.001s][info ][safepoint    ] Leaving safepoint region
[131.001s][info ][safepoint    ] Total time for which application threads were stopped: 0.0059869 seconds, Stopping threads took: 0.0000169 seconds
[132.001s][info ][safepoint    ] Application time: 1.0000864 seconds
[132.001s][info ][safepoint    ] Entering safepoint region: Cleanup
[132.002s][info ][safepoint    ] Leaving safepoint region
[132.002s][info ][safepoint    ] Total time for which application threads were stopped: 0.0001094 seconds, Stopping threads took: 0.0000163 seconds
[132.947s][info ][safepoint    ] Application time: 0.9449008 seconds
[132.947s][info ][safepoint    ] Entering safepoint region: GenCollectForAllocation
[132.947s][info ][gc,start     ] GC(144) Pause Young (Allocation Failure)
[132.947s][info ][gc,task      ] GC(144) Using 4 workers of 4 for evacuation
[132.956s][debug][gc,ref       ] GC(144) Skipped phase1 of Reference Processing due to unavailable references
[132.956s][debug][gc,ref       ] GC(144) Skipped phase3 of Reference Processing due to unavailable references
[132.956s][debug][gc,age       ] GC(144) Desired survivor size 15400960 bytes, new threshold 6 (max threshold 6)
[132.956s][info ][gc,heap      ] GC(144) ParNew: 248148K->7829K(270976K)
[132.956s][info ][gc,heap      ] GC(144) CMS: 240934K->241073K(602112K)
[132.956s][info ][gc,metaspace ] GC(144) Metaspace: 56652K->56652K(1099776K)
[132.956s][info ][gc           ] GC(144) Pause Young (Allocation Failure) 477M->243M(852M) 9.262ms
[132.956s][info ][gc,cpu       ] GC(144) User=0.01s Sys=0.00s Real=0.01s
[132.956s][info ][safepoint    ] Leaving safepoint region
[132.956s][info ][safepoint    ] Total time for which application threads were stopped: 0.0094334 seconds, Stopping threads took: 0.0000190 seconds
[133.956s][info ][safepoint    ] Application time: 1.0001763 seconds
[133.957s][info ][safepoint    ] Entering safepoint region: Cleanup
[133.957s][info ][safepoint    ] Leaving safepoint region
[133.957s][info ][safepoint    ] Total time for which application threads were stopped: 0.0004786 seconds, Stopping threads took: 0.0003769 seconds
[134.812s][info ][safepoint    ] Application time: 0.8551072 seconds
[134.812s][info ][safepoint    ] Entering safepoint region: GenCollectForAllocation
[134.812s][info ][gc,start     ] GC(145) Pause Young (Allocation Failure)
[134.812s][info ][gc,task      ] GC(145) Using 4 workers of 4 for evacuation
[134.828s][debug][gc,ref       ] GC(145) Skipped phase1 of Reference Processing due to unavailable references
[134.828s][debug][gc,ref       ] GC(145) Skipped phase3 of Reference Processing due to unavailable references
[134.828s][debug][gc,age       ] GC(145) Desired survivor size 15400960 bytes, new threshold 6 (max threshold 6)
[134.828s][info ][gc,heap      ] GC(145) ParNew: 248725K->7436K(270976K)
[134.828s][info ][gc,heap      ] GC(145) CMS: 241073K->241695K(602112K)
[134.828s][info ][gc,metaspace ] GC(145) Metaspace: 56736K->56736K(1101824K)
[134.828s][info ][gc           ] GC(145) Pause Young (Allocation Failure) 478M->243M(852M) 15.785ms
[134.828s][info ][gc,cpu       ] GC(145) User=0.03s Sys=0.00s Real=0.02s
[134.828s][info ][safepoint    ] Leaving safepoint region
[134.828s][info ][safepoint    ] Total time for which application threads were stopped: 0.0159942 seconds, Stopping threads took: 0.0000169 seconds
[135.828s][info ][safepoint    ] Application time: 1.0000995 seconds
[135.828s][info ][safepoint    ] Entering safepoint region: Cleanup
[135.828s][info ][safepoint    ] Leaving safepoint region
[135.828s][info ][safepoint    ] Total time for which application threads were stopped: 0.0001323 seconds, Stopping threads took: 0.0000445 seconds
[136.724s][info ][safepoint    ] Application time: 0.8957910 seconds
[136.724s][info ][safepoint    ] Entering safepoint region: GenCollectForAllocation
[136.724s][info ][gc,start     ] GC(146) Pause Young (Allocation Failure)
[136.724s][info ][gc,task      ] GC(146) Using 4 workers of 4 for evacuation
[136.736s][debug][gc,ref       ] GC(146) Skipped phase1 of Reference Processing due to unavailable references
[136.736s][debug][gc,ref       ] GC(146) Skipped phase3 of Reference Processing due to unavailable references
[136.736s][debug][gc,ref       ] GC(146) Skipped phase4 of Reference Processing due to unavailable references
[136.736s][debug][gc,age       ] GC(146) Desired survivor size 15400960 bytes, new threshold 6 (max threshold 6)
[136.736s][info ][gc,heap      ] GC(146) ParNew: 248332K->7791K(270976K)
[136.736s][info ][gc,heap      ] GC(146) CMS: 241695K->242251K(602112K)
[136.736s][info ][gc,metaspace ] GC(146) Metaspace: 56745K->56745K(1101824K)
[136.736s][info ][gc           ] GC(146) Pause Young (Allocation Failure) 478M->244M(852M) 11.656ms
[136.736s][info ][gc,cpu       ] GC(146) User=0.03s Sys=0.00s Real=0.01s
[136.736s][info ][safepoint    ] Leaving safepoint region
[136.736s][info ][safepoint    ] Total time for which application threads were stopped: 0.0118338 seconds, Stopping threads took: 0.0000383 seconds
[137.736s][info ][safepoint    ] Application time: 1.0001017 seconds
[137.736s][info ][safepoint    ] Entering safepoint region: Cleanup
[137.736s][info ][safepoint    ] Leaving safepoint region
[137.736s][info ][safepoint    ] Total time for which application threads were stopped: 0.0001508 seconds, Stopping threads took: 0.0000634 seconds
[138.682s][info ][safepoint    ] Application time: 0.9458044 seconds
[138.682s][info ][safepoint    ] Entering safepoint region: GenCollectForAllocation
[138.682s][info ][gc,start     ] GC(147) Pause Young (Allocation Failure)
[138.682s][info ][gc,task      ] GC(147) Using 4 workers of 4 for evacuation
[138.689s][debug][gc,ref       ] GC(147) Skipped phase1 of Reference Processing due to unavailable references
[138.689s][debug][gc,ref       ] GC(147) Skipped phase3 of Reference Processing due to unavailable references
[138.689s][debug][gc,ref       ] GC(147) Skipped phase4 of Reference Processing due to unavailable references
[138.689s][debug][gc,age       ] GC(147) Desired survivor size 15400960 bytes, new threshold 6 (max threshold 6)
[138.689s][info ][gc,heap      ] GC(147) ParNew: 248687K->7564K(270976K)
[138.689s][info ][gc,heap      ] GC(147) CMS: 242251K->242737K(602112K)
[138.689s][info ][gc,metaspace ] GC(147) Metaspace: 56753K->56753K(1101824K)
[138.689s][info ][gc           ] GC(147) Pause Young (Allocation Failure) 479M->244M(852M) 6.960ms
[138.689s][info ][gc,cpu       ] GC(147) User=0.02s Sys=0.00s Real=0.01s
[138.689s][info ][safepoint    ] Leaving safepoint region
[138.689s][info ][safepoint    ] Total time for which application threads were stopped: 0.0072395 seconds, Stopping threads took: 0.0000651 seconds
[139.690s][info ][safepoint    ] Application time: 1.0001575 seconds
[139.690s][info ][safepoint    ] Entering safepoint region: Cleanup
[139.690s][info ][safepoint    ] Leaving safepoint region
[139.690s][info ][safepoint    ] Total time for which application threads were stopped: 0.0003070 seconds, Stopping threads took: 0.0002279 seconds
[140.690s][info ][safepoint    ] Application time: 1.0000930 seconds
[140.690s][info ][safepoint    ] Entering safepoint region: Cleanup
[140.690s][info ][safepoint    ] Leaving safepoint region
[140.690s][info ][safepoint    ] Total time for which application threads were stopped: 0.0001118 seconds, Stopping threads took: 0.0000413 seconds
[140.691s][info ][safepoint    ] Application time: 0.0010245 seconds
[140.691s][info ][safepoint    ] Entering safepoint region: GenCollectForAllocation
[140.691s][info ][gc,start     ] GC(148) Pause Young (Allocation Failure)
[140.691s][info ][gc,task      ] GC(148) Using 4 workers of 4 for evacuation
[140.703s][debug][gc,ref       ] GC(148) Skipped phase1 of Reference Processing due to unavailable references
[140.703s][debug][gc,ref       ] GC(148) Skipped phase3 of Reference Processing due to unavailable references
[140.703s][debug][gc,ref       ] GC(148) Skipped phase4 of Reference Processing due to unavailable references
[140.704s][debug][gc,age       ] GC(148) Desired survivor size 15400960 bytes, new threshold 6 (max threshold 6)
[140.704s][info ][gc,heap      ] GC(148) ParNew: 248460K->8671K(270976K)
[140.704s][info ][gc,heap      ] GC(148) CMS: 242737K->242826K(602112K)
[140.704s][info ][gc,metaspace ] GC(148) Metaspace: 56759K->56759K(1101824K)
[140.704s][info ][gc           ] GC(148) Pause Young (Allocation Failure) 479M->245M(852M) 12.254ms
[140.704s][info ][gc,cpu       ] GC(148) User=0.02s Sys=0.00s Real=0.01s
[140.704s][info ][safepoint    ] Leaving safepoint region
[140.704s][info ][safepoint    ] Total time for which application threads were stopped: 0.0123798 seconds, Stopping threads took: 0.0000222 seconds
[141.704s][info ][safepoint    ] Application time: 1.0001283 seconds
[141.704s][info ][safepoint    ] Entering safepoint region: Cleanup
[141.704s][info ][safepoint    ] Leaving safepoint region
[141.704s][info ][safepoint    ] Total time for which application threads were stopped: 0.0000931 seconds, Stopping threads took: 0.0000203 seconds
[142.704s][info ][safepoint    ] Application time: 1.0000877 seconds
[142.704s][info ][safepoint    ] Entering safepoint region: Cleanup
[142.704s][info ][safepoint    ] Leaving safepoint region
[142.704s][info ][safepoint    ] Total time for which application threads were stopped: 0.0000953 seconds, Stopping threads took: 0.0000186 seconds
[142.824s][info ][safepoint    ] Application time: 0.1197372 seconds
[142.824s][info ][safepoint    ] Entering safepoint region: GenCollectForAllocation
[142.824s][info ][gc,start     ] GC(149) Pause Young (Allocation Failure)
[142.824s][info ][gc,task      ] GC(149) Using 4 workers of 4 for evacuation
[142.832s][debug][gc,ref       ] GC(149) Skipped phase1 of Reference Processing due to unavailable references
[142.832s][debug][gc,ref       ] GC(149) Skipped phase3 of Reference Processing due to unavailable references
[142.832s][debug][gc,ref       ] GC(149) Skipped phase4 of Reference Processing due to unavailable references
[142.832s][debug][gc,age       ] GC(149) Desired survivor size 15400960 bytes, new threshold 6 (max threshold 6)
[142.832s][info ][gc,heap      ] GC(149) ParNew: 249567K->6587K(270976K)
[142.832s][info ][gc,heap      ] GC(149) CMS: 242826K->243616K(602112K)
[142.832s][info ][gc,metaspace ] GC(149) Metaspace: 56760K->56760K(1101824K)
[142.832s][info ][gc           ] GC(149) Pause Young (Allocation Failure) 480M->244M(852M) 8.104ms
[142.832s][info ][gc,cpu       ] GC(149) User=0.01s Sys=0.01s Real=0.00s
[142.832s][info ][safepoint    ] Leaving safepoint region
[142.832s][info ][safepoint    ] Total time for which application threads were stopped: 0.0082564 seconds, Stopping threads took: 0.0000280 seconds
[143.832s][info ][safepoint    ] Application time: 1.0001479 seconds
[143.832s][info ][safepoint    ] Entering safepoint region: Cleanup
[143.832s][info ][safepoint    ] Leaving safepoint region
[143.832s][info ][safepoint    ] Total time for which application threads were stopped: 0.0001041 seconds, Stopping threads took: 0.0000426 seconds
[144.833s][info ][safepoint    ] Application time: 1.0000869 seconds
[144.833s][info ][safepoint    ] Entering safepoint region: Cleanup
[144.833s][info ][safepoint    ] Leaving safepoint region
[144.833s][info ][safepoint    ] Total time for which application threads were stopped: 0.0001170 seconds, Stopping threads took: 0.0000400 seconds
[145.026s][info ][safepoint    ] Application time: 0.1928885 seconds
[145.026s][info ][safepoint    ] Entering safepoint region: GenCollectForAllocation
[145.026s][info ][gc,start     ] GC(150) Pause Young (Allocation Failure)
[145.026s][info ][gc,task      ] GC(150) Using 4 workers of 4 for evacuation
[145.032s][debug][gc,ref       ] GC(150) Skipped phase1 of Reference Processing due to unavailable references
[145.032s][debug][gc,ref       ] GC(150) Skipped phase3 of Reference Processing due to unavailable references
[145.032s][debug][gc,ref       ] GC(150) Skipped phase4 of Reference Processing due to unavailable references
[145.033s][debug][gc,age       ] GC(150) Desired survivor size 15400960 bytes, new threshold 6 (max threshold 6)
[145.033s][info ][gc,heap      ] GC(150) ParNew: 247483K->6001K(270976K)
[145.033s][info ][gc,heap      ] GC(150) CMS: 243616K->244321K(602112K)
[145.033s][info ][gc,metaspace ] GC(150) Metaspace: 56760K->56760K(1101824K)
[145.033s][info ][gc           ] GC(150) Pause Young (Allocation Failure) 479M->244M(852M) 6.865ms
[145.033s][info ][gc,cpu       ] GC(150) User=0.02s Sys=0.00s Real=0.00s
[145.033s][info ][safepoint    ] Leaving safepoint region
[145.033s][info ][safepoint    ] Total time for which application threads were stopped: 0.0070315 seconds, Stopping threads took: 0.0000196 seconds
[146.036s][info ][safepoint    ] Application time: 1.0030463 seconds
[146.036s][info ][safepoint    ] Entering safepoint region: Cleanup
[146.036s][info ][safepoint    ] Leaving safepoint region
[146.036s][info ][safepoint    ] Total time for which application threads were stopped: 0.0001434 seconds, Stopping threads took: 0.0000849 seconds
[147.036s][info ][safepoint    ] Application time: 1.0000896 seconds
[147.036s][info ][safepoint    ] Entering safepoint region: Cleanup
[147.036s][info ][safepoint    ] Leaving safepoint region
[147.036s][info ][safepoint    ] Total time for which application threads were stopped: 0.0001480 seconds, Stopping threads took: 0.0000448 seconds
[147.179s][info ][safepoint    ] Application time: 0.1424395 seconds
[147.179s][info ][safepoint    ] Entering safepoint region: GenCollectForAllocation
[147.179s][info ][gc,start     ] GC(151) Pause Young (Allocation Failure)
[147.179s][info ][gc,task      ] GC(151) Using 4 workers of 4 for evacuation
[147.188s][debug][gc,ref       ] GC(151) Skipped phase1 of Reference Processing due to unavailable references
[147.188s][debug][gc,ref       ] GC(151) Skipped phase3 of Reference Processing due to unavailable references
[147.188s][debug][gc,age       ] GC(151) Desired survivor size 15400960 bytes, new threshold 6 (max threshold 6)
[147.188s][info ][gc,heap      ] GC(151) ParNew: 246897K->4214K(270976K)
[147.188s][info ][gc,heap      ] GC(151) CMS: 244321K->244987K(602112K)
[147.188s][info ][gc,metaspace ] GC(151) Metaspace: 56803K->56803K(1101824K)
[147.188s][info ][gc           ] GC(151) Pause Young (Allocation Failure) 479M->243M(852M) 9.351ms
[147.188s][info ][gc,cpu       ] GC(151) User=0.02s Sys=0.00s Real=0.01s
[147.188s][info ][safepoint    ] Leaving safepoint region
[147.188s][info ][safepoint    ] Total time for which application threads were stopped: 0.0095188 seconds, Stopping threads took: 0.0000160 seconds
[148.188s][info ][safepoint    ] Application time: 1.0000926 seconds
[148.188s][info ][safepoint    ] Entering safepoint region: Cleanup
[148.188s][info ][safepoint    ] Leaving safepoint region
[148.188s][info ][safepoint    ] Total time for which application threads were stopped: 0.0001336 seconds, Stopping threads took: 0.0000412 seconds
[149.188s][info ][safepoint    ] Application time: 1.0000931 seconds
[149.189s][info ][safepoint    ] Entering safepoint region: Cleanup
[149.189s][info ][safepoint    ] Leaving safepoint region
[149.189s][info ][safepoint    ] Total time for which application threads were stopped: 0.0001149 seconds, Stopping threads took: 0.0000408 seconds
[149.532s][info ][safepoint    ] Application time: 0.3430423 seconds
[149.532s][info ][safepoint    ] Entering safepoint region: GenCollectForAllocation
[149.532s][info ][gc,start     ] GC(152) Pause Young (Allocation Failure)
[149.532s][info ][gc,task      ] GC(152) Using 4 workers of 4 for evacuation
[149.540s][debug][gc,ref       ] GC(152) Skipped phase1 of Reference Processing due to unavailable references
[149.540s][debug][gc,ref       ] GC(152) Skipped phase3 of Reference Processing due to unavailable references
[149.540s][debug][gc,ref       ] GC(152) Skipped phase4 of Reference Processing due to unavailable references
[149.540s][debug][gc,age       ] GC(152) Desired survivor size 15400960 bytes, new threshold 6 (max threshold 6)
[149.540s][info ][gc,heap      ] GC(152) ParNew: 245110K->4523K(270976K)
[149.540s][info ][gc,heap      ] GC(152) CMS: 244987K->245432K(602112K)
[149.540s][info ][gc,metaspace ] GC(152) Metaspace: 56804K->56804K(1101824K)
[149.540s][info ][gc           ] GC(152) Pause Young (Allocation Failure) 478M->244M(852M) 8.587ms
[149.540s][info ][gc,cpu       ] GC(152) User=0.01s Sys=0.00s Real=0.01s
[149.540s][info ][safepoint    ] Leaving safepoint region
[149.540s][info ][safepoint    ] Total time for which application threads were stopped: 0.0087517 seconds, Stopping threads took: 0.0000182 seconds
[150.541s][info ][safepoint    ] Application time: 1.0001078 seconds
[150.541s][info ][safepoint    ] Entering safepoint region: Cleanup
[150.541s][info ][safepoint    ] Leaving safepoint region
[150.541s][info ][safepoint    ] Total time for which application threads were stopped: 0.0001884 seconds, Stopping threads took: 0.0001083 seconds
[151.543s][info ][safepoint    ] Application time: 1.0024656 seconds
[151.543s][info ][safepoint    ] Entering safepoint region: Cleanup
[151.543s][info ][safepoint    ] Leaving safepoint region
[151.543s][info ][safepoint    ] Total time for which application threads were stopped: 0.0000695 seconds, Stopping threads took: 0.0000174 seconds
[151.756s][info ][safepoint    ] Application time: 0.2121660 seconds
[151.756s][info ][safepoint    ] Entering safepoint region: GenCollectForAllocation
[151.756s][info ][gc,start     ] GC(153) Pause Young (Allocation Failure)
[151.756s][info ][gc,task      ] GC(153) Using 4 workers of 4 for evacuation
[151.770s][debug][gc,ref       ] GC(153) Skipped phase1 of Reference Processing due to unavailable references
[151.770s][debug][gc,ref       ] GC(153) Skipped phase3 of Reference Processing due to unavailable references
[151.770s][debug][gc,ref       ] GC(153) Skipped phase4 of Reference Processing due to unavailable references
[151.770s][debug][gc,age       ] GC(153) Desired survivor size 15400960 bytes, new threshold 6 (max threshold 6)
[151.770s][info ][gc,heap      ] GC(153) ParNew: 245419K->4047K(270976K)
[151.770s][info ][gc,heap      ] GC(153) CMS: 245432K->246002K(602112K)
[151.770s][info ][gc,metaspace ] GC(153) Metaspace: 56807K->56807K(1101824K)
[151.770s][info ][gc           ] GC(153) Pause Young (Allocation Failure) 479M->244M(852M) 14.698ms
[151.770s][info ][gc,cpu       ] GC(153) User=0.04s Sys=0.01s Real=0.01s
[151.770s][info ][safepoint    ] Leaving safepoint region
[151.770s][info ][safepoint    ] Total time for which application threads were stopped: 0.0149037 seconds, Stopping threads took: 0.0000179 seconds
[152.771s][info ][safepoint    ] Application time: 1.0001279 seconds
[152.771s][info ][safepoint    ] Entering safepoint region: Cleanup
[152.771s][info ][safepoint    ] Leaving safepoint region
[152.771s][info ][safepoint    ] Total time for which application threads were stopped: 0.0000862 seconds, Stopping threads took: 0.0000287 seconds
[153.771s][info ][safepoint    ] Application time: 1.0000851 seconds
[153.771s][info ][safepoint    ] Entering safepoint region: Cleanup
[153.771s][info ][safepoint    ] Leaving safepoint region
[153.771s][info ][safepoint    ] Total time for which application threads were stopped: 0.0000860 seconds, Stopping threads took: 0.0000187 seconds
[153.896s][info ][safepoint    ] Application time: 0.1245876 seconds
[153.896s][info ][safepoint    ] Entering safepoint region: GenCollectForAllocation
[153.896s][info ][gc,start     ] GC(154) Pause Young (Allocation Failure)
[153.896s][info ][gc,task      ] GC(154) Using 4 workers of 4 for evacuation
[153.899s][debug][gc,ref       ] GC(154) Skipped phase1 of Reference Processing due to unavailable references
[153.899s][debug][gc,ref       ] GC(154) Skipped phase3 of Reference Processing due to unavailable references
[153.899s][debug][gc,ref       ] GC(154) Skipped phase4 of Reference Processing due to unavailable references
[153.900s][debug][gc,age       ] GC(154) Desired survivor size 15400960 bytes, new threshold 6 (max threshold 6)
[153.900s][info ][gc,heap      ] GC(154) ParNew: 244943K->2572K(270976K)
[153.900s][info ][gc,heap      ] GC(154) CMS: 246002K->247491K(602112K)
[153.900s][info ][gc,metaspace ] GC(154) Metaspace: 56808K->56808K(1101824K)
[153.900s][info ][gc           ] GC(154) Pause Young (Allocation Failure) 479M->244M(852M) 4.108ms
[153.900s][info ][gc,cpu       ] GC(154) User=0.01s Sys=0.00s Real=0.00s
[153.900s][info ][safepoint    ] Leaving safepoint region
[153.900s][info ][safepoint    ] Total time for which application threads were stopped: 0.0043023 seconds, Stopping threads took: 0.0000594 seconds
[154.900s][info ][safepoint    ] Application time: 1.0001473 seconds
[154.900s][info ][safepoint    ] Entering safepoint region: Cleanup
[154.900s][info ][safepoint    ] Leaving safepoint region
[154.900s][info ][safepoint    ] Total time for which application threads were stopped: 0.0000791 seconds, Stopping threads took: 0.0000187 seconds
[155.900s][info ][safepoint    ] Application time: 1.0000771 seconds
[155.900s][info ][safepoint    ] Entering safepoint region: Cleanup
[155.900s][info ][safepoint    ] Leaving safepoint region
[155.900s][info ][safepoint    ] Total time for which application threads were stopped: 0.0001098 seconds, Stopping threads took: 0.0000406 seconds
[156.144s][info ][safepoint    ] Application time: 0.2438465 seconds
[156.144s][info ][safepoint    ] Entering safepoint region: GenCollectForAllocation
[156.144s][info ][gc,start     ] GC(155) Pause Young (Allocation Failure)
[156.144s][info ][gc,task      ] GC(155) Using 4 workers of 4 for evacuation
[156.152s][debug][gc,ref       ] GC(155) Skipped phase1 of Reference Processing due to unavailable references
[156.152s][debug][gc,ref       ] GC(155) Skipped phase3 of Reference Processing due to unavailable references
[156.152s][debug][gc,ref       ] GC(155) Skipped phase4 of Reference Processing due to unavailable references
[156.152s][debug][gc,age       ] GC(155) Desired survivor size 15400960 bytes, new threshold 6 (max threshold 6)
[156.152s][info ][gc,heap      ] GC(155) ParNew: 243468K->1551K(270976K)
[156.152s][info ][gc,heap      ] GC(155) CMS: 247491K->247541K(602112K)
[156.152s][info ][gc,metaspace ] GC(155) Metaspace: 56809K->56809K(1101824K)
[156.152s][info ][gc           ] GC(155) Pause Young (Allocation Failure) 479M->243M(852M) 7.744ms
[156.152s][info ][gc,cpu       ] GC(155) User=0.01s Sys=0.00s Real=0.00s
[156.152s][info ][safepoint    ] Leaving safepoint region
[156.152s][info ][safepoint    ] Total time for which application threads were stopped: 0.0079076 seconds, Stopping threads took: 0.0000161 seconds
[157.152s][info ][safepoint    ] Application time: 1.0001085 seconds
[157.152s][info ][safepoint    ] Entering safepoint region: Cleanup
[157.152s][info ][safepoint    ] Leaving safepoint region
[157.152s][info ][safepoint    ] Total time for which application threads were stopped: 0.0000939 seconds, Stopping threads took: 0.0000160 seconds
[158.152s][info ][safepoint    ] Application time: 1.0000876 seconds
[158.152s][info ][safepoint    ] Entering safepoint region: Cleanup
[158.153s][info ][safepoint    ] Leaving safepoint region
[158.153s][info ][safepoint    ] Total time for which application threads were stopped: 0.0000747 seconds, Stopping threads took: 0.0000185 seconds
[158.487s][info ][safepoint    ] Application time: 0.3342216 seconds
[158.487s][info ][safepoint    ] Entering safepoint region: GenCollectForAllocation
[158.487s][info ][gc,start     ] GC(156) Pause Young (Allocation Failure)
[158.487s][info ][gc,task      ] GC(156) Using 4 workers of 4 for evacuation
[158.490s][debug][gc,ref       ] GC(156) Skipped phase1 of Reference Processing due to unavailable references
[158.490s][debug][gc,ref       ] GC(156) Skipped phase3 of Reference Processing due to unavailable references
[158.490s][debug][gc,ref       ] GC(156) Skipped phase4 of Reference Processing due to unavailable references
[158.490s][debug][gc,age       ] GC(156) Desired survivor size 15400960 bytes, new threshold 6 (max threshold 6)
[158.490s][info ][gc,heap      ] GC(156) ParNew: 242447K->1837K(270976K)
[158.490s][info ][gc,heap      ] GC(156) CMS: 247541K->247570K(602112K)
[158.490s][info ][gc,metaspace ] GC(156) Metaspace: 56818K->56818K(1101824K)
[158.490s][info ][gc           ] GC(156) Pause Young (Allocation Failure) 478M->243M(852M) 2.924ms
[158.490s][info ][gc,cpu       ] GC(156) User=0.01s Sys=0.00s Real=0.00s
[158.490s][info ][safepoint    ] Leaving safepoint region
[158.490s][info ][safepoint    ] Total time for which application threads were stopped: 0.0030613 seconds, Stopping threads took: 0.0000167 seconds
[159.490s][info ][safepoint    ] Application time: 1.0001136 seconds
[159.490s][info ][safepoint    ] Entering safepoint region: Cleanup
[159.490s][info ][safepoint    ] Leaving safepoint region
[159.490s][info ][safepoint    ] Total time for which application threads were stopped: 0.0001209 seconds, Stopping threads took: 0.0000411 seconds
[160.490s][info ][safepoint    ] Application time: 1.0000890 seconds
[160.490s][info ][safepoint    ] Entering safepoint region: Cleanup
[160.490s][info ][safepoint    ] Leaving safepoint region
[160.490s][info ][safepoint    ] Total time for which application threads were stopped: 0.0001058 seconds, Stopping threads took: 0.0000402 seconds
[160.781s][info ][safepoint    ] Application time: 0.2906195 seconds
[160.781s][info ][safepoint    ] Entering safepoint region: GenCollectForAllocation
[160.781s][info ][gc,start     ] GC(157) Pause Young (Allocation Failure)
[160.781s][info ][gc,task      ] GC(157) Using 4 workers of 4 for evacuation
[160.787s][debug][gc,ref       ] GC(157) Skipped phase1 of Reference Processing due to unavailable references
[160.787s][debug][gc,ref       ] GC(157) Skipped phase3 of Reference Processing due to unavailable references
[160.787s][debug][gc,age       ] GC(157) Desired survivor size 15400960 bytes, new threshold 6 (max threshold 6)
[160.787s][info ][gc,heap      ] GC(157) ParNew: 242733K->3000K(270976K)
[160.787s][info ][gc,heap      ] GC(157) CMS: 247570K->247594K(602112K)
[160.788s][info ][gc,metaspace ] GC(157) Metaspace: 56824K->56824K(1101824K)
[160.788s][info ][gc           ] GC(157) Pause Young (Allocation Failure) 478M->244M(852M) 6.362ms
[160.788s][info ][gc,cpu       ] GC(157) User=0.02s Sys=0.00s Real=0.01s
[160.788s][info ][safepoint    ] Leaving safepoint region
[160.788s][info ][safepoint    ] Total time for which application threads were stopped: 0.0065445 seconds, Stopping threads took: 0.0000167 seconds
[161.788s][info ][safepoint    ] Application time: 1.0001326 seconds
[161.788s][info ][safepoint    ] Entering safepoint region: Cleanup
[161.788s][info ][safepoint    ] Leaving safepoint region
[161.788s][info ][safepoint    ] Total time for which application threads were stopped: 0.0001437 seconds, Stopping threads took: 0.0000419 seconds
[162.788s][info ][safepoint    ] Application time: 1.0000862 seconds
[162.788s][info ][safepoint    ] Entering safepoint region: Cleanup
[162.788s][info ][safepoint    ] Leaving safepoint region
[162.788s][info ][safepoint    ] Total time for which application threads were stopped: 0.0000805 seconds, Stopping threads took: 0.0000185 seconds
[163.183s][info ][safepoint    ] Application time: 0.3946115 seconds
[163.183s][info ][safepoint    ] Entering safepoint region: GenCollectForAllocation
[163.183s][info ][gc,start     ] GC(158) Pause Young (Allocation Failure)
[163.183s][info ][gc,task      ] GC(158) Using 4 workers of 4 for evacuation
[163.192s][debug][gc,ref       ] GC(158) Skipped phase1 of Reference Processing due to unavailable references
[163.192s][debug][gc,ref       ] GC(158) Skipped phase3 of Reference Processing due to unavailable references
[163.192s][debug][gc,ref       ] GC(158) Skipped phase4 of Reference Processing due to unavailable references
[163.192s][debug][gc,age       ] GC(158) Desired survivor size 15400960 bytes, new threshold 6 (max threshold 6)
[163.192s][info ][gc,heap      ] GC(158) ParNew: 243896K->4491K(270976K)
[163.192s][info ][gc,heap      ] GC(158) CMS: 247594K->247652K(602112K)
[163.192s][info ][gc,metaspace ] GC(158) Metaspace: 56830K->56830K(1101824K)
[163.192s][info ][gc           ] GC(158) Pause Young (Allocation Failure) 479M->246M(852M) 9.066ms
[163.192s][info ][gc,cpu       ] GC(158) User=0.01s Sys=0.00s Real=0.01s
[163.192s][info ][safepoint    ] Leaving safepoint region
[163.192s][info ][safepoint    ] Total time for which application threads were stopped: 0.0092264 seconds, Stopping threads took: 0.0000158 seconds
[164.192s][info ][safepoint    ] Application time: 1.0001030 seconds
[164.192s][info ][safepoint    ] Entering safepoint region: Cleanup
[164.192s][info ][safepoint    ] Leaving safepoint region
[164.192s][info ][safepoint    ] Total time for which application threads were stopped: 0.0002070 seconds, Stopping threads took: 0.0000949 seconds
[165.192s][info ][safepoint    ] Application time: 1.0000916 seconds
[165.192s][info ][safepoint    ] Entering safepoint region: Cleanup
[165.193s][info ][safepoint    ] Leaving safepoint region
[165.193s][info ][safepoint    ] Total time for which application threads were stopped: 0.0001338 seconds, Stopping threads took: 0.0000607 seconds
[165.592s][info ][safepoint    ] Application time: 0.3989837 seconds
[165.592s][info ][safepoint    ] Entering safepoint region: GenCollectForAllocation
[165.592s][info ][gc,start     ] GC(159) Pause Young (Allocation Failure)
[165.592s][info ][gc,task      ] GC(159) Using 4 workers of 4 for evacuation
[165.601s][debug][gc,ref       ] GC(159) Skipped phase1 of Reference Processing due to unavailable references
[165.601s][debug][gc,ref       ] GC(159) Skipped phase3 of Reference Processing due to unavailable references
[165.601s][debug][gc,ref       ] GC(159) Skipped phase4 of Reference Processing due to unavailable references
[165.602s][debug][gc,age       ] GC(159) Desired survivor size 15400960 bytes, new threshold 6 (max threshold 6)
[165.602s][info ][gc,heap      ] GC(159) ParNew: 245387K->5492K(270976K)
[165.602s][info ][gc,heap      ] GC(159) CMS: 247652K->247714K(602112K)
[165.602s][info ][gc,metaspace ] GC(159) Metaspace: 56832K->56832K(1101824K)
[165.602s][info ][gc           ] GC(159) Pause Young (Allocation Failure) 481M->247M(852M) 9.955ms
[165.602s][info ][gc,cpu       ] GC(159) User=0.01s Sys=0.00s Real=0.01s
[165.602s][info ][safepoint    ] Leaving safepoint region
[165.602s][info ][safepoint    ] Total time for which application threads were stopped: 0.0101498 seconds, Stopping threads took: 0.0000177 seconds
[166.602s][info ][safepoint    ] Application time: 1.0001032 seconds
[166.602s][info ][safepoint    ] Entering safepoint region: Cleanup
[166.602s][info ][safepoint    ] Leaving safepoint region
[166.602s][info ][safepoint    ] Total time for which application threads were stopped: 0.0000957 seconds, Stopping threads took: 0.0000168 seconds
[167.602s][info ][safepoint    ] Application time: 1.0001081 seconds
[167.602s][info ][safepoint    ] Entering safepoint region: Cleanup
[167.602s][info ][safepoint    ] Leaving safepoint region
[167.602s][info ][safepoint    ] Total time for which application threads were stopped: 0.0002353 seconds, Stopping threads took: 0.0001748 seconds
[168.132s][info ][safepoint    ] Application time: 0.5292903 seconds
[168.132s][info ][safepoint    ] Entering safepoint region: GenCollectForAllocation
[168.132s][info ][gc,start     ] GC(160) Pause Young (Allocation Failure)
[168.132s][info ][gc,task      ] GC(160) Using 4 workers of 4 for evacuation
[168.137s][debug][gc,ref       ] GC(160) Skipped phase1 of Reference Processing due to unavailable references
[168.137s][debug][gc,ref       ] GC(160) Skipped phase3 of Reference Processing due to unavailable references
[168.137s][debug][gc,ref       ] GC(160) Skipped phase4 of Reference Processing due to unavailable references
[168.137s][debug][gc,age       ] GC(160) Desired survivor size 15400960 bytes, new threshold 6 (max threshold 6)
[168.137s][info ][gc,heap      ] GC(160) ParNew: 246388K->5872K(270976K)
[168.137s][info ][gc,heap      ] GC(160) CMS: 247714K->247743K(602112K)
[168.137s][info ][gc,metaspace ] GC(160) Metaspace: 56835K->56835K(1101824K)
[168.137s][info ][gc           ] GC(160) Pause Young (Allocation Failure) 482M->247M(852M) 5.139ms
[168.137s][info ][gc,cpu       ] GC(160) User=0.02s Sys=0.00s Real=0.01s
[168.137s][info ][safepoint    ] Leaving safepoint region
[168.137s][info ][safepoint    ] Total time for which application threads were stopped: 0.0052855 seconds, Stopping threads took: 0.0000176 seconds
[169.137s][info ][safepoint    ] Application time: 1.0001067 seconds
[169.137s][info ][safepoint    ] Entering safepoint region: Cleanup
[169.137s][info ][safepoint    ] Leaving safepoint region
[169.137s][info ][safepoint    ] Total time for which application threads were stopped: 0.0000928 seconds, Stopping threads took: 0.0000162 seconds
[170.137s][info ][safepoint    ] Application time: 1.0000500 seconds
[170.137s][info ][safepoint    ] Entering safepoint region: Cleanup
[170.137s][info ][safepoint    ] Leaving safepoint region
[170.137s][info ][safepoint    ] Total time for which application threads were stopped: 0.0000744 seconds, Stopping threads took: 0.0000163 seconds
[170.727s][info ][safepoint    ] Application time: 0.5893796 seconds
[170.727s][info ][safepoint    ] Entering safepoint region: GenCollectForAllocation
[170.727s][info ][gc,start     ] GC(161) Pause Young (Allocation Failure)
[170.727s][info ][gc,task      ] GC(161) Using 4 workers of 4 for evacuation
[170.732s][debug][gc,ref       ] GC(161) Skipped phase1 of Reference Processing due to unavailable references
[170.732s][debug][gc,ref       ] GC(161) Skipped phase3 of Reference Processing due to unavailable references
[170.732s][debug][gc,ref       ] GC(161) Skipped phase4 of Reference Processing due to unavailable references
[170.732s][debug][gc,age       ] GC(161) Desired survivor size 15400960 bytes, new threshold 6 (max threshold 6)
[170.732s][info ][gc,heap      ] GC(161) ParNew: 246768K->7997K(270976K)
[170.732s][info ][gc,heap      ] GC(161) CMS: 247743K->247782K(602112K)
[170.732s][info ][gc,metaspace ] GC(161) Metaspace: 56839K->56839K(1101824K)
[170.732s][info ][gc           ] GC(161) Pause Young (Allocation Failure) 482M->249M(852M) 5.416ms
[170.732s][info ][gc,cpu       ] GC(161) User=0.02s Sys=0.00s Real=0.00s
[170.732s][info ][safepoint    ] Leaving safepoint region
[170.732s][info ][safepoint    ] Total time for which application threads were stopped: 0.0055944 seconds, Stopping threads took: 0.0000178 seconds
[171.733s][info ][safepoint    ] Application time: 1.0001312 seconds
[171.733s][info ][safepoint    ] Entering safepoint region: Cleanup
[171.733s][info ][safepoint    ] Leaving safepoint region
[171.733s][info ][safepoint    ] Total time for which application threads were stopped: 0.0001514 seconds, Stopping threads took: 0.0000706 seconds
[172.733s][info ][safepoint    ] Application time: 1.0001119 seconds
[172.733s][info ][safepoint    ] Entering safepoint region: Cleanup
[172.733s][info ][safepoint    ] Leaving safepoint region
[172.733s][info ][safepoint    ] Total time for which application threads were stopped: 0.0002111 seconds, Stopping threads took: 0.0000559 seconds
[173.233s][info ][safepoint    ] Application time: 0.4995659 seconds
[173.233s][info ][safepoint    ] Entering safepoint region: GenCollectForAllocation
[173.233s][info ][gc,start     ] GC(162) Pause Young (Allocation Failure)
[173.233s][info ][gc,task      ] GC(162) Using 4 workers of 4 for evacuation
[173.239s][debug][gc,ref       ] GC(162) Skipped phase1 of Reference Processing due to unavailable references
[173.239s][debug][gc,ref       ] GC(162) Skipped phase3 of Reference Processing due to unavailable references
[173.239s][debug][gc,ref       ] GC(162) Skipped phase4 of Reference Processing due to unavailable references
[173.239s][debug][gc,age       ] GC(162) Desired survivor size 15400960 bytes, new threshold 6 (max threshold 6)
[173.239s][info ][gc,heap      ] GC(162) ParNew: 248893K->10338K(270976K)
[173.239s][info ][gc,heap      ] GC(162) CMS: 247782K->247903K(602112K)
[173.239s][info ][gc,metaspace ] GC(162) Metaspace: 56841K->56841K(1101824K)
[173.239s][info ][gc           ] GC(162) Pause Young (Allocation Failure) 485M->252M(852M) 5.913ms
[173.239s][info ][gc,cpu       ] GC(162) User=0.02s Sys=0.00s Real=0.01s
[173.239s][info ][safepoint    ] Leaving safepoint region
[173.239s][info ][safepoint    ] Total time for which application threads were stopped: 0.0061255 seconds, Stopping threads took: 0.0000358 seconds
[174.239s][info ][safepoint    ] Application time: 1.0001006 seconds
[174.239s][info ][safepoint    ] Entering safepoint region: Cleanup
[174.239s][info ][safepoint    ] Leaving safepoint region
[174.239s][info ][safepoint    ] Total time for which application threads were stopped: 0.0001492 seconds, Stopping threads took: 0.0000383 seconds
[175.239s][info ][safepoint    ] Application time: 1.0000813 seconds
[175.239s][info ][safepoint    ] Entering safepoint region: Cleanup
[175.239s][info ][safepoint    ] Leaving safepoint region
[175.239s][info ][safepoint    ] Total time for which application threads were stopped: 0.0000782 seconds, Stopping threads took: 0.0000154 seconds
[175.838s][info ][safepoint    ] Application time: 0.5989410 seconds
[175.839s][info ][safepoint    ] Entering safepoint region: GenCollectForAllocation
[175.839s][info ][gc,start     ] GC(163) Pause Young (Allocation Failure)
[175.839s][info ][gc,task      ] GC(163) Using 4 workers of 4 for evacuation
[175.845s][debug][gc,ref       ] GC(163) Skipped phase1 of Reference Processing due to unavailable references
[175.845s][debug][gc,ref       ] GC(163) Skipped phase2 of Reference Processing due to unavailable references
[175.845s][debug][gc,ref       ] GC(163) Skipped phase3 of Reference Processing due to unavailable references
[175.845s][debug][gc,ref       ] GC(163) Skipped phase4 of Reference Processing due to unavailable references
[175.845s][debug][gc,age       ] GC(163) Desired survivor size 15400960 bytes, new threshold 6 (max threshold 6)
[175.845s][info ][gc,heap      ] GC(163) ParNew: 251234K->10108K(270976K)
[175.845s][info ][gc,heap      ] GC(163) CMS: 247903K->248373K(602112K)
[175.845s][info ][gc,metaspace ] GC(163) Metaspace: 56845K->56845K(1101824K)
[175.845s][info ][gc           ] GC(163) Pause Young (Allocation Failure) 487M->252M(852M) 6.249ms
[175.845s][info ][gc,cpu       ] GC(163) User=0.02s Sys=0.01s Real=0.01s
[175.845s][info ][safepoint    ] Leaving safepoint region
[175.845s][info ][safepoint    ] Total time for which application threads were stopped: 0.0066241 seconds, Stopping threads took: 0.0002257 seconds
[176.845s][info ][safepoint    ] Application time: 1.0000952 seconds
[176.845s][info ][safepoint    ] Entering safepoint region: Cleanup
[176.845s][info ][safepoint    ] Leaving safepoint region
[176.845s][info ][safepoint    ] Total time for which application threads were stopped: 0.0000804 seconds, Stopping threads took: 0.0000166 seconds
[177.845s][info ][safepoint    ] Application time: 1.0001276 seconds
[177.845s][info ][safepoint    ] Entering safepoint region: Cleanup
[177.845s][info ][safepoint    ] Leaving safepoint region
[177.845s][info ][safepoint    ] Total time for which application threads were stopped: 0.0000899 seconds, Stopping threads took: 0.0000168 seconds
[178.475s][info ][safepoint    ] Application time: 0.6297054 seconds
[178.475s][info ][safepoint    ] Entering safepoint region: GenCollectForAllocation
[178.475s][info ][gc,start     ] GC(164) Pause Young (Allocation Failure)
[178.475s][info ][gc,task      ] GC(164) Using 4 workers of 4 for evacuation
[178.482s][debug][gc,ref       ] GC(164) Skipped phase1 of Reference Processing due to unavailable references
[178.482s][debug][gc,ref       ] GC(164) Skipped phase2 of Reference Processing due to unavailable references
[178.482s][debug][gc,ref       ] GC(164) Skipped phase3 of Reference Processing due to unavailable references
[178.482s][debug][gc,ref       ] GC(164) Skipped phase4 of Reference Processing due to unavailable references
[178.482s][debug][gc,age       ] GC(164) Desired survivor size 15400960 bytes, new threshold 6 (max threshold 6)
[178.482s][info ][gc,heap      ] GC(164) ParNew: 251004K->10617K(270976K)
[178.482s][info ][gc,heap      ] GC(164) CMS: 248373K->248853K(602112K)
[178.482s][info ][gc,metaspace ] GC(164) Metaspace: 56849K->56849K(1101824K)
[178.482s][info ][gc           ] GC(164) Pause Young (Allocation Failure) 487M->253M(852M) 6.468ms
[178.482s][info ][gc,cpu       ] GC(164) User=0.02s Sys=0.00s Real=0.01s
[178.482s][info ][safepoint    ] Leaving safepoint region
[178.482s][info ][safepoint    ] Total time for which application threads were stopped: 0.0066268 seconds, Stopping threads took: 0.0000179 seconds
[179.482s][info ][safepoint    ] Application time: 1.0001342 seconds
[179.482s][info ][safepoint    ] Entering safepoint region: Cleanup
[179.482s][info ][safepoint    ] Leaving safepoint region
[179.482s][info ][safepoint    ] Total time for which application threads were stopped: 0.0001248 seconds, Stopping threads took: 0.0000402 seconds
[180.482s][info ][safepoint    ] Application time: 1.0000908 seconds
[180.482s][info ][safepoint    ] Entering safepoint region: Cleanup
[180.482s][info ][safepoint    ] Leaving safepoint region
[180.482s][info ][safepoint    ] Total time for which application threads were stopped: 0.0001392 seconds, Stopping threads took: 0.0000409 seconds
[181.205s][info ][safepoint    ] Application time: 0.7229105 seconds
[181.205s][info ][safepoint    ] Entering safepoint region: GenCollectForAllocation
[181.205s][info ][gc,start     ] GC(165) Pause Young (Allocation Failure)
[181.205s][info ][gc,task      ] GC(165) Using 4 workers of 4 for evacuation
[181.211s][debug][gc,ref       ] GC(165) Skipped phase1 of Reference Processing due to unavailable references
[181.211s][debug][gc,ref       ] GC(165) Skipped phase2 of Reference Processing due to unavailable references
[181.211s][debug][gc,ref       ] GC(165) Skipped phase3 of Reference Processing due to unavailable references
[181.211s][debug][gc,ref       ] GC(165) Skipped phase4 of Reference Processing due to unavailable references
[181.211s][debug][gc,age       ] GC(165) Desired survivor size 15400960 bytes, new threshold 6 (max threshold 6)
[181.211s][info ][gc,heap      ] GC(165) ParNew: 251468K->11320K(270976K)
[181.211s][info ][gc,heap      ] GC(165) CMS: 248853K->249369K(602112K)
[181.211s][info ][gc,metaspace ] GC(165) Metaspace: 56854K->56854K(1101824K)
[181.211s][info ][gc           ] GC(165) Pause Young (Allocation Failure) 488M->254M(852M) 5.786ms
[181.211s][info ][gc,cpu       ] GC(165) User=0.02s Sys=0.00s Real=0.00s
[181.211s][info ][safepoint    ] Leaving safepoint region
[181.211s][info ][safepoint    ] Total time for which application threads were stopped: 0.0059331 seconds, Stopping threads took: 0.0000181 seconds
[182.211s][info ][safepoint    ] Application time: 1.0000981 seconds
[182.211s][info ][safepoint    ] Entering safepoint region: Cleanup
[182.211s][info ][safepoint    ] Leaving safepoint region
[182.211s][info ][safepoint    ] Total time for which application threads were stopped: 0.0000794 seconds, Stopping threads took: 0.0000177 seconds
[183.212s][info ][safepoint    ] Application time: 1.0000932 seconds
[183.212s][info ][safepoint    ] Entering safepoint region: Cleanup
[183.212s][info ][safepoint    ] Leaving safepoint region
[183.212s][info ][safepoint    ] Total time for which application threads were stopped: 0.0000885 seconds, Stopping threads took: 0.0000170 seconds
[183.943s][info ][safepoint    ] Application time: 0.7313096 seconds
[183.943s][info ][safepoint    ] Entering safepoint region: GenCollectForAllocation
[183.943s][info ][gc,start     ] GC(166) Pause Young (Allocation Failure)
[183.943s][info ][gc,task      ] GC(166) Using 4 workers of 4 for evacuation
[183.954s][debug][gc,ref       ] GC(166) Skipped phase1 of Reference Processing due to unavailable references
[183.954s][debug][gc,ref       ] GC(166) Skipped phase3 of Reference Processing due to unavailable references
[183.954s][debug][gc,age       ] GC(166) Desired survivor size 15400960 bytes, new threshold 6 (max threshold 6)
[183.954s][info ][gc,heap      ] GC(166) ParNew: 252216K->7921K(270976K)
[183.954s][info ][gc,heap      ] GC(166) CMS: 249369K->249801K(602112K)
[183.954s][info ][gc,metaspace ] GC(166) Metaspace: 56856K->56856K(1101824K)
[183.954s][info ][gc           ] GC(166) Pause Young (Allocation Failure) 489M->251M(852M) 10.433ms
[183.954s][info ][gc,cpu       ] GC(166) User=0.04s Sys=0.00s Real=0.01s
[183.954s][info ][safepoint    ] Leaving safepoint region
[183.954s][info ][safepoint    ] Total time for which application threads were stopped: 0.0106200 seconds, Stopping threads took: 0.0000203 seconds
[184.954s][info ][safepoint    ] Application time: 1.0000984 seconds
[184.954s][info ][safepoint    ] Entering safepoint region: Cleanup
[184.954s][info ][safepoint    ] Leaving safepoint region
[184.954s][info ][safepoint    ] Total time for which application threads were stopped: 0.0000767 seconds, Stopping threads took: 0.0000163 seconds
[185.954s][info ][safepoint    ] Application time: 1.0000547 seconds
[185.954s][info ][safepoint    ] Entering safepoint region: Cleanup
[185.954s][info ][safepoint    ] Leaving safepoint region
[185.954s][info ][safepoint    ] Total time for which application threads were stopped: 0.0000670 seconds, Stopping threads took: 0.0000170 seconds
[186.826s][info ][safepoint    ] Application time: 0.8715468 seconds
[186.826s][info ][safepoint    ] Entering safepoint region: GenCollectForAllocation
[186.826s][info ][gc,start     ] GC(167) Pause Young (Allocation Failure)
[186.826s][info ][gc,task      ] GC(167) Using 4 workers of 4 for evacuation
[186.832s][debug][gc,ref       ] GC(167) Skipped phase1 of Reference Processing due to unavailable references
[186.832s][debug][gc,ref       ] GC(167) Skipped phase2 of Reference Processing due to unavailable references
[186.832s][debug][gc,ref       ] GC(167) Skipped phase3 of Reference Processing due to unavailable references
[186.832s][debug][gc,ref       ] GC(167) Skipped phase4 of Reference Processing due to unavailable references
[186.832s][debug][gc,age       ] GC(167) Desired survivor size 15400960 bytes, new threshold 6 (max threshold 6)
[186.832s][info ][gc,heap      ] GC(167) ParNew: 248817K->9434K(270976K)
[186.832s][info ][gc,heap      ] GC(167) CMS: 249801K->251382K(602112K)
[186.832s][info ][gc,metaspace ] GC(167) Metaspace: 56856K->56856K(1101824K)
[186.832s][info ][gc           ] GC(167) Pause Young (Allocation Failure) 486M->254M(852M) 6.218ms
[186.832s][info ][gc,cpu       ] GC(167) User=0.02s Sys=0.00s Real=0.00s
[186.832s][info ][safepoint    ] Leaving safepoint region
[186.832s][info ][safepoint    ] Total time for which application threads were stopped: 0.0063774 seconds, Stopping threads took: 0.0000195 seconds
[187.832s][info ][safepoint    ] Application time: 1.0000948 seconds
[187.832s][info ][safepoint    ] Entering safepoint region: Cleanup
[187.833s][info ][safepoint    ] Leaving safepoint region
[187.833s][info ][safepoint    ] Total time for which application threads were stopped: 0.0001561 seconds, Stopping threads took: 0.0000767 seconds
[188.833s][info ][safepoint    ] Application time: 1.0000959 seconds
[188.833s][info ][safepoint    ] Entering safepoint region: Cleanup
[188.833s][info ][safepoint    ] Leaving safepoint region
[188.833s][info ][safepoint    ] Total time for which application threads were stopped: 0.0001287 seconds, Stopping threads took: 0.0000668 seconds
[189.831s][info ][safepoint    ] Application time: 0.9986372 seconds
[189.832s][info ][safepoint    ] Entering safepoint region: GenCollectForAllocation
[189.832s][info ][gc,start     ] GC(168) Pause Young (Allocation Failure)
[189.832s][info ][gc,task      ] GC(168) Using 4 workers of 4 for evacuation
[189.838s][debug][gc,ref       ] GC(168) Skipped phase1 of Reference Processing due to unavailable references
[189.838s][debug][gc,ref       ] GC(168) Skipped phase2 of Reference Processing due to unavailable references
[189.838s][debug][gc,ref       ] GC(168) Skipped phase3 of Reference Processing due to unavailable references
[189.838s][debug][gc,ref       ] GC(168) Skipped phase4 of Reference Processing due to unavailable references
[189.838s][debug][gc,age       ] GC(168) Desired survivor size 15400960 bytes, new threshold 6 (max threshold 6)
[189.838s][info ][gc,heap      ] GC(168) ParNew: 250330K->6338K(270976K)
[189.838s][info ][gc,heap      ] GC(168) CMS: 251382K->251968K(602112K)
[189.838s][info ][gc,metaspace ] GC(168) Metaspace: 56860K->56860K(1101824K)
[189.838s][info ][gc           ] GC(168) Pause Young (Allocation Failure) 489M->252M(852M) 6.233ms
[189.838s][info ][gc,cpu       ] GC(168) User=0.02s Sys=0.00s Real=0.01s
[189.838s][info ][safepoint    ] Leaving safepoint region
[189.838s][info ][safepoint    ] Total time for which application threads were stopped: 0.0064497 seconds, Stopping threads took: 0.0000598 seconds
[190.838s][info ][safepoint    ] Application time: 1.0001036 seconds
[190.838s][info ][safepoint    ] Entering safepoint region: Cleanup
[190.838s][info ][safepoint    ] Leaving safepoint region
[190.838s][info ][safepoint    ] Total time for which application threads were stopped: 0.0000661 seconds, Stopping threads took: 0.0000189 seconds
[191.838s][info ][safepoint    ] Application time: 1.0000950 seconds
[191.838s][info ][safepoint    ] Entering safepoint region: Cleanup
[191.838s][info ][safepoint    ] Leaving safepoint region
[191.838s][info ][safepoint    ] Total time for which application threads were stopped: 0.0000787 seconds, Stopping threads took: 0.0000165 seconds
[192.786s][info ][safepoint    ] Application time: 0.9478027 seconds
[192.786s][info ][safepoint    ] Entering safepoint region: GenCollectForAllocation
[192.786s][info ][gc,start     ] GC(169) Pause Young (Allocation Failure)
[192.786s][info ][gc,task      ] GC(169) Using 4 workers of 4 for evacuation
[192.792s][debug][gc,ref       ] GC(169) Skipped phase1 of Reference Processing due to unavailable references
[192.792s][debug][gc,ref       ] GC(169) Skipped phase2 of Reference Processing due to unavailable references
[192.792s][debug][gc,ref       ] GC(169) Skipped phase3 of Reference Processing due to unavailable references
[192.792s][debug][gc,ref       ] GC(169) Skipped phase4 of Reference Processing due to unavailable references
[192.792s][debug][gc,age       ] GC(169) Desired survivor size 15400960 bytes, new threshold 6 (max threshold 6)
[192.792s][info ][gc,heap      ] GC(169) ParNew: 247234K->5658K(270976K)
[192.792s][info ][gc,heap      ] GC(169) CMS: 251968K->252603K(602112K)
[192.792s][info ][gc,metaspace ] GC(169) Metaspace: 56860K->56860K(1101824K)
[192.792s][info ][gc           ] GC(169) Pause Young (Allocation Failure) 487M->252M(852M) 5.725ms
[192.792s][info ][gc,cpu       ] GC(169) User=0.03s Sys=0.00s Real=0.00s
[192.792s][info ][safepoint    ] Leaving safepoint region
[192.792s][info ][safepoint    ] Total time for which application threads were stopped: 0.0058928 seconds, Stopping threads took: 0.0000173 seconds
[193.792s][info ][safepoint    ] Application time: 1.0000915 seconds
[193.792s][info ][safepoint    ] Entering safepoint region: Cleanup
[193.792s][info ][safepoint    ] Leaving safepoint region
[193.792s][info ][safepoint    ] Total time for which application threads were stopped: 0.0001288 seconds, Stopping threads took: 0.0000566 seconds
[194.793s][info ][safepoint    ] Application time: 1.0001265 seconds
[194.793s][info ][safepoint    ] Entering safepoint region: Cleanup
[194.793s][info ][safepoint    ] Leaving safepoint region
[194.793s][info ][safepoint    ] Total time for which application threads were stopped: 0.0000724 seconds, Stopping threads took: 0.0000160 seconds
[195.673s][info ][safepoint    ] Application time: 0.8800295 seconds
[195.673s][info ][safepoint    ] Entering safepoint region: GenCollectForAllocation
[195.673s][info ][gc,start     ] GC(170) Pause Young (Allocation Failure)
[195.673s][info ][gc,task      ] GC(170) Using 4 workers of 4 for evacuation
[195.679s][debug][gc,ref       ] GC(170) Skipped phase1 of Reference Processing due to unavailable references
[195.679s][debug][gc,ref       ] GC(170) Skipped phase3 of Reference Processing due to unavailable references
[195.679s][debug][gc,ref       ] GC(170) Skipped phase4 of Reference Processing due to unavailable references
[195.679s][debug][gc,age       ] GC(170) Desired survivor size 15400960 bytes, new threshold 6 (max threshold 6)
[195.679s][info ][gc,heap      ] GC(170) ParNew: 246554K->5026K(270976K)
[195.679s][info ][gc,heap      ] GC(170) CMS: 252603K->254715K(602112K)
[195.679s][info ][gc,metaspace ] GC(170) Metaspace: 56862K->56862K(1101824K)
[195.679s][info ][gc           ] GC(170) Pause Young (Allocation Failure) 487M->253M(852M) 6.029ms
[195.679s][info ][gc,cpu       ] GC(170) User=0.02s Sys=0.00s Real=0.01s
[195.679s][info ][safepoint    ] Leaving safepoint region
[195.679s][info ][safepoint    ] Total time for which application threads were stopped: 0.0062520 seconds, Stopping threads took: 0.0000782 seconds
[196.679s][info ][safepoint    ] Application time: 1.0001397 seconds
[196.679s][info ][safepoint    ] Entering safepoint region: Cleanup
[196.679s][info ][safepoint    ] Leaving safepoint region
[196.679s][info ][safepoint    ] Total time for which application threads were stopped: 0.0001309 seconds, Stopping threads took: 0.0000639 seconds
[197.679s][info ][safepoint    ] Application time: 1.0001392 seconds
[197.680s][info ][safepoint    ] Entering safepoint region: Cleanup
[197.680s][info ][safepoint    ] Leaving safepoint region
[197.680s][info ][safepoint    ] Total time for which application threads were stopped: 0.0001366 seconds, Stopping threads took: 0.0000612 seconds
[198.425s][info ][safepoint    ] Application time: 0.7450121 seconds
[198.425s][info ][safepoint    ] Entering safepoint region: GenCollectForAllocation
[198.425s][info ][gc,start     ] GC(171) Pause Young (Allocation Failure)
[198.425s][info ][gc,task      ] GC(171) Using 4 workers of 4 for evacuation
[198.429s][debug][gc,ref       ] GC(171) Skipped phase1 of Reference Processing due to unavailable references
[198.429s][debug][gc,ref       ] GC(171) Skipped phase3 of Reference Processing due to unavailable references
[198.429s][debug][gc,ref       ] GC(171) Skipped phase4 of Reference Processing due to unavailable references
[198.429s][debug][gc,age       ] GC(171) Desired survivor size 15400960 bytes, new threshold 6 (max threshold 6)
[198.429s][info ][gc,heap      ] GC(171) ParNew: 245922K->3543K(270976K)
[198.429s][info ][gc,heap      ] GC(171) CMS: 254715K->255636K(602112K)
[198.429s][info ][gc,metaspace ] GC(171) Metaspace: 56862K->56862K(1101824K)
[198.429s][info ][gc           ] GC(171) Pause Young (Allocation Failure) 488M->253M(852M) 4.055ms
[198.429s][info ][gc,cpu       ] GC(171) User=0.01s Sys=0.00s Real=0.00s
[198.429s][info ][safepoint    ] Leaving safepoint region
[198.429s][info ][safepoint    ] Total time for which application threads were stopped: 0.0041922 seconds, Stopping threads took: 0.0000177 seconds
[199.429s][info ][safepoint    ] Application time: 1.0001362 seconds
[199.429s][info ][safepoint    ] Entering safepoint region: Cleanup
[199.429s][info ][safepoint    ] Leaving safepoint region
[199.429s][info ][safepoint    ] Total time for which application threads were stopped: 0.0001147 seconds, Stopping threads took: 0.0000595 seconds
[200.429s][info ][safepoint    ] Application time: 1.0000933 seconds
[200.429s][info ][safepoint    ] Entering safepoint region: Cleanup
[200.429s][info ][safepoint    ] Leaving safepoint region
[200.429s][info ][safepoint    ] Total time for which application threads were stopped: 0.0001273 seconds, Stopping threads took: 0.0000625 seconds
[201.290s][info ][safepoint    ] Application time: 0.8604611 seconds
[201.290s][info ][safepoint    ] Entering safepoint region: GenCollectForAllocation
[201.290s][info ][gc,start     ] GC(172) Pause Young (Allocation Failure)
[201.290s][info ][gc,task      ] GC(172) Using 4 workers of 4 for evacuation
[201.295s][debug][gc,ref       ] GC(172) Skipped phase1 of Reference Processing due to unavailable references
[201.295s][debug][gc,ref       ] GC(172) Skipped phase3 of Reference Processing due to unavailable references
[201.295s][debug][gc,age       ] GC(172) Desired survivor size 15400960 bytes, new threshold 6 (max threshold 6)
[201.295s][info ][gc,heap      ] GC(172) ParNew: 244439K->2850K(270976K)
[201.295s][info ][gc,heap      ] GC(172) CMS: 255636K->256426K(602112K)
[201.295s][info ][gc,metaspace ] GC(172) Metaspace: 56875K->56875K(1101824K)
[201.295s][info ][gc           ] GC(172) Pause Young (Allocation Failure) 488M->253M(852M) 4.921ms
[201.295s][info ][gc,cpu       ] GC(172) User=0.01s Sys=0.00s Real=0.00s
[201.295s][info ][safepoint    ] Leaving safepoint region
[201.295s][info ][safepoint    ] Total time for which application threads were stopped: 0.0051188 seconds, Stopping threads took: 0.0000179 seconds
[202.295s][info ][safepoint    ] Application time: 1.0000861 seconds
[202.295s][info ][safepoint    ] Entering safepoint region: Cleanup
[202.295s][info ][safepoint    ] Leaving safepoint region
[202.295s][info ][safepoint    ] Total time for which application threads were stopped: 0.0000888 seconds, Stopping threads took: 0.0000175 seconds
[203.295s][info ][safepoint    ] Application time: 1.0001017 seconds
[203.295s][info ][safepoint    ] Entering safepoint region: Cleanup
[203.295s][info ][safepoint    ] Leaving safepoint region
[203.295s][info ][safepoint    ] Total time for which application threads were stopped: 0.0001070 seconds, Stopping threads took: 0.0000184 seconds
[204.132s][info ][safepoint    ] Application time: 0.8365745 seconds
[204.132s][info ][safepoint    ] Entering safepoint region: GenCollectForAllocation
[204.132s][info ][gc,start     ] GC(173) Pause Young (Allocation Failure)
[204.132s][info ][gc,task      ] GC(173) Using 4 workers of 4 for evacuation
[204.137s][debug][gc,ref       ] GC(173) Skipped phase1 of Reference Processing due to unavailable references
[204.137s][debug][gc,ref       ] GC(173) Skipped phase3 of Reference Processing due to unavailable references
[204.137s][debug][gc,ref       ] GC(173) Skipped phase4 of Reference Processing due to unavailable references
[204.137s][debug][gc,age       ] GC(173) Desired survivor size 15400960 bytes, new threshold 6 (max threshold 6)
[204.138s][info ][gc,heap      ] GC(173) ParNew: 243746K->5199K(270976K)
[204.138s][info ][gc,heap      ] GC(173) CMS: 256426K->256526K(602112K)
[204.138s][info ][gc,metaspace ] GC(173) Metaspace: 56876K->56876K(1101824K)
[204.138s][info ][gc           ] GC(173) Pause Young (Allocation Failure) 488M->255M(852M) 5.345ms
[204.138s][info ][gc,cpu       ] GC(173) User=0.01s Sys=0.00s Real=0.01s
[204.138s][info ][safepoint    ] Leaving safepoint region
[204.138s][info ][safepoint    ] Total time for which application threads were stopped: 0.0055231 seconds, Stopping threads took: 0.0000296 seconds
[205.138s][info ][safepoint    ] Application time: 1.0000976 seconds
[205.138s][info ][safepoint    ] Entering safepoint region: Cleanup
[205.138s][info ][safepoint    ] Leaving safepoint region
[205.138s][info ][safepoint    ] Total time for which application threads were stopped: 0.0000711 seconds, Stopping threads took: 0.0000170 seconds
[206.138s][info ][safepoint    ] Application time: 1.0001023 seconds
[206.138s][info ][safepoint    ] Entering safepoint region: Cleanup
[206.138s][info ][safepoint    ] Leaving safepoint region
[206.138s][info ][safepoint    ] Total time for which application threads were stopped: 0.0000725 seconds, Stopping threads took: 0.0000192 seconds
[206.738s][info ][safepoint    ] Application time: 0.6004717 seconds
[206.739s][info ][safepoint    ] Entering safepoint region: GenCollectForAllocation
[206.739s][info ][gc,start     ] GC(174) Pause Young (Allocation Failure)
[206.739s][info ][gc,task      ] GC(174) Using 4 workers of 4 for evacuation
[206.744s][debug][gc,ref       ] GC(174) Skipped phase1 of Reference Processing due to unavailable references
[206.744s][debug][gc,ref       ] GC(174) Skipped phase3 of Reference Processing due to unavailable references
[206.744s][debug][gc,ref       ] GC(174) Skipped phase4 of Reference Processing due to unavailable references
[206.744s][debug][gc,age       ] GC(174) Desired survivor size 15400960 bytes, new threshold 6 (max threshold 6)
[206.744s][info ][gc,heap      ] GC(174) ParNew: 246095K->7858K(270976K)
[206.744s][info ][gc,heap      ] GC(174) CMS: 256526K->256615K(602112K)
[206.744s][info ][gc,metaspace ] GC(174) Metaspace: 56876K->56876K(1101824K)
[206.744s][info ][gc           ] GC(174) Pause Young (Allocation Failure) 490M->258M(852M) 5.235ms
[206.744s][info ][gc,cpu       ] GC(174) User=0.02s Sys=0.00s Real=0.01s
[206.744s][info ][safepoint    ] Leaving safepoint region
[206.744s][info ][safepoint    ] Total time for which application threads were stopped: 0.0054226 seconds, Stopping threads took: 0.0000399 seconds
[207.744s][info ][safepoint    ] Application time: 1.0000961 seconds
[207.744s][info ][safepoint    ] Entering safepoint region: Cleanup
[207.744s][info ][safepoint    ] Leaving safepoint region
[207.744s][info ][safepoint    ] Total time for which application threads were stopped: 0.0000872 seconds, Stopping threads took: 0.0000175 seconds
[208.744s][info ][safepoint    ] Application time: 1.0000878 seconds
[208.744s][info ][safepoint    ] Entering safepoint region: Cleanup
[208.744s][info ][safepoint    ] Leaving safepoint region
[208.744s][info ][safepoint    ] Total time for which application threads were stopped: 0.0002201 seconds, Stopping threads took: 0.0000257 seconds
[209.389s][info ][safepoint    ] Application time: 0.6447350 seconds
[209.389s][info ][safepoint    ] Entering safepoint region: GenCollectForAllocation
[209.389s][info ][gc,start     ] GC(175) Pause Young (Allocation Failure)
[209.389s][info ][gc,task      ] GC(175) Using 4 workers of 4 for evacuation
[209.395s][debug][gc,ref       ] GC(175) Skipped phase1 of Reference Processing due to unavailable references
[209.395s][debug][gc,ref       ] GC(175) Skipped phase3 of Reference Processing due to unavailable references
[209.395s][debug][gc,ref       ] GC(175) Skipped phase4 of Reference Processing due to unavailable references
[209.395s][debug][gc,age       ] GC(175) Desired survivor size 15400960 bytes, new threshold 6 (max threshold 6)
[209.395s][info ][gc,heap      ] GC(175) ParNew: 248754K->10852K(270976K)
[209.395s][info ][gc,heap      ] GC(175) CMS: 256615K->256700K(602112K)
[209.395s][info ][gc,metaspace ] GC(175) Metaspace: 56876K->56876K(1101824K)
[209.395s][info ][gc           ] GC(175) Pause Young (Allocation Failure) 493M->261M(852M) 5.629ms
[209.395s][info ][gc,cpu       ] GC(175) User=0.02s Sys=0.00s Real=0.00s
[209.395s][info ][safepoint    ] Leaving safepoint region
[209.395s][info ][safepoint    ] Total time for which application threads were stopped: 0.0058466 seconds, Stopping threads took: 0.0000306 seconds
[210.395s][info ][safepoint    ] Application time: 1.0001406 seconds
[210.395s][info ][safepoint    ] Entering safepoint region: Cleanup
[210.395s][info ][safepoint    ] Leaving safepoint region
[210.395s][info ][safepoint    ] Total time for which application threads were stopped: 0.0000674 seconds, Stopping threads took: 0.0000150 seconds
[211.395s][info ][safepoint    ] Application time: 1.0001345 seconds
[211.396s][info ][safepoint    ] Entering safepoint region: Cleanup
[211.396s][info ][safepoint    ] Leaving safepoint region
[211.396s][info ][safepoint    ] Total time for which application threads were stopped: 0.0000641 seconds, Stopping threads took: 0.0000154 seconds
[211.982s][info ][safepoint    ] Application time: 0.5860036 seconds
[211.982s][info ][safepoint    ] Entering safepoint region: GenCollectForAllocation
[211.982s][info ][gc,start     ] GC(176) Pause Young (Allocation Failure)
[211.982s][info ][gc,task      ] GC(176) Using 4 workers of 4 for evacuation
[211.987s][debug][gc,ref       ] GC(176) Skipped phase1 of Reference Processing due to unavailable references
[211.987s][debug][gc,ref       ] GC(176) Skipped phase3 of Reference Processing due to unavailable references
[211.987s][debug][gc,ref       ] GC(176) Skipped phase4 of Reference Processing due to unavailable references
[211.987s][debug][gc,age       ] GC(176) Desired survivor size 15400960 bytes, new threshold 6 (max threshold 6)
[211.987s][info ][gc,heap      ] GC(176) ParNew: 251748K->13411K(270976K)
[211.987s][info ][gc,heap      ] GC(176) CMS: 256700K->256884K(602112K)
[211.988s][info ][gc,metaspace ] GC(176) Metaspace: 56888K->56888K(1101824K)
[211.988s][info ][gc           ] GC(176) Pause Young (Allocation Failure) 496M->263M(852M) 5.801ms
[211.988s][info ][gc,cpu       ] GC(176) User=0.02s Sys=0.00s Real=0.01s
[211.988s][info ][safepoint    ] Leaving safepoint region
[211.988s][info ][safepoint    ] Total time for which application threads were stopped: 0.0059408 seconds, Stopping threads took: 0.0000165 seconds
[212.988s][info ][safepoint    ] Application time: 1.0000883 seconds
[212.988s][info ][safepoint    ] Entering safepoint region: Cleanup
[212.988s][info ][safepoint    ] Leaving safepoint region
[212.988s][info ][safepoint    ] Total time for which application threads were stopped: 0.0001344 seconds, Stopping threads took: 0.0000671 seconds
[213.988s][info ][safepoint    ] Application time: 1.0000836 seconds
[213.988s][info ][safepoint    ] Entering safepoint region: Cleanup
[213.988s][info ][safepoint    ] Leaving safepoint region
[213.988s][info ][safepoint    ] Total time for which application threads were stopped: 0.0001236 seconds, Stopping threads took: 0.0000595 seconds
[214.744s][info ][safepoint    ] Application time: 0.7560615 seconds
[214.744s][info ][safepoint    ] Entering safepoint region: GenCollectForAllocation
[214.744s][info ][safepoint    ] Leaving safepoint region
[214.744s][info ][safepoint    ] Total time for which application threads were stopped: 0.0001464 seconds, Stopping threads took: 0.0000745 seconds
[214.745s][info ][safepoint    ] Application time: 0.0002593 seconds
[214.745s][info ][safepoint    ] Entering safepoint region: GenCollectFull
[214.745s][info ][gc,start     ] GC(177) Pause Young (GCLocker Initiated GC)
[214.745s][info ][gc,task      ] GC(177) Using 4 workers of 4 for evacuation
[214.750s][debug][gc,ref       ] GC(177) Skipped phase1 of Reference Processing due to unavailable references
[214.750s][debug][gc,ref       ] GC(177) Skipped phase3 of Reference Processing due to unavailable references
[214.750s][debug][gc,ref       ] GC(177) Skipped phase4 of Reference Processing due to unavailable references
[214.751s][debug][gc,age       ] GC(177) Desired survivor size 15400960 bytes, new threshold 6 (max threshold 6)
[214.751s][info ][gc,heap      ] GC(177) ParNew: 254308K->13931K(270976K)
[214.751s][info ][gc,heap      ] GC(177) CMS: 256884K->257021K(602112K)
[214.751s][info ][gc,metaspace ] GC(177) Metaspace: 56889K->56889K(1101824K)
[214.751s][info ][gc           ] GC(177) Pause Young (GCLocker Initiated GC) 499M->264M(852M) 5.969ms
[214.751s][info ][gc,cpu       ] GC(177) User=0.03s Sys=0.00s Real=0.00s
[214.751s][info ][safepoint    ] Leaving safepoint region
[214.751s][info ][safepoint    ] Total time for which application threads were stopped: 0.0060728 seconds, Stopping threads took: 0.0000113 seconds
[215.751s][info ][safepoint    ] Application time: 1.0000960 seconds
[215.751s][info ][safepoint    ] Entering safepoint region: Cleanup
[215.751s][info ][safepoint    ] Leaving safepoint region
[215.751s][info ][safepoint    ] Total time for which application threads were stopped: 0.0000784 seconds, Stopping threads took: 0.0000288 seconds
[216.751s][info ][safepoint    ] Application time: 1.0001241 seconds
[216.751s][info ][safepoint    ] Entering safepoint region: Cleanup
[216.751s][info ][safepoint    ] Leaving safepoint region
[216.751s][info ][safepoint    ] Total time for which application threads were stopped: 0.0000883 seconds, Stopping threads took: 0.0000278 seconds
[217.735s][info ][safepoint    ] Application time: 0.9839838 seconds
[217.735s][info ][safepoint    ] Entering safepoint region: GenCollectForAllocation
[217.735s][info ][gc,start     ] GC(178) Pause Young (Allocation Failure)
[217.735s][info ][gc,task      ] GC(178) Using 4 workers of 4 for evacuation
[217.741s][debug][gc,ref       ] GC(178) Skipped phase1 of Reference Processing due to unavailable references
[217.741s][debug][gc,ref       ] GC(178) Skipped phase2 of Reference Processing due to unavailable references
[217.741s][debug][gc,ref       ] GC(178) Skipped phase3 of Reference Processing due to unavailable references
[217.741s][debug][gc,ref       ] GC(178) Skipped phase4 of Reference Processing due to unavailable references
[217.741s][debug][gc,age       ] GC(178) Desired survivor size 15400960 bytes, new threshold 6 (max threshold 6)
[217.741s][info ][gc,heap      ] GC(178) ParNew: 254827K->10689K(270976K)
[217.741s][info ][gc,heap      ] GC(178) CMS: 257021K->257112K(602112K)
[217.741s][info ][gc,metaspace ] GC(178) Metaspace: 56891K->56891K(1101824K)
[217.741s][info ][gc           ] GC(178) Pause Young (Allocation Failure) 499M->261M(852M) 6.005ms
[217.741s][info ][gc,cpu       ] GC(178) User=0.03s Sys=0.00s Real=0.01s
[217.741s][info ][safepoint    ] Leaving safepoint region
[217.741s][info ][safepoint    ] Total time for which application threads were stopped: 0.0061550 seconds, Stopping threads took: 0.0000183 seconds
[218.741s][info ][safepoint    ] Application time: 1.0001048 seconds
[218.741s][info ][safepoint    ] Entering safepoint region: Cleanup
[218.742s][info ][safepoint    ] Leaving safepoint region
[218.742s][info ][safepoint    ] Total time for which application threads were stopped: 0.0000931 seconds, Stopping threads took: 0.0000170 seconds
[219.742s][info ][safepoint    ] Application time: 1.0001355 seconds
[219.742s][info ][safepoint    ] Entering safepoint region: Cleanup
[219.742s][info ][safepoint    ] Leaving safepoint region
[219.742s][info ][safepoint    ] Total time for which application threads were stopped: 0.0000661 seconds, Stopping threads took: 0.0000165 seconds
[220.634s][info ][safepoint    ] Application time: 0.8919967 seconds
[220.634s][info ][safepoint    ] Entering safepoint region: GenCollectForAllocation
[220.634s][info ][gc,start     ] GC(179) Pause Young (Allocation Failure)
[220.634s][info ][gc,task      ] GC(179) Using 4 workers of 4 for evacuation
[220.641s][debug][gc,ref       ] GC(179) Skipped phase1 of Reference Processing due to unavailable references
[220.641s][debug][gc,ref       ] GC(179) Skipped phase2 of Reference Processing due to unavailable references
[220.641s][debug][gc,ref       ] GC(179) Skipped phase3 of Reference Processing due to unavailable references
[220.641s][debug][gc,ref       ] GC(179) Skipped phase4 of Reference Processing due to unavailable references
[220.641s][debug][gc,age       ] GC(179) Desired survivor size 15400960 bytes, new threshold 6 (max threshold 6)
[220.641s][info ][gc,heap      ] GC(179) ParNew: 251585K->10485K(270976K)
[220.641s][info ][gc,heap      ] GC(179) CMS: 257112K->258319K(602112K)
[220.641s][info ][gc,metaspace ] GC(179) Metaspace: 56891K->56891K(1101824K)
[220.641s][info ][gc           ] GC(179) Pause Young (Allocation Failure) 496M->262M(852M) 7.247ms
[220.641s][info ][gc,cpu       ] GC(179) User=0.03s Sys=0.00s Real=0.01s
[220.641s][info ][safepoint    ] Leaving safepoint region
[220.641s][info ][safepoint    ] Total time for which application threads were stopped: 0.0074129 seconds, Stopping threads took: 0.0000167 seconds
[221.641s][info ][safepoint    ] Application time: 1.0001437 seconds
[221.641s][info ][safepoint    ] Entering safepoint region: Cleanup
[221.641s][info ][safepoint    ] Leaving safepoint region
[221.641s][info ][safepoint    ] Total time for which application threads were stopped: 0.0000725 seconds, Stopping threads took: 0.0000171 seconds
[222.642s][info ][safepoint    ] Application time: 1.0001354 seconds
[222.642s][info ][safepoint    ] Entering safepoint region: Cleanup
[222.642s][info ][safepoint    ] Leaving safepoint region
[222.642s][info ][safepoint    ] Total time for which application threads were stopped: 0.0000750 seconds, Stopping threads took: 0.0000174 seconds
[223.526s][info ][safepoint    ] Application time: 0.8840536 seconds
[223.526s][info ][safepoint    ] Entering safepoint region: GenCollectForAllocation
[223.526s][info ][gc,start     ] GC(180) Pause Young (Allocation Failure)
[223.526s][info ][gc,task      ] GC(180) Using 4 workers of 4 for evacuation
[223.531s][debug][gc,ref       ] GC(180) Skipped phase1 of Reference Processing due to unavailable references
[223.531s][debug][gc,ref       ] GC(180) Skipped phase3 of Reference Processing due to unavailable references
[223.532s][debug][gc,age       ] GC(180) Desired survivor size 15400960 bytes, new threshold 6 (max threshold 6)
[223.532s][info ][gc,heap      ] GC(180) ParNew: 251381K->9501K(270976K)
[223.532s][info ][gc,heap      ] GC(180) CMS: 258319K->259196K(602112K)
[223.532s][info ][gc,metaspace ] GC(180) Metaspace: 56919K->56919K(1101824K)
[223.532s][info ][gc           ] GC(180) Pause Young (Allocation Failure) 497M->262M(852M) 5.647ms
[223.532s][info ][gc,cpu       ] GC(180) User=0.02s Sys=0.00s Real=0.00s
[223.532s][info ][safepoint    ] Leaving safepoint region
[223.532s][info ][safepoint    ] Total time for which application threads were stopped: 0.0058031 seconds, Stopping threads took: 0.0000177 seconds
[224.532s][info ][safepoint    ] Application time: 1.0000996 seconds
[224.532s][info ][safepoint    ] Entering safepoint region: Cleanup
[224.532s][info ][safepoint    ] Leaving safepoint region
[224.532s][info ][safepoint    ] Total time for which application threads were stopped: 0.0001037 seconds, Stopping threads took: 0.0000408 seconds
[225.532s][info ][safepoint    ] Application time: 1.0001323 seconds
[225.532s][info ][safepoint    ] Entering safepoint region: Cleanup
[225.532s][info ][safepoint    ] Leaving safepoint region
[225.532s][info ][safepoint    ] Total time for which application threads were stopped: 0.0001085 seconds, Stopping threads took: 0.0000392 seconds
[226.326s][info ][safepoint    ] Application time: 0.7941993 seconds
[226.326s][info ][safepoint    ] Entering safepoint region: GenCollectForAllocation
[226.326s][info ][gc,start     ] GC(181) Pause Young (Allocation Failure)
[226.326s][info ][gc,task      ] GC(181) Using 4 workers of 4 for evacuation
[226.333s][debug][gc,ref       ] GC(181) Skipped phase1 of Reference Processing due to unavailable references
[226.333s][debug][gc,ref       ] GC(181) Skipped phase3 of Reference Processing due to unavailable references
[226.333s][debug][gc,ref       ] GC(181) Skipped phase4 of Reference Processing due to unavailable references
[226.333s][debug][gc,age       ] GC(181) Desired survivor size 15400960 bytes, new threshold 6 (max threshold 6)
[226.333s][info ][gc,heap      ] GC(181) ParNew: 250397K->6864K(270976K)
[226.333s][info ][gc,heap      ] GC(181) CMS: 259196K->261177K(602112K)
[226.333s][info ][gc,metaspace ] GC(181) Metaspace: 56919K->56919K(1101824K)
[226.333s][info ][gc           ] GC(181) Pause Young (Allocation Failure) 497M->261M(852M) 6.298ms
[226.333s][info ][gc,cpu       ] GC(181) User=0.03s Sys=0.00s Real=0.00s
[226.333s][info ][safepoint    ] Leaving safepoint region
[226.333s][info ][safepoint    ] Total time for which application threads were stopped: 0.0064500 seconds, Stopping threads took: 0.0000168 seconds
[227.333s][info ][safepoint    ] Application time: 1.0001037 seconds
[227.333s][info ][safepoint    ] Entering safepoint region: Cleanup
[227.333s][info ][safepoint    ] Leaving safepoint region
[227.333s][info ][safepoint    ] Total time for which application threads were stopped: 0.0002556 seconds, Stopping threads took: 0.0001687 seconds
[228.333s][info ][safepoint    ] Application time: 1.0000956 seconds
[228.333s][info ][safepoint    ] Entering safepoint region: Cleanup
[228.333s][info ][safepoint    ] Leaving safepoint region
[228.333s][info ][safepoint    ] Total time for which application threads were stopped: 0.0001102 seconds, Stopping threads took: 0.0000424 seconds
[229.030s][info ][safepoint    ] Application time: 0.6964045 seconds
[229.030s][info ][safepoint    ] Entering safepoint region: GenCollectForAllocation
[229.030s][info ][gc,start     ] GC(182) Pause Young (Allocation Failure)
[229.030s][info ][gc,task      ] GC(182) Using 4 workers of 4 for evacuation
[229.037s][debug][gc,ref       ] GC(182) Skipped phase1 of Reference Processing due to unavailable references
[229.037s][debug][gc,ref       ] GC(182) Skipped phase3 of Reference Processing due to unavailable references
[229.037s][debug][gc,ref       ] GC(182) Skipped phase4 of Reference Processing due to unavailable references
[229.037s][debug][gc,age       ] GC(182) Desired survivor size 15400960 bytes, new threshold 6 (max threshold 6)
[229.037s][info ][gc,heap      ] GC(182) ParNew: 247760K->5256K(270976K)
[229.037s][info ][gc,heap      ] GC(182) CMS: 261177K->263785K(602112K)
[229.037s][info ][gc,metaspace ] GC(182) Metaspace: 56920K->56920K(1101824K)
[229.037s][info ][gc           ] GC(182) Pause Young (Allocation Failure) 497M->262M(852M) 7.015ms
[229.037s][info ][gc,cpu       ] GC(182) User=0.02s Sys=0.00s Real=0.01s
[229.037s][info ][safepoint    ] Leaving safepoint region
[229.037s][info ][safepoint    ] Total time for which application threads were stopped: 0.0071945 seconds, Stopping threads took: 0.0000173 seconds
[230.037s][info ][safepoint    ] Application time: 1.0001067 seconds
[230.037s][info ][safepoint    ] Entering safepoint region: Cleanup
[230.037s][info ][safepoint    ] Leaving safepoint region
[230.037s][info ][safepoint    ] Total time for which application threads were stopped: 0.0001070 seconds, Stopping threads took: 0.0000436 seconds
[231.037s][info ][safepoint    ] Application time: 1.0000941 seconds
[231.037s][info ][safepoint    ] Entering safepoint region: Cleanup
[231.038s][info ][safepoint    ] Leaving safepoint region
[231.038s][info ][safepoint    ] Total time for which application threads were stopped: 0.0000732 seconds, Stopping threads took: 0.0000164 seconds
[231.625s][info ][safepoint    ] Application time: 0.5869622 seconds
[231.625s][info ][safepoint    ] Entering safepoint region: GenCollectForAllocation
[231.625s][info ][gc,start     ] GC(183) Pause Young (Allocation Failure)
[231.625s][info ][gc,task      ] GC(183) Using 4 workers of 4 for evacuation
[231.629s][debug][gc,ref       ] GC(183) Skipped phase1 of Reference Processing due to unavailable references
[231.629s][debug][gc,ref       ] GC(183) Skipped phase2 of Reference Processing due to unavailable references
[231.629s][debug][gc,ref       ] GC(183) Skipped phase3 of Reference Processing due to unavailable references
[231.629s][debug][gc,ref       ] GC(183) Skipped phase4 of Reference Processing due to unavailable references
[231.629s][debug][gc,age       ] GC(183) Desired survivor size 15400960 bytes, new threshold 6 (max threshold 6)
[231.629s][info ][gc,heap      ] GC(183) ParNew: 246152K->2663K(270976K)
[231.629s][info ][gc,heap      ] GC(183) CMS: 263785K->264248K(602112K)
[231.629s][info ][gc,metaspace ] GC(183) Metaspace: 56920K->56920K(1101824K)
[231.629s][info ][gc           ] GC(183) Pause Young (Allocation Failure) 497M->260M(852M) 4.144ms
[231.629s][info ][gc,cpu       ] GC(183) User=0.02s Sys=0.00s Real=0.00s
[231.629s][info ][safepoint    ] Leaving safepoint region
[231.629s][info ][safepoint    ] Total time for which application threads were stopped: 0.0043274 seconds, Stopping threads took: 0.0000184 seconds
[232.629s][info ][safepoint    ] Application time: 1.0001028 seconds
[232.629s][info ][safepoint    ] Entering safepoint region: Cleanup
[232.629s][info ][safepoint    ] Leaving safepoint region
[232.629s][info ][safepoint    ] Total time for which application threads were stopped: 0.0002215 seconds, Stopping threads took: 0.0001206 seconds
[233.629s][info ][safepoint    ] Application time: 1.0000679 seconds
[233.629s][info ][safepoint    ] Entering safepoint region: Cleanup
[233.629s][info ][safepoint    ] Leaving safepoint region
[233.629s][info ][safepoint    ] Total time for which application threads were stopped: 0.0001392 seconds, Stopping threads took: 0.0000647 seconds
[234.233s][info ][safepoint    ] Application time: 0.6036636 seconds
[234.233s][info ][safepoint    ] Entering safepoint region: GenCollectForAllocation
[234.233s][info ][gc,start     ] GC(184) Pause Young (Allocation Failure)
[234.233s][info ][gc,task      ] GC(184) Using 4 workers of 4 for evacuation
[234.237s][debug][gc,ref       ] GC(184) Skipped phase1 of Reference Processing due to unavailable references
[234.237s][debug][gc,ref       ] GC(184) Skipped phase3 of Reference Processing due to unavailable references
[234.237s][debug][gc,age       ] GC(184) Desired survivor size 15400960 bytes, new threshold 6 (max threshold 6)
[234.237s][info ][gc,heap      ] GC(184) ParNew: 243559K->3077K(270976K)
[234.237s][info ][gc,heap      ] GC(184) CMS: 264248K->264363K(602112K)
[234.237s][info ][gc,metaspace ] GC(184) Metaspace: 56925K->56925K(1101824K)
[234.237s][info ][gc           ] GC(184) Pause Young (Allocation Failure) 495M->261M(852M) 3.992ms
[234.237s][info ][gc,cpu       ] GC(184) User=0.02s Sys=0.00s Real=0.01s
[234.237s][info ][safepoint    ] Leaving safepoint region
[234.237s][info ][safepoint    ] Total time for which application threads were stopped: 0.0041427 seconds, Stopping threads took: 0.0000296 seconds
[235.237s][info ][safepoint    ] Application time: 1.0000892 seconds
[235.237s][info ][safepoint    ] Entering safepoint region: Cleanup
[235.238s][info ][safepoint    ] Leaving safepoint region
[235.238s][info ][safepoint    ] Total time for which application threads were stopped: 0.0000863 seconds, Stopping threads took: 0.0000163 seconds
[236.238s][info ][safepoint    ] Application time: 1.0000772 seconds
[236.238s][info ][safepoint    ] Entering safepoint region: Cleanup
[236.238s][info ][safepoint    ] Leaving safepoint region
[236.238s][info ][safepoint    ] Total time for which application threads were stopped: 0.0000864 seconds, Stopping threads took: 0.0000167 seconds
[237.173s][info ][safepoint    ] Application time: 0.9347933 seconds
[237.173s][info ][safepoint    ] Entering safepoint region: GenCollectForAllocation
[237.173s][info ][gc,start     ] GC(185) Pause Young (Allocation Failure)
[237.173s][info ][gc,task      ] GC(185) Using 4 workers of 4 for evacuation
[237.176s][debug][gc,ref       ] GC(185) Skipped phase1 of Reference Processing due to unavailable references
[237.176s][debug][gc,ref       ] GC(185) Skipped phase3 of Reference Processing due to unavailable references
[237.176s][debug][gc,ref       ] GC(185) Skipped phase4 of Reference Processing due to unavailable references
[237.177s][debug][gc,age       ] GC(185) Desired survivor size 15400960 bytes, new threshold 6 (max threshold 6)
[237.177s][info ][gc,heap      ] GC(185) ParNew: 243973K->2683K(270976K)
[237.177s][info ][gc,heap      ] GC(185) CMS: 264363K->264572K(602112K)
[237.177s][info ][gc,metaspace ] GC(185) Metaspace: 56927K->56927K(1101824K)
[237.177s][info ][gc           ] GC(185) Pause Young (Allocation Failure) 496M->260M(852M) 3.932ms
[237.177s][info ][gc,cpu       ] GC(185) User=0.01s Sys=0.00s Real=0.01s
[237.177s][info ][safepoint    ] Leaving safepoint region
[237.177s][info ][safepoint    ] Total time for which application threads were stopped: 0.0041263 seconds, Stopping threads took: 0.0000411 seconds
[238.177s][info ][safepoint    ] Application time: 1.0000650 seconds
[238.177s][info ][safepoint    ] Entering safepoint region: Cleanup
[238.177s][info ][safepoint    ] Leaving safepoint region
[238.177s][info ][safepoint    ] Total time for which application threads were stopped: 0.0001148 seconds, Stopping threads took: 0.0000413 seconds
[239.177s][info ][safepoint    ] Application time: 1.0000950 seconds
[239.177s][info ][safepoint    ] Entering safepoint region: Cleanup
[239.177s][info ][safepoint    ] Leaving safepoint region
[239.177s][info ][safepoint    ] Total time for which application threads were stopped: 0.0001030 seconds, Stopping threads took: 0.0000397 seconds
[239.984s][info ][safepoint    ] Application time: 0.8068343 seconds
[239.984s][info ][safepoint    ] Entering safepoint region: GenCollectForAllocation
[239.984s][info ][gc,start     ] GC(186) Pause Young (Allocation Failure)
[239.984s][info ][gc,task      ] GC(186) Using 4 workers of 4 for evacuation
[239.988s][debug][gc,ref       ] GC(186) Skipped phase1 of Reference Processing due to unavailable references
[239.988s][debug][gc,ref       ] GC(186) Skipped phase3 of Reference Processing due to unavailable references
[239.988s][debug][gc,ref       ] GC(186) Skipped phase4 of Reference Processing due to unavailable references
[239.988s][debug][gc,age       ] GC(186) Desired survivor size 15400960 bytes, new threshold 6 (max threshold 6)
[239.988s][info ][gc,heap      ] GC(186) ParNew: 243579K->3023K(270976K)
[239.988s][info ][gc,heap      ] GC(186) CMS: 264572K->264742K(602112K)
[239.988s][info ][gc,metaspace ] GC(186) Metaspace: 56931K->56931K(1101824K)
[239.988s][info ][gc           ] GC(186) Pause Young (Allocation Failure) 496M->261M(852M) 4.205ms
[239.988s][info ][gc,cpu       ] GC(186) User=0.02s Sys=0.00s Real=0.00s
[239.988s][info ][safepoint    ] Leaving safepoint region
[239.988s][info ][safepoint    ] Total time for which application threads were stopped: 0.0043809 seconds, Stopping threads took: 0.0000300 seconds
[240.989s][info ][safepoint    ] Application time: 1.0001290 seconds
[240.989s][info ][safepoint    ] Entering safepoint region: Cleanup
[240.989s][info ][safepoint    ] Leaving safepoint region
[240.989s][info ][safepoint    ] Total time for which application threads were stopped: 0.0001737 seconds, Stopping threads took: 0.0001045 seconds
[241.989s][info ][safepoint    ] Application time: 1.0000966 seconds
[241.989s][info ][safepoint    ] Entering safepoint region: Cleanup
[241.989s][info ][safepoint    ] Leaving safepoint region
[241.989s][info ][safepoint    ] Total time for which application threads were stopped: 0.0000738 seconds, Stopping threads took: 0.0000175 seconds
[242.989s][info ][safepoint    ] Application time: 1.0000878 seconds
[242.989s][info ][safepoint    ] Entering safepoint region: Cleanup
[242.989s][info ][safepoint    ] Leaving safepoint region
[242.989s][info ][safepoint    ] Total time for which application threads were stopped: 0.0000767 seconds, Stopping threads took: 0.0000171 seconds
[243.033s][info ][safepoint    ] Application time: 0.0435347 seconds
[243.033s][info ][safepoint    ] Entering safepoint region: GenCollectForAllocation
[243.033s][info ][gc,start     ] GC(187) Pause Young (Allocation Failure)
[243.033s][info ][gc,task      ] GC(187) Using 4 workers of 4 for evacuation
[243.036s][debug][gc,ref       ] GC(187) Skipped phase1 of Reference Processing due to unavailable references
[243.036s][debug][gc,ref       ] GC(187) Skipped phase3 of Reference Processing due to unavailable references
[243.036s][debug][gc,ref       ] GC(187) Skipped phase4 of Reference Processing due to unavailable references
[243.036s][debug][gc,age       ] GC(187) Desired survivor size 15400960 bytes, new threshold 6 (max threshold 6)
[243.036s][info ][gc,heap      ] GC(187) ParNew: 243919K->2476K(270976K)
[243.036s][info ][gc,heap      ] GC(187) CMS: 264742K->264969K(602112K)
[243.036s][info ][gc,metaspace ] GC(187) Metaspace: 56933K->56933K(1101824K)
[243.036s][info ][gc           ] GC(187) Pause Young (Allocation Failure) 496M->261M(852M) 3.521ms
[243.036s][info ][gc,cpu       ] GC(187) User=0.02s Sys=0.00s Real=0.01s
[243.036s][info ][safepoint    ] Leaving safepoint region
[243.036s][info ][safepoint    ] Total time for which application threads were stopped: 0.0036590 seconds, Stopping threads took: 0.0000163 seconds
[244.037s][info ][safepoint    ] Application time: 1.0001254 seconds
[244.037s][info ][safepoint    ] Entering safepoint region: Cleanup
[244.037s][info ][safepoint    ] Leaving safepoint region
[244.037s][info ][safepoint    ] Total time for which application threads were stopped: 0.0000947 seconds, Stopping threads took: 0.0000396 seconds
[245.037s][info ][safepoint    ] Application time: 1.0001013 seconds
[245.037s][info ][safepoint    ] Entering safepoint region: Cleanup
[245.037s][info ][safepoint    ] Leaving safepoint region
[245.037s][info ][safepoint    ] Total time for which application threads were stopped: 0.0000967 seconds, Stopping threads took: 0.0000393 seconds
[245.846s][info ][safepoint    ] Application time: 0.8088683 seconds
[245.846s][info ][safepoint    ] Entering safepoint region: GenCollectForAllocation
[245.846s][info ][gc,start     ] GC(188) Pause Young (Allocation Failure)
[245.846s][info ][gc,task      ] GC(188) Using 4 workers of 4 for evacuation
[245.849s][debug][gc,ref       ] GC(188) Skipped phase1 of Reference Processing due to unavailable references
[245.849s][debug][gc,ref       ] GC(188) Skipped phase3 of Reference Processing due to unavailable references
[245.849s][debug][gc,ref       ] GC(188) Skipped phase4 of Reference Processing due to unavailable references
[245.849s][debug][gc,age       ] GC(188) Desired survivor size 15400960 bytes, new threshold 6 (max threshold 6)
[245.849s][info ][gc,heap      ] GC(188) ParNew: 243372K->2277K(270976K)
[245.849s][info ][gc,heap      ] GC(188) CMS: 264969K->265031K(602112K)
[245.849s][info ][gc,metaspace ] GC(188) Metaspace: 56935K->56935K(1101824K)
[245.849s][info ][gc           ] GC(188) Pause Young (Allocation Failure) 496M->261M(852M) 3.478ms
[245.849s][info ][gc,cpu       ] GC(188) User=0.01s Sys=0.00s Real=0.00s
[245.849s][info ][safepoint    ] Leaving safepoint region
[245.849s][info ][safepoint    ] Total time for which application threads were stopped: 0.0036222 seconds, Stopping threads took: 0.0000182 seconds
[246.850s][info ][safepoint    ] Application time: 1.0000871 seconds
[246.850s][info ][safepoint    ] Entering safepoint region: Cleanup
[246.850s][info ][safepoint    ] Leaving safepoint region
[246.850s][info ][safepoint    ] Total time for which application threads were stopped: 0.0000629 seconds, Stopping threads took: 0.0000171 seconds
[247.850s][info ][safepoint    ] Application time: 1.0000678 seconds
[247.850s][info ][safepoint    ] Entering safepoint region: Cleanup
[247.850s][info ][safepoint    ] Leaving safepoint region
[247.850s][info ][safepoint    ] Total time for which application threads were stopped: 0.0000775 seconds, Stopping threads took: 0.0000179 seconds
[248.631s][info ][safepoint    ] Application time: 0.7814030 seconds
[248.631s][info ][safepoint    ] Entering safepoint region: GenCollectForAllocation
[248.631s][info ][gc,start     ] GC(189) Pause Young (Allocation Failure)
[248.631s][info ][gc,task      ] GC(189) Using 4 workers of 4 for evacuation
[248.635s][debug][gc,ref       ] GC(189) Skipped phase1 of Reference Processing due to unavailable references
[248.635s][debug][gc,ref       ] GC(189) Skipped phase3 of Reference Processing due to unavailable references
[248.635s][debug][gc,ref       ] GC(189) Skipped phase4 of Reference Processing due to unavailable references
[248.635s][debug][gc,age       ] GC(189) Desired survivor size 15400960 bytes, new threshold 6 (max threshold 6)
[248.635s][info ][gc,heap      ] GC(189) ParNew: 243173K->2167K(270976K)
[248.635s][info ][gc,heap      ] GC(189) CMS: 265031K->265228K(602112K)
[248.635s][info ][gc,metaspace ] GC(189) Metaspace: 56940K->56940K(1101824K)
[248.635s][info ][gc           ] GC(189) Pause Young (Allocation Failure) 496M->261M(852M) 3.382ms
[248.635s][info ][gc,cpu       ] GC(189) User=0.01s Sys=0.00s Real=0.00s
[248.635s][info ][safepoint    ] Leaving safepoint region
[248.635s][info ][safepoint    ] Total time for which application threads were stopped: 0.0035552 seconds, Stopping threads took: 0.0000312 seconds
[249.635s][info ][safepoint    ] Application time: 1.0001040 seconds
[249.635s][info ][safepoint    ] Entering safepoint region: Cleanup
[249.635s][info ][safepoint    ] Leaving safepoint region
[249.635s][info ][safepoint    ] Total time for which application threads were stopped: 0.0001203 seconds, Stopping threads took: 0.0000436 seconds
[250.635s][info ][safepoint    ] Application time: 1.0000899 seconds
[250.635s][info ][safepoint    ] Entering safepoint region: Cleanup
[250.635s][info ][safepoint    ] Leaving safepoint region
[250.635s][info ][safepoint    ] Total time for which application threads were stopped: 0.0001160 seconds, Stopping threads took: 0.0000408 seconds
[251.492s][info ][safepoint    ] Application time: 0.8565161 seconds
[251.492s][info ][safepoint    ] Entering safepoint region: GenCollectForAllocation
[251.492s][info ][gc,start     ] GC(190) Pause Young (Allocation Failure)
[251.492s][info ][gc,task      ] GC(190) Using 4 workers of 4 for evacuation
[251.495s][debug][gc,ref       ] GC(190) Skipped phase1 of Reference Processing due to unavailable references
[251.495s][debug][gc,ref       ] GC(190) Skipped phase2 of Reference Processing due to unavailable references
[251.495s][debug][gc,ref       ] GC(190) Skipped phase3 of Reference Processing due to unavailable references
[251.495s][debug][gc,ref       ] GC(190) Skipped phase4 of Reference Processing due to unavailable references
[251.496s][debug][gc,age       ] GC(190) Desired survivor size 15400960 bytes, new threshold 6 (max threshold 6)
[251.496s][info ][gc,heap      ] GC(190) ParNew: 243063K->2726K(270976K)
[251.496s][info ][gc,heap      ] GC(190) CMS: 265228K->265534K(602112K)
[251.496s][info ][gc,metaspace ] GC(190) Metaspace: 56942K->56942K(1101824K)
[251.496s][info ][gc           ] GC(190) Pause Young (Allocation Failure) 496M->261M(852M) 3.559ms
[251.496s][info ][gc,cpu       ] GC(190) User=0.01s Sys=0.00s Real=0.00s
[251.496s][info ][safepoint    ] Leaving safepoint region
[251.496s][info ][safepoint    ] Total time for which application threads were stopped: 0.0038365 seconds, Stopping threads took: 0.0001405 seconds
[252.496s][info ][safepoint    ] Application time: 1.0000933 seconds
[252.496s][info ][safepoint    ] Entering safepoint region: Cleanup
[252.496s][info ][safepoint    ] Leaving safepoint region
[252.496s][info ][safepoint    ] Total time for which application threads were stopped: 0.0001285 seconds, Stopping threads took: 0.0000415 seconds
[253.496s][info ][safepoint    ] Application time: 1.0001263 seconds
[253.496s][info ][safepoint    ] Entering safepoint region: Cleanup
[253.496s][info ][safepoint    ] Leaving safepoint region
[253.496s][info ][safepoint    ] Total time for which application threads were stopped: 0.0001051 seconds, Stopping threads took: 0.0000425 seconds
[254.282s][info ][safepoint    ] Application time: 0.7861881 seconds
[254.282s][info ][safepoint    ] Entering safepoint region: GenCollectForAllocation
[254.283s][info ][gc,start     ] GC(191) Pause Young (Allocation Failure)
[254.283s][info ][gc,task      ] GC(191) Using 4 workers of 4 for evacuation
[254.286s][debug][gc,ref       ] GC(191) Skipped phase1 of Reference Processing due to unavailable references
[254.286s][debug][gc,ref       ] GC(191) Skipped phase2 of Reference Processing due to unavailable references
[254.286s][debug][gc,ref       ] GC(191) Skipped phase3 of Reference Processing due to unavailable references
[254.286s][debug][gc,ref       ] GC(191) Skipped phase4 of Reference Processing due to unavailable references
[254.286s][debug][gc,age       ] GC(191) Desired survivor size 15400960 bytes, new threshold 6 (max threshold 6)
[254.286s][info ][gc,heap      ] GC(191) ParNew: 243622K->1758K(270976K)
[254.286s][info ][gc,heap      ] GC(191) CMS: 265534K->265627K(602112K)
[254.286s][info ][gc,metaspace ] GC(191) Metaspace: 56946K->56946K(1101824K)
[254.286s][info ][gc           ] GC(191) Pause Young (Allocation Failure) 497M->261M(852M) 3.925ms
[254.286s][info ][gc,cpu       ] GC(191) User=0.01s Sys=0.00s Real=0.01s
[254.287s][info ][safepoint    ] Leaving safepoint region
[254.287s][info ][safepoint    ] Total time for which application threads were stopped: 0.0040626 seconds, Stopping threads took: 0.0000154 seconds
[255.287s][info ][safepoint    ] Application time: 1.0000932 seconds
[255.287s][info ][safepoint    ] Entering safepoint region: Cleanup
[255.287s][info ][safepoint    ] Leaving safepoint region
[255.287s][info ][safepoint    ] Total time for which application threads were stopped: 0.0001251 seconds, Stopping threads took: 0.0000393 seconds
[256.287s][info ][safepoint    ] Application time: 1.0001018 seconds
[256.287s][info ][safepoint    ] Entering safepoint region: Cleanup
[256.287s][info ][safepoint    ] Leaving safepoint region
[256.287s][info ][safepoint    ] Total time for which application threads were stopped: 0.0000676 seconds, Stopping threads took: 0.0000151 seconds
[257.079s][info ][safepoint    ] Application time: 0.7922416 seconds
[257.079s][info ][safepoint    ] Entering safepoint region: GenCollectForAllocation
[257.079s][info ][gc,start     ] GC(192) Pause Young (Allocation Failure)
[257.079s][info ][gc,task      ] GC(192) Using 4 workers of 4 for evacuation
[257.082s][debug][gc,ref       ] GC(192) Skipped phase1 of Reference Processing due to unavailable references
[257.082s][debug][gc,ref       ] GC(192) Skipped phase2 of Reference Processing due to unavailable references
[257.082s][debug][gc,ref       ] GC(192) Skipped phase3 of Reference Processing due to unavailable references
[257.082s][debug][gc,ref       ] GC(192) Skipped phase4 of Reference Processing due to unavailable references
[257.083s][debug][gc,age       ] GC(192) Desired survivor size 15400960 bytes, new threshold 6 (max threshold 6)
[257.083s][info ][gc,heap      ] GC(192) ParNew: 242654K->2728K(270976K)
[257.083s][info ][gc,heap      ] GC(192) CMS: 265627K->265633K(602112K)
[257.083s][info ][gc,metaspace ] GC(192) Metaspace: 56947K->56947K(1101824K)
[257.083s][info ][gc           ] GC(192) Pause Young (Allocation Failure) 496M->262M(852M) 3.402ms
[257.083s][info ][gc,cpu       ] GC(192) User=0.01s Sys=0.00s Real=0.00s
[257.083s][info ][safepoint    ] Leaving safepoint region
[257.083s][info ][safepoint    ] Total time for which application threads were stopped: 0.0035652 seconds, Stopping threads took: 0.0000157 seconds
[258.083s][info ][safepoint    ] Application time: 1.0000707 seconds
[258.083s][info ][safepoint    ] Entering safepoint region: Cleanup
[258.083s][info ][safepoint    ] Leaving safepoint region
[258.083s][info ][safepoint    ] Total time for which application threads were stopped: 0.0001177 seconds, Stopping threads took: 0.0000404 seconds
[259.083s][info ][safepoint    ] Application time: 1.0000859 seconds
[259.083s][info ][safepoint    ] Entering safepoint region: Cleanup
[259.083s][info ][safepoint    ] Leaving safepoint region
[259.083s][info ][safepoint    ] Total time for which application threads were stopped: 0.0001154 seconds, Stopping threads took: 0.0000387 seconds
[259.888s][info ][safepoint    ] Application time: 0.8043931 seconds
[259.888s][info ][safepoint    ] Entering safepoint region: GenCollectForAllocation
[259.888s][info ][gc,start     ] GC(193) Pause Young (Allocation Failure)
[259.888s][info ][gc,task      ] GC(193) Using 4 workers of 4 for evacuation
[259.892s][debug][gc,ref       ] GC(193) Skipped phase1 of Reference Processing due to unavailable references
[259.892s][debug][gc,ref       ] GC(193) Skipped phase3 of Reference Processing due to unavailable references
[259.892s][debug][gc,ref       ] GC(193) Skipped phase4 of Reference Processing due to unavailable references
[259.892s][debug][gc,age       ] GC(193) Desired survivor size 15400960 bytes, new threshold 6 (max threshold 6)
[259.892s][info ][gc,heap      ] GC(193) ParNew: 243624K->3275K(270976K)
[259.892s][info ][gc,heap      ] GC(193) CMS: 265633K->265656K(602112K)
[259.892s][info ][gc,metaspace ] GC(193) Metaspace: 56952K->56952K(1101824K)
[259.892s][info ][gc           ] GC(193) Pause Young (Allocation Failure) 497M->262M(852M) 3.816ms
[259.892s][info ][gc,cpu       ] GC(193) User=0.01s Sys=0.00s Real=0.00s
[259.892s][info ][safepoint    ] Leaving safepoint region
[259.892s][info ][safepoint    ] Total time for which application threads were stopped: 0.0039877 seconds, Stopping threads took: 0.0000172 seconds
[260.892s][info ][safepoint    ] Application time: 1.0002412 seconds
[260.892s][info ][safepoint    ] Entering safepoint region: Cleanup
[260.892s][info ][safepoint    ] Leaving safepoint region
[260.892s][info ][safepoint    ] Total time for which application threads were stopped: 0.0002311 seconds, Stopping threads took: 0.0000689 seconds
[261.892s][info ][safepoint    ] Application time: 1.0000851 seconds
[261.892s][info ][safepoint    ] Entering safepoint region: Cleanup
[261.892s][info ][safepoint    ] Leaving safepoint region
[261.892s][info ][safepoint    ] Total time for which application threads were stopped: 0.0000890 seconds, Stopping threads took: 0.0000156 seconds
[262.625s][info ][safepoint    ] Application time: 0.7325857 seconds
[262.625s][info ][safepoint    ] Entering safepoint region: GenCollectForAllocation
[262.625s][info ][gc,start     ] GC(194) Pause Young (Allocation Failure)
[262.625s][info ][gc,task      ] GC(194) Using 4 workers of 4 for evacuation
[262.629s][debug][gc,ref       ] GC(194) Skipped phase1 of Reference Processing due to unavailable references
[262.629s][debug][gc,ref       ] GC(194) Skipped phase3 of Reference Processing due to unavailable references
[262.629s][debug][gc,ref       ] GC(194) Skipped phase4 of Reference Processing due to unavailable references
[262.629s][debug][gc,age       ] GC(194) Desired survivor size 15400960 bytes, new threshold 6 (max threshold 6)
[262.629s][info ][gc,heap      ] GC(194) ParNew: 244171K->3986K(270976K)
[262.629s][info ][gc,heap      ] GC(194) CMS: 265656K->265687K(602112K)
[262.629s][info ][gc,metaspace ] GC(194) Metaspace: 56958K->56958K(1101824K)
[262.629s][info ][gc           ] GC(194) Pause Young (Allocation Failure) 497M->263M(852M) 3.969ms
[262.629s][info ][gc,cpu       ] GC(194) User=0.01s Sys=0.00s Real=0.00s
[262.629s][info ][safepoint    ] Leaving safepoint region
[262.629s][info ][safepoint    ] Total time for which application threads were stopped: 0.0041268 seconds, Stopping threads took: 0.0000175 seconds
[263.629s][info ][safepoint    ] Application time: 1.0000959 seconds
[263.629s][info ][safepoint    ] Entering safepoint region: Cleanup
[263.629s][info ][safepoint    ] Leaving safepoint region
[263.629s][info ][safepoint    ] Total time for which application threads were stopped: 0.0001254 seconds, Stopping threads took: 0.0000409 seconds
[264.630s][info ][safepoint    ] Application time: 1.0000904 seconds
[264.630s][info ][safepoint    ] Entering safepoint region: Cleanup
[264.630s][info ][safepoint    ] Leaving safepoint region
[264.630s][info ][safepoint    ] Total time for which application threads were stopped: 0.0001111 seconds, Stopping threads took: 0.0000404 seconds
[265.254s][info ][safepoint    ] Application time: 0.6242099 seconds
[265.254s][info ][safepoint    ] Entering safepoint region: GenCollectForAllocation
[265.254s][info ][gc,start     ] GC(195) Pause Young (Allocation Failure)
[265.254s][info ][gc,task      ] GC(195) Using 4 workers of 4 for evacuation
[265.258s][debug][gc,ref       ] GC(195) Skipped phase1 of Reference Processing due to unavailable references
[265.258s][debug][gc,ref       ] GC(195) Skipped phase3 of Reference Processing due to unavailable references
[265.258s][debug][gc,ref       ] GC(195) Skipped phase4 of Reference Processing due to unavailable references
[265.258s][debug][gc,age       ] GC(195) Desired survivor size 15400960 bytes, new threshold 6 (max threshold 6)
[265.258s][info ][gc,heap      ] GC(195) ParNew: 244882K->4818K(270976K)
[265.258s][info ][gc,heap      ] GC(195) CMS: 265687K->265698K(602112K)
[265.258s][info ][gc,metaspace ] GC(195) Metaspace: 56962K->56962K(1101824K)
[265.258s][info ][gc           ] GC(195) Pause Young (Allocation Failure) 498M->264M(852M) 4.162ms
[265.258s][info ][gc,cpu       ] GC(195) User=0.02s Sys=0.00s Real=0.01s
[265.258s][info ][safepoint    ] Leaving safepoint region
[265.258s][info ][safepoint    ] Total time for which application threads were stopped: 0.0043326 seconds, Stopping threads took: 0.0000171 seconds
[266.258s][info ][safepoint    ] Application time: 1.0001084 seconds
[266.258s][info ][safepoint    ] Entering safepoint region: Cleanup
[266.259s][info ][safepoint    ] Leaving safepoint region
[266.259s][info ][safepoint    ] Total time for which application threads were stopped: 0.0000799 seconds, Stopping threads took: 0.0000161 seconds
[267.259s][info ][safepoint    ] Application time: 1.0000876 seconds
[267.259s][info ][safepoint    ] Entering safepoint region: Cleanup
[267.259s][info ][safepoint    ] Leaving safepoint region
[267.259s][info ][safepoint    ] Total time for which application threads were stopped: 0.0000878 seconds, Stopping threads took: 0.0000178 seconds
[267.932s][info ][safepoint    ] Application time: 0.6733818 seconds
[267.932s][info ][safepoint    ] Entering safepoint region: GenCollectForAllocation
[267.932s][info ][gc,start     ] GC(196) Pause Young (Allocation Failure)
[267.932s][info ][gc,task      ] GC(196) Using 4 workers of 4 for evacuation
[267.940s][debug][gc,ref       ] GC(196) Skipped phase1 of Reference Processing due to unavailable references
[267.940s][debug][gc,ref       ] GC(196) Skipped phase3 of Reference Processing due to unavailable references
[267.940s][debug][gc,age       ] GC(196) Desired survivor size 15400960 bytes, new threshold 6 (max threshold 6)
[267.940s][info ][gc,heap      ] GC(196) ParNew: 245714K->3770K(270976K)
[267.940s][info ][gc,heap      ] GC(196) CMS: 265698K->265799K(602112K)
[267.940s][info ][gc,metaspace ] GC(196) Metaspace: 56972K->56972K(1101824K)
[267.940s][info ][gc           ] GC(196) Pause Young (Allocation Failure) 499M->263M(852M) 7.512ms
[267.940s][info ][gc,cpu       ] GC(196) User=0.02s Sys=0.00s Real=0.01s
[267.940s][info ][safepoint    ] Leaving safepoint region
[267.940s][info ][safepoint    ] Total time for which application threads were stopped: 0.0076674 seconds, Stopping threads took: 0.0000175 seconds
[268.940s][info ][safepoint    ] Application time: 1.0000937 seconds
[268.940s][info ][safepoint    ] Entering safepoint region: Cleanup
[268.940s][info ][safepoint    ] Leaving safepoint region
[268.940s][info ][safepoint    ] Total time for which application threads were stopped: 0.0001174 seconds, Stopping threads took: 0.0000442 seconds
[269.940s][info ][safepoint    ] Application time: 1.0002135 seconds
[269.940s][info ][safepoint    ] Entering safepoint region: Cleanup
[269.940s][info ][safepoint    ] Leaving safepoint region
[269.940s][info ][safepoint    ] Total time for which application threads were stopped: 0.0000647 seconds, Stopping threads took: 0.0000163 seconds
[270.672s][info ][safepoint    ] Application time: 0.7316111 seconds
[270.672s][info ][safepoint    ] Entering safepoint region: GenCollectForAllocation
[270.672s][info ][gc,start     ] GC(197) Pause Young (Allocation Failure)
[270.672s][info ][gc,task      ] GC(197) Using 4 workers of 4 for evacuation
[270.677s][debug][gc,ref       ] GC(197) Skipped phase1 of Reference Processing due to unavailable references
[270.677s][debug][gc,ref       ] GC(197) Skipped phase3 of Reference Processing due to unavailable references
[270.677s][debug][gc,ref       ] GC(197) Skipped phase4 of Reference Processing due to unavailable references
[270.677s][debug][gc,age       ] GC(197) Desired survivor size 15400960 bytes, new threshold 6 (max threshold 6)
[270.677s][info ][gc,heap      ] GC(197) ParNew: 244666K->4557K(270976K)
[270.677s][info ][gc,heap      ] GC(197) CMS: 265799K->265989K(602112K)
[270.677s][info ][gc,metaspace ] GC(197) Metaspace: 56973K->56973K(1101824K)
[270.677s][info ][gc           ] GC(197) Pause Young (Allocation Failure) 498M->264M(852M) 5.035ms
[270.677s][info ][gc,cpu       ] GC(197) User=0.02s Sys=0.00s Real=0.01s
[270.677s][info ][safepoint    ] Leaving safepoint region
[270.677s][info ][safepoint    ] Total time for which application threads were stopped: 0.0051993 seconds, Stopping threads took: 0.0000307 seconds
[271.680s][info ][safepoint    ] Application time: 1.0031962 seconds
[271.681s][info ][safepoint    ] Entering safepoint region: Cleanup
[271.681s][info ][safepoint    ] Leaving safepoint region
[271.681s][info ][safepoint    ] Total time for which application threads were stopped: 0.0001497 seconds, Stopping threads took: 0.0000747 seconds
[272.681s][info ][safepoint    ] Application time: 1.0000950 seconds
[272.681s][info ][safepoint    ] Entering safepoint region: Cleanup
[272.681s][info ][safepoint    ] Leaving safepoint region
[272.681s][info ][safepoint    ] Total time for which application threads were stopped: 0.0001138 seconds, Stopping threads took: 0.0000427 seconds
[273.333s][info ][safepoint    ] Application time: 0.6516135 seconds
[273.333s][info ][safepoint    ] Entering safepoint region: GenCollectForAllocation
[273.333s][info ][gc,start     ] GC(198) Pause Young (Allocation Failure)
[273.333s][info ][gc,task      ] GC(198) Using 4 workers of 4 for evacuation
[273.337s][debug][gc,ref       ] GC(198) Skipped phase1 of Reference Processing due to unavailable references
[273.337s][debug][gc,ref       ] GC(198) Skipped phase3 of Reference Processing due to unavailable references
[273.337s][debug][gc,ref       ] GC(198) Skipped phase4 of Reference Processing due to unavailable references
[273.337s][debug][gc,age       ] GC(198) Desired survivor size 15400960 bytes, new threshold 6 (max threshold 6)
[273.337s][info ][gc,heap      ] GC(198) ParNew: 245453K->5107K(270976K)
[273.337s][info ][gc,heap      ] GC(198) CMS: 265989K->266131K(602112K)
[273.337s][info ][gc,metaspace ] GC(198) Metaspace: 56974K->56974K(1101824K)
[273.337s][info ][gc           ] GC(198) Pause Young (Allocation Failure) 499M->264M(852M) 4.548ms
[273.337s][info ][gc,cpu       ] GC(198) User=0.02s Sys=0.00s Real=0.01s
[273.337s][info ][safepoint    ] Leaving safepoint region
[273.337s][info ][safepoint    ] Total time for which application threads were stopped: 0.0047163 seconds, Stopping threads took: 0.0000173 seconds
[274.337s][info ][safepoint    ] Application time: 1.0001130 seconds
[274.337s][info ][safepoint    ] Entering safepoint region: Cleanup
[274.338s][info ][safepoint    ] Leaving safepoint region
[274.338s][info ][safepoint    ] Total time for which application threads were stopped: 0.0000960 seconds, Stopping threads took: 0.0000389 seconds
[275.338s][info ][safepoint    ] Application time: 1.0001027 seconds
[275.338s][info ][safepoint    ] Entering safepoint region: Cleanup
[275.338s][info ][safepoint    ] Leaving safepoint region
[275.338s][info ][safepoint    ] Total time for which application threads were stopped: 0.0001480 seconds, Stopping threads took: 0.0000809 seconds
[276.338s][info ][safepoint    ] Application time: 1.0000435 seconds
[276.338s][info ][safepoint    ] Entering safepoint region: Cleanup
[276.338s][info ][safepoint    ] Leaving safepoint region
[276.338s][info ][safepoint    ] Total time for which application threads were stopped: 0.0000718 seconds, Stopping threads took: 0.0000170 seconds
[276.383s][info ][safepoint    ] Application time: 0.0447465 seconds
[276.383s][info ][safepoint    ] Entering safepoint region: GenCollectForAllocation
[276.383s][info ][gc,start     ] GC(199) Pause Young (Allocation Failure)
[276.383s][info ][gc,task      ] GC(199) Using 4 workers of 4 for evacuation
[276.388s][debug][gc,ref       ] GC(199) Skipped phase1 of Reference Processing due to unavailable references
[276.388s][debug][gc,ref       ] GC(199) Skipped phase3 of Reference Processing due to unavailable references
[276.388s][debug][gc,ref       ] GC(199) Skipped phase4 of Reference Processing due to unavailable references
[276.388s][debug][gc,age       ] GC(199) Desired survivor size 15400960 bytes, new threshold 6 (max threshold 6)
[276.388s][info ][gc,heap      ] GC(199) ParNew: 246003K->5031K(270976K)
[276.388s][info ][gc,heap      ] GC(199) CMS: 266131K->266408K(602112K)
[276.388s][info ][gc,metaspace ] GC(199) Metaspace: 56995K->56995K(1101824K)
[276.388s][info ][gc           ] GC(199) Pause Young (Allocation Failure) 500M->265M(852M) 4.908ms
[276.388s][info ][gc,cpu       ] GC(199) User=0.02s Sys=0.00s Real=0.01s
[276.388s][info ][safepoint    ] Leaving safepoint region
[276.388s][info ][safepoint    ] Total time for which application threads were stopped: 0.0050548 seconds, Stopping threads took: 0.0000165 seconds
[277.388s][info ][safepoint    ] Application time: 1.0003993 seconds
[277.390s][info ][safepoint    ] Entering safepoint region: Cleanup
[277.390s][info ][safepoint    ] Leaving safepoint region
[277.390s][info ][safepoint    ] Total time for which application threads were stopped: 0.0014919 seconds, Stopping threads took: 0.0014243 seconds
[278.390s][info ][safepoint    ] Application time: 1.0000863 seconds
[278.390s][info ][safepoint    ] Entering safepoint region: Cleanup
[278.390s][info ][safepoint    ] Leaving safepoint region
[278.390s][info ][safepoint    ] Total time for which application threads were stopped: 0.0001540 seconds, Stopping threads took: 0.0000964 seconds
[279.274s][info ][safepoint    ] Application time: 0.8834243 seconds
[279.274s][info ][safepoint    ] Entering safepoint region: GenCollectForAllocation
[279.274s][info ][gc,start     ] GC(200) Pause Young (Allocation Failure)
[279.274s][info ][gc,task      ] GC(200) Using 4 workers of 4 for evacuation
[279.280s][debug][gc,ref       ] GC(200) Skipped phase1 of Reference Processing due to unavailable references
[279.280s][debug][gc,ref       ] GC(200) Skipped phase3 of Reference Processing due to unavailable references
[279.280s][debug][gc,ref       ] GC(200) Skipped phase4 of Reference Processing due to unavailable references
[279.280s][debug][gc,age       ] GC(200) Desired survivor size 15400960 bytes, new threshold 6 (max threshold 6)
[279.280s][info ][gc,heap      ] GC(200) ParNew: 245927K->4315K(270976K)
[279.280s][info ][gc,heap      ] GC(200) CMS: 266408K->266896K(602112K)
[279.280s][info ][gc,metaspace ] GC(200) Metaspace: 56996K->56996K(1101824K)
[279.280s][info ][gc           ] GC(200) Pause Young (Allocation Failure) 500M->264M(852M) 6.159ms
[279.280s][info ][gc,cpu       ] GC(200) User=0.02s Sys=0.00s Real=0.01s
[279.280s][info ][safepoint    ] Leaving safepoint region
[279.280s][info ][safepoint    ] Total time for which application threads were stopped: 0.0063475 seconds, Stopping threads took: 0.0000397 seconds
[280.280s][info ][safepoint    ] Application time: 1.0001075 seconds
[280.280s][info ][safepoint    ] Entering safepoint region: Cleanup
[280.280s][info ][safepoint    ] Leaving safepoint region
[280.280s][info ][safepoint    ] Total time for which application threads were stopped: 0.0001284 seconds, Stopping threads took: 0.0000543 seconds
[281.280s][info ][safepoint    ] Application time: 1.0001603 seconds
[281.280s][info ][safepoint    ] Entering safepoint region: Cleanup
[281.280s][info ][safepoint    ] Leaving safepoint region
[281.280s][info ][safepoint    ] Total time for which application threads were stopped: 0.0001477 seconds, Stopping threads took: 0.0000701 seconds
[282.281s][info ][safepoint    ] Application time: 1.0000896 seconds
[282.281s][info ][safepoint    ] Entering safepoint region: Cleanup
[282.281s][info ][safepoint    ] Leaving safepoint region
[282.281s][info ][safepoint    ] Total time for which application threads were stopped: 0.0003019 seconds, Stopping threads took: 0.0002232 seconds
[282.377s][info ][safepoint    ] Application time: 0.0955784 seconds
[282.377s][info ][safepoint    ] Entering safepoint region: GenCollectForAllocation
[282.377s][info ][gc,start     ] GC(201) Pause Young (Allocation Failure)
[282.377s][info ][gc,task      ] GC(201) Using 4 workers of 4 for evacuation
[282.382s][debug][gc,ref       ] GC(201) Skipped phase1 of Reference Processing due to unavailable references
[282.382s][debug][gc,ref       ] GC(201) Skipped phase3 of Reference Processing due to unavailable references
[282.382s][debug][gc,age       ] GC(201) Desired survivor size 15400960 bytes, new threshold 6 (max threshold 6)
[282.382s][info ][gc,heap      ] GC(201) ParNew: 245211K->4723K(270976K)
[282.382s][info ][gc,heap      ] GC(201) CMS: 266896K->267188K(602112K)
[282.382s][info ][gc,metaspace ] GC(201) Metaspace: 57003K->57003K(1101824K)
[282.382s][info ][gc           ] GC(201) Pause Young (Allocation Failure) 500M->265M(852M) 5.063ms
[282.382s][info ][gc,cpu       ] GC(201) User=0.02s Sys=0.00s Real=0.00s
[282.382s][info ][safepoint    ] Leaving safepoint region
[282.382s][info ][safepoint    ] Total time for which application threads were stopped: 0.0052261 seconds, Stopping threads took: 0.0000355 seconds
[283.382s][info ][safepoint    ] Application time: 1.0000950 seconds
[283.382s][info ][safepoint    ] Entering safepoint region: Cleanup
[283.382s][info ][safepoint    ] Leaving safepoint region
[283.382s][info ][safepoint    ] Total time for which application threads were stopped: 0.0001631 seconds, Stopping threads took: 0.0000849 seconds
[284.382s][info ][safepoint    ] Application time: 1.0001374 seconds
[284.382s][info ][safepoint    ] Entering safepoint region: Cleanup
[284.382s][info ][safepoint    ] Leaving safepoint region
[284.382s][info ][safepoint    ] Total time for which application threads were stopped: 0.0001486 seconds, Stopping threads took: 0.0000766 seconds
[284.592s][info ][safepoint    ] Application time: 0.2091310 seconds
[284.592s][info ][safepoint    ] Entering safepoint region: GenCollectForAllocation
[284.592s][info ][gc,start     ] GC(202) Pause Young (Allocation Failure)
[284.592s][info ][gc,task      ] GC(202) Using 4 workers of 4 for evacuation
[284.597s][debug][gc,ref       ] GC(202) Skipped phase1 of Reference Processing due to unavailable references
[284.597s][debug][gc,ref       ] GC(202) Skipped phase2 of Reference Processing due to unavailable references
[284.597s][debug][gc,ref       ] GC(202) Skipped phase3 of Reference Processing due to unavailable references
[284.597s][debug][gc,ref       ] GC(202) Skipped phase4 of Reference Processing due to unavailable references
[284.597s][debug][gc,age       ] GC(202) Desired survivor size 15400960 bytes, new threshold 6 (max threshold 6)
[284.597s][info ][gc,heap      ] GC(202) ParNew: 245619K->6881K(270976K)
[284.597s][info ][gc,heap      ] GC(202) CMS: 267188K->267430K(602112K)
[284.597s][info ][gc,metaspace ] GC(202) Metaspace: 57014K->57014K(1101824K)
[284.597s][info ][gc           ] GC(202) Pause Young (Allocation Failure) 500M->267M(852M) 5.594ms
[284.597s][info ][gc,cpu       ] GC(202) User=0.02s Sys=0.00s Real=0.01s
[284.597s][info ][safepoint    ] Leaving safepoint region
[284.597s][info ][safepoint    ] Total time for which application threads were stopped: 0.0057627 seconds, Stopping threads took: 0.0000165 seconds
[285.597s][info ][safepoint    ] Application time: 1.0000907 seconds
[285.597s][info ][safepoint    ] Entering safepoint region: Cleanup
[285.598s][info ][safepoint    ] Leaving safepoint region
[285.598s][info ][safepoint    ] Total time for which application threads were stopped: 0.0000693 seconds, Stopping threads took: 0.0000177 seconds
[286.598s][info ][safepoint    ] Application time: 1.0001375 seconds
[286.598s][info ][safepoint    ] Entering safepoint region: Cleanup
[286.598s][info ][safepoint    ] Leaving safepoint region
[286.598s][info ][safepoint    ] Total time for which application threads were stopped: 0.0000905 seconds, Stopping threads took: 0.0000165 seconds
[286.916s][info ][safepoint    ] Application time: 0.3180567 seconds
[286.916s][info ][safepoint    ] Entering safepoint region: GenCollectForAllocation
[286.916s][info ][gc,start     ] GC(203) Pause Young (Allocation Failure)
[286.916s][info ][gc,task      ] GC(203) Using 4 workers of 4 for evacuation
[286.922s][debug][gc,ref       ] GC(203) Skipped phase1 of Reference Processing due to unavailable references
[286.922s][debug][gc,ref       ] GC(203) Skipped phase2 of Reference Processing due to unavailable references
[286.922s][debug][gc,ref       ] GC(203) Skipped phase3 of Reference Processing due to unavailable references
[286.922s][debug][gc,ref       ] GC(203) Skipped phase4 of Reference Processing due to unavailable references
[286.922s][debug][gc,age       ] GC(203) Desired survivor size 15400960 bytes, new threshold 6 (max threshold 6)
[286.922s][info ][gc,heap      ] GC(203) ParNew: 247777K->6580K(270976K)
[286.922s][info ][gc,heap      ] GC(203) CMS: 267430K->267705K(602112K)
[286.922s][info ][gc,metaspace ] GC(203) Metaspace: 57014K->57014K(1101824K)
[286.922s][info ][gc           ] GC(203) Pause Young (Allocation Failure) 503M->267M(852M) 5.654ms
[286.922s][info ][gc,cpu       ] GC(203) User=0.02s Sys=0.00s Real=0.00s
[286.922s][info ][safepoint    ] Leaving safepoint region
[286.922s][info ][safepoint    ] Total time for which application threads were stopped: 0.0058268 seconds, Stopping threads took: 0.0000167 seconds
[287.922s][info ][safepoint    ] Application time: 1.0001355 seconds
[287.922s][info ][safepoint    ] Entering safepoint region: Cleanup
[287.922s][info ][safepoint    ] Leaving safepoint region
[287.922s][info ][safepoint    ] Total time for which application threads were stopped: 0.0001094 seconds, Stopping threads took: 0.0000494 seconds
[288.922s][info ][safepoint    ] Application time: 1.0000960 seconds
[288.922s][info ][safepoint    ] Entering safepoint region: Cleanup
[288.922s][info ][safepoint    ] Leaving safepoint region
[288.922s][info ][safepoint    ] Total time for which application threads were stopped: 0.0001031 seconds, Stopping threads took: 0.0000395 seconds
[289.123s][info ][safepoint    ] Application time: 0.2010334 seconds
[289.123s][info ][safepoint    ] Entering safepoint region: GenCollectForAllocation
[289.123s][info ][gc,start     ] GC(204) Pause Young (Allocation Failure)
[289.124s][info ][gc,task      ] GC(204) Using 4 workers of 4 for evacuation
[289.128s][debug][gc,ref       ] GC(204) Skipped phase1 of Reference Processing due to unavailable references
[289.128s][debug][gc,ref       ] GC(204) Skipped phase2 of Reference Processing due to unavailable references
[289.128s][debug][gc,ref       ] GC(204) Skipped phase3 of Reference Processing due to unavailable references
[289.128s][debug][gc,ref       ] GC(204) Skipped phase4 of Reference Processing due to unavailable references
[289.128s][debug][gc,age       ] GC(204) Desired survivor size 15400960 bytes, new threshold 6 (max threshold 6)
[289.128s][info ][gc,heap      ] GC(204) ParNew: 247476K->5570K(270976K)
[289.128s][info ][gc,heap      ] GC(204) CMS: 267705K->268171K(602112K)
[289.128s][info ][gc,metaspace ] GC(204) Metaspace: 57014K->57014K(1101824K)
[289.128s][info ][gc           ] GC(204) Pause Young (Allocation Failure) 503M->267M(852M) 4.961ms
[289.128s][info ][gc,cpu       ] GC(204) User=0.02s Sys=0.00s Real=0.01s
[289.128s][info ][safepoint    ] Leaving safepoint region
[289.128s][info ][safepoint    ] Total time for which application threads were stopped: 0.0051490 seconds, Stopping threads took: 0.0000428 seconds
[290.129s][info ][safepoint    ] Application time: 1.0002073 seconds
[290.129s][info ][safepoint    ] Entering safepoint region: Cleanup
[290.129s][info ][safepoint    ] Leaving safepoint region
[290.129s][info ][safepoint    ] Total time for which application threads were stopped: 0.0001498 seconds, Stopping threads took: 0.0000917 seconds
[291.129s][info ][safepoint    ] Application time: 1.0001038 seconds
[291.129s][info ][safepoint    ] Entering safepoint region: Cleanup
[291.129s][info ][safepoint    ] Leaving safepoint region
[291.129s][info ][safepoint    ] Total time for which application threads were stopped: 0.0001694 seconds, Stopping threads took: 0.0000992 seconds
[291.539s][info ][safepoint    ] Application time: 0.4100185 seconds
[291.539s][info ][safepoint    ] Entering safepoint region: GenCollectForAllocation
[291.539s][info ][gc,start     ] GC(205) Pause Young (Allocation Failure)
[291.539s][info ][gc,task      ] GC(205) Using 4 workers of 4 for evacuation
[291.544s][debug][gc,ref       ] GC(205) Skipped phase1 of Reference Processing due to unavailable references
[291.544s][debug][gc,ref       ] GC(205) Skipped phase2 of Reference Processing due to unavailable references
[291.544s][debug][gc,ref       ] GC(205) Skipped phase3 of Reference Processing due to unavailable references
[291.544s][debug][gc,ref       ] GC(205) Skipped phase4 of Reference Processing due to unavailable references
[291.544s][debug][gc,age       ] GC(205) Desired survivor size 15400960 bytes, new threshold 6 (max threshold 6)
[291.544s][info ][gc,heap      ] GC(205) ParNew: 246466K->3991K(270976K)
[291.544s][info ][gc,heap      ] GC(205) CMS: 268171K->268894K(602112K)
[291.544s][info ][gc,metaspace ] GC(205) Metaspace: 57014K->57014K(1101824K)
[291.544s][info ][gc           ] GC(205) Pause Young (Allocation Failure) 502M->266M(852M) 4.993ms
[291.544s][info ][gc,cpu       ] GC(205) User=0.02s Sys=0.00s Real=0.01s
[291.544s][info ][safepoint    ] Leaving safepoint region
[291.544s][info ][safepoint    ] Total time for which application threads were stopped: 0.0051401 seconds, Stopping threads took: 0.0000165 seconds
[292.544s][info ][safepoint    ] Application time: 1.0000948 seconds
[292.545s][info ][safepoint    ] Entering safepoint region: Cleanup
[292.545s][info ][safepoint    ] Leaving safepoint region
[292.545s][info ][safepoint    ] Total time for which application threads were stopped: 0.0000683 seconds, Stopping threads took: 0.0000177 seconds
[293.545s][info ][safepoint    ] Application time: 1.0000903 seconds
[293.545s][info ][safepoint    ] Entering safepoint region: Cleanup
[293.545s][info ][safepoint    ] Leaving safepoint region
[293.545s][info ][safepoint    ] Total time for which application threads were stopped: 0.0001330 seconds, Stopping threads took: 0.0000552 seconds
[294.188s][info ][safepoint    ] Application time: 0.6428198 seconds
[294.188s][info ][safepoint    ] Entering safepoint region: GenCollectForAllocation
[294.188s][info ][gc,start     ] GC(206) Pause Young (Allocation Failure)
[294.188s][info ][gc,task      ] GC(206) Using 4 workers of 4 for evacuation
[294.192s][debug][gc,ref       ] GC(206) Skipped phase1 of Reference Processing due to unavailable references
[294.192s][debug][gc,ref       ] GC(206) Skipped phase2 of Reference Processing due to unavailable references
[294.192s][debug][gc,ref       ] GC(206) Skipped phase3 of Reference Processing due to unavailable references
[294.192s][debug][gc,ref       ] GC(206) Skipped phase4 of Reference Processing due to unavailable references
[294.192s][debug][gc,age       ] GC(206) Desired survivor size 15400960 bytes, new threshold 6 (max threshold 6)
[294.192s][info ][gc,heap      ] GC(206) ParNew: 244887K->4999K(270976K)
[294.192s][info ][gc,heap      ] GC(206) CMS: 268894K->268961K(602112K)
[294.192s][info ][gc,metaspace ] GC(206) Metaspace: 57014K->57014K(1101824K)
[294.192s][info ][gc           ] GC(206) Pause Young (Allocation Failure) 501M->267M(852M) 4.003ms
[294.192s][info ][gc,cpu       ] GC(206) User=0.02s Sys=0.00s Real=0.00s
[294.192s][info ][safepoint    ] Leaving safepoint region
[294.192s][info ][safepoint    ] Total time for which application threads were stopped: 0.0041481 seconds, Stopping threads took: 0.0000175 seconds
[295.192s][info ][safepoint    ] Application time: 1.0000891 seconds
[295.192s][info ][safepoint    ] Entering safepoint region: Cleanup
[295.192s][info ][safepoint    ] Leaving safepoint region
[295.192s][info ][safepoint    ] Total time for which application threads were stopped: 0.0001521 seconds, Stopping threads took: 0.0000948 seconds
[296.192s][info ][safepoint    ] Application time: 1.0000948 seconds
[296.192s][info ][safepoint    ] Entering safepoint region: Cleanup
[296.192s][info ][safepoint    ] Leaving safepoint region
[296.192s][info ][safepoint    ] Total time for which application threads were stopped: 0.0001093 seconds, Stopping threads took: 0.0000410 seconds
[296.844s][info ][safepoint    ] Application time: 0.6519095 seconds
[296.844s][info ][safepoint    ] Entering safepoint region: GenCollectForAllocation
[296.844s][info ][gc,start     ] GC(207) Pause Young (Allocation Failure)
[296.844s][info ][gc,task      ] GC(207) Using 4 workers of 4 for evacuation
[296.849s][debug][gc,ref       ] GC(207) Skipped phase1 of Reference Processing due to unavailable references
[296.849s][debug][gc,ref       ] GC(207) Skipped phase2 of Reference Processing due to unavailable references
[296.849s][debug][gc,ref       ] GC(207) Skipped phase3 of Reference Processing due to unavailable references
[296.849s][debug][gc,ref       ] GC(207) Skipped phase4 of Reference Processing due to unavailable references
[296.849s][debug][gc,age       ] GC(207) Desired survivor size 15400960 bytes, new threshold 6 (max threshold 6)
[296.849s][info ][gc,heap      ] GC(207) ParNew: 245895K->3150K(270976K)
[296.849s][info ][gc,heap      ] GC(207) CMS: 268961K->269535K(602112K)
[296.849s][info ][gc,metaspace ] GC(207) Metaspace: 57014K->57014K(1101824K)
[296.849s][info ][gc           ] GC(207) Pause Young (Allocation Failure) 502M->266M(852M) 4.831ms
[296.849s][info ][gc,cpu       ] GC(207) User=0.02s Sys=0.00s Real=0.00s
[296.849s][info ][safepoint    ] Leaving safepoint region
[296.849s][info ][safepoint    ] Total time for which application threads were stopped: 0.0049706 seconds, Stopping threads took: 0.0000187 seconds
[297.849s][info ][safepoint    ] Application time: 1.0000962 seconds
[297.849s][info ][safepoint    ] Entering safepoint region: Cleanup
[297.850s][info ][safepoint    ] Leaving safepoint region
[297.850s][info ][safepoint    ] Total time for which application threads were stopped: 0.0000738 seconds, Stopping threads took: 0.0000168 seconds
[298.850s][info ][safepoint    ] Application time: 1.0000853 seconds
[298.850s][info ][safepoint    ] Entering safepoint region: Cleanup
[298.850s][info ][safepoint    ] Leaving safepoint region
[298.850s][info ][safepoint    ] Total time for which application threads were stopped: 0.0000719 seconds, Stopping threads took: 0.0000169 seconds
[299.408s][info ][safepoint    ] Application time: 0.5582078 seconds
[299.408s][info ][safepoint    ] Entering safepoint region: GenCollectForAllocation
[299.408s][info ][gc,start     ] GC(208) Pause Young (Allocation Failure)
[299.408s][info ][gc,task      ] GC(208) Using 4 workers of 4 for evacuation
[299.412s][debug][gc,ref       ] GC(208) Skipped phase1 of Reference Processing due to unavailable references
[299.412s][debug][gc,ref       ] GC(208) Skipped phase2 of Reference Processing due to unavailable references
[299.412s][debug][gc,ref       ] GC(208) Skipped phase3 of Reference Processing due to unavailable references
[299.412s][debug][gc,ref       ] GC(208) Skipped phase4 of Reference Processing due to unavailable references
[299.412s][debug][gc,age       ] GC(208) Desired survivor size 15400960 bytes, new threshold 6 (max threshold 6)
[299.412s][info ][gc,heap      ] GC(208) ParNew: 244046K->2818K(270976K)
[299.412s][info ][gc,heap      ] GC(208) CMS: 269535K->270325K(602112K)
[299.412s][info ][gc,metaspace ] GC(208) Metaspace: 57015K->57015K(1101824K)
[299.412s][info ][gc           ] GC(208) Pause Young (Allocation Failure) 501M->266M(852M) 4.348ms
[299.412s][info ][gc,cpu       ] GC(208) User=0.02s Sys=0.00s Real=0.00s
[299.412s][info ][safepoint    ] Leaving safepoint region
[299.412s][info ][safepoint    ] Total time for which application threads were stopped: 0.0045111 seconds, Stopping threads took: 0.0000176 seconds
[300.413s][info ][safepoint    ] Application time: 1.0001105 seconds
[300.413s][info ][safepoint    ] Entering safepoint region: Cleanup
[300.413s][info ][safepoint    ] Leaving safepoint region
[300.413s][info ][safepoint    ] Total time for which application threads were stopped: 0.0000843 seconds, Stopping threads took: 0.0000176 seconds
[301.413s][info ][safepoint    ] Application time: 1.0001468 seconds
[301.413s][info ][safepoint    ] Entering safepoint region: Cleanup
[301.413s][info ][safepoint    ] Leaving safepoint region
[301.413s][info ][safepoint    ] Total time for which application threads were stopped: 0.0000696 seconds, Stopping threads took: 0.0000177 seconds
[301.930s][info ][safepoint    ] Application time: 0.5170511 seconds
[301.930s][info ][safepoint    ] Entering safepoint region: GenCollectForAllocation
[301.930s][info ][gc,start     ] GC(209) Pause Young (Allocation Failure)
[301.930s][info ][gc,task      ] GC(209) Using 4 workers of 4 for evacuation
[301.934s][debug][gc,ref       ] GC(209) Skipped phase1 of Reference Processing due to unavailable references
[301.935s][debug][gc,ref       ] GC(209) Skipped phase2 of Reference Processing due to unavailable references
[301.935s][debug][gc,ref       ] GC(209) Skipped phase3 of Reference Processing due to unavailable references
[301.935s][debug][gc,ref       ] GC(209) Skipped phase4 of Reference Processing due to unavailable references
[301.935s][debug][gc,age       ] GC(209) Desired survivor size 15400960 bytes, new threshold 6 (max threshold 6)
[301.935s][info ][gc,heap      ] GC(209) ParNew: 243714K->2248K(270976K)
[301.935s][info ][gc,heap      ] GC(209) CMS: 270325K->270765K(602112K)
[301.935s][info ][gc,metaspace ] GC(209) Metaspace: 57015K->57015K(1101824K)
[301.935s][info ][gc           ] GC(209) Pause Young (Allocation Failure) 501M->266M(852M) 4.493ms
[301.935s][info ][gc,cpu       ] GC(209) User=0.02s Sys=0.00s Real=0.00s
[301.935s][info ][safepoint    ] Leaving safepoint region
[301.935s][info ][safepoint    ] Total time for which application threads were stopped: 0.0046359 seconds, Stopping threads took: 0.0000171 seconds
[302.935s][info ][safepoint    ] Application time: 1.0000893 seconds
[302.935s][info ][safepoint    ] Entering safepoint region: Cleanup
[302.935s][info ][safepoint    ] Leaving safepoint region
[302.935s][info ][safepoint    ] Total time for which application threads were stopped: 0.0000929 seconds, Stopping threads took: 0.0000305 seconds
[303.935s][info ][safepoint    ] Application time: 1.0001351 seconds
[303.935s][info ][safepoint    ] Entering safepoint region: Cleanup
[303.935s][info ][safepoint    ] Leaving safepoint region
[303.935s][info ][safepoint    ] Total time for which application threads were stopped: 0.0001059 seconds, Stopping threads took: 0.0000399 seconds
[304.473s][info ][safepoint    ] Application time: 0.5375590 seconds
[304.473s][info ][safepoint    ] Entering safepoint region: GenCollectForAllocation
[304.473s][info ][gc,start     ] GC(210) Pause Young (Allocation Failure)
[304.473s][info ][gc,task      ] GC(210) Using 4 workers of 4 for evacuation
[304.476s][debug][gc,ref       ] GC(210) Skipped phase1 of Reference Processing due to unavailable references
[304.476s][debug][gc,ref       ] GC(210) Skipped phase2 of Reference Processing due to unavailable references
[304.476s][debug][gc,ref       ] GC(210) Skipped phase3 of Reference Processing due to unavailable references
[304.476s][debug][gc,ref       ] GC(210) Skipped phase4 of Reference Processing due to unavailable references
[304.476s][debug][gc,age       ] GC(210) Desired survivor size 15400960 bytes, new threshold 6 (max threshold 6)
[304.476s][info ][gc,heap      ] GC(210) ParNew: 243144K->2218K(270976K)
[304.476s][info ][gc,heap      ] GC(210) CMS: 270765K->270933K(602112K)
[304.477s][info ][gc,metaspace ] GC(210) Metaspace: 57016K->57016K(1101824K)
[304.477s][info ][gc           ] GC(210) Pause Young (Allocation Failure) 501M->266M(852M) 3.522ms
[304.477s][info ][gc,cpu       ] GC(210) User=0.01s Sys=0.00s Real=0.01s
[304.477s][info ][safepoint    ] Leaving safepoint region
[304.477s][info ][safepoint    ] Total time for which application threads were stopped: 0.0037341 seconds, Stopping threads took: 0.0000810 seconds
[305.477s][info ][safepoint    ] Application time: 1.0001073 seconds
[305.477s][info ][safepoint    ] Entering safepoint region: Cleanup
[305.477s][info ][safepoint    ] Leaving safepoint region
[305.477s][info ][safepoint    ] Total time for which application threads were stopped: 0.0001214 seconds, Stopping threads took: 0.0000439 seconds
[306.477s][info ][safepoint    ] Application time: 1.0001063 seconds
[306.477s][info ][safepoint    ] Entering safepoint region: Cleanup
[306.477s][info ][safepoint    ] Leaving safepoint region
[306.477s][info ][safepoint    ] Total time for which application threads were stopped: 0.0001345 seconds, Stopping threads took: 0.0000576 seconds
[307.026s][info ][safepoint    ] Application time: 0.5484003 seconds
[307.026s][info ][safepoint    ] Entering safepoint region: GenCollectForAllocation
[307.026s][info ][gc,start     ] GC(211) Pause Young (Allocation Failure)
[307.026s][info ][gc,task      ] GC(211) Using 4 workers of 4 for evacuation
[307.029s][debug][gc,ref       ] GC(211) Skipped phase1 of Reference Processing due to unavailable references
[307.029s][debug][gc,ref       ] GC(211) Skipped phase2 of Reference Processing due to unavailable references
[307.029s][debug][gc,ref       ] GC(211) Skipped phase3 of Reference Processing due to unavailable references
[307.029s][debug][gc,ref       ] GC(211) Skipped phase4 of Reference Processing due to unavailable references
[307.029s][debug][gc,age       ] GC(211) Desired survivor size 15400960 bytes, new threshold 6 (max threshold 6)
[307.029s][info ][gc,heap      ] GC(211) ParNew: 243114K->2426K(270976K)
[307.029s][info ][gc,heap      ] GC(211) CMS: 270933K->271034K(602112K)
[307.029s][info ][gc,metaspace ] GC(211) Metaspace: 57017K->57017K(1101824K)
[307.029s][info ][gc           ] GC(211) Pause Young (Allocation Failure) 502M->267M(852M) 3.243ms
[307.029s][info ][gc,cpu       ] GC(211) User=0.01s Sys=0.00s Real=0.00s
[307.029s][info ][safepoint    ] Leaving safepoint region
[307.029s][info ][safepoint    ] Total time for which application threads were stopped: 0.0034062 seconds, Stopping threads took: 0.0000313 seconds
[308.029s][info ][safepoint    ] Application time: 1.0000970 seconds
[308.029s][info ][safepoint    ] Entering safepoint region: Cleanup
[308.029s][info ][safepoint    ] Leaving safepoint region
[308.029s][info ][safepoint    ] Total time for which application threads were stopped: 0.0001934 seconds, Stopping threads took: 0.0001114 seconds
[309.029s][info ][safepoint    ] Application time: 1.0001317 seconds
[309.029s][info ][safepoint    ] Entering safepoint region: Cleanup
[309.030s][info ][safepoint    ] Leaving safepoint region
[309.030s][info ][safepoint    ] Total time for which application threads were stopped: 0.0000976 seconds, Stopping threads took: 0.0000393 seconds
[309.584s][info ][safepoint    ] Application time: 0.5541129 seconds
[309.584s][info ][safepoint    ] Entering safepoint region: GenCollectForAllocation
[309.584s][info ][gc,start     ] GC(212) Pause Young (Allocation Failure)
[309.584s][info ][gc,task      ] GC(212) Using 4 workers of 4 for evacuation
[309.587s][debug][gc,ref       ] GC(212) Skipped phase1 of Reference Processing due to unavailable references
[309.587s][debug][gc,ref       ] GC(212) Skipped phase2 of Reference Processing due to unavailable references
[309.587s][debug][gc,ref       ] GC(212) Skipped phase3 of Reference Processing due to unavailable references
[309.587s][debug][gc,ref       ] GC(212) Skipped phase4 of Reference Processing due to unavailable references
[309.587s][debug][gc,age       ] GC(212) Desired survivor size 15400960 bytes, new threshold 6 (max threshold 6)
[309.587s][info ][gc,heap      ] GC(212) ParNew: 243322K->1558K(270976K)
[309.587s][info ][gc,heap      ] GC(212) CMS: 271034K->271215K(602112K)
[309.587s][info ][gc,metaspace ] GC(212) Metaspace: 57017K->57017K(1101824K)
[309.587s][info ][gc           ] GC(212) Pause Young (Allocation Failure) 502M->266M(852M) 3.522ms
[309.587s][info ][gc,cpu       ] GC(212) User=0.02s Sys=0.00s Real=0.00s
[309.587s][info ][safepoint    ] Leaving safepoint region
[309.587s][info ][safepoint    ] Total time for which application threads were stopped: 0.0036550 seconds, Stopping threads took: 0.0000175 seconds
[310.588s][info ][safepoint    ] Application time: 1.0001328 seconds
[310.588s][info ][safepoint    ] Entering safepoint region: Cleanup
[310.588s][info ][safepoint    ] Leaving safepoint region
[310.588s][info ][safepoint    ] Total time for which application threads were stopped: 0.0001075 seconds, Stopping threads took: 0.0000392 seconds
[311.588s][info ][safepoint    ] Application time: 1.0001003 seconds
[311.588s][info ][safepoint    ] Entering safepoint region: Cleanup
[311.588s][info ][safepoint    ] Leaving safepoint region
[311.588s][info ][safepoint    ] Total time for which application threads were stopped: 0.0001330 seconds, Stopping threads took: 0.0000428 seconds
[312.227s][info ][safepoint    ] Application time: 0.6394750 seconds
[312.227s][info ][safepoint    ] Entering safepoint region: GenCollectForAllocation
[312.228s][info ][gc,start     ] GC(213) Pause Young (Allocation Failure)
[312.228s][info ][gc,task      ] GC(213) Using 4 workers of 4 for evacuation
[312.231s][debug][gc,ref       ] GC(213) Skipped phase1 of Reference Processing due to unavailable references
[312.231s][debug][gc,ref       ] GC(213) Skipped phase2 of Reference Processing due to unavailable references
[312.231s][debug][gc,ref       ] GC(213) Skipped phase3 of Reference Processing due to unavailable references
[312.231s][debug][gc,ref       ] GC(213) Skipped phase4 of Reference Processing due to unavailable references
[312.231s][debug][gc,age       ] GC(213) Desired survivor size 15400960 bytes, new threshold 6 (max threshold 6)
[312.231s][info ][gc,heap      ] GC(213) ParNew: 242454K->2098K(270976K)
[312.231s][info ][gc,heap      ] GC(213) CMS: 271215K->271315K(602112K)
[312.231s][info ][gc,metaspace ] GC(213) Metaspace: 57019K->57019K(1101824K)
[312.231s][info ][gc           ] GC(213) Pause Young (Allocation Failure) 501M->267M(852M) 3.178ms
[312.231s][info ][gc,cpu       ] GC(213) User=0.01s Sys=0.00s Real=0.00s
[312.231s][info ][safepoint    ] Leaving safepoint region
[312.231s][info ][safepoint    ] Total time for which application threads were stopped: 0.0033256 seconds, Stopping threads took: 0.0000155 seconds
[313.231s][info ][safepoint    ] Application time: 1.0000957 seconds
[313.231s][info ][safepoint    ] Entering safepoint region: Cleanup
[313.231s][info ][safepoint    ] Leaving safepoint region
[313.231s][info ][safepoint    ] Total time for which application threads were stopped: 0.0001090 seconds, Stopping threads took: 0.0000374 seconds
[314.231s][info ][safepoint    ] Application time: 1.0001291 seconds
[314.231s][info ][safepoint    ] Entering safepoint region: Cleanup
[314.231s][info ][safepoint    ] Leaving safepoint region
[314.231s][info ][safepoint    ] Total time for which application threads were stopped: 0.0001161 seconds, Stopping threads took: 0.0000428 seconds
[314.723s][info ][safepoint    ] Application time: 0.4913260 seconds
[314.723s][info ][safepoint    ] Entering safepoint region: GenCollectForAllocation
[314.723s][info ][gc,start     ] GC(214) Pause Young (Allocation Failure)
[314.723s][info ][gc,task      ] GC(214) Using 4 workers of 4 for evacuation
[314.726s][debug][gc,ref       ] GC(214) Skipped phase1 of Reference Processing due to unavailable references
[314.726s][debug][gc,ref       ] GC(214) Skipped phase2 of Reference Processing due to unavailable references
[314.726s][debug][gc,ref       ] GC(214) Skipped phase3 of Reference Processing due to unavailable references
[314.726s][debug][gc,ref       ] GC(214) Skipped phase4 of Reference Processing due to unavailable references
[314.726s][debug][gc,age       ] GC(214) Desired survivor size 15400960 bytes, new threshold 6 (max threshold 6)
[314.726s][info ][gc,heap      ] GC(214) ParNew: 242994K->2148K(270976K)
[314.726s][info ][gc,heap      ] GC(214) CMS: 271315K->271440K(602112K)
[314.726s][info ][gc,metaspace ] GC(214) Metaspace: 57019K->57019K(1101824K)
[314.726s][info ][gc           ] GC(214) Pause Young (Allocation Failure) 502M->267M(852M) 3.344ms
[314.726s][info ][gc,cpu       ] GC(214) User=0.01s Sys=0.00s Real=0.01s
[314.726s][info ][safepoint    ] Leaving safepoint region
[314.726s][info ][safepoint    ] Total time for which application threads were stopped: 0.0035342 seconds, Stopping threads took: 0.0000673 seconds
[315.726s][info ][safepoint    ] Application time: 1.0001157 seconds
[315.726s][info ][safepoint    ] Entering safepoint region: Cleanup
[315.726s][info ][safepoint    ] Leaving safepoint region
[315.726s][info ][safepoint    ] Total time for which application threads were stopped: 0.0000994 seconds, Stopping threads took: 0.0000376 seconds
[316.727s][info ][safepoint    ] Application time: 1.0001122 seconds
[316.727s][info ][safepoint    ] Entering safepoint region: Cleanup
[316.727s][info ][safepoint    ] Leaving safepoint region
[316.727s][info ][safepoint    ] Total time for which application threads were stopped: 0.0001326 seconds, Stopping threads took: 0.0000589 seconds
[317.295s][info ][safepoint    ] Application time: 0.5687315 seconds
[317.296s][info ][safepoint    ] Entering safepoint region: GenCollectForAllocation
[317.296s][info ][gc,start     ] GC(215) Pause Young (Allocation Failure)
[317.296s][info ][gc,task      ] GC(215) Using 4 workers of 4 for evacuation
[317.299s][debug][gc,ref       ] GC(215) Skipped phase1 of Reference Processing due to unavailable references
[317.299s][debug][gc,ref       ] GC(215) Skipped phase2 of Reference Processing due to unavailable references
[317.299s][debug][gc,ref       ] GC(215) Skipped phase3 of Reference Processing due to unavailable references
[317.299s][debug][gc,ref       ] GC(215) Skipped phase4 of Reference Processing due to unavailable references
[317.299s][debug][gc,age       ] GC(215) Desired survivor size 15400960 bytes, new threshold 6 (max threshold 6)
[317.299s][info ][gc,heap      ] GC(215) ParNew: 243044K->2240K(270976K)
[317.299s][info ][gc,heap      ] GC(215) CMS: 271440K->271456K(602112K)
[317.299s][info ][gc,metaspace ] GC(215) Metaspace: 57019K->57019K(1101824K)
[317.299s][info ][gc           ] GC(215) Pause Young (Allocation Failure) 502M->267M(852M) 3.422ms
[317.299s][info ][gc,cpu       ] GC(215) User=0.01s Sys=0.00s Real=0.01s
[317.299s][info ][safepoint    ] Leaving safepoint region
[317.299s][info ][safepoint    ] Total time for which application threads were stopped: 0.0035733 seconds, Stopping threads took: 0.0000180 seconds
[318.299s][info ][safepoint    ] Application time: 1.0000926 seconds
[318.300s][info ][safepoint    ] Entering safepoint region: Cleanup
[318.300s][info ][safepoint    ] Leaving safepoint region
[318.300s][info ][safepoint    ] Total time for which application threads were stopped: 0.0001066 seconds, Stopping threads took: 0.0000211 seconds
[319.300s][info ][safepoint    ] Application time: 1.0000975 seconds
[319.300s][info ][safepoint    ] Entering safepoint region: Cleanup
[319.300s][info ][safepoint    ] Leaving safepoint region
[319.300s][info ][safepoint    ] Total time for which application threads were stopped: 0.0001802 seconds, Stopping threads took: 0.0001038 seconds
[319.684s][info ][safepoint    ] Application time: 0.3832698 seconds
[319.684s][info ][safepoint    ] Entering safepoint region: GenCollectForAllocation
[319.684s][info ][gc,start     ] GC(216) Pause Young (Allocation Failure)
[319.684s][info ][gc,task      ] GC(216) Using 4 workers of 4 for evacuation
[319.687s][debug][gc,ref       ] GC(216) Skipped phase1 of Reference Processing due to unavailable references
[319.687s][debug][gc,ref       ] GC(216) Skipped phase2 of Reference Processing due to unavailable references
[319.687s][debug][gc,ref       ] GC(216) Skipped phase3 of Reference Processing due to unavailable references
[319.687s][debug][gc,ref       ] GC(216) Skipped phase4 of Reference Processing due to unavailable references
[319.687s][debug][gc,age       ] GC(216) Desired survivor size 15400960 bytes, new threshold 6 (max threshold 6)
[319.687s][info ][gc,heap      ] GC(216) ParNew: 243136K->2426K(270976K)
[319.687s][info ][gc,heap      ] GC(216) CMS: 271456K->271533K(602112K)
[319.687s][info ][gc,metaspace ] GC(216) Metaspace: 57019K->57019K(1101824K)
[319.687s][info ][gc           ] GC(216) Pause Young (Allocation Failure) 502M->267M(852M) 3.556ms
[319.687s][info ][gc,cpu       ] GC(216) User=0.02s Sys=0.00s Real=0.00s
[319.687s][info ][safepoint    ] Leaving safepoint region
[319.687s][info ][safepoint    ] Total time for which application threads were stopped: 0.0037205 seconds, Stopping threads took: 0.0000184 seconds
[320.687s][info ][safepoint    ] Application time: 1.0001129 seconds
[320.688s][info ][safepoint    ] Entering safepoint region: Cleanup
[320.688s][info ][safepoint    ] Leaving safepoint region
[320.688s][info ][safepoint    ] Total time for which application threads were stopped: 0.0001657 seconds, Stopping threads took: 0.0000688 seconds
[321.688s][info ][safepoint    ] Application time: 1.0001071 seconds
[321.688s][info ][safepoint    ] Entering safepoint region: Cleanup
[321.688s][info ][safepoint    ] Leaving safepoint region
[321.688s][info ][safepoint    ] Total time for which application threads were stopped: 0.0000897 seconds, Stopping threads took: 0.0000163 seconds
[322.276s][info ][safepoint    ] Application time: 0.5878358 seconds
[322.276s][info ][safepoint    ] Entering safepoint region: GenCollectForAllocation
[322.276s][info ][gc,start     ] GC(217) Pause Young (Allocation Failure)
[322.276s][info ][gc,task      ] GC(217) Using 4 workers of 4 for evacuation
[322.280s][debug][gc,ref       ] GC(217) Skipped phase1 of Reference Processing due to unavailable references
[322.280s][debug][gc,ref       ] GC(217) Skipped phase2 of Reference Processing due to unavailable references
[322.280s][debug][gc,ref       ] GC(217) Skipped phase3 of Reference Processing due to unavailable references
[322.280s][debug][gc,ref       ] GC(217) Skipped phase4 of Reference Processing due to unavailable references
[322.280s][debug][gc,age       ] GC(217) Desired survivor size 15400960 bytes, new threshold 6 (max threshold 6)
[322.280s][info ][gc,heap      ] GC(217) ParNew: 243322K->2437K(270976K)
[322.280s][info ][gc,heap      ] GC(217) CMS: 271533K->271558K(602112K)
[322.280s][info ][gc,metaspace ] GC(217) Metaspace: 57019K->57019K(1101824K)
[322.280s][info ][gc           ] GC(217) Pause Young (Allocation Failure) 502M->267M(852M) 4.514ms
[322.280s][info ][gc,cpu       ] GC(217) User=0.01s Sys=0.00s Real=0.00s
[322.280s][info ][safepoint    ] Leaving safepoint region
[322.281s][info ][safepoint    ] Total time for which application threads were stopped: 0.0047953 seconds, Stopping threads took: 0.0000181 seconds
[323.281s][info ][safepoint    ] Application time: 1.0000896 seconds
[323.281s][info ][safepoint    ] Entering safepoint region: Cleanup
[323.281s][info ][safepoint    ] Leaving safepoint region
[323.281s][info ][safepoint    ] Total time for which application threads were stopped: 0.0001692 seconds, Stopping threads took: 0.0001004 seconds
[324.281s][info ][safepoint    ] Application time: 1.0001342 seconds
[324.281s][info ][safepoint    ] Entering safepoint region: Cleanup
[324.281s][info ][safepoint    ] Leaving safepoint region
[324.281s][info ][safepoint    ] Total time for which application threads were stopped: 0.0001129 seconds, Stopping threads took: 0.0000415 seconds
[324.923s][info ][safepoint    ] Application time: 0.6414536 seconds
[324.923s][info ][safepoint    ] Entering safepoint region: GenCollectForAllocation
[324.923s][info ][gc,start     ] GC(218) Pause Young (Allocation Failure)
[324.923s][info ][gc,task      ] GC(218) Using 4 workers of 4 for evacuation
[324.926s][debug][gc,ref       ] GC(218) Skipped phase1 of Reference Processing due to unavailable references
[324.926s][debug][gc,ref       ] GC(218) Skipped phase2 of Reference Processing due to unavailable references
[324.926s][debug][gc,ref       ] GC(218) Skipped phase3 of Reference Processing due to unavailable references
[324.926s][debug][gc,ref       ] GC(218) Skipped phase4 of Reference Processing due to unavailable references
[324.926s][debug][gc,age       ] GC(218) Desired survivor size 15400960 bytes, new threshold 6 (max threshold 6)
[324.926s][info ][gc,heap      ] GC(218) ParNew: 243333K->3452K(270976K)
[324.926s][info ][gc,heap      ] GC(218) CMS: 271558K->271604K(602112K)
[324.926s][info ][gc,metaspace ] GC(218) Metaspace: 57019K->57019K(1101824K)
[324.926s][info ][gc           ] GC(218) Pause Young (Allocation Failure) 502M->268M(852M) 3.384ms
[324.926s][info ][gc,cpu       ] GC(218) User=0.02s Sys=0.00s Real=0.01s
[324.926s][info ][safepoint    ] Leaving safepoint region
[324.926s][info ][safepoint    ] Total time for which application threads were stopped: 0.0035372 seconds, Stopping threads took: 0.0000312 seconds
[325.926s][info ][safepoint    ] Application time: 1.0001023 seconds
[325.926s][info ][safepoint    ] Entering safepoint region: Cleanup
[325.926s][info ][safepoint    ] Leaving safepoint region
[325.926s][info ][safepoint    ] Total time for which application threads were stopped: 0.0001154 seconds, Stopping threads took: 0.0000479 seconds
[326.275s][info ][safepoint    ] Application time: 0.3483646 seconds
[326.275s][info ][safepoint    ] Entering safepoint region: Deoptimize
[326.277s][info ][safepoint    ] Leaving safepoint region
[326.277s][info ][safepoint    ] Total time for which application threads were stopped: 0.0017831 seconds, Stopping threads took: 0.0000167 seconds
[327.277s][info ][safepoint    ] Application time: 1.0000935 seconds
[327.277s][info ][safepoint    ] Entering safepoint region: Cleanup
[327.277s][info ][safepoint    ] Leaving safepoint region
[327.277s][info ][safepoint    ] Total time for which application threads were stopped: 0.0004900 seconds, Stopping threads took: 0.0003709 seconds
[327.483s][info ][safepoint    ] Application time: 0.2054700 seconds
[327.483s][info ][safepoint    ] Entering safepoint region: GenCollectForAllocation
[327.483s][info ][gc,start     ] GC(219) Pause Young (Allocation Failure)
[327.483s][info ][gc,task      ] GC(219) Using 4 workers of 4 for evacuation
[327.486s][debug][gc,ref       ] GC(219) Skipped phase1 of Reference Processing due to unavailable references
[327.486s][debug][gc,ref       ] GC(219) Skipped phase2 of Reference Processing due to unavailable references
[327.486s][debug][gc,ref       ] GC(219) Skipped phase3 of Reference Processing due to unavailable references
[327.486s][debug][gc,age       ] GC(219) Desired survivor size 15400960 bytes, new threshold 6 (max threshold 6)
[327.486s][info ][gc,heap      ] GC(219) ParNew: 244348K->2876K(270976K)
[327.486s][info ][gc,heap      ] GC(219) CMS: 271604K->271684K(602112K)
[327.486s][info ][gc,metaspace ] GC(219) Metaspace: 57071K->57071K(1101824K)
[327.486s][info ][gc           ] GC(219) Pause Young (Allocation Failure) 503M->268M(852M) 3.601ms
[327.486s][info ][gc,cpu       ] GC(219) User=0.02s Sys=0.00s Real=0.01s
[327.486s][info ][safepoint    ] Leaving safepoint region
[327.486s][info ][safepoint    ] Total time for which application threads were stopped: 0.0037378 seconds, Stopping threads took: 0.0000181 seconds
[328.487s][info ][safepoint    ] Application time: 1.0001396 seconds
[328.487s][info ][safepoint    ] Entering safepoint region: Cleanup
[328.487s][info ][safepoint    ] Leaving safepoint region
[328.487s][info ][safepoint    ] Total time for which application threads were stopped: 0.0000624 seconds, Stopping threads took: 0.0000162 seconds
[329.487s][info ][safepoint    ] Application time: 1.0000876 seconds
[329.487s][info ][safepoint    ] Entering safepoint region: Cleanup
[329.487s][info ][safepoint    ] Leaving safepoint region
[329.487s][info ][safepoint    ] Total time for which application threads were stopped: 0.0001461 seconds, Stopping threads took: 0.0000719 seconds
[330.173s][info ][safepoint    ] Application time: 0.6860876 seconds
[330.173s][info ][safepoint    ] Entering safepoint region: GenCollectForAllocation
[330.173s][info ][gc,start     ] GC(220) Pause Young (Allocation Failure)
[330.173s][info ][gc,task      ] GC(220) Using 4 workers of 4 for evacuation
[330.177s][debug][gc,ref       ] GC(220) Skipped phase1 of Reference Processing due to unavailable references
[330.177s][debug][gc,ref       ] GC(220) Skipped phase2 of Reference Processing due to unavailable references
[330.177s][debug][gc,ref       ] GC(220) Skipped phase3 of Reference Processing due to unavailable references
[330.177s][debug][gc,ref       ] GC(220) Skipped phase4 of Reference Processing due to unavailable references
[330.177s][debug][gc,age       ] GC(220) Desired survivor size 15400960 bytes, new threshold 6 (max threshold 6)
[330.177s][info ][gc,heap      ] GC(220) ParNew: 243772K->3844K(270976K)
[330.177s][info ][gc,heap      ] GC(220) CMS: 271684K->271812K(602112K)
[330.177s][info ][gc,metaspace ] GC(220) Metaspace: 57071K->57071K(1101824K)
[330.177s][info ][gc           ] GC(220) Pause Young (Allocation Failure) 503M->269M(852M) 4.105ms
[330.177s][info ][gc,cpu       ] GC(220) User=0.01s Sys=0.00s Real=0.01s
[330.177s][info ][safepoint    ] Leaving safepoint region
[330.177s][info ][safepoint    ] Total time for which application threads were stopped: 0.0042390 seconds, Stopping threads took: 0.0000176 seconds
[331.177s][info ][safepoint    ] Application time: 1.0000978 seconds
[331.177s][info ][safepoint    ] Entering safepoint region: Cleanup
[331.178s][info ][safepoint    ] Leaving safepoint region
[331.178s][info ][safepoint    ] Total time for which application threads were stopped: 0.0001111 seconds, Stopping threads took: 0.0000420 seconds
[332.182s][info ][safepoint    ] Application time: 1.0043134 seconds
[332.182s][info ][safepoint    ] Entering safepoint region: Cleanup
[332.182s][info ][safepoint    ] Leaving safepoint region
[332.182s][info ][safepoint    ] Total time for which application threads were stopped: 0.0001030 seconds, Stopping threads took: 0.0000398 seconds
[332.837s][info ][safepoint    ] Application time: 0.6549546 seconds
[332.837s][info ][safepoint    ] Entering safepoint region: GenCollectForAllocation
[332.837s][info ][gc,start     ] GC(221) Pause Young (Allocation Failure)
[332.837s][info ][gc,task      ] GC(221) Using 4 workers of 4 for evacuation
[332.841s][debug][gc,ref       ] GC(221) Skipped phase1 of Reference Processing due to unavailable references
[332.841s][debug][gc,ref       ] GC(221) Skipped phase2 of Reference Processing due to unavailable references
[332.841s][debug][gc,ref       ] GC(221) Skipped phase3 of Reference Processing due to unavailable references
[332.841s][debug][gc,ref       ] GC(221) Skipped phase4 of Reference Processing due to unavailable references
[332.841s][debug][gc,age       ] GC(221) Desired survivor size 15400960 bytes, new threshold 6 (max threshold 6)
[332.841s][info ][gc,heap      ] GC(221) ParNew: 244740K->2668K(270976K)
[332.841s][info ][gc,heap      ] GC(221) CMS: 271812K->271964K(602112K)
[332.841s][info ][gc,metaspace ] GC(221) Metaspace: 57071K->57071K(1101824K)
[332.841s][info ][gc           ] GC(221) Pause Young (Allocation Failure) 504M->268M(852M) 3.625ms
[332.841s][info ][gc,cpu       ] GC(221) User=0.01s Sys=0.00s Real=0.00s
[332.841s][info ][safepoint    ] Leaving safepoint region
[332.841s][info ][safepoint    ] Total time for which application threads were stopped: 0.0037680 seconds, Stopping threads took: 0.0000159 seconds
[333.841s][info ][safepoint    ] Application time: 1.0001047 seconds
[333.841s][info ][safepoint    ] Entering safepoint region: Cleanup
[333.841s][info ][safepoint    ] Leaving safepoint region
[333.841s][info ][safepoint    ] Total time for which application threads were stopped: 0.0000962 seconds, Stopping threads took: 0.0000274 seconds
[334.841s][info ][safepoint    ] Application time: 1.0000837 seconds
[334.841s][info ][safepoint    ] Entering safepoint region: Cleanup
[334.841s][info ][safepoint    ] Leaving safepoint region
[334.841s][info ][safepoint    ] Total time for which application threads were stopped: 0.0001405 seconds, Stopping threads took: 0.0000722 seconds
[335.425s][info ][safepoint    ] Application time: 0.5841801 seconds
[335.425s][info ][safepoint    ] Entering safepoint region: GenCollectForAllocation
[335.426s][info ][gc,start     ] GC(222) Pause Young (Allocation Failure)
[335.426s][info ][gc,task      ] GC(222) Using 4 workers of 4 for evacuation
[335.429s][debug][gc,ref       ] GC(222) Skipped phase1 of Reference Processing due to unavailable references
[335.430s][debug][gc,ref       ] GC(222) Skipped phase2 of Reference Processing due to unavailable references
[335.430s][debug][gc,ref       ] GC(222) Skipped phase3 of Reference Processing due to unavailable references
[335.430s][debug][gc,ref       ] GC(222) Skipped phase4 of Reference Processing due to unavailable references
[335.430s][debug][gc,age       ] GC(222) Desired survivor size 15400960 bytes, new threshold 6 (max threshold 6)
[335.430s][info ][gc,heap      ] GC(222) ParNew: 243564K->3808K(270976K)
[335.430s][info ][gc,heap      ] GC(222) CMS: 271964K->272056K(602112K)
[335.430s][info ][gc,metaspace ] GC(222) Metaspace: 57071K->57071K(1101824K)
[335.430s][info ][gc           ] GC(222) Pause Young (Allocation Failure) 503M->269M(852M) 4.115ms
[335.430s][info ][gc,cpu       ] GC(222) User=0.02s Sys=0.00s Real=0.00s
[335.430s][info ][safepoint    ] Leaving safepoint region
[335.430s][info ][safepoint    ] Total time for which application threads were stopped: 0.0042522 seconds, Stopping threads took: 0.0000181 seconds
[336.430s][info ][safepoint    ] Application time: 1.0001300 seconds
[336.430s][info ][safepoint    ] Entering safepoint region: Cleanup
[336.430s][info ][safepoint    ] Leaving safepoint region
[336.430s][info ][safepoint    ] Total time for which application threads were stopped: 0.0001169 seconds, Stopping threads took: 0.0000435 seconds
[337.430s][info ][safepoint    ] Application time: 1.0000985 seconds
[337.430s][info ][safepoint    ] Entering safepoint region: Cleanup
[337.430s][info ][safepoint    ] Leaving safepoint region
[337.430s][info ][safepoint    ] Total time for which application threads were stopped: 0.0001394 seconds, Stopping threads took: 0.0000689 seconds
[337.883s][info ][safepoint    ] Application time: 0.4521953 seconds
[337.883s][info ][safepoint    ] Entering safepoint region: GenCollectForAllocation
[337.883s][info ][gc,start     ] GC(223) Pause Young (Allocation Failure)
[337.883s][info ][gc,task      ] GC(223) Using 4 workers of 4 for evacuation
[337.887s][debug][gc,ref       ] GC(223) Skipped phase1 of Reference Processing due to unavailable references
[337.887s][debug][gc,ref       ] GC(223) Skipped phase2 of Reference Processing due to unavailable references
[337.887s][debug][gc,ref       ] GC(223) Skipped phase3 of Reference Processing due to unavailable references
[337.887s][debug][gc,ref       ] GC(223) Skipped phase4 of Reference Processing due to unavailable references
[337.887s][debug][gc,age       ] GC(223) Desired survivor size 15400960 bytes, new threshold 6 (max threshold 6)
[337.887s][info ][gc,heap      ] GC(223) ParNew: 244704K->3834K(270976K)
[337.887s][info ][gc,heap      ] GC(223) CMS: 272056K->272278K(602112K)
[337.887s][info ][gc,metaspace ] GC(223) Metaspace: 57073K->57073K(1101824K)
[337.887s][info ][gc           ] GC(223) Pause Young (Allocation Failure) 504M->269M(852M) 4.262ms
[337.887s][info ][gc,cpu       ] GC(223) User=0.02s Sys=0.00s Real=0.01s
[337.887s][info ][safepoint    ] Leaving safepoint region
[337.887s][info ][safepoint    ] Total time for which application threads were stopped: 0.0044696 seconds, Stopping threads took: 0.0000170 seconds
[338.887s][info ][safepoint    ] Application time: 1.0001038 seconds
[338.887s][info ][safepoint    ] Entering safepoint region: Cleanup
[338.887s][info ][safepoint    ] Leaving safepoint region
[338.887s][info ][safepoint    ] Total time for which application threads were stopped: 0.0000862 seconds, Stopping threads took: 0.0000337 seconds
[339.887s][info ][safepoint    ] Application time: 1.0001095 seconds
[339.887s][info ][safepoint    ] Entering safepoint region: Cleanup
[339.887s][info ][safepoint    ] Leaving safepoint region
[339.888s][info ][safepoint    ] Total time for which application threads were stopped: 0.0000886 seconds, Stopping threads took: 0.0000173 seconds
[340.182s][info ][safepoint    ] Application time: 0.2944362 seconds
[340.182s][info ][safepoint    ] Entering safepoint region: GenCollectForAllocation
[340.182s][info ][gc,start     ] GC(224) Pause Young (Allocation Failure)
[340.182s][info ][gc,task      ] GC(224) Using 4 workers of 4 for evacuation
[340.186s][debug][gc,ref       ] GC(224) Skipped phase1 of Reference Processing due to unavailable references
[340.186s][debug][gc,ref       ] GC(224) Skipped phase2 of Reference Processing due to unavailable references
[340.186s][debug][gc,ref       ] GC(224) Skipped phase3 of Reference Processing due to unavailable references
[340.186s][debug][gc,ref       ] GC(224) Skipped phase4 of Reference Processing due to unavailable references
[340.186s][debug][gc,age       ] GC(224) Desired survivor size 15400960 bytes, new threshold 6 (max threshold 6)
[340.186s][info ][gc,heap      ] GC(224) ParNew: 244730K->4053K(270976K)
[340.186s][info ][gc,heap      ] GC(224) CMS: 272278K->272420K(602112K)
[340.186s][info ][gc,metaspace ] GC(224) Metaspace: 57075K->57075K(1101824K)
[340.186s][info ][gc           ] GC(224) Pause Young (Allocation Failure) 504M->269M(852M) 4.207ms
[340.186s][info ][gc,cpu       ] GC(224) User=0.02s Sys=0.00s Real=0.01s
[340.186s][info ][safepoint    ] Leaving safepoint region
[340.186s][info ][safepoint    ] Total time for which application threads were stopped: 0.0043613 seconds, Stopping threads took: 0.0000173 seconds
[341.187s][info ][safepoint    ] Application time: 1.0002390 seconds
[341.187s][info ][safepoint    ] Entering safepoint region: Cleanup
[341.187s][info ][safepoint    ] Leaving safepoint region
[341.187s][info ][safepoint    ] Total time for which application threads were stopped: 0.0001364 seconds, Stopping threads took: 0.0000416 seconds
[342.187s][info ][safepoint    ] Application time: 1.0000892 seconds
[342.187s][info ][safepoint    ] Entering safepoint region: Cleanup
[342.187s][info ][safepoint    ] Leaving safepoint region
[342.187s][info ][safepoint    ] Total time for which application threads were stopped: 0.0001201 seconds, Stopping threads took: 0.0000406 seconds
[342.274s][info ][safepoint    ] Application time: 0.0874566 seconds
[342.274s][info ][safepoint    ] Entering safepoint region: GenCollectForAllocation
[342.275s][info ][gc,start     ] GC(225) Pause Young (Allocation Failure)
[342.275s][info ][gc,task      ] GC(225) Using 4 workers of 4 for evacuation
[342.278s][debug][gc,ref       ] GC(225) Skipped phase1 of Reference Processing due to unavailable references
[342.278s][debug][gc,ref       ] GC(225) Skipped phase2 of Reference Processing due to unavailable references
[342.278s][debug][gc,ref       ] GC(225) Skipped phase3 of Reference Processing due to unavailable references
[342.278s][debug][gc,ref       ] GC(225) Skipped phase4 of Reference Processing due to unavailable references
[342.279s][debug][gc,age       ] GC(225) Desired survivor size 15400960 bytes, new threshold 6 (max threshold 6)
[342.279s][info ][gc,heap      ] GC(225) ParNew: 244949K->2961K(270976K)
[342.279s][info ][gc,heap      ] GC(225) CMS: 272420K->272651K(602112K)
[342.279s][info ][gc,metaspace ] GC(225) Metaspace: 57075K->57075K(1101824K)
[342.279s][info ][gc           ] GC(225) Pause Young (Allocation Failure) 505M->269M(852M) 3.974ms
[342.279s][info ][gc,cpu       ] GC(225) User=0.01s Sys=0.00s Real=0.01s
[342.279s][info ][safepoint    ] Leaving safepoint region
[342.279s][info ][safepoint    ] Total time for which application threads were stopped: 0.0041152 seconds, Stopping threads took: 0.0000173 seconds
[343.279s][info ][safepoint    ] Application time: 1.0001003 seconds
[343.279s][info ][safepoint    ] Entering safepoint region: Cleanup
[343.279s][info ][safepoint    ] Leaving safepoint region
[343.279s][info ][safepoint    ] Total time for which application threads were stopped: 0.0001323 seconds, Stopping threads took: 0.0000621 seconds
[344.137s][info ][safepoint    ] Application time: 0.8576482 seconds
[344.137s][info ][safepoint    ] Entering safepoint region: GenCollectForAllocation
[344.137s][info ][gc,start     ] GC(226) Pause Young (Allocation Failure)
[344.137s][info ][gc,task      ] GC(226) Using 4 workers of 4 for evacuation
[344.141s][debug][gc,ref       ] GC(226) Skipped phase1 of Reference Processing due to unavailable references
[344.141s][debug][gc,ref       ] GC(226) Skipped phase2 of Reference Processing due to unavailable references
[344.141s][debug][gc,ref       ] GC(226) Skipped phase3 of Reference Processing due to unavailable references
[344.141s][debug][gc,ref       ] GC(226) Skipped phase4 of Reference Processing due to unavailable references
[344.141s][debug][gc,age       ] GC(226) Desired survivor size 15400960 bytes, new threshold 6 (max threshold 6)
[344.141s][info ][gc,heap      ] GC(226) ParNew: 243857K->3840K(270976K)
[344.141s][info ][gc,heap      ] GC(226) CMS: 272651K->272904K(602112K)
[344.141s][info ][gc,metaspace ] GC(226) Metaspace: 57075K->57075K(1101824K)
[344.141s][info ][gc           ] GC(226) Pause Young (Allocation Failure) 504M->270M(852M) 4.398ms
[344.141s][info ][gc,cpu       ] GC(226) User=0.02s Sys=0.00s Real=0.00s
[344.141s][info ][safepoint    ] Leaving safepoint region
[344.141s][info ][safepoint    ] Total time for which application threads were stopped: 0.0045429 seconds, Stopping threads took: 0.0000167 seconds
[345.141s][info ][safepoint    ] Application time: 1.0000890 seconds
[345.141s][info ][safepoint    ] Entering safepoint region: Cleanup
[345.141s][info ][safepoint    ] Leaving safepoint region
[345.141s][info ][safepoint    ] Total time for which application threads were stopped: 0.0001866 seconds, Stopping threads took: 0.0001111 seconds
[346.127s][info ][safepoint    ] Application time: 0.9854216 seconds
[346.127s][info ][safepoint    ] Entering safepoint region: GenCollectForAllocation
[346.127s][info ][gc,start     ] GC(227) Pause Young (Allocation Failure)
[346.127s][info ][gc,task      ] GC(227) Using 4 workers of 4 for evacuation
[346.130s][debug][gc,ref       ] GC(227) Skipped phase1 of Reference Processing due to unavailable references
[346.130s][debug][gc,ref       ] GC(227) Skipped phase2 of Reference Processing due to unavailable references
[346.130s][debug][gc,ref       ] GC(227) Skipped phase3 of Reference Processing due to unavailable references
[346.130s][debug][gc,ref       ] GC(227) Skipped phase4 of Reference Processing due to unavailable references
[346.130s][debug][gc,age       ] GC(227) Desired survivor size 15400960 bytes, new threshold 6 (max threshold 6)
[346.130s][info ][gc,heap      ] GC(227) ParNew: 244736K->4083K(270976K)
[346.131s][info ][gc,heap      ] GC(227) CMS: 272904K->272991K(602112K)
[346.131s][info ][gc,metaspace ] GC(227) Metaspace: 57076K->57076K(1101824K)
[346.131s][info ][gc           ] GC(227) Pause Young (Allocation Failure) 505M->270M(852M) 3.564ms
[346.131s][info ][gc,cpu       ] GC(227) User=0.01s Sys=0.00s Real=0.00s
[346.131s][info ][safepoint    ] Leaving safepoint region
[346.131s][info ][safepoint    ] Total time for which application threads were stopped: 0.0037053 seconds, Stopping threads took: 0.0000174 seconds
[347.131s][info ][safepoint    ] Application time: 1.0000930 seconds
[347.131s][info ][safepoint    ] Entering safepoint region: Cleanup
[347.131s][info ][safepoint    ] Leaving safepoint region
[347.131s][info ][safepoint    ] Total time for which application threads were stopped: 0.0001599 seconds, Stopping threads took: 0.0000840 seconds
[348.131s][info ][safepoint    ] Application time: 1.0001152 seconds
[348.131s][info ][safepoint    ] Entering safepoint region: Cleanup
[348.131s][info ][safepoint    ] Leaving safepoint region
[348.131s][info ][safepoint    ] Total time for which application threads were stopped: 0.0001361 seconds, Stopping threads took: 0.0000678 seconds
[348.224s][info ][safepoint    ] Application time: 0.0931326 seconds
[348.224s][info ][safepoint    ] Entering safepoint region: GenCollectForAllocation
[348.224s][info ][gc,start     ] GC(228) Pause Young (Allocation Failure)
[348.224s][info ][gc,task      ] GC(228) Using 4 workers of 4 for evacuation
[348.228s][debug][gc,ref       ] GC(228) Skipped phase1 of Reference Processing due to unavailable references
[348.228s][debug][gc,ref       ] GC(228) Skipped phase2 of Reference Processing due to unavailable references
[348.228s][debug][gc,ref       ] GC(228) Skipped phase3 of Reference Processing due to unavailable references
[348.228s][debug][gc,ref       ] GC(228) Skipped phase4 of Reference Processing due to unavailable references
[348.228s][debug][gc,age       ] GC(228) Desired survivor size 15400960 bytes, new threshold 6 (max threshold 6)
[348.228s][info ][gc,heap      ] GC(228) ParNew: 244979K->3651K(270976K)
[348.228s][info ][gc,heap      ] GC(228) CMS: 272991K->273162K(602112K)
[348.228s][info ][gc,metaspace ] GC(228) Metaspace: 57076K->57076K(1101824K)
[348.228s][info ][gc           ] GC(228) Pause Young (Allocation Failure) 505M->270M(852M) 3.713ms
[348.228s][info ][gc,cpu       ] GC(228) User=0.01s Sys=0.00s Real=0.00s
[348.228s][info ][safepoint    ] Leaving safepoint region
[348.228s][info ][safepoint    ] Total time for which application threads were stopped: 0.0038483 seconds, Stopping threads took: 0.0000174 seconds
[349.228s][info ][safepoint    ] Application time: 1.0001358 seconds
[349.228s][info ][safepoint    ] Entering safepoint region: Cleanup
[349.228s][info ][safepoint    ] Leaving safepoint region
[349.228s][info ][safepoint    ] Total time for which application threads were stopped: 0.0001066 seconds, Stopping threads took: 0.0000397 seconds
[350.229s][info ][safepoint    ] Application time: 1.0001079 seconds
[350.229s][info ][safepoint    ] Entering safepoint region: Cleanup
[350.229s][info ][safepoint    ] Leaving safepoint region
[350.229s][info ][safepoint    ] Total time for which application threads were stopped: 0.0001191 seconds, Stopping threads took: 0.0000459 seconds
[350.325s][info ][safepoint    ] Application time: 0.0963129 seconds
[350.325s][info ][safepoint    ] Entering safepoint region: GenCollectForAllocation
[350.325s][info ][gc,start     ] GC(229) Pause Young (Allocation Failure)
[350.325s][info ][gc,task      ] GC(229) Using 4 workers of 4 for evacuation
[350.329s][debug][gc,ref       ] GC(229) Skipped phase1 of Reference Processing due to unavailable references
[350.329s][debug][gc,ref       ] GC(229) Skipped phase2 of Reference Processing due to unavailable references
[350.329s][debug][gc,ref       ] GC(229) Skipped phase3 of Reference Processing due to unavailable references
[350.329s][debug][gc,ref       ] GC(229) Skipped phase4 of Reference Processing due to unavailable references
[350.329s][debug][gc,age       ] GC(229) Desired survivor size 15400960 bytes, new threshold 6 (max threshold 6)
[350.329s][info ][gc,heap      ] GC(229) ParNew: 244547K->3556K(270976K)
[350.329s][info ][gc,heap      ] GC(229) CMS: 273162K->273343K(602112K)
[350.329s][info ][gc,metaspace ] GC(229) Metaspace: 57093K->57093K(1101824K)
[350.329s][info ][gc           ] GC(229) Pause Young (Allocation Failure) 505M->270M(852M) 3.856ms
[350.329s][info ][gc,cpu       ] GC(229) User=0.01s Sys=0.00s Real=0.00s
[350.329s][info ][safepoint    ] Leaving safepoint region
[350.329s][info ][safepoint    ] Total time for which application threads were stopped: 0.0040100 seconds, Stopping threads took: 0.0000155 seconds
[351.329s][info ][safepoint    ] Application time: 1.0000892 seconds
[351.329s][info ][safepoint    ] Entering safepoint region: Cleanup
[351.329s][info ][safepoint    ] Leaving safepoint region
[351.329s][info ][safepoint    ] Total time for which application threads were stopped: 0.0001318 seconds, Stopping threads took: 0.0000353 seconds
[352.305s][info ][safepoint    ] Application time: 0.9753753 seconds
[352.305s][info ][safepoint    ] Entering safepoint region: GenCollectForAllocation
[352.305s][info ][gc,start     ] GC(230) Pause Young (Allocation Failure)
[352.305s][info ][gc,task      ] GC(230) Using 4 workers of 4 for evacuation
[352.310s][debug][gc,ref       ] GC(230) Skipped phase1 of Reference Processing due to unavailable references
[352.310s][debug][gc,ref       ] GC(230) Skipped phase3 of Reference Processing due to unavailable references
[352.310s][debug][gc,age       ] GC(230) Desired survivor size 15400960 bytes, new threshold 6 (max threshold 6)
[352.310s][info ][gc,heap      ] GC(230) ParNew: 244452K->5029K(270976K)
[352.310s][info ][gc,heap      ] GC(230) CMS: 273343K->273544K(602112K)
[352.310s][info ][gc,metaspace ] GC(230) Metaspace: 57120K->57120K(1101824K)
[352.310s][info ][gc           ] GC(230) Pause Young (Allocation Failure) 505M->272M(852M) 5.155ms
[352.310s][info ][gc,cpu       ] GC(230) User=0.02s Sys=0.00s Real=0.00s
[352.310s][info ][safepoint    ] Leaving safepoint region
[352.310s][info ][safepoint    ] Total time for which application threads were stopped: 0.0053849 seconds, Stopping threads took: 0.0000463 seconds
[353.276s][info ][safepoint    ] Application time: 0.9654932 seconds
[353.276s][info ][safepoint    ] Entering safepoint region: GenCollectForAllocation
[353.276s][info ][gc,start     ] GC(231) Pause Young (Allocation Failure)
[353.276s][info ][gc,task      ] GC(231) Using 4 workers of 4 for evacuation
[353.281s][debug][gc,ref       ] GC(231) Skipped phase1 of Reference Processing due to unavailable references
[353.281s][debug][gc,ref       ] GC(231) Skipped phase2 of Reference Processing due to unavailable references
[353.281s][debug][gc,ref       ] GC(231) Skipped phase3 of Reference Processing due to unavailable references
[353.281s][debug][gc,ref       ] GC(231) Skipped phase4 of Reference Processing due to unavailable references
[353.281s][debug][gc,age       ] GC(231) Desired survivor size 15400960 bytes, new threshold 6 (max threshold 6)
[353.281s][info ][gc,heap      ] GC(231) ParNew: 245925K->3544K(270976K)
[353.281s][info ][gc,heap      ] GC(231) CMS: 273544K->273744K(602112K)
[353.281s][info ][gc,metaspace ] GC(231) Metaspace: 57128K->57128K(1101824K)
[353.281s][info ][gc           ] GC(231) Pause Young (Allocation Failure) 507M->270M(852M) 4.915ms
[353.281s][info ][gc,cpu       ] GC(231) User=0.02s Sys=0.00s Real=0.00s
[353.281s][info ][safepoint    ] Leaving safepoint region
[353.281s][info ][safepoint    ] Total time for which application threads were stopped: 0.0050845 seconds, Stopping threads took: 0.0000173 seconds
[354.281s][info ][safepoint    ] Application time: 1.0001036 seconds
[354.281s][info ][safepoint    ] Entering safepoint region: Cleanup
[354.281s][info ][safepoint    ] Leaving safepoint region
[354.281s][info ][safepoint    ] Total time for which application threads were stopped: 0.0001194 seconds, Stopping threads took: 0.0000394 seconds
[355.281s][info ][safepoint    ] Application time: 1.0001265 seconds
[355.281s][info ][safepoint    ] Entering safepoint region: Cleanup
[355.281s][info ][safepoint    ] Leaving safepoint region
[355.281s][info ][safepoint    ] Total time for which application threads were stopped: 0.0001481 seconds, Stopping threads took: 0.0000472 seconds
[355.298s][info ][safepoint    ] Application time: 0.0163958 seconds
[355.298s][info ][safepoint    ] Entering safepoint region: GenCollectForAllocation
[355.298s][info ][gc,start     ] GC(232) Pause Young (Allocation Failure)
[355.298s][info ][gc,task      ] GC(232) Using 4 workers of 4 for evacuation
[355.302s][debug][gc,ref       ] GC(232) Skipped phase1 of Reference Processing due to unavailable references
[355.302s][debug][gc,ref       ] GC(232) Skipped phase2 of Reference Processing due to unavailable references
[355.302s][debug][gc,ref       ] GC(232) Skipped phase3 of Reference Processing due to unavailable references
[355.302s][debug][gc,ref       ] GC(232) Skipped phase4 of Reference Processing due to unavailable references
[355.302s][debug][gc,age       ] GC(232) Desired survivor size 15400960 bytes, new threshold 6 (max threshold 6)
[355.302s][info ][gc,heap      ] GC(232) ParNew: 244440K->3430K(270976K)
[355.302s][info ][gc,heap      ] GC(232) CMS: 273744K->273911K(602112K)
[355.302s][info ][gc,metaspace ] GC(232) Metaspace: 57136K->57136K(1101824K)
[355.302s][info ][gc           ] GC(232) Pause Young (Allocation Failure) 506M->270M(852M) 4.066ms
[355.302s][info ][gc,cpu       ] GC(232) User=0.01s Sys=0.00s Real=0.00s
[355.302s][info ][safepoint    ] Leaving safepoint region
[355.302s][info ][safepoint    ] Total time for which application threads were stopped: 0.0042105 seconds, Stopping threads took: 0.0000191 seconds
[356.302s][info ][safepoint    ] Application time: 1.0000911 seconds
[356.302s][info ][safepoint    ] Entering safepoint region: Cleanup
[356.302s][info ][safepoint    ] Leaving safepoint region
[356.302s][info ][safepoint    ] Total time for which application threads were stopped: 0.0001631 seconds, Stopping threads took: 0.0000915 seconds
[357.116s][info ][safepoint    ] Application time: 0.8140820 seconds
[357.116s][info ][safepoint    ] Entering safepoint region: GenCollectForAllocation
[357.117s][info ][gc,start     ] GC(233) Pause Young (Allocation Failure)
[357.117s][info ][gc,task      ] GC(233) Using 4 workers of 4 for evacuation
[357.123s][debug][gc,ref       ] GC(233) Skipped phase1 of Reference Processing due to unavailable references
[357.123s][debug][gc,ref       ] GC(233) Skipped phase2 of Reference Processing due to unavailable references
[357.123s][debug][gc,ref       ] GC(233) Skipped phase3 of Reference Processing due to unavailable references
[357.123s][debug][gc,ref       ] GC(233) Skipped phase4 of Reference Processing due to unavailable references
[357.123s][debug][gc,age       ] GC(233) Desired survivor size 15400960 bytes, new threshold 6 (max threshold 6)
[357.124s][info ][gc,heap      ] GC(233) ParNew: 244326K->8616K(270976K)
[357.124s][info ][gc,heap      ] GC(233) CMS: 273911K->274172K(602112K)
[357.124s][info ][gc,metaspace ] GC(233) Metaspace: 57137K->57137K(1101824K)
[357.124s][info ][gc           ] GC(233) Pause Young (Allocation Failure) 506M->276M(852M) 6.889ms
[357.124s][info ][gc,cpu       ] GC(233) User=0.03s Sys=0.00s Real=0.00s
[357.124s][info ][safepoint    ] Leaving safepoint region
[357.124s][info ][safepoint    ] Total time for which application threads were stopped: 0.0071241 seconds, Stopping threads took: 0.0000166 seconds
[358.124s][info ][safepoint    ] Application time: 1.0000943 seconds
[358.124s][info ][safepoint    ] Entering safepoint region: Cleanup
[358.124s][info ][safepoint    ] Leaving safepoint region
[358.124s][info ][safepoint    ] Total time for which application threads were stopped: 0.0001192 seconds, Stopping threads took: 0.0000417 seconds
[358.993s][info ][safepoint    ] Application time: 0.8687848 seconds
[358.993s][info ][safepoint    ] Entering safepoint region: GenCollectForAllocation
[358.993s][info ][gc,start     ] GC(234) Pause Young (Allocation Failure)
[358.993s][info ][gc,task      ] GC(234) Using 4 workers of 4 for evacuation
[358.999s][debug][gc,ref       ] GC(234) Skipped phase1 of Reference Processing due to unavailable references
[358.999s][debug][gc,ref       ] GC(234) Skipped phase2 of Reference Processing due to unavailable references
[358.999s][debug][gc,ref       ] GC(234) Skipped phase3 of Reference Processing due to unavailable references
[358.999s][debug][gc,ref       ] GC(234) Skipped phase4 of Reference Processing due to unavailable references
[358.999s][debug][gc,age       ] GC(234) Desired survivor size 15400960 bytes, new threshold 6 (max threshold 6)
[358.999s][info ][gc,heap      ] GC(234) ParNew: 249512K->10644K(270976K)
[358.999s][info ][gc,heap      ] GC(234) CMS: 274172K->274370K(602112K)
[358.999s][info ][gc,metaspace ] GC(234) Metaspace: 57140K->57140K(1101824K)
[358.999s][info ][gc           ] GC(234) Pause Young (Allocation Failure) 511M->278M(852M) 6.115ms
[358.999s][info ][gc,cpu       ] GC(234) User=0.02s Sys=0.00s Real=0.01s
[358.999s][info ][safepoint    ] Leaving safepoint region
[358.999s][info ][safepoint    ] Total time for which application threads were stopped: 0.0062849 seconds, Stopping threads took: 0.0000190 seconds
[359.999s][info ][safepoint    ] Application time: 1.0000905 seconds
[359.999s][info ][safepoint    ] Entering safepoint region: Cleanup
[359.999s][info ][safepoint    ] Leaving safepoint region
[359.999s][info ][safepoint    ] Total time for which application threads were stopped: 0.0000943 seconds, Stopping threads took: 0.0000165 seconds
[360.823s][info ][safepoint    ] Application time: 0.8236404 seconds
[360.823s][info ][safepoint    ] Entering safepoint region: GenCollectForAllocation
[360.823s][info ][gc,start     ] GC(235) Pause Young (Allocation Failure)
[360.823s][info ][gc,task      ] GC(235) Using 4 workers of 4 for evacuation
[360.829s][debug][gc,ref       ] GC(235) Skipped phase1 of Reference Processing due to unavailable references
[360.829s][debug][gc,ref       ] GC(235) Skipped phase2 of Reference Processing due to unavailable references
[360.829s][debug][gc,ref       ] GC(235) Skipped phase3 of Reference Processing due to unavailable references
[360.829s][debug][gc,ref       ] GC(235) Skipped phase4 of Reference Processing due to unavailable references
[360.829s][debug][gc,age       ] GC(235) Desired survivor size 15400960 bytes, new threshold 6 (max threshold 6)
[360.829s][info ][gc,heap      ] GC(235) ParNew: 251540K->13277K(270976K)
[360.829s][info ][gc,heap      ] GC(235) CMS: 274370K->274597K(602112K)
[360.829s][info ][gc,metaspace ] GC(235) Metaspace: 57145K->57145K(1101824K)
[360.829s][info ][gc           ] GC(235) Pause Young (Allocation Failure) 513M->281M(852M) 6.342ms
[360.829s][info ][gc,cpu       ] GC(235) User=0.03s Sys=0.00s Real=0.01s
[360.829s][info ][safepoint    ] Leaving safepoint region
[360.829s][info ][safepoint    ] Total time for which application threads were stopped: 0.0065396 seconds, Stopping threads took: 0.0000404 seconds
[361.830s][info ][safepoint    ] Application time: 1.0001027 seconds
[361.830s][info ][safepoint    ] Entering safepoint region: Cleanup
[361.830s][info ][safepoint    ] Leaving safepoint region
[361.830s][info ][safepoint    ] Total time for which application threads were stopped: 0.0001084 seconds, Stopping threads took: 0.0000388 seconds
[362.651s][info ][safepoint    ] Application time: 0.8215551 seconds
[363.568s][info ][safepoint    ] Entering safepoint region: GenCollectForAllocation
[363.568s][info ][gc,start     ] GC(236) Pause Young (Allocation Failure)
[363.568s][info ][gc,task      ] GC(236) Using 4 workers of 4 for evacuation
[363.574s][debug][gc,ref       ] GC(236) Skipped phase1 of Reference Processing due to unavailable references
[363.574s][debug][gc,ref       ] GC(236) Skipped phase2 of Reference Processing due to unavailable references
[363.574s][debug][gc,ref       ] GC(236) Skipped phase3 of Reference Processing due to unavailable references
[363.574s][debug][gc,ref       ] GC(236) Skipped phase4 of Reference Processing due to unavailable references
[363.575s][debug][gc,age       ] GC(236) Desired survivor size 15400960 bytes, new threshold 6 (max threshold 6)
[363.575s][info ][gc,heap      ] GC(236) ParNew: 254173K->11641K(270976K)
[363.575s][info ][gc,heap      ] GC(236) CMS: 274597K->274730K(602112K)
[363.575s][info ][gc,metaspace ] GC(236) Metaspace: 57146K->57146K(1101824K)
[363.575s][info ][gc           ] GC(236) Pause Young (Allocation Failure) 516M->279M(852M) 6.472ms
[363.575s][info ][gc,cpu       ] GC(236) User=0.03s Sys=0.00s Real=0.00s
[363.575s][info ][safepoint    ] Leaving safepoint region
[363.575s][info ][safepoint    ] Total time for which application threads were stopped: 0.0068739 seconds, Stopping threads took: 0.0000303 seconds
[364.497s][info ][safepoint    ] Application time: 0.9227278 seconds
[364.498s][info ][safepoint    ] Entering safepoint region: GenCollectForAllocation
[364.498s][info ][gc,start     ] GC(237) Pause Young (Allocation Failure)
[364.498s][info ][gc,task      ] GC(237) Using 4 workers of 4 for evacuation
[364.504s][debug][gc,ref       ] GC(237) Skipped phase1 of Reference Processing due to unavailable references
[364.504s][debug][gc,ref       ] GC(237) Skipped phase3 of Reference Processing due to unavailable references
[364.504s][debug][gc,ref       ] GC(237) Skipped phase4 of Reference Processing due to unavailable references
[364.505s][debug][gc,age       ] GC(237) Desired survivor size 15400960 bytes, new threshold 6 (max threshold 6)
[364.505s][info ][gc,heap      ] GC(237) ParNew: 252537K->14151K(270976K)
[364.505s][info ][gc,heap      ] GC(237) CMS: 274730K->274904K(602112K)
[364.505s][info ][gc,metaspace ] GC(237) Metaspace: 57148K->57148K(1101824K)
[364.505s][info ][gc           ] GC(237) Pause Young (Allocation Failure) 514M->282M(852M) 6.980ms
[364.505s][info ][gc,cpu       ] GC(237) User=0.04s Sys=0.00s Real=0.01s
[364.505s][info ][safepoint    ] Leaving safepoint region
[364.505s][info ][safepoint    ] Total time for which application threads were stopped: 0.0071753 seconds, Stopping threads took: 0.0000497 seconds
[365.191s][info ][safepoint    ] Application time: 0.6861837 seconds
[365.191s][info ][safepoint    ] Entering safepoint region: Deoptimize
[365.193s][info ][safepoint    ] Leaving safepoint region
[365.193s][info ][safepoint    ] Total time for which application threads were stopped: 0.0017929 seconds, Stopping threads took: 0.0001515 seconds
[366.191s][info ][safepoint    ] Application time: 0.9984901 seconds
[366.191s][info ][safepoint    ] Entering safepoint region: GenCollectForAllocation
[366.192s][info ][gc,start     ] GC(238) Pause Young (Allocation Failure)
[366.192s][info ][gc,task      ] GC(238) Using 4 workers of 4 for evacuation
[366.198s][debug][gc,ref       ] GC(238) Skipped phase1 of Reference Processing due to unavailable references
[366.198s][debug][gc,ref       ] GC(238) Skipped phase3 of Reference Processing due to unavailable references
[366.198s][debug][gc,age       ] GC(238) Desired survivor size 15400960 bytes, new threshold 6 (max threshold 6)
[366.198s][info ][gc,heap      ] GC(238) ParNew: 255047K->18818K(270976K)
[366.198s][info ][gc,heap      ] GC(238) CMS: 274904K->275164K(602112K)
[366.198s][info ][gc,metaspace ] GC(238) Metaspace: 57168K->57168K(1101824K)
[366.199s][info ][gc           ] GC(238) Pause Young (Allocation Failure) 517M->287M(852M) 7.104ms
[366.199s][info ][gc,cpu       ] GC(238) User=0.03s Sys=0.00s Real=0.01s
[366.199s][info ][safepoint    ] Leaving safepoint region
[366.199s][info ][safepoint    ] Total time for which application threads were stopped: 0.0072944 seconds, Stopping threads took: 0.0000176 seconds
[367.199s][info ][safepoint    ] Application time: 1.0000877 seconds
[367.199s][info ][safepoint    ] Entering safepoint region: Cleanup
[367.199s][info ][safepoint    ] Leaving safepoint region
[367.199s][info ][safepoint    ] Total time for which application threads were stopped: 0.0001069 seconds, Stopping threads took: 0.0000167 seconds
[367.844s][info ][safepoint    ] Application time: 0.6446018 seconds
[367.844s][info ][safepoint    ] Entering safepoint region: GenCollectForAllocation
[367.844s][info ][gc,start     ] GC(239) Pause Young (Allocation Failure)
[367.844s][info ][gc,task      ] GC(239) Using 4 workers of 4 for evacuation
[367.851s][debug][gc,ref       ] GC(239) Skipped phase1 of Reference Processing due to unavailable references
[367.851s][debug][gc,ref       ] GC(239) Skipped phase3 of Reference Processing due to unavailable references
[367.851s][debug][gc,ref       ] GC(239) Skipped phase4 of Reference Processing due to unavailable references
[367.851s][debug][gc,age       ] GC(239) Desired survivor size 15400960 bytes, new threshold 6 (max threshold 6)
[367.851s][info ][gc,heap      ] GC(239) ParNew: 259714K->12814K(270976K)
[367.851s][info ][gc,heap      ] GC(239) CMS: 275164K->276901K(602112K)
[367.851s][info ][gc,metaspace ] GC(239) Metaspace: 57171K->57171K(1101824K)
[367.851s][info ][gc           ] GC(239) Pause Young (Allocation Failure) 522M->282M(852M) 7.337ms
[367.851s][info ][gc,cpu       ] GC(239) User=0.03s Sys=0.00s Real=0.01s
[367.851s][info ][safepoint    ] Leaving safepoint region
[367.851s][info ][safepoint    ] Total time for which application threads were stopped: 0.0074908 seconds, Stopping threads took: 0.0000170 seconds
[368.851s][info ][safepoint    ] Application time: 1.0001332 seconds
[368.851s][info ][safepoint    ] Entering safepoint region: Cleanup
[368.851s][info ][safepoint    ] Leaving safepoint region
[368.851s][info ][safepoint    ] Total time for which application threads were stopped: 0.0000812 seconds, Stopping threads took: 0.0000176 seconds
[369.593s][info ][safepoint    ] Application time: 0.7412964 seconds
[369.593s][info ][safepoint    ] Entering safepoint region: GenCollectForAllocation
[369.593s][info ][gc,start     ] GC(240) Pause Young (Allocation Failure)
[369.593s][info ][gc,task      ] GC(240) Using 4 workers of 4 for evacuation
[369.608s][debug][gc,ref       ] GC(240) Skipped phase1 of Reference Processing due to unavailable references
[369.608s][debug][gc,ref       ] GC(240) Skipped phase3 of Reference Processing due to unavailable references
[369.608s][debug][gc,ref       ] GC(240) Skipped phase4 of Reference Processing due to unavailable references
[369.608s][debug][gc,age       ] GC(240) Desired survivor size 15400960 bytes, new threshold 6 (max threshold 6)
[369.608s][info ][gc,heap      ] GC(240) ParNew: 253710K->14957K(270976K)
[369.608s][info ][gc,heap      ] GC(240) CMS: 276901K->277985K(602112K)
[369.608s][info ][gc,metaspace ] GC(240) Metaspace: 57185K->57185K(1101824K)
[369.608s][info ][gc           ] GC(240) Pause Young (Allocation Failure) 518M->286M(852M) 15.171ms
[369.608s][info ][gc,cpu       ] GC(240) User=0.03s Sys=0.00s Real=0.02s
[369.608s][info ][safepoint    ] Leaving safepoint region
[369.608s][info ][safepoint    ] Total time for which application threads were stopped: 0.0153200 seconds, Stopping threads took: 0.0000167 seconds
[370.608s][info ][safepoint    ] Application time: 1.0001002 seconds
[370.608s][info ][safepoint    ] Entering safepoint region: Cleanup
[370.608s][info ][safepoint    ] Leaving safepoint region
[370.608s][info ][safepoint    ] Total time for which application threads were stopped: 0.0001222 seconds, Stopping threads took: 0.0000193 seconds
[371.476s][info ][safepoint    ] Application time: 0.8673657 seconds
[371.476s][info ][safepoint    ] Entering safepoint region: GenCollectForAllocation
[371.476s][info ][gc,start     ] GC(241) Pause Young (Allocation Failure)
[371.476s][info ][gc,task      ] GC(241) Using 4 workers of 4 for evacuation
[371.483s][debug][gc,ref       ] GC(241) Skipped phase1 of Reference Processing due to unavailable references
[371.483s][debug][gc,ref       ] GC(241) Skipped phase3 of Reference Processing due to unavailable references
[371.483s][debug][gc,ref       ] GC(241) Skipped phase4 of Reference Processing due to unavailable references
[371.483s][debug][gc,age       ] GC(241) Desired survivor size 15400960 bytes, new threshold 6 (max threshold 6)
[371.483s][info ][gc,heap      ] GC(241) ParNew: 255853K->14196K(270976K)
[371.483s][info ][gc,heap      ] GC(241) CMS: 277985K->279607K(602112K)
[371.483s][info ][gc,metaspace ] GC(241) Metaspace: 57186K->57186K(1101824K)
[371.483s][info ][gc           ] GC(241) Pause Young (Allocation Failure) 521M->286M(852M) 7.011ms
[371.483s][info ][gc,cpu       ] GC(241) User=0.03s Sys=0.00s Real=0.00s
[371.483s][info ][safepoint    ] Leaving safepoint region
[371.483s][info ][safepoint    ] Total time for which application threads were stopped: 0.0071994 seconds, Stopping threads took: 0.0000156 seconds
[372.483s][info ][safepoint    ] Application time: 1.0000949 seconds
[372.483s][info ][safepoint    ] Entering safepoint region: Cleanup
[372.483s][info ][safepoint    ] Leaving safepoint region
[372.483s][info ][safepoint    ] Total time for which application threads were stopped: 0.0001673 seconds, Stopping threads took: 0.0000836 seconds
[373.186s][info ][safepoint    ] Application time: 0.7029791 seconds
[373.186s][info ][safepoint    ] Entering safepoint region: GenCollectForAllocation
[373.186s][info ][gc,start     ] GC(242) Pause Young (Allocation Failure)
[373.186s][info ][gc,task      ] GC(242) Using 4 workers of 4 for evacuation
[373.192s][debug][gc,ref       ] GC(242) Skipped phase1 of Reference Processing due to unavailable references
[373.192s][debug][gc,ref       ] GC(242) Skipped phase3 of Reference Processing due to unavailable references
[373.192s][debug][gc,age       ] GC(242) Desired survivor size 15400960 bytes, new threshold 6 (max threshold 6)
[373.192s][info ][gc,heap      ] GC(242) ParNew: 255092K->10921K(270976K)
[373.192s][info ][gc,heap      ] GC(242) CMS: 279607K->279749K(602112K)
[373.192s][info ][gc,metaspace ] GC(242) Metaspace: 57197K->57197K(1101824K)
[373.192s][info ][gc           ] GC(242) Pause Young (Allocation Failure) 522M->283M(852M) 5.820ms
[373.192s][info ][gc,cpu       ] GC(242) User=0.02s Sys=0.00s Real=0.00s
[373.192s][info ][safepoint    ] Leaving safepoint region
[373.192s][info ][safepoint    ] Total time for which application threads were stopped: 0.0059698 seconds, Stopping threads took: 0.0000176 seconds
[374.192s][info ][safepoint    ] Application time: 1.0000937 seconds
[374.192s][info ][safepoint    ] Entering safepoint region: Cleanup
[374.192s][info ][safepoint    ] Leaving safepoint region
[374.192s][info ][safepoint    ] Total time for which application threads were stopped: 0.0000726 seconds, Stopping threads took: 0.0000170 seconds
[375.023s][info ][safepoint    ] Application time: 0.8307408 seconds
[375.023s][info ][safepoint    ] Entering safepoint region: GenCollectForAllocation
[375.023s][info ][gc,start     ] GC(243) Pause Young (Allocation Failure)
[375.023s][info ][gc,task      ] GC(243) Using 4 workers of 4 for evacuation
[375.030s][debug][gc,ref       ] GC(243) Skipped phase1 of Reference Processing due to unavailable references
[375.030s][debug][gc,ref       ] GC(243) Skipped phase3 of Reference Processing due to unavailable references
[375.030s][debug][gc,ref       ] GC(243) Skipped phase4 of Reference Processing due to unavailable references
[375.030s][debug][gc,age       ] GC(243) Desired survivor size 15400960 bytes, new threshold 6 (max threshold 6)
[375.030s][info ][gc,heap      ] GC(243) ParNew: 251817K->9335K(270976K)
[375.030s][info ][gc,heap      ] GC(243) CMS: 279749K->281446K(602112K)
[375.030s][info ][gc,metaspace ] GC(243) Metaspace: 57204K->57204K(1101824K)
[375.030s][info ][gc           ] GC(243) Pause Young (Allocation Failure) 519M->283M(852M) 7.024ms
[375.030s][info ][gc,cpu       ] GC(243) User=0.02s Sys=0.00s Real=0.01s
[375.030s][info ][safepoint    ] Leaving safepoint region
[375.030s][info ][safepoint    ] Total time for which application threads were stopped: 0.0071907 seconds, Stopping threads took: 0.0000412 seconds
[376.030s][info ][safepoint    ] Application time: 1.0001059 seconds
[376.030s][info ][safepoint    ] Entering safepoint region: Cleanup
[376.031s][info ][safepoint    ] Leaving safepoint region
[376.031s][info ][safepoint    ] Total time for which application threads were stopped: 0.0001306 seconds, Stopping threads took: 0.0000658 seconds
[376.786s][info ][safepoint    ] Application time: 0.7556316 seconds
[376.786s][info ][safepoint    ] Entering safepoint region: GenCollectForAllocation
[376.786s][info ][gc,start     ] GC(244) Pause Young (Allocation Failure)
[376.786s][info ][gc,task      ] GC(244) Using 4 workers of 4 for evacuation
[376.794s][debug][gc,ref       ] GC(244) Skipped phase1 of Reference Processing due to unavailable references
[376.794s][debug][gc,ref       ] GC(244) Skipped phase3 of Reference Processing due to unavailable references
[376.794s][debug][gc,ref       ] GC(244) Skipped phase4 of Reference Processing due to unavailable references
[376.794s][debug][gc,age       ] GC(244) Desired survivor size 15400960 bytes, new threshold 6 (max threshold 6)
[376.794s][info ][gc,heap      ] GC(244) ParNew: 250231K->6764K(270976K)
[376.794s][info ][gc,heap      ] GC(244) CMS: 281446K->284395K(602112K)
[376.794s][info ][gc,metaspace ] GC(244) Metaspace: 57205K->57205K(1101824K)
[376.794s][info ][gc           ] GC(244) Pause Young (Allocation Failure) 519M->284M(852M) 7.594ms
[376.794s][info ][gc,cpu       ] GC(244) User=0.03s Sys=0.00s Real=0.00s
[376.794s][info ][safepoint    ] Leaving safepoint region
[376.794s][info ][safepoint    ] Total time for which application threads were stopped: 0.0077655 seconds, Stopping threads took: 0.0000168 seconds
[377.794s][info ][safepoint    ] Application time: 1.0000958 seconds
[377.794s][info ][safepoint    ] Entering safepoint region: Cleanup
[377.794s][info ][safepoint    ] Leaving safepoint region
[377.794s][info ][safepoint    ] Total time for which application threads were stopped: 0.0000917 seconds, Stopping threads took: 0.0000304 seconds
[378.588s][info ][safepoint    ] Application time: 0.7934969 seconds
[378.588s][info ][safepoint    ] Entering safepoint region: GenCollectForAllocation
[378.588s][info ][gc,start     ] GC(245) Pause Young (Allocation Failure)
[378.588s][info ][gc,task      ] GC(245) Using 4 workers of 4 for evacuation
[378.592s][debug][gc,ref       ] GC(245) Skipped phase1 of Reference Processing due to unavailable references
[378.592s][debug][gc,ref       ] GC(245) Skipped phase3 of Reference Processing due to unavailable references
[378.592s][debug][gc,ref       ] GC(245) Skipped phase4 of Reference Processing due to unavailable references
[378.592s][debug][gc,age       ] GC(245) Desired survivor size 15400960 bytes, new threshold 6 (max threshold 6)
[378.592s][info ][gc,heap      ] GC(245) ParNew: 247660K->4607K(270976K)
[378.592s][info ][gc,heap      ] GC(245) CMS: 284395K->284549K(602112K)
[378.592s][info ][gc,metaspace ] GC(245) Metaspace: 57211K->57211K(1101824K)
[378.592s][info ][gc           ] GC(245) Pause Young (Allocation Failure) 519M->282M(852M) 4.004ms
[378.592s][info ][gc,cpu       ] GC(245) User=0.02s Sys=0.00s Real=0.00s
[378.592s][info ][safepoint    ] Leaving safepoint region
[378.592s][info ][safepoint    ] Total time for which application threads were stopped: 0.0041488 seconds, Stopping threads took: 0.0000160 seconds
[379.592s][info ][safepoint    ] Application time: 1.0001128 seconds
[379.592s][info ][safepoint    ] Entering safepoint region: Cleanup
[379.592s][info ][safepoint    ] Leaving safepoint region
[379.592s][info ][safepoint    ] Total time for which application threads were stopped: 0.0000867 seconds, Stopping threads took: 0.0000306 seconds
[380.396s][info ][safepoint    ] Application time: 0.8041383 seconds
[380.396s][info ][safepoint    ] Entering safepoint region: GenCollectForAllocation
[380.396s][info ][gc,start     ] GC(246) Pause Young (Allocation Failure)
[380.396s][info ][gc,task      ] GC(246) Using 4 workers of 4 for evacuation
[380.402s][debug][gc,ref       ] GC(246) Skipped phase1 of Reference Processing due to unavailable references
[380.402s][debug][gc,ref       ] GC(246) Skipped phase3 of Reference Processing due to unavailable references
[380.402s][debug][gc,age       ] GC(246) Desired survivor size 15400960 bytes, new threshold 6 (max threshold 6)
[380.402s][info ][gc,heap      ] GC(246) ParNew: 245503K->3434K(270976K)
[380.402s][info ][gc,heap      ] GC(246) CMS: 284549K->286914K(602112K)
[380.402s][info ][gc,metaspace ] GC(246) Metaspace: 57215K->57215K(1101824K)
[380.402s][info ][gc           ] GC(246) Pause Young (Allocation Failure) 517M->283M(852M) 5.393ms
[380.402s][info ][gc,cpu       ] GC(246) User=0.02s Sys=0.00s Real=0.00s
[380.402s][info ][safepoint    ] Leaving safepoint region
[380.402s][info ][safepoint    ] Total time for which application threads were stopped: 0.0055267 seconds, Stopping threads took: 0.0000160 seconds
[381.402s][info ][safepoint    ] Application time: 1.0000961 seconds
[381.402s][info ][safepoint    ] Entering safepoint region: Cleanup
[381.402s][info ][safepoint    ] Leaving safepoint region
[381.402s][info ][safepoint    ] Total time for which application threads were stopped: 0.0000674 seconds, Stopping threads took: 0.0000164 seconds
[382.213s][info ][safepoint    ] Application time: 0.8113345 seconds
[382.213s][info ][safepoint    ] Entering safepoint region: GenCollectForAllocation
[382.214s][info ][gc,start     ] GC(247) Pause Young (Allocation Failure)
[382.214s][info ][gc,task      ] GC(247) Using 4 workers of 4 for evacuation
[382.217s][debug][gc,ref       ] GC(247) Skipped phase1 of Reference Processing due to unavailable references
[382.217s][debug][gc,ref       ] GC(247) Skipped phase3 of Reference Processing due to unavailable references
[382.217s][debug][gc,age       ] GC(247) Desired survivor size 15400960 bytes, new threshold 6 (max threshold 6)
[382.217s][info ][gc,heap      ] GC(247) ParNew: 244330K->1776K(270976K)
[382.217s][info ][gc,heap      ] GC(247) CMS: 286914K->286998K(602112K)
[382.217s][info ][gc,metaspace ] GC(247) Metaspace: 57227K->57227K(1101824K)
[382.217s][info ][gc           ] GC(247) Pause Young (Allocation Failure) 518M->282M(852M) 3.248ms
[382.217s][info ][gc,cpu       ] GC(247) User=0.01s Sys=0.00s Real=0.01s
[382.217s][info ][safepoint    ] Leaving safepoint region
[382.217s][info ][safepoint    ] Total time for which application threads were stopped: 0.0033919 seconds, Stopping threads took: 0.0000174 seconds
[383.217s][info ][safepoint    ] Application time: 1.0001110 seconds
[383.217s][info ][safepoint    ] Entering safepoint region: Cleanup
[383.217s][info ][safepoint    ] Leaving safepoint region
[383.217s][info ][safepoint    ] Total time for which application threads were stopped: 0.0001094 seconds, Stopping threads took: 0.0000171 seconds
[383.937s][info ][safepoint    ] Application time: 0.7202938 seconds
[383.937s][info ][safepoint    ] Entering safepoint region: GenCollectForAllocation
[383.938s][info ][gc,start     ] GC(248) Pause Young (Allocation Failure)
[383.938s][info ][gc,task      ] GC(248) Using 4 workers of 4 for evacuation
[383.941s][debug][gc,ref       ] GC(248) Skipped phase1 of Reference Processing due to unavailable references
[383.941s][debug][gc,ref       ] GC(248) Skipped phase3 of Reference Processing due to unavailable references
[383.941s][debug][gc,ref       ] GC(248) Skipped phase4 of Reference Processing due to unavailable references
[383.941s][debug][gc,age       ] GC(248) Desired survivor size 15400960 bytes, new threshold 6 (max threshold 6)
[383.941s][info ][gc,heap      ] GC(248) ParNew: 242672K->1882K(270976K)
[383.941s][info ][gc,heap      ] GC(248) CMS: 286998K->287025K(602112K)
[383.941s][info ][gc,metaspace ] GC(248) Metaspace: 57236K->57236K(1101824K)
[383.941s][info ][gc           ] GC(248) Pause Young (Allocation Failure) 517M->282M(852M) 3.515ms
[383.941s][info ][gc,cpu       ] GC(248) User=0.01s Sys=0.00s Real=0.00s
[383.941s][info ][safepoint    ] Leaving safepoint region
[383.941s][info ][safepoint    ] Total time for which application threads were stopped: 0.0037634 seconds, Stopping threads took: 0.0000179 seconds
[384.942s][info ][safepoint    ] Application time: 1.0002682 seconds
[384.942s][info ][safepoint    ] Entering safepoint region: Cleanup
[384.942s][info ][safepoint    ] Leaving safepoint region
[384.942s][info ][safepoint    ] Total time for which application threads were stopped: 0.0000778 seconds, Stopping threads took: 0.0000185 seconds
[385.589s][info ][safepoint    ] Application time: 0.6477236 seconds
[385.589s][info ][safepoint    ] Entering safepoint region: GenCollectForAllocation
[385.590s][info ][gc,start     ] GC(249) Pause Young (Allocation Failure)
[385.590s][info ][gc,task      ] GC(249) Using 4 workers of 4 for evacuation
[385.593s][debug][gc,ref       ] GC(249) Skipped phase1 of Reference Processing due to unavailable references
[385.593s][debug][gc,ref       ] GC(249) Skipped phase3 of Reference Processing due to unavailable references
[385.593s][debug][gc,ref       ] GC(249) Skipped phase4 of Reference Processing due to unavailable references
[385.594s][debug][gc,age       ] GC(249) Desired survivor size 15400960 bytes, new threshold 6 (max threshold 6)
[385.594s][info ][gc,heap      ] GC(249) ParNew: 242778K->4216K(270976K)
[385.594s][info ][gc,heap      ] GC(249) CMS: 287025K->287073K(602112K)
[385.594s][info ][gc,metaspace ] GC(249) Metaspace: 57236K->57236K(1101824K)
[385.594s][info ][gc           ] GC(249) Pause Young (Allocation Failure) 517M->284M(852M) 4.119ms
[385.594s][info ][gc,cpu       ] GC(249) User=0.01s Sys=0.00s Real=0.00s
[385.594s][info ][safepoint    ] Leaving safepoint region
[385.594s][info ][safepoint    ] Total time for which application threads were stopped: 0.0043060 seconds, Stopping threads took: 0.0000424 seconds
[386.594s][info ][safepoint    ] Application time: 1.0000925 seconds
[386.595s][info ][safepoint    ] Entering safepoint region: Cleanup
[386.595s][info ][safepoint    ] Leaving safepoint region
[386.595s][info ][safepoint    ] Total time for which application threads were stopped: 0.0009523 seconds, Stopping threads took: 0.0008849 seconds
[387.122s][info ][safepoint    ] Application time: 0.5269442 seconds
[387.122s][info ][safepoint    ] Entering safepoint region: GenCollectForAllocation
[387.122s][info ][gc,start     ] GC(250) Pause Young (Allocation Failure)
[387.122s][info ][gc,task      ] GC(250) Using 4 workers of 4 for evacuation
[387.127s][debug][gc,ref       ] GC(250) Skipped phase1 of Reference Processing due to unavailable references
[387.127s][debug][gc,ref       ] GC(250) Skipped phase3 of Reference Processing due to unavailable references
[387.127s][debug][gc,ref       ] GC(250) Skipped phase4 of Reference Processing due to unavailable references
[387.127s][debug][gc,age       ] GC(250) Desired survivor size 15400960 bytes, new threshold 6 (max threshold 6)
[387.127s][info ][gc,heap      ] GC(250) ParNew: 245112K->6653K(270976K)
[387.127s][info ][gc,heap      ] GC(250) CMS: 287073K->287107K(602112K)
[387.127s][info ][gc,metaspace ] GC(250) Metaspace: 57236K->57236K(1101824K)
[387.127s][info ][gc           ] GC(250) Pause Young (Allocation Failure) 519M->286M(852M) 4.994ms
[387.127s][info ][gc,cpu       ] GC(250) User=0.02s Sys=0.00s Real=0.01s
[387.127s][info ][safepoint    ] Leaving safepoint region
[387.127s][info ][safepoint    ] Total time for which application threads were stopped: 0.0051299 seconds, Stopping threads took: 0.0000168 seconds
[388.127s][info ][safepoint    ] Application time: 1.0001369 seconds
[388.127s][info ][safepoint    ] Entering safepoint region: Cleanup
[388.127s][info ][safepoint    ] Leaving safepoint region
[388.127s][info ][safepoint    ] Total time for which application threads were stopped: 0.0001258 seconds, Stopping threads took: 0.0000534 seconds
[388.639s][info ][safepoint    ] Application time: 0.5119202 seconds
[388.639s][info ][safepoint    ] Entering safepoint region: GenCollectForAllocation
[388.639s][info ][gc,start     ] GC(251) Pause Young (Allocation Failure)
[388.639s][info ][gc,task      ] GC(251) Using 4 workers of 4 for evacuation
[388.644s][debug][gc,ref       ] GC(251) Skipped phase1 of Reference Processing due to unavailable references
[388.644s][debug][gc,ref       ] GC(251) Skipped phase3 of Reference Processing due to unavailable references
[388.644s][debug][gc,ref       ] GC(251) Skipped phase4 of Reference Processing due to unavailable references
[388.644s][debug][gc,age       ] GC(251) Desired survivor size 15400960 bytes, new threshold 6 (max threshold 6)
[388.645s][info ][gc,heap      ] GC(251) ParNew: 247549K->8696K(270976K)
[388.645s][info ][gc,heap      ] GC(251) CMS: 287107K->287109K(602112K)
[388.645s][info ][gc,metaspace ] GC(251) Metaspace: 57240K->57240K(1101824K)
[388.645s][info ][gc           ] GC(251) Pause Young (Allocation Failure) 522M->288M(852M) 5.341ms
[388.645s][info ][gc,cpu       ] GC(251) User=0.02s Sys=0.00s Real=0.01s
[388.645s][info ][safepoint    ] Leaving safepoint region
[388.645s][info ][safepoint    ] Total time for which application threads were stopped: 0.0055169 seconds, Stopping threads took: 0.0000169 seconds
[390.343s][info ][safepoint    ] Application time: 1.6978422 seconds
[390.343s][info ][safepoint    ] Entering safepoint region: GenCollectForAllocation
[390.343s][info ][gc,start     ] GC(252) Pause Young (Allocation Failure)
[390.343s][info ][gc,task      ] GC(252) Using 4 workers of 4 for evacuation
[390.348s][debug][gc,ref       ] GC(252) Skipped phase1 of Reference Processing due to unavailable references
[390.348s][debug][gc,ref       ] GC(252) Skipped phase3 of Reference Processing due to unavailable references
[390.348s][debug][gc,ref       ] GC(252) Skipped phase4 of Reference Processing due to unavailable references
[390.348s][debug][gc,age       ] GC(252) Desired survivor size 15400960 bytes, new threshold 6 (max threshold 6)
[390.348s][info ][gc,heap      ] GC(252) ParNew: 249592K->8824K(270976K)
[390.348s][info ][gc,heap      ] GC(252) CMS: 287109K->287182K(602112K)
[390.348s][info ][gc,metaspace ] GC(252) Metaspace: 57250K->57250K(1101824K)
[390.348s][info ][gc           ] GC(252) Pause Young (Allocation Failure) 524M->289M(852M) 5.137ms
[390.348s][info ][gc,cpu       ] GC(252) User=0.02s Sys=0.00s Real=0.01s
[390.348s][info ][safepoint    ] Leaving safepoint region
[390.348s][info ][safepoint    ] Total time for which application threads were stopped: 0.0052909 seconds, Stopping threads took: 0.0000303 seconds
[391.348s][info ][safepoint    ] Application time: 1.0001477 seconds
[391.348s][info ][safepoint    ] Entering safepoint region: Cleanup
[391.348s][info ][safepoint    ] Leaving safepoint region
[391.348s][info ][safepoint    ] Total time for which application threads were stopped: 0.0000691 seconds, Stopping threads took: 0.0000154 seconds
[391.991s][info ][safepoint    ] Application time: 0.6431336 seconds
[391.991s][info ][safepoint    ] Entering safepoint region: GenCollectForAllocation
[391.991s][info ][gc,start     ] GC(253) Pause Young (Allocation Failure)
[391.991s][info ][gc,task      ] GC(253) Using 4 workers of 4 for evacuation
[391.997s][debug][gc,ref       ] GC(253) Skipped phase1 of Reference Processing due to unavailable references
[391.997s][debug][gc,ref       ] GC(253) Skipped phase2 of Reference Processing due to unavailable references
[391.997s][debug][gc,ref       ] GC(253) Skipped phase3 of Reference Processing due to unavailable references
[391.997s][debug][gc,ref       ] GC(253) Skipped phase4 of Reference Processing due to unavailable references
[391.997s][debug][gc,age       ] GC(253) Desired survivor size 15400960 bytes, new threshold 6 (max threshold 6)
[391.997s][info ][gc,heap      ] GC(253) ParNew: 249720K->9523K(270976K)
[391.997s][info ][gc,heap      ] GC(253) CMS: 287182K->287264K(602112K)
[391.997s][info ][gc,metaspace ] GC(253) Metaspace: 57252K->57252K(1101824K)
[391.997s][info ][gc           ] GC(253) Pause Young (Allocation Failure) 524M->289M(852M) 5.442ms
[391.997s][info ][gc,cpu       ] GC(253) User=0.02s Sys=0.00s Real=0.01s
[391.997s][info ][safepoint    ] Leaving safepoint region
[391.997s][info ][safepoint    ] Total time for which application threads were stopped: 0.0055919 seconds, Stopping threads took: 0.0000171 seconds
[392.997s][info ][safepoint    ] Application time: 1.0000944 seconds
[392.997s][info ][safepoint    ] Entering safepoint region: Cleanup
[392.997s][info ][safepoint    ] Leaving safepoint region
[392.997s][info ][safepoint    ] Total time for which application threads were stopped: 0.0001065 seconds, Stopping threads took: 0.0000164 seconds
[393.641s][info ][safepoint    ] Application time: 0.6436993 seconds
[393.641s][info ][safepoint    ] Entering safepoint region: GenCollectForAllocation
[393.641s][info ][gc,start     ] GC(254) Pause Young (Allocation Failure)
[393.641s][info ][gc,task      ] GC(254) Using 4 workers of 4 for evacuation
[393.646s][debug][gc,ref       ] GC(254) Skipped phase1 of Reference Processing due to unavailable references
[393.646s][debug][gc,ref       ] GC(254) Skipped phase3 of Reference Processing due to unavailable references
[393.646s][debug][gc,ref       ] GC(254) Skipped phase4 of Reference Processing due to unavailable references
[393.647s][debug][gc,age       ] GC(254) Desired survivor size 15400960 bytes, new threshold 6 (max threshold 6)
[393.647s][info ][gc,heap      ] GC(254) ParNew: 250419K->14268K(270976K)
[393.647s][info ][gc,heap      ] GC(254) CMS: 287264K->287303K(602112K)
[393.647s][info ][gc,metaspace ] GC(254) Metaspace: 57257K->57257K(1101824K)
[393.647s][info ][gc           ] GC(254) Pause Young (Allocation Failure) 525M->294M(852M) 5.665ms
[393.647s][info ][gc,cpu       ] GC(254) User=0.02s Sys=0.00s Real=0.01s
[393.647s][info ][safepoint    ] Leaving safepoint region
[393.647s][info ][safepoint    ] Total time for which application threads were stopped: 0.0058067 seconds, Stopping threads took: 0.0000153 seconds
[394.647s][info ][safepoint    ] Application time: 1.0000916 seconds
[394.647s][info ][safepoint    ] Entering safepoint region: Cleanup
[394.647s][info ][safepoint    ] Leaving safepoint region
[394.647s][info ][safepoint    ] Total time for which application threads were stopped: 0.0001262 seconds, Stopping threads took: 0.0000372 seconds
[395.286s][info ][safepoint    ] Application time: 0.6388112 seconds
[395.286s][info ][safepoint    ] Entering safepoint region: GenCollectForAllocation
[395.286s][info ][gc,start     ] GC(255) Pause Young (Allocation Failure)
[395.286s][info ][gc,task      ] GC(255) Using 4 workers of 4 for evacuation
[395.293s][debug][gc,ref       ] GC(255) Skipped phase1 of Reference Processing due to unavailable references
[395.293s][debug][gc,ref       ] GC(255) Skipped phase3 of Reference Processing due to unavailable references
[395.293s][debug][gc,ref       ] GC(255) Skipped phase4 of Reference Processing due to unavailable references
[395.293s][debug][gc,age       ] GC(255) Desired survivor size 15400960 bytes, new threshold 6 (max threshold 6)
[395.293s][info ][gc,heap      ] GC(255) ParNew: 255164K->12549K(270976K)
[395.293s][info ][gc,heap      ] GC(255) CMS: 287303K->288178K(602112K)
[395.293s][info ][gc,metaspace ] GC(255) Metaspace: 57270K->57270K(1101824K)
[395.293s][info ][gc           ] GC(255) Pause Young (Allocation Failure) 529M->293M(852M) 7.205ms
[395.293s][info ][gc,cpu       ] GC(255) User=0.03s Sys=0.00s Real=0.00s
[395.293s][info ][safepoint    ] Leaving safepoint region
[395.293s][info ][safepoint    ] Total time for which application threads were stopped: 0.0073951 seconds, Stopping threads took: 0.0000261 seconds
[396.293s][info ][safepoint    ] Application time: 1.0000997 seconds
[396.293s][info ][safepoint    ] Entering safepoint region: Cleanup
[396.293s][info ][safepoint    ] Leaving safepoint region
[396.293s][info ][safepoint    ] Total time for which application threads were stopped: 0.0000833 seconds, Stopping threads took: 0.0000154 seconds
[396.932s][info ][safepoint    ] Application time: 0.6386578 seconds
[396.932s][info ][safepoint    ] Entering safepoint region: GenCollectForAllocation
[396.932s][info ][gc,start     ] GC(256) Pause Young (Allocation Failure)
[396.932s][info ][gc,task      ] GC(256) Using 4 workers of 4 for evacuation
[396.939s][debug][gc,ref       ] GC(256) Skipped phase1 of Reference Processing due to unavailable references
[396.939s][debug][gc,ref       ] GC(256) Skipped phase3 of Reference Processing due to unavailable references
[396.939s][debug][gc,ref       ] GC(256) Skipped phase4 of Reference Processing due to unavailable references
[396.939s][debug][gc,age       ] GC(256) Desired survivor size 15400960 bytes, new threshold 6 (max threshold 6)
[396.939s][info ][gc,heap      ] GC(256) ParNew: 253445K->14277K(270976K)
[396.939s][info ][gc,heap      ] GC(256) CMS: 288178K->289245K(602112K)
[396.939s][info ][gc,metaspace ] GC(256) Metaspace: 57271K->57271K(1101824K)
[396.940s][info ][gc           ] GC(256) Pause Young (Allocation Failure) 528M->296M(852M) 7.296ms
[396.940s][info ][gc,cpu       ] GC(256) User=0.02s Sys=0.00s Real=0.01s
[396.940s][info ][safepoint    ] Leaving safepoint region
[396.940s][info ][safepoint    ] Total time for which application threads were stopped: 0.0074619 seconds, Stopping threads took: 0.0000184 seconds
[397.940s][info ][safepoint    ] Application time: 1.0001547 seconds
[397.940s][info ][safepoint    ] Entering safepoint region: Cleanup
[397.940s][info ][safepoint    ] Leaving safepoint region
[397.940s][info ][safepoint    ] Total time for which application threads were stopped: 0.0001291 seconds, Stopping threads took: 0.0000642 seconds
[398.537s][info ][safepoint    ] Application time: 0.5971648 seconds
[398.537s][info ][safepoint    ] Entering safepoint region: GenCollectForAllocation
[398.537s][info ][gc,start     ] GC(257) Pause Young (Allocation Failure)
[398.537s][info ][gc,task      ] GC(257) Using 4 workers of 4 for evacuation
[398.545s][debug][gc,ref       ] GC(257) Skipped phase1 of Reference Processing due to unavailable references
[398.545s][debug][gc,ref       ] GC(257) Skipped phase3 of Reference Processing due to unavailable references
[398.545s][debug][gc,ref       ] GC(257) Skipped phase4 of Reference Processing due to unavailable references
[398.545s][debug][gc,age       ] GC(257) Desired survivor size 15400960 bytes, new threshold 6 (max threshold 6)
[398.545s][info ][gc,heap      ] GC(257) ParNew: 255173K->14833K(270976K)
[398.545s][info ][gc,heap      ] GC(257) CMS: 289245K->290521K(602112K)
[398.545s][info ][gc,metaspace ] GC(257) Metaspace: 57272K->57272K(1101824K)
[398.545s][info ][gc           ] GC(257) Pause Young (Allocation Failure) 531M->298M(852M) 8.067ms
[398.545s][info ][gc,cpu       ] GC(257) User=0.03s Sys=0.00s Real=0.01s
[398.545s][info ][safepoint    ] Leaving safepoint region
[398.545s][info ][safepoint    ] Total time for which application threads were stopped: 0.0082580 seconds, Stopping threads took: 0.0000163 seconds
[399.545s][info ][safepoint    ] Application time: 1.0000558 seconds
[399.545s][info ][safepoint    ] Entering safepoint region: Cleanup
[399.546s][info ][safepoint    ] Leaving safepoint region
[399.546s][info ][safepoint    ] Total time for which application threads were stopped: 0.0000653 seconds, Stopping threads took: 0.0000170 seconds
[400.252s][info ][safepoint    ] Application time: 0.7060522 seconds
[400.252s][info ][safepoint    ] Entering safepoint region: GenCollectForAllocation
[400.252s][info ][gc,start     ] GC(258) Pause Young (Allocation Failure)
[400.252s][info ][gc,task      ] GC(258) Using 4 workers of 4 for evacuation
[400.257s][debug][gc,ref       ] GC(258) Skipped phase1 of Reference Processing due to unavailable references
[400.257s][debug][gc,ref       ] GC(258) Skipped phase3 of Reference Processing due to unavailable references
[400.257s][debug][gc,ref       ] GC(258) Skipped phase4 of Reference Processing due to unavailable references
[400.257s][debug][gc,age       ] GC(258) Desired survivor size 15400960 bytes, new threshold 6 (max threshold 6)
[400.257s][info ][gc,heap      ] GC(258) ParNew: 255729K->14920K(270976K)
[400.257s][info ][gc,heap      ] GC(258) CMS: 290521K->290640K(602112K)
[400.257s][info ][gc,metaspace ] GC(258) Metaspace: 57276K->57276K(1101824K)
[400.257s][info ][gc           ] GC(258) Pause Young (Allocation Failure) 533M->298M(852M) 5.761ms
[400.258s][info ][gc,cpu       ] GC(258) User=0.02s Sys=0.00s Real=0.01s
[400.258s][info ][safepoint    ] Leaving safepoint region
[400.258s][info ][safepoint    ] Total time for which application threads were stopped: 0.0059159 seconds, Stopping threads took: 0.0000153 seconds
[401.258s][info ][safepoint    ] Application time: 1.0000902 seconds
[401.258s][info ][safepoint    ] Entering safepoint region: Cleanup
[401.258s][info ][safepoint    ] Leaving safepoint region
[401.258s][info ][safepoint    ] Total time for which application threads were stopped: 0.0000856 seconds, Stopping threads took: 0.0000296 seconds
[401.894s][info ][safepoint    ] Application time: 0.6367401 seconds
[401.895s][info ][safepoint    ] Entering safepoint region: GenCollectForAllocation
[401.895s][info ][gc,start     ] GC(259) Pause Young (Allocation Failure)
[401.895s][info ][gc,task      ] GC(259) Using 4 workers of 4 for evacuation
[401.902s][debug][gc,ref       ] GC(259) Skipped phase1 of Reference Processing due to unavailable references
[401.902s][debug][gc,ref       ] GC(259) Skipped phase3 of Reference Processing due to unavailable references
[401.902s][debug][gc,ref       ] GC(259) Skipped phase4 of Reference Processing due to unavailable references
[401.902s][debug][gc,age       ] GC(259) Desired survivor size 15400960 bytes, new threshold 6 (max threshold 6)
[401.902s][info ][gc,heap      ] GC(259) ParNew: 255816K->17716K(270976K)
[401.902s][info ][gc,heap      ] GC(259) CMS: 290640K->291859K(602112K)
[401.902s][info ][gc,metaspace ] GC(259) Metaspace: 57279K->57279K(1101824K)
[401.902s][info ][gc           ] GC(259) Pause Young (Allocation Failure) 533M->302M(852M) 7.755ms
[401.902s][info ][gc,cpu       ] GC(259) User=0.03s Sys=0.00s Real=0.01s
[401.902s][info ][safepoint    ] Leaving safepoint region
[401.902s][info ][safepoint    ] Total time for which application threads were stopped: 0.0078941 seconds, Stopping threads took: 0.0000162 seconds
[402.903s][info ][safepoint    ] Application time: 1.0000990 seconds
[402.903s][info ][safepoint    ] Entering safepoint region: Cleanup
[402.903s][info ][safepoint    ] Leaving safepoint region
[402.903s][info ][safepoint    ] Total time for which application threads were stopped: 0.0001204 seconds, Stopping threads took: 0.0000402 seconds
[403.644s][info ][safepoint    ] Application time: 0.7412704 seconds
[403.644s][info ][safepoint    ] Entering safepoint region: GenCollectForAllocation
[403.644s][info ][gc,start     ] GC(260) Pause Young (Allocation Failure)
[403.644s][info ][gc,task      ] GC(260) Using 4 workers of 4 for evacuation
[403.655s][debug][gc,ref       ] GC(260) Skipped phase1 of Reference Processing due to unavailable references
[403.655s][debug][gc,ref       ] GC(260) Skipped phase2 of Reference Processing due to unavailable references
[403.655s][debug][gc,ref       ] GC(260) Skipped phase3 of Reference Processing due to unavailable references
[403.655s][debug][gc,ref       ] GC(260) Skipped phase4 of Reference Processing due to unavailable references
[403.655s][debug][gc,age       ] GC(260) Desired survivor size 15400960 bytes, new threshold 6 (max threshold 6)
[403.655s][info ][gc,heap      ] GC(260) ParNew: 258612K->14724K(270976K)
[403.655s][info ][gc,heap      ] GC(260) CMS: 291859K->293192K(602112K)
[403.655s][info ][gc,metaspace ] GC(260) Metaspace: 57279K->57279K(1101824K)
[403.655s][info ][gc           ] GC(260) Pause Young (Allocation Failure) 537M->300M(852M) 11.328ms
[403.655s][info ][gc,cpu       ] GC(260) User=0.03s Sys=0.00s Real=0.00s
[403.655s][info ][safepoint    ] Leaving safepoint region
[403.655s][info ][safepoint    ] Total time for which application threads were stopped: 0.0114944 seconds, Stopping threads took: 0.0000302 seconds
[404.656s][info ][safepoint    ] Application time: 1.0001089 seconds
[404.656s][info ][safepoint    ] Entering safepoint region: Cleanup
[404.656s][info ][safepoint    ] Leaving safepoint region
[404.656s][info ][safepoint    ] Total time for which application threads were stopped: 0.0001616 seconds, Stopping threads took: 0.0000719 seconds
[405.424s][info ][safepoint    ] Application time: 0.7683913 seconds
[405.424s][info ][safepoint    ] Entering safepoint region: GenCollectForAllocation
[405.424s][info ][gc,start     ] GC(261) Pause Young (Allocation Failure)
[405.424s][info ][gc,task      ] GC(261) Using 4 workers of 4 for evacuation
[405.436s][debug][gc,ref       ] GC(261) Skipped phase1 of Reference Processing due to unavailable references
[405.436s][debug][gc,ref       ] GC(261) Skipped phase3 of Reference Processing due to unavailable references
[405.436s][debug][gc,age       ] GC(261) Desired survivor size 15400960 bytes, new threshold 6 (max threshold 6)
[405.436s][info ][gc,heap      ] GC(261) ParNew: 255620K->17620K(270976K)
[405.436s][info ][gc,heap      ] GC(261) CMS: 293192K->295101K(602112K)
[405.436s][info ][gc,metaspace ] GC(261) Metaspace: 57291K->57291K(1101824K)
[405.436s][info ][gc           ] GC(261) Pause Young (Allocation Failure) 535M->305M(852M) 11.700ms
[405.436s][info ][gc,cpu       ] GC(261) User=0.04s Sys=0.00s Real=0.01s
[405.436s][info ][safepoint    ] Leaving safepoint region
[405.436s][info ][safepoint    ] Total time for which application threads were stopped: 0.0119041 seconds, Stopping threads took: 0.0000165 seconds
[406.436s][info ][safepoint    ] Application time: 1.0000980 seconds
[406.436s][info ][safepoint    ] Entering safepoint region: Cleanup
[406.436s][info ][safepoint    ] Leaving safepoint region
[406.436s][info ][safepoint    ] Total time for which application threads were stopped: 0.0001086 seconds, Stopping threads took: 0.0000373 seconds
[407.393s][info ][safepoint    ] Application time: 0.9570530 seconds
[407.393s][info ][safepoint    ] Entering safepoint region: GenCollectForAllocation
[407.394s][info ][gc,start     ] GC(262) Pause Young (Allocation Failure)
[407.394s][info ][gc,task      ] GC(262) Using 4 workers of 4 for evacuation
[407.403s][debug][gc,ref       ] GC(262) Skipped phase1 of Reference Processing due to unavailable references
[407.403s][debug][gc,ref       ] GC(262) Skipped phase3 of Reference Processing due to unavailable references
[407.403s][debug][gc,age       ] GC(262) Desired survivor size 15400960 bytes, new threshold 6 (max threshold 6)
[407.403s][info ][gc,heap      ] GC(262) ParNew: 258516K->18803K(270976K)
[407.403s][info ][gc,heap      ] GC(262) CMS: 295101K->296213K(602112K)
[407.403s][info ][gc,metaspace ] GC(262) Metaspace: 57292K->57292K(1101824K)
[407.403s][info ][gc           ] GC(262) Pause Young (Allocation Failure) 540M->307M(852M) 9.839ms
[407.403s][info ][gc,cpu       ] GC(262) User=0.04s Sys=0.00s Real=0.01s
[407.403s][info ][safepoint    ] Leaving safepoint region
[407.403s][info ][safepoint    ] Total time for which application threads were stopped: 0.0100191 seconds, Stopping threads took: 0.0000184 seconds
[407.947s][info ][safepoint    ] Application time: 0.5434136 seconds
[407.947s][info ][safepoint    ] Entering safepoint region: Deoptimize
[407.948s][info ][safepoint    ] Leaving safepoint region
[407.948s][info ][safepoint    ] Total time for which application threads were stopped: 0.0015000 seconds, Stopping threads took: 0.0000279 seconds
[408.949s][info ][safepoint    ] Application time: 1.0001110 seconds
[408.949s][info ][safepoint    ] Entering safepoint region: Cleanup
[408.949s][info ][safepoint    ] Leaving safepoint region
[408.949s][info ][safepoint    ] Total time for which application threads were stopped: 0.0001544 seconds, Stopping threads took: 0.0000368 seconds
[409.675s][info ][safepoint    ] Application time: 0.7259255 seconds
[409.675s][info ][safepoint    ] Entering safepoint region: GenCollectForAllocation
[409.675s][info ][gc,start     ] GC(263) Pause Young (Allocation Failure)
[409.675s][info ][gc,task      ] GC(263) Using 4 workers of 4 for evacuation
[409.685s][debug][gc,ref       ] GC(263) Skipped phase1 of Reference Processing due to unavailable references
[409.685s][debug][gc,ref       ] GC(263) Skipped phase3 of Reference Processing due to unavailable references
[409.685s][debug][gc,age       ] GC(263) Desired survivor size 15400960 bytes, new threshold 6 (max threshold 6)
[409.685s][info ][gc,heap      ] GC(263) ParNew: 259699K->16712K(270976K)
[409.685s][info ][gc,heap      ] GC(263) CMS: 296213K->297471K(602112K)
[409.685s][info ][gc,metaspace ] GC(263) Metaspace: 57299K->57299K(1101824K)
[409.685s][info ][gc           ] GC(263) Pause Young (Allocation Failure) 542M->306M(852M) 10.595ms
[409.685s][info ][gc,cpu       ] GC(263) User=0.02s Sys=0.00s Real=0.02s
[409.685s][info ][safepoint    ] Leaving safepoint region
[409.685s][info ][safepoint    ] Total time for which application threads were stopped: 0.0107763 seconds, Stopping threads took: 0.0000180 seconds
[410.686s][info ][safepoint    ] Application time: 1.0002137 seconds
[410.686s][info ][safepoint    ] Entering safepoint region: Cleanup
[410.686s][info ][safepoint    ] Leaving safepoint region
[410.686s][info ][safepoint    ] Total time for which application threads were stopped: 0.0000954 seconds, Stopping threads took: 0.0000157 seconds
[411.686s][info ][safepoint    ] Application time: 1.0000768 seconds
[411.686s][info ][safepoint    ] Entering safepoint region: Cleanup
[411.686s][info ][safepoint    ] Leaving safepoint region
[411.686s][info ][safepoint    ] Total time for which application threads were stopped: 0.0001358 seconds, Stopping threads took: 0.0000570 seconds
[411.838s][info ][safepoint    ] Application time: 0.1522351 seconds
[411.838s][info ][safepoint    ] Entering safepoint region: GenCollectForAllocation
[411.838s][info ][gc,start     ] GC(264) Pause Young (Allocation Failure)
[411.838s][info ][gc,task      ] GC(264) Using 4 workers of 4 for evacuation
[411.846s][debug][gc,ref       ] GC(264) Skipped phase1 of Reference Processing due to unavailable references
[411.846s][debug][gc,ref       ] GC(264) Skipped phase3 of Reference Processing due to unavailable references
[411.846s][debug][gc,age       ] GC(264) Desired survivor size 15400960 bytes, new threshold 6 (max threshold 6)
[411.846s][info ][gc,heap      ] GC(264) ParNew: 257608K->16857K(270976K)
[411.846s][info ][gc,heap      ] GC(264) CMS: 297471K->297700K(602112K)
[411.846s][info ][gc,metaspace ] GC(264) Metaspace: 57300K->57300K(1101824K)
[411.846s][info ][gc           ] GC(264) Pause Young (Allocation Failure) 542M->307M(852M) 7.893ms
[411.846s][info ][gc,cpu       ] GC(264) User=0.03s Sys=0.00s Real=0.01s
[411.846s][info ][safepoint    ] Leaving safepoint region
[411.846s][info ][safepoint    ] Total time for which application threads were stopped: 0.0080376 seconds, Stopping threads took: 0.0000163 seconds
[412.847s][info ][safepoint    ] Application time: 1.0001175 seconds
[412.847s][info ][safepoint    ] Entering safepoint region: Cleanup
[412.847s][info ][safepoint    ] Leaving safepoint region
[412.847s][info ][safepoint    ] Total time for which application threads were stopped: 0.0001021 seconds, Stopping threads took: 0.0000179 seconds
[413.847s][info ][safepoint    ] Application time: 1.0001362 seconds
[413.847s][info ][safepoint    ] Entering safepoint region: Cleanup
[413.847s][info ][safepoint    ] Leaving safepoint region
[413.847s][info ][safepoint    ] Total time for which application threads were stopped: 0.0001547 seconds, Stopping threads took: 0.0000853 seconds
[413.985s][info ][safepoint    ] Application time: 0.1378160 seconds
[413.985s][info ][safepoint    ] Entering safepoint region: GenCollectForAllocation
[413.985s][info ][gc,start     ] GC(265) Pause Young (Allocation Failure)
[413.985s][info ][gc,task      ] GC(265) Using 4 workers of 4 for evacuation
[413.993s][debug][gc,ref       ] GC(265) Skipped phase1 of Reference Processing due to unavailable references
[413.993s][debug][gc,ref       ] GC(265) Skipped phase3 of Reference Processing due to unavailable references
[413.993s][debug][gc,age       ] GC(265) Desired survivor size 15400960 bytes, new threshold 6 (max threshold 6)
[413.993s][info ][gc,heap      ] GC(265) ParNew: 257753K->20864K(270976K)
[413.993s][info ][gc,heap      ] GC(265) CMS: 297700K->299081K(602112K)
[413.993s][info ][gc,metaspace ] GC(265) Metaspace: 57305K->57305K(1101824K)
[413.993s][info ][gc           ] GC(265) Pause Young (Allocation Failure) 542M->312M(852M) 7.843ms
[413.993s][info ][gc,cpu       ] GC(265) User=0.03s Sys=0.00s Real=0.00s
[413.993s][info ][safepoint    ] Leaving safepoint region
[413.993s][info ][safepoint    ] Total time for which application threads were stopped: 0.0081282 seconds, Stopping threads took: 0.0000317 seconds
[414.993s][info ][safepoint    ] Application time: 1.0001576 seconds
[414.993s][info ][safepoint    ] Entering safepoint region: Cleanup
[414.993s][info ][safepoint    ] Leaving safepoint region
[414.993s][info ][safepoint    ] Total time for which application threads were stopped: 0.0000712 seconds, Stopping threads took: 0.0000172 seconds
[415.993s][info ][safepoint    ] Application time: 1.0001268 seconds
[415.993s][info ][safepoint    ] Entering safepoint region: Cleanup
[415.994s][info ][safepoint    ] Leaving safepoint region
[415.994s][info ][safepoint    ] Total time for which application threads were stopped: 0.0001313 seconds, Stopping threads took: 0.0000730 seconds
[416.223s][info ][safepoint    ] Application time: 0.2298182 seconds
[416.223s][info ][safepoint    ] Entering safepoint region: GenCollectForAllocation
[416.224s][info ][gc,start     ] GC(266) Pause Young (Allocation Failure)
[416.224s][info ][gc,task      ] GC(266) Using 4 workers of 4 for evacuation
[416.231s][debug][gc,ref       ] GC(266) Skipped phase1 of Reference Processing due to unavailable references
[416.231s][debug][gc,ref       ] GC(266) Skipped phase3 of Reference Processing due to unavailable references
[416.232s][debug][gc,age       ] GC(266) Desired survivor size 15400960 bytes, new threshold 6 (max threshold 6)
[416.232s][info ][gc,heap      ] GC(266) ParNew: 261760K->13334K(270976K)
[416.232s][info ][gc,heap      ] GC(266) CMS: 299081K->301361K(602112K)
[416.232s][info ][gc,metaspace ] GC(266) Metaspace: 57306K->57306K(1101824K)
[416.232s][info ][gc           ] GC(266) Pause Young (Allocation Failure) 547M->307M(852M) 8.101ms
[416.232s][info ][gc,cpu       ] GC(266) User=0.03s Sys=0.00s Real=0.01s
[416.232s][info ][safepoint    ] Leaving safepoint region
[416.232s][info ][safepoint    ] Total time for which application threads were stopped: 0.0082891 seconds, Stopping threads took: 0.0000177 seconds
[417.232s][info ][safepoint    ] Application time: 1.0001012 seconds
[417.232s][info ][safepoint    ] Entering safepoint region: Cleanup
[417.232s][info ][safepoint    ] Leaving safepoint region
[417.232s][info ][safepoint    ] Total time for which application threads were stopped: 0.0002240 seconds, Stopping threads took: 0.0000650 seconds
[418.232s][info ][safepoint    ] Application time: 1.0000857 seconds
[418.232s][info ][safepoint    ] Entering safepoint region: Cleanup
[418.232s][info ][safepoint    ] Leaving safepoint region
[418.232s][info ][safepoint    ] Total time for which application threads were stopped: 0.0001530 seconds, Stopping threads took: 0.0000809 seconds
[418.435s][info ][safepoint    ] Application time: 0.2023691 seconds
[418.435s][info ][safepoint    ] Entering safepoint region: GenCollectForAllocation
[418.435s][info ][gc,start     ] GC(267) Pause Young (Allocation Failure)
[418.435s][info ][gc,task      ] GC(267) Using 4 workers of 4 for evacuation
[418.442s][debug][gc,ref       ] GC(267) Skipped phase1 of Reference Processing due to unavailable references
[418.442s][debug][gc,ref       ] GC(267) Skipped phase3 of Reference Processing due to unavailable references
[418.442s][debug][gc,ref       ] GC(267) Skipped phase4 of Reference Processing due to unavailable references
[418.442s][debug][gc,age       ] GC(267) Desired survivor size 15400960 bytes, new threshold 6 (max threshold 6)
[418.443s][info ][gc,heap      ] GC(267) ParNew: 254230K->15063K(270976K)
[418.443s][info ][gc,heap      ] GC(267) CMS: 301361K->302809K(602112K)
[418.443s][info ][gc,metaspace ] GC(267) Metaspace: 57308K->57308K(1101824K)
[418.443s][info ][gc           ] GC(267) Pause Young (Allocation Failure) 542M->310M(852M) 7.634ms
[418.443s][info ][gc,cpu       ] GC(267) User=0.03s Sys=0.00s Real=0.01s
[418.443s][info ][safepoint    ] Leaving safepoint region
[418.443s][info ][safepoint    ] Total time for which application threads were stopped: 0.0077951 seconds, Stopping threads took: 0.0000270 seconds
[419.443s][info ][safepoint    ] Application time: 1.0000886 seconds
[419.443s][info ][safepoint    ] Entering safepoint region: Cleanup
[419.443s][info ][safepoint    ] Leaving safepoint region
[419.443s][info ][safepoint    ] Total time for which application threads were stopped: 0.0000883 seconds, Stopping threads took: 0.0000178 seconds
[420.443s][info ][safepoint    ] Application time: 1.0001209 seconds
[420.443s][info ][safepoint    ] Entering safepoint region: Cleanup
[420.443s][info ][safepoint    ] Leaving safepoint region
[420.443s][info ][safepoint    ] Total time for which application threads were stopped: 0.0002004 seconds, Stopping threads took: 0.0001430 seconds
[420.495s][info ][safepoint    ] Application time: 0.0513667 seconds
[420.495s][info ][safepoint    ] Entering safepoint region: GenCollectForAllocation
[420.495s][info ][gc,start     ] GC(268) Pause Young (Allocation Failure)
[420.495s][info ][gc,task      ] GC(268) Using 4 workers of 4 for evacuation
[420.503s][debug][gc,ref       ] GC(268) Skipped phase1 of Reference Processing due to unavailable references
[420.503s][debug][gc,ref       ] GC(268) Skipped phase3 of Reference Processing due to unavailable references
[420.503s][debug][gc,ref       ] GC(268) Skipped phase4 of Reference Processing due to unavailable references
[420.503s][debug][gc,age       ] GC(268) Desired survivor size 15400960 bytes, new threshold 6 (max threshold 6)
[420.503s][info ][gc,heap      ] GC(268) ParNew: 255959K->18898K(270976K)
[420.503s][info ][gc,heap      ] GC(268) CMS: 302809K->304107K(602112K)
[420.503s][info ][gc,metaspace ] GC(268) Metaspace: 57308K->57308K(1101824K)
[420.503s][info ][gc           ] GC(268) Pause Young (Allocation Failure) 545M->315M(852M) 8.144ms
[420.503s][info ][gc,cpu       ] GC(268) User=0.03s Sys=0.00s Real=0.01s
[420.503s][info ][safepoint    ] Leaving safepoint region
[420.503s][info ][safepoint    ] Total time for which application threads were stopped: 0.0083996 seconds, Stopping threads took: 0.0001168 seconds
[421.503s][info ][safepoint    ] Application time: 1.0001402 seconds
[421.503s][info ][safepoint    ] Entering safepoint region: Cleanup
[421.503s][info ][safepoint    ] Leaving safepoint region
[421.503s][info ][safepoint    ] Total time for which application threads were stopped: 0.0000662 seconds, Stopping threads took: 0.0000177 seconds
[422.503s][info ][safepoint    ] Application time: 1.0000920 seconds
[422.503s][info ][safepoint    ] Entering safepoint region: Cleanup
[422.503s][info ][safepoint    ] Leaving safepoint region
[422.503s][info ][safepoint    ] Total time for which application threads were stopped: 0.0000828 seconds, Stopping threads took: 0.0000154 seconds
[422.776s][info ][safepoint    ] Application time: 0.2724108 seconds
[422.776s][info ][safepoint    ] Entering safepoint region: GenCollectForAllocation
[422.776s][info ][gc,start     ] GC(269) Pause Young (Allocation Failure)
[422.776s][info ][gc,task      ] GC(269) Using 4 workers of 4 for evacuation
[422.783s][debug][gc,ref       ] GC(269) Skipped phase1 of Reference Processing due to unavailable references
[422.783s][debug][gc,ref       ] GC(269) Skipped phase3 of Reference Processing due to unavailable references
[422.783s][debug][gc,ref       ] GC(269) Skipped phase4 of Reference Processing due to unavailable references
[422.784s][debug][gc,age       ] GC(269) Desired survivor size 15400960 bytes, new threshold 6 (max threshold 6)
[422.784s][info ][gc,heap      ] GC(269) ParNew: 259794K->18240K(270976K)
[422.784s][info ][gc,heap      ] GC(269) CMS: 304107K->305505K(602112K)
[422.784s][info ][gc,metaspace ] GC(269) Metaspace: 57320K->57320K(1101824K)
[422.784s][info ][gc           ] GC(269) Pause Young (Allocation Failure) 550M->316M(852M) 7.576ms
[422.784s][info ][gc,cpu       ] GC(269) User=0.02s Sys=0.00s Real=0.00s
[422.784s][info ][safepoint    ] Leaving safepoint region
[422.784s][info ][safepoint    ] Total time for which application threads were stopped: 0.0077180 seconds, Stopping threads took: 0.0000164 seconds
[423.784s][info ][safepoint    ] Application time: 1.0000979 seconds
[423.784s][info ][safepoint    ] Entering safepoint region: Cleanup
[423.784s][info ][safepoint    ] Leaving safepoint region
[423.784s][info ][safepoint    ] Total time for which application threads were stopped: 0.0001176 seconds, Stopping threads took: 0.0000397 seconds
[424.784s][info ][safepoint    ] Application time: 1.0000978 seconds
[424.784s][info ][safepoint    ] Entering safepoint region: Cleanup
[424.784s][info ][safepoint    ] Leaving safepoint region
[424.784s][info ][safepoint    ] Total time for which application threads were stopped: 0.0001047 seconds, Stopping threads took: 0.0000417 seconds
[425.083s][info ][safepoint    ] Application time: 0.2989332 seconds
[425.083s][info ][safepoint    ] Entering safepoint region: GenCollectForAllocation
[425.083s][info ][gc,start     ] GC(270) Pause Young (Allocation Failure)
[425.083s][info ][gc,task      ] GC(270) Using 4 workers of 4 for evacuation
[425.091s][debug][gc,ref       ] GC(270) Skipped phase1 of Reference Processing due to unavailable references
[425.091s][debug][gc,ref       ] GC(270) Skipped phase3 of Reference Processing due to unavailable references
[425.091s][debug][gc,ref       ] GC(270) Skipped phase4 of Reference Processing due to unavailable references
[425.091s][debug][gc,age       ] GC(270) Desired survivor size 15400960 bytes, new threshold 6 (max threshold 6)
[425.091s][info ][gc,heap      ] GC(270) ParNew: 259136K->17946K(270976K)
[425.091s][info ][gc,heap      ] GC(270) CMS: 305505K->306775K(602112K)
[425.091s][info ][gc,metaspace ] GC(270) Metaspace: 57322K->57322K(1101824K)
[425.091s][info ][gc           ] GC(270) Pause Young (Allocation Failure) 551M->317M(852M) 7.611ms
[425.091s][info ][gc,cpu       ] GC(270) User=0.02s Sys=0.00s Real=0.01s
[425.091s][info ][safepoint    ] Leaving safepoint region
[425.091s][info ][safepoint    ] Total time for which application threads were stopped: 0.0077664 seconds, Stopping threads took: 0.0000146 seconds
[426.091s][info ][safepoint    ] Application time: 1.0001539 seconds
[426.091s][info ][safepoint    ] Entering safepoint region: Cleanup
[426.091s][info ][safepoint    ] Leaving safepoint region
[426.091s][info ][safepoint    ] Total time for which application threads were stopped: 0.0000751 seconds, Stopping threads took: 0.0000184 seconds
[427.091s][info ][safepoint    ] Application time: 1.0000750 seconds
[427.091s][info ][safepoint    ] Entering safepoint region: Cleanup
[427.091s][info ][safepoint    ] Leaving safepoint region
[427.091s][info ][safepoint    ] Total time for which application threads were stopped: 0.0000949 seconds, Stopping threads took: 0.0000176 seconds
[427.392s][info ][safepoint    ] Application time: 0.3004782 seconds
[427.392s][info ][safepoint    ] Entering safepoint region: GenCollectForAllocation
[427.392s][info ][gc,start     ] GC(271) Pause Young (Allocation Failure)
[427.392s][info ][gc,task      ] GC(271) Using 4 workers of 4 for evacuation
[427.400s][debug][gc,ref       ] GC(271) Skipped phase1 of Reference Processing due to unavailable references
[427.400s][debug][gc,ref       ] GC(271) Skipped phase3 of Reference Processing due to unavailable references
[427.400s][debug][gc,ref       ] GC(271) Skipped phase4 of Reference Processing due to unavailable references
[427.400s][debug][gc,age       ] GC(271) Desired survivor size 15400960 bytes, new threshold 6 (max threshold 6)
[427.400s][info ][gc,heap      ] GC(271) ParNew: 258842K->17750K(270976K)
[427.400s][info ][gc,heap      ] GC(271) CMS: 306775K->308104K(602112K)
[427.400s][info ][gc,metaspace ] GC(271) Metaspace: 57332K->57332K(1101824K)
[427.400s][info ][gc           ] GC(271) Pause Young (Allocation Failure) 552M->318M(852M) 7.746ms
[427.400s][info ][gc,cpu       ] GC(271) User=0.02s Sys=0.01s Real=0.01s
[427.400s][info ][safepoint    ] Leaving safepoint region
[427.400s][info ][safepoint    ] Total time for which application threads were stopped: 0.0079343 seconds, Stopping threads took: 0.0000412 seconds
[428.400s][info ][safepoint    ] Application time: 1.0001012 seconds
[428.400s][info ][safepoint    ] Entering safepoint region: Cleanup
[428.400s][info ][safepoint    ] Leaving safepoint region
[428.400s][info ][safepoint    ] Total time for which application threads were stopped: 0.0000681 seconds, Stopping threads took: 0.0000190 seconds
[429.400s][info ][safepoint    ] Application time: 1.0000919 seconds
[429.400s][info ][safepoint    ] Entering safepoint region: Cleanup
[429.400s][info ][safepoint    ] Leaving safepoint region
[429.400s][info ][safepoint    ] Total time for which application threads were stopped: 0.0000675 seconds, Stopping threads took: 0.0000176 seconds
[429.887s][info ][safepoint    ] Application time: 0.4863237 seconds
[429.887s][info ][safepoint    ] Entering safepoint region: GenCollectForAllocation
[429.887s][info ][gc,start     ] GC(272) Pause Young (Allocation Failure)
[429.887s][info ][gc,task      ] GC(272) Using 4 workers of 4 for evacuation
[429.893s][debug][gc,ref       ] GC(272) Skipped phase1 of Reference Processing due to unavailable references
[429.893s][debug][gc,ref       ] GC(272) Skipped phase3 of Reference Processing due to unavailable references
[429.893s][debug][gc,ref       ] GC(272) Skipped phase4 of Reference Processing due to unavailable references
[429.893s][debug][gc,age       ] GC(272) Desired survivor size 15400960 bytes, new threshold 6 (max threshold 6)
[429.894s][info ][gc,heap      ] GC(272) ParNew: 258646K->17557K(270976K)
[429.894s][info ][gc,heap      ] GC(272) CMS: 308104K->309416K(602112K)
[429.894s][info ][gc,metaspace ] GC(272) Metaspace: 57332K->57332K(1101824K)
[429.894s][info ][gc           ] GC(272) Pause Young (Allocation Failure) 553M->319M(852M) 6.886ms
[429.894s][info ][gc,cpu       ] GC(272) User=0.02s Sys=0.00s Real=0.00s
[429.894s][info ][safepoint    ] Leaving safepoint region
[429.894s][info ][safepoint    ] Total time for which application threads were stopped: 0.0070373 seconds, Stopping threads took: 0.0000182 seconds
[430.894s][info ][safepoint    ] Application time: 1.0000957 seconds
[430.894s][info ][safepoint    ] Entering safepoint region: Cleanup
[430.894s][info ][safepoint    ] Leaving safepoint region
[430.894s][info ][safepoint    ] Total time for which application threads were stopped: 0.0000665 seconds, Stopping threads took: 0.0000170 seconds
[431.894s][info ][safepoint    ] Application time: 1.0000931 seconds
[431.894s][info ][safepoint    ] Entering safepoint region: Cleanup
[431.894s][info ][safepoint    ] Leaving safepoint region
[431.894s][info ][safepoint    ] Total time for which application threads were stopped: 0.0000798 seconds, Stopping threads took: 0.0000161 seconds
[432.532s][info ][safepoint    ] Application time: 0.6382050 seconds
[432.532s][info ][safepoint    ] Entering safepoint region: GenCollectForAllocation
[432.532s][info ][gc,start     ] GC(273) Pause Young (Allocation Failure)
[432.532s][info ][gc,task      ] GC(273) Using 4 workers of 4 for evacuation
[432.539s][debug][gc,ref       ] GC(273) Skipped phase1 of Reference Processing due to unavailable references
[432.539s][debug][gc,ref       ] GC(273) Skipped phase3 of Reference Processing due to unavailable references
[432.539s][debug][gc,ref       ] GC(273) Skipped phase4 of Reference Processing due to unavailable references
[432.539s][debug][gc,age       ] GC(273) Desired survivor size 15400960 bytes, new threshold 6 (max threshold 6)
[432.539s][info ][gc,heap      ] GC(273) ParNew: 258453K->13662K(270976K)
[432.539s][info ][gc,heap      ] GC(273) CMS: 309416K->310663K(602112K)
[432.539s][info ][gc,metaspace ] GC(273) Metaspace: 57332K->57332K(1101824K)
[432.539s][info ][gc           ] GC(273) Pause Young (Allocation Failure) 554M->316M(852M) 6.927ms
[432.539s][info ][gc,cpu       ] GC(273) User=0.03s Sys=0.00s Real=0.01s
[432.539s][info ][safepoint    ] Leaving safepoint region
[432.539s][info ][safepoint    ] Total time for which application threads were stopped: 0.0070756 seconds, Stopping threads took: 0.0000190 seconds
[433.539s][info ][safepoint    ] Application time: 1.0000959 seconds
[433.539s][info ][safepoint    ] Entering safepoint region: Cleanup
[433.540s][info ][safepoint    ] Leaving safepoint region
[433.540s][info ][safepoint    ] Total time for which application threads were stopped: 0.0000835 seconds, Stopping threads took: 0.0000313 seconds
[434.540s][info ][safepoint    ] Application time: 1.0000775 seconds
[434.540s][info ][safepoint    ] Entering safepoint region: Cleanup
[434.540s][info ][safepoint    ] Leaving safepoint region
[434.540s][info ][safepoint    ] Total time for which application threads were stopped: 0.0001334 seconds, Stopping threads took: 0.0000700 seconds
[435.089s][info ][safepoint    ] Application time: 0.5488705 seconds
[435.089s][info ][safepoint    ] Entering safepoint region: GenCollectForAllocation
[435.089s][info ][gc,start     ] GC(274) Pause Young (Allocation Failure)
[435.089s][info ][gc,task      ] GC(274) Using 4 workers of 4 for evacuation
[435.098s][debug][gc,ref       ] GC(274) Skipped phase1 of Reference Processing due to unavailable references
[435.098s][debug][gc,ref       ] GC(274) Skipped phase3 of Reference Processing due to unavailable references
[435.098s][debug][gc,ref       ] GC(274) Skipped phase4 of Reference Processing due to unavailable references
[435.098s][debug][gc,age       ] GC(274) Desired survivor size 15400960 bytes, new threshold 6 (max threshold 6)
[435.098s][info ][gc,heap      ] GC(274) ParNew: 254558K->8594K(270976K)
[435.098s][info ][gc,heap      ] GC(274) CMS: 310663K->313010K(602112K)
[435.098s][info ][gc,metaspace ] GC(274) Metaspace: 57332K->57332K(1101824K)
[435.098s][info ][gc           ] GC(274) Pause Young (Allocation Failure) 551M->314M(852M) 9.071ms
[435.098s][info ][gc,cpu       ] GC(274) User=0.03s Sys=0.00s Real=0.01s
[435.098s][info ][safepoint    ] Leaving safepoint region
[435.098s][info ][safepoint    ] Total time for which application threads were stopped: 0.0092262 seconds, Stopping threads took: 0.0000168 seconds
[436.098s][info ][safepoint    ] Application time: 1.0001412 seconds
[436.098s][info ][safepoint    ] Entering safepoint region: Cleanup
[436.098s][info ][safepoint    ] Leaving safepoint region
[436.098s][info ][safepoint    ] Total time for which application threads were stopped: 0.0000641 seconds, Stopping threads took: 0.0000155 seconds
[437.098s][info ][safepoint    ] Application time: 1.0000885 seconds
[437.098s][info ][safepoint    ] Entering safepoint region: Cleanup
[437.098s][info ][safepoint    ] Leaving safepoint region
[437.098s][info ][safepoint    ] Total time for which application threads were stopped: 0.0000692 seconds, Stopping threads took: 0.0000185 seconds
[437.827s][info ][safepoint    ] Application time: 0.7283475 seconds
[437.827s][info ][safepoint    ] Entering safepoint region: GenCollectForAllocation
[437.827s][info ][gc,start     ] GC(275) Pause Young (Allocation Failure)
[437.827s][info ][gc,task      ] GC(275) Using 4 workers of 4 for evacuation
[437.833s][debug][gc,ref       ] GC(275) Skipped phase1 of Reference Processing due to unavailable references
[437.833s][debug][gc,ref       ] GC(275) Skipped phase3 of Reference Processing due to unavailable references
[437.833s][debug][gc,ref       ] GC(275) Skipped phase4 of Reference Processing due to unavailable references
[437.833s][debug][gc,age       ] GC(275) Desired survivor size 15400960 bytes, new threshold 6 (max threshold 6)
[437.833s][info ][gc,heap      ] GC(275) ParNew: 249490K->9151K(270976K)
[437.833s][info ][gc,heap      ] GC(275) CMS: 313010K->314290K(602112K)
[437.833s][info ][gc,metaspace ] GC(275) Metaspace: 57332K->57332K(1101824K)
[437.833s][info ][gc           ] GC(275) Pause Young (Allocation Failure) 549M->315M(852M) 6.138ms
[437.833s][info ][gc,cpu       ] GC(275) User=0.02s Sys=0.00s Real=0.00s
[437.833s][info ][safepoint    ] Leaving safepoint region
[437.833s][info ][safepoint    ] Total time for which application threads were stopped: 0.0062865 seconds, Stopping threads took: 0.0000169 seconds
[438.833s][info ][safepoint    ] Application time: 1.0001067 seconds
[438.833s][info ][safepoint    ] Entering safepoint region: Cleanup
[438.833s][info ][safepoint    ] Leaving safepoint region
[438.833s][info ][safepoint    ] Total time for which application threads were stopped: 0.0001057 seconds, Stopping threads took: 0.0000423 seconds
[439.833s][info ][safepoint    ] Application time: 1.0000513 seconds
[439.833s][info ][safepoint    ] Entering safepoint region: Cleanup
[439.834s][info ][safepoint    ] Leaving safepoint region
[439.834s][info ][safepoint    ] Total time for which application threads were stopped: 0.0001286 seconds, Stopping threads took: 0.0000627 seconds
[440.421s][info ][safepoint    ] Application time: 0.5879189 seconds
[440.422s][info ][safepoint    ] Entering safepoint region: GenCollectForAllocation
[440.422s][info ][gc,start     ] GC(276) Pause Young (Allocation Failure)
[440.422s][info ][gc,task      ] GC(276) Using 4 workers of 4 for evacuation
[440.426s][debug][gc,ref       ] GC(276) Skipped phase1 of Reference Processing due to unavailable references
[440.426s][debug][gc,ref       ] GC(276) Skipped phase3 of Reference Processing due to unavailable references
[440.426s][debug][gc,ref       ] GC(276) Skipped phase4 of Reference Processing due to unavailable references
[440.426s][debug][gc,age       ] GC(276) Desired survivor size 15400960 bytes, new threshold 6 (max threshold 6)
[440.426s][info ][gc,heap      ] GC(276) ParNew: 250047K->7600K(270976K)
[440.426s][info ][gc,heap      ] GC(276) CMS: 314290K->315543K(602112K)
[440.426s][info ][gc,metaspace ] GC(276) Metaspace: 57334K->57334K(1101824K)
[440.426s][info ][gc           ] GC(276) Pause Young (Allocation Failure) 551M->315M(852M) 4.885ms
[440.427s][info ][gc,cpu       ] GC(276) User=0.02s Sys=0.01s Real=0.01s
[440.427s][info ][safepoint    ] Leaving safepoint region
[440.427s][info ][safepoint    ] Total time for which application threads were stopped: 0.0050272 seconds, Stopping threads took: 0.0000291 seconds
[441.427s][info ][safepoint    ] Application time: 1.0001031 seconds
[441.427s][info ][safepoint    ] Entering safepoint region: Cleanup
[441.427s][info ][safepoint    ] Leaving safepoint region
[441.427s][info ][safepoint    ] Total time for which application threads were stopped: 0.0001667 seconds, Stopping threads took: 0.0000953 seconds
[442.427s][info ][safepoint    ] Application time: 1.0000874 seconds
[442.427s][info ][safepoint    ] Entering safepoint region: Cleanup
[442.427s][info ][safepoint    ] Leaving safepoint region
[442.427s][info ][safepoint    ] Total time for which application threads were stopped: 0.0001233 seconds, Stopping threads took: 0.0000646 seconds
[443.025s][info ][safepoint    ] Application time: 0.5975829 seconds
[443.025s][info ][safepoint    ] Entering safepoint region: GenCollectForAllocation
[443.025s][info ][gc,start     ] GC(277) Pause Young (Allocation Failure)
[443.025s][info ][gc,task      ] GC(277) Using 4 workers of 4 for evacuation
[443.030s][debug][gc,ref       ] GC(277) Skipped phase1 of Reference Processing due to unavailable references
[443.031s][debug][gc,ref       ] GC(277) Skipped phase3 of Reference Processing due to unavailable references
[443.031s][debug][gc,ref       ] GC(277) Skipped phase4 of Reference Processing due to unavailable references
[443.031s][debug][gc,age       ] GC(277) Desired survivor size 15400960 bytes, new threshold 6 (max threshold 6)
[443.031s][info ][gc,heap      ] GC(277) ParNew: 248496K->3226K(270976K)
[443.031s][info ][gc,heap      ] GC(277) CMS: 315543K->319023K(602112K)
[443.031s][info ][gc,metaspace ] GC(277) Metaspace: 57334K->57334K(1101824K)
[443.031s][info ][gc           ] GC(277) Pause Young (Allocation Failure) 550M->314M(852M) 5.882ms
[443.031s][info ][gc,cpu       ] GC(277) User=0.02s Sys=0.00s Real=0.00s
[443.031s][info ][safepoint    ] Leaving safepoint region
[443.031s][info ][safepoint    ] Total time for which application threads were stopped: 0.0060246 seconds, Stopping threads took: 0.0000246 seconds
[444.031s][info ][safepoint    ] Application time: 1.0000874 seconds
[444.031s][info ][safepoint    ] Entering safepoint region: Cleanup
[444.031s][info ][safepoint    ] Leaving safepoint region
[444.031s][info ][safepoint    ] Total time for which application threads were stopped: 0.0001266 seconds, Stopping threads took: 0.0000527 seconds
[445.031s][info ][safepoint    ] Application time: 1.0000982 seconds
[445.031s][info ][safepoint    ] Entering safepoint region: Cleanup
[445.031s][info ][safepoint    ] Leaving safepoint region
[445.031s][info ][safepoint    ] Total time for which application threads were stopped: 0.0002199 seconds, Stopping threads took: 0.0001492 seconds
[445.680s][info ][safepoint    ] Application time: 0.6489870 seconds
[445.680s][info ][safepoint    ] Entering safepoint region: GenCollectForAllocation
[445.681s][info ][gc,start     ] GC(278) Pause Young (Allocation Failure)
[445.681s][info ][gc,task      ] GC(278) Using 4 workers of 4 for evacuation
[445.683s][debug][gc,ref       ] GC(278) Skipped phase1 of Reference Processing due to unavailable references
[445.683s][debug][gc,ref       ] GC(278) Skipped phase3 of Reference Processing due to unavailable references
[445.683s][debug][gc,ref       ] GC(278) Skipped phase4 of Reference Processing due to unavailable references
[445.684s][debug][gc,age       ] GC(278) Desired survivor size 15400960 bytes, new threshold 6 (max threshold 6)
[445.684s][info ][gc,heap      ] GC(278) ParNew: 244122K->1617K(270976K)
[445.684s][info ][gc,heap      ] GC(278) CMS: 319023K->319078K(602112K)
[445.684s][info ][gc,metaspace ] GC(278) Metaspace: 57334K->57334K(1101824K)
[445.684s][info ][gc           ] GC(278) Pause Young (Allocation Failure) 549M->313M(852M) 3.215ms
[445.684s][info ][gc,cpu       ] GC(278) User=0.02s Sys=0.00s Real=0.01s
[445.684s][info ][safepoint    ] Leaving safepoint region
[445.684s][info ][safepoint    ] Total time for which application threads were stopped: 0.0033788 seconds, Stopping threads took: 0.0000178 seconds
[446.685s][info ][safepoint    ] Application time: 1.0008448 seconds
[446.685s][info ][safepoint    ] Entering safepoint region: Cleanup
[446.685s][info ][safepoint    ] Leaving safepoint region
[446.685s][info ][safepoint    ] Total time for which application threads were stopped: 0.0002052 seconds, Stopping threads took: 0.0000460 seconds
[447.685s][info ][safepoint    ] Application time: 1.0001384 seconds
[447.685s][info ][safepoint    ] Entering safepoint region: Cleanup
[447.685s][info ][safepoint    ] Leaving safepoint region
[447.685s][info ][safepoint    ] Total time for which application threads were stopped: 0.0001150 seconds, Stopping threads took: 0.0000403 seconds
[448.279s][info ][safepoint    ] Application time: 0.5938016 seconds
[448.279s][info ][safepoint    ] Entering safepoint region: GenCollectForAllocation
[448.279s][info ][gc,start     ] GC(279) Pause Young (Allocation Failure)
[448.279s][info ][gc,task      ] GC(279) Using 4 workers of 4 for evacuation
[448.282s][debug][gc,ref       ] GC(279) Skipped phase1 of Reference Processing due to unavailable references
[448.282s][debug][gc,ref       ] GC(279) Skipped phase3 of Reference Processing due to unavailable references
[448.282s][debug][gc,ref       ] GC(279) Skipped phase4 of Reference Processing due to unavailable references
[448.282s][debug][gc,age       ] GC(279) Desired survivor size 15400960 bytes, new threshold 6 (max threshold 6)
[448.282s][info ][gc,heap      ] GC(279) ParNew: 242513K->1847K(270976K)
[448.282s][info ][gc,heap      ] GC(279) CMS: 319078K->319103K(602112K)
[448.282s][info ][gc,metaspace ] GC(279) Metaspace: 57334K->57334K(1101824K)
[448.282s][info ][gc           ] GC(279) Pause Young (Allocation Failure) 548M->313M(852M) 2.796ms
[448.282s][info ][gc,cpu       ] GC(279) User=0.02s Sys=0.00s Real=0.00s
[448.282s][info ][safepoint    ] Leaving safepoint region
[448.282s][info ][safepoint    ] Total time for which application threads were stopped: 0.0029490 seconds, Stopping threads took: 0.0000175 seconds
[449.282s][info ][safepoint    ] Application time: 1.0000968 seconds
[449.282s][info ][safepoint    ] Entering safepoint region: Cleanup
[449.282s][info ][safepoint    ] Leaving safepoint region
[449.282s][info ][safepoint    ] Total time for which application threads were stopped: 0.0001530 seconds, Stopping threads took: 0.0000783 seconds
[450.282s][info ][safepoint    ] Application time: 1.0001394 seconds
[450.282s][info ][safepoint    ] Entering safepoint region: Cleanup
[450.283s][info ][safepoint    ] Leaving safepoint region
[450.283s][info ][safepoint    ] Total time for which application threads were stopped: 0.0001232 seconds, Stopping threads took: 0.0000540 seconds
[450.875s][info ][safepoint    ] Application time: 0.5921000 seconds
[450.875s][info ][safepoint    ] Entering safepoint region: GenCollectForAllocation
[450.875s][info ][gc,start     ] GC(280) Pause Young (Allocation Failure)
[450.875s][info ][gc,task      ] GC(280) Using 4 workers of 4 for evacuation
[450.877s][debug][gc,ref       ] GC(280) Skipped phase1 of Reference Processing due to unavailable references
[450.877s][debug][gc,ref       ] GC(280) Skipped phase2 of Reference Processing due to unavailable references
[450.878s][debug][gc,ref       ] GC(280) Skipped phase3 of Reference Processing due to unavailable references
[450.878s][debug][gc,ref       ] GC(280) Skipped phase4 of Reference Processing due to unavailable references
[450.878s][debug][gc,age       ] GC(280) Desired survivor size 15400960 bytes, new threshold 6 (max threshold 6)
[450.878s][info ][gc,heap      ] GC(280) ParNew: 242743K->1659K(270976K)
[450.878s][info ][gc,heap      ] GC(280) CMS: 319103K->319134K(602112K)
[450.878s][info ][gc,metaspace ] GC(280) Metaspace: 57334K->57334K(1101824K)
[450.878s][info ][gc           ] GC(280) Pause Young (Allocation Failure) 548M->313M(852M) 2.894ms
[450.878s][info ][gc,cpu       ] GC(280) User=0.01s Sys=0.00s Real=0.01s
[450.878s][info ][safepoint    ] Leaving safepoint region
[450.878s][info ][safepoint    ] Total time for which application threads were stopped: 0.0030599 seconds, Stopping threads took: 0.0000183 seconds
[451.878s][info ][safepoint    ] Application time: 1.0001064 seconds
[451.878s][info ][safepoint    ] Entering safepoint region: Cleanup
[451.878s][info ][safepoint    ] Leaving safepoint region
[451.878s][info ][safepoint    ] Total time for which application threads were stopped: 0.0000917 seconds, Stopping threads took: 0.0000397 seconds
[452.878s][info ][safepoint    ] Application time: 1.0000500 seconds
[452.878s][info ][safepoint    ] Entering safepoint region: Cleanup
[452.878s][info ][safepoint    ] Leaving safepoint region
[452.878s][info ][safepoint    ] Total time for which application threads were stopped: 0.0001072 seconds, Stopping threads took: 0.0000380 seconds
[453.376s][info ][safepoint    ] Application time: 0.4980853 seconds
[453.376s][info ][safepoint    ] Entering safepoint region: GenCollectForAllocation
[453.376s][info ][gc,start     ] GC(281) Pause Young (Allocation Failure)
[453.376s][info ][gc,task      ] GC(281) Using 4 workers of 4 for evacuation
[453.379s][debug][gc,ref       ] GC(281) Skipped phase1 of Reference Processing due to unavailable references
[453.379s][debug][gc,ref       ] GC(281) Skipped phase2 of Reference Processing due to unavailable references
[453.379s][debug][gc,ref       ] GC(281) Skipped phase3 of Reference Processing due to unavailable references
[453.379s][debug][gc,ref       ] GC(281) Skipped phase4 of Reference Processing due to unavailable references
[453.379s][debug][gc,age       ] GC(281) Desired survivor size 15400960 bytes, new threshold 6 (max threshold 6)
[453.379s][info ][gc,heap      ] GC(281) ParNew: 242555K->1420K(270976K)
[453.379s][info ][gc,heap      ] GC(281) CMS: 319134K->319150K(602112K)
[453.379s][info ][gc,metaspace ] GC(281) Metaspace: 57334K->57334K(1101824K)
[453.379s][info ][gc           ] GC(281) Pause Young (Allocation Failure) 548M->313M(852M) 2.766ms
[453.379s][info ][gc,cpu       ] GC(281) User=0.01s Sys=0.00s Real=0.00s
[453.379s][info ][safepoint    ] Leaving safepoint region
[453.379s][info ][safepoint    ] Total time for which application threads were stopped: 0.0029305 seconds, Stopping threads took: 0.0000174 seconds
[454.379s][info ][safepoint    ] Application time: 1.0001024 seconds
[454.379s][info ][safepoint    ] Entering safepoint region: Cleanup
[454.379s][info ][safepoint    ] Leaving safepoint region
[454.379s][info ][safepoint    ] Total time for which application threads were stopped: 0.0001486 seconds, Stopping threads took: 0.0000889 seconds
[455.380s][info ][safepoint    ] Application time: 1.0001017 seconds
[455.380s][info ][safepoint    ] Entering safepoint region: Cleanup
[455.380s][info ][safepoint    ] Leaving safepoint region
[455.380s][info ][safepoint    ] Total time for which application threads were stopped: 0.0001524 seconds, Stopping threads took: 0.0000734 seconds
[455.879s][info ][safepoint    ] Application time: 0.4994050 seconds
[455.879s][info ][safepoint    ] Entering safepoint region: GenCollectForAllocation
[455.879s][info ][gc,start     ] GC(282) Pause Young (Allocation Failure)
[455.879s][info ][gc,task      ] GC(282) Using 4 workers of 4 for evacuation
[455.882s][debug][gc,ref       ] GC(282) Skipped phase1 of Reference Processing due to unavailable references
[455.882s][debug][gc,ref       ] GC(282) Skipped phase2 of Reference Processing due to unavailable references
[455.882s][debug][gc,ref       ] GC(282) Skipped phase3 of Reference Processing due to unavailable references
[455.882s][debug][gc,ref       ] GC(282) Skipped phase4 of Reference Processing due to unavailable references
[455.882s][debug][gc,age       ] GC(282) Desired survivor size 15400960 bytes, new threshold 6 (max threshold 6)
[455.882s][info ][gc,heap      ] GC(282) ParNew: 242316K->1406K(270976K)
[455.882s][info ][gc,heap      ] GC(282) CMS: 319150K->319233K(602112K)
[455.882s][info ][gc,metaspace ] GC(282) Metaspace: 57334K->57334K(1101824K)
[455.882s][info ][gc           ] GC(282) Pause Young (Allocation Failure) 548M->313M(852M) 2.646ms
[455.882s][info ][gc,cpu       ] GC(282) User=0.01s Sys=0.00s Real=0.00s
[455.882s][info ][safepoint    ] Leaving safepoint region
[455.882s][info ][safepoint    ] Total time for which application threads were stopped: 0.0027920 seconds, Stopping threads took: 0.0000301 seconds
[456.882s][info ][safepoint    ] Application time: 1.0001088 seconds
[456.882s][info ][safepoint    ] Entering safepoint region: Cleanup
[456.882s][info ][safepoint    ] Leaving safepoint region
[456.882s][info ][safepoint    ] Total time for which application threads were stopped: 0.0001028 seconds, Stopping threads took: 0.0000402 seconds
[457.882s][info ][safepoint    ] Application time: 1.0000909 seconds
[457.882s][info ][safepoint    ] Entering safepoint region: Cleanup
[457.882s][info ][safepoint    ] Leaving safepoint region
[457.882s][info ][safepoint    ] Total time for which application threads were stopped: 0.0000972 seconds, Stopping threads took: 0.0000375 seconds
[458.573s][info ][safepoint    ] Application time: 0.6903428 seconds
[458.573s][info ][safepoint    ] Entering safepoint region: GenCollectForAllocation
[458.573s][info ][gc,start     ] GC(283) Pause Young (Allocation Failure)
[458.573s][info ][gc,task      ] GC(283) Using 4 workers of 4 for evacuation
[458.576s][debug][gc,ref       ] GC(283) Skipped phase1 of Reference Processing due to unavailable references
[458.576s][debug][gc,ref       ] GC(283) Skipped phase3 of Reference Processing due to unavailable references
[458.576s][debug][gc,ref       ] GC(283) Skipped phase4 of Reference Processing due to unavailable references
[458.576s][debug][gc,age       ] GC(283) Desired survivor size 15400960 bytes, new threshold 6 (max threshold 6)
[458.576s][info ][gc,heap      ] GC(283) ParNew: 242302K->1386K(270976K)
[458.576s][info ][gc,heap      ] GC(283) CMS: 319233K->319266K(602112K)
[458.576s][info ][gc,metaspace ] GC(283) Metaspace: 57334K->57334K(1101824K)
[458.576s][info ][gc           ] GC(283) Pause Young (Allocation Failure) 548M->313M(852M) 2.726ms
[458.576s][info ][gc,cpu       ] GC(283) User=0.01s Sys=0.00s Real=0.01s
[458.576s][info ][safepoint    ] Leaving safepoint region
[458.576s][info ][safepoint    ] Total time for which application threads were stopped: 0.0028651 seconds, Stopping threads took: 0.0000247 seconds
[459.225s][info ][safepoint    ] Application time: 0.6492369 seconds
[459.225s][info ][safepoint    ] Entering safepoint region: RevokeBias
[459.225s][info ][safepoint    ] Leaving safepoint region
[459.225s][info ][safepoint    ] Total time for which application threads were stopped: 0.0002336 seconds, Stopping threads took: 0.0000355 seconds
[460.225s][info ][safepoint    ] Application time: 1.0000958 seconds
[460.226s][info ][safepoint    ] Entering safepoint region: Cleanup
[460.226s][info ][safepoint    ] Leaving safepoint region
[460.226s][info ][safepoint    ] Total time for which application threads were stopped: 0.0004431 seconds, Stopping threads took: 0.0002828 seconds
[461.226s][info ][safepoint    ] Application time: 1.0001001 seconds
[461.226s][info ][safepoint    ] Entering safepoint region: Cleanup
[461.226s][info ][safepoint    ] Leaving safepoint region
[461.226s][info ][safepoint    ] Total time for which application threads were stopped: 0.0002654 seconds, Stopping threads took: 0.0001859 seconds
[461.230s][info ][safepoint    ] Application time: 0.0037905 seconds
[461.230s][info ][safepoint    ] Entering safepoint region: GenCollectForAllocation
[461.230s][info ][gc,start     ] GC(284) Pause Young (Allocation Failure)
[461.230s][info ][gc,task      ] GC(284) Using 4 workers of 4 for evacuation
[461.233s][debug][gc,ref       ] GC(284) Skipped phase1 of Reference Processing due to unavailable references
[461.233s][debug][gc,ref       ] GC(284) Skipped phase3 of Reference Processing due to unavailable references
[461.233s][debug][gc,ref       ] GC(284) Skipped phase4 of Reference Processing due to unavailable references
[461.233s][debug][gc,age       ] GC(284) Desired survivor size 15400960 bytes, new threshold 6 (max threshold 6)
[461.233s][info ][gc,heap      ] GC(284) ParNew: 242282K->1396K(270976K)
[461.233s][info ][gc,heap      ] GC(284) CMS: 319266K->319285K(602112K)
[461.233s][info ][gc,metaspace ] GC(284) Metaspace: 57337K->57337K(1101824K)
[461.233s][info ][gc           ] GC(284) Pause Young (Allocation Failure) 548M->313M(852M) 2.793ms
[461.233s][info ][gc,cpu       ] GC(284) User=0.01s Sys=0.00s Real=0.00s
[461.233s][info ][safepoint    ] Leaving safepoint region
[461.233s][info ][safepoint    ] Total time for which application threads were stopped: 0.0028933 seconds, Stopping threads took: 0.0000086 seconds
[462.233s][info ][safepoint    ] Application time: 1.0000955 seconds
[462.233s][info ][safepoint    ] Entering safepoint region: Cleanup
[462.233s][info ][safepoint    ] Leaving safepoint region
[462.233s][info ][safepoint    ] Total time for which application threads were stopped: 0.0001095 seconds, Stopping threads took: 0.0000403 seconds
[463.233s][info ][safepoint    ] Application time: 1.0000996 seconds
[463.237s][info ][safepoint    ] Entering safepoint region: Cleanup
[463.237s][info ][safepoint    ] Leaving safepoint region
[463.237s][info ][safepoint    ] Total time for which application threads were stopped: 0.0034642 seconds, Stopping threads took: 0.0033823 seconds
[463.982s][info ][safepoint    ] Application time: 0.7449819 seconds
[463.982s][info ][safepoint    ] Entering safepoint region: GenCollectForAllocation
[463.982s][info ][gc,start     ] GC(285) Pause Young (Allocation Failure)
[463.982s][info ][gc,task      ] GC(285) Using 4 workers of 4 for evacuation
[463.986s][debug][gc,ref       ] GC(285) Skipped phase1 of Reference Processing due to unavailable references
[463.986s][debug][gc,ref       ] GC(285) Skipped phase3 of Reference Processing due to unavailable references
[463.986s][debug][gc,ref       ] GC(285) Skipped phase4 of Reference Processing due to unavailable references
[463.986s][debug][gc,age       ] GC(285) Desired survivor size 15400960 bytes, new threshold 6 (max threshold 6)
[463.986s][info ][gc,heap      ] GC(285) ParNew: 242292K->1705K(270976K)
[463.986s][info ][gc,heap      ] GC(285) CMS: 319285K->319327K(602112K)
[463.986s][info ][gc,metaspace ] GC(285) Metaspace: 57340K->57340K(1101824K)
[463.986s][info ][gc           ] GC(285) Pause Young (Allocation Failure) 548M->313M(852M) 3.936ms
[463.986s][info ][gc,cpu       ] GC(285) User=0.01s Sys=0.00s Real=0.01s
[463.986s][info ][safepoint    ] Leaving safepoint region
[463.986s][info ][safepoint    ] Total time for which application threads were stopped: 0.0040822 seconds, Stopping threads took: 0.0000175 seconds
[464.986s][info ][safepoint    ] Application time: 1.0001193 seconds
[464.986s][info ][safepoint    ] Entering safepoint region: Cleanup
[464.986s][info ][safepoint    ] Leaving safepoint region
[464.986s][info ][safepoint    ] Total time for which application threads were stopped: 0.0001054 seconds, Stopping threads took: 0.0000384 seconds
[465.986s][info ][safepoint    ] Application time: 1.0001328 seconds
[465.986s][info ][safepoint    ] Entering safepoint region: Cleanup
[465.986s][info ][safepoint    ] Leaving safepoint region
[465.986s][info ][safepoint    ] Total time for which application threads were stopped: 0.0000695 seconds, Stopping threads took: 0.0000174 seconds
[466.604s][info ][safepoint    ] Application time: 0.6178082 seconds
[466.604s][info ][safepoint    ] Entering safepoint region: GenCollectForAllocation
[466.604s][info ][gc,start     ] GC(286) Pause Young (Allocation Failure)
[466.604s][info ][gc,task      ] GC(286) Using 4 workers of 4 for evacuation
[466.608s][debug][gc,ref       ] GC(286) Skipped phase1 of Reference Processing due to unavailable references
[466.608s][debug][gc,ref       ] GC(286) Skipped phase3 of Reference Processing due to unavailable references
[466.608s][debug][gc,age       ] GC(286) Desired survivor size 15400960 bytes, new threshold 6 (max threshold 6)
[466.608s][info ][gc,heap      ] GC(286) ParNew: 242601K->3054K(270976K)
[466.608s][info ][gc,heap      ] GC(286) CMS: 319327K->319360K(602112K)
[466.608s][info ][gc,metaspace ] GC(286) Metaspace: 57346K->57346K(1101824K)
[466.608s][info ][gc           ] GC(286) Pause Young (Allocation Failure) 548M->314M(852M) 3.571ms
[466.608s][info ][gc,cpu       ] GC(286) User=0.01s Sys=0.00s Real=0.00s
[466.608s][info ][safepoint    ] Leaving safepoint region
[466.608s][info ][safepoint    ] Total time for which application threads were stopped: 0.0037321 seconds, Stopping threads took: 0.0000389 seconds
[467.608s][info ][safepoint    ] Application time: 1.0000963 seconds
[467.608s][info ][safepoint    ] Entering safepoint region: Cleanup
[467.608s][info ][safepoint    ] Leaving safepoint region
[467.608s][info ][safepoint    ] Total time for which application threads were stopped: 0.0000945 seconds, Stopping threads took: 0.0000180 seconds
[468.608s][info ][safepoint    ] Application time: 1.0000544 seconds
[468.608s][info ][safepoint    ] Entering safepoint region: Cleanup
[468.608s][info ][safepoint    ] Leaving safepoint region
[468.608s][info ][safepoint    ] Total time for which application threads were stopped: 0.0000720 seconds, Stopping threads took: 0.0000183 seconds
[469.277s][info ][safepoint    ] Application time: 0.6689146 seconds
[469.277s][info ][safepoint    ] Entering safepoint region: GenCollectForAllocation
[469.277s][info ][gc,start     ] GC(287) Pause Young (Allocation Failure)
[469.277s][info ][gc,task      ] GC(287) Using 4 workers of 4 for evacuation
[469.281s][debug][gc,ref       ] GC(287) Skipped phase1 of Reference Processing due to unavailable references
[469.281s][debug][gc,ref       ] GC(287) Skipped phase3 of Reference Processing due to unavailable references
[469.281s][debug][gc,age       ] GC(287) Desired survivor size 15400960 bytes, new threshold 6 (max threshold 6)
[469.282s][info ][gc,heap      ] GC(287) ParNew: 243950K->3140K(270976K)
[469.282s][info ][gc,heap      ] GC(287) CMS: 319360K->319374K(602112K)
[469.282s][info ][gc,metaspace ] GC(287) Metaspace: 57368K->57368K(1101824K)
[469.282s][info ][gc           ] GC(287) Pause Young (Allocation Failure) 550M->314M(852M) 4.177ms
[469.282s][info ][gc,cpu       ] GC(287) User=0.01s Sys=0.00s Real=0.00s
[469.282s][info ][safepoint    ] Leaving safepoint region
[469.282s][info ][safepoint    ] Total time for which application threads were stopped: 0.0043125 seconds, Stopping threads took: 0.0000161 seconds
[470.282s][info ][safepoint    ] Application time: 1.0000961 seconds
[470.282s][info ][safepoint    ] Entering safepoint region: Cleanup
[470.282s][info ][safepoint    ] Leaving safepoint region
[470.282s][info ][safepoint    ] Total time for which application threads were stopped: 0.0001016 seconds, Stopping threads took: 0.0000364 seconds
[471.282s][info ][safepoint    ] Application time: 1.0000877 seconds
[471.282s][info ][safepoint    ] Entering safepoint region: Cleanup
[471.282s][info ][safepoint    ] Leaving safepoint region
[471.282s][info ][safepoint    ] Total time for which application threads were stopped: 0.0001002 seconds, Stopping threads took: 0.0000382 seconds
[471.877s][info ][safepoint    ] Application time: 0.5947366 seconds
[471.877s][info ][safepoint    ] Entering safepoint region: GenCollectForAllocation
[471.877s][info ][gc,start     ] GC(288) Pause Young (Allocation Failure)
[471.877s][info ][gc,task      ] GC(288) Using 4 workers of 4 for evacuation
[471.880s][debug][gc,ref       ] GC(288) Skipped phase1 of Reference Processing due to unavailable references
[471.880s][debug][gc,ref       ] GC(288) Skipped phase3 of Reference Processing due to unavailable references
[471.880s][debug][gc,age       ] GC(288) Desired survivor size 15400960 bytes, new threshold 6 (max threshold 6)
[471.880s][info ][gc,heap      ] GC(288) ParNew: 244036K->3357K(270976K)
[471.880s][info ][gc,heap      ] GC(288) CMS: 319374K->319450K(602112K)
[471.880s][info ][gc,metaspace ] GC(288) Metaspace: 57386K->57386K(1101824K)
[471.880s][info ][gc           ] GC(288) Pause Young (Allocation Failure) 550M->315M(852M) 3.478ms
[471.880s][info ][gc,cpu       ] GC(288) User=0.01s Sys=0.00s Real=0.00s
[471.880s][info ][safepoint    ] Leaving safepoint region
[471.880s][info ][safepoint    ] Total time for which application threads were stopped: 0.0036432 seconds, Stopping threads took: 0.0000162 seconds
[472.881s][info ][safepoint    ] Application time: 1.0001391 seconds
[472.881s][info ][safepoint    ] Entering safepoint region: Cleanup
[472.881s][info ][safepoint    ] Leaving safepoint region
[472.881s][info ][safepoint    ] Total time for which application threads were stopped: 0.0001378 seconds, Stopping threads took: 0.0000537 seconds
[473.881s][info ][safepoint    ] Application time: 1.0001274 seconds
[473.881s][info ][safepoint    ] Entering safepoint region: Cleanup
[473.881s][info ][safepoint    ] Leaving safepoint region
[473.881s][info ][safepoint    ] Total time for which application threads were stopped: 0.0001733 seconds, Stopping threads took: 0.0000985 seconds
[474.485s][info ][safepoint    ] Application time: 0.6041787 seconds
[474.485s][info ][safepoint    ] Entering safepoint region: GenCollectForAllocation
[474.485s][info ][gc,start     ] GC(289) Pause Young (Allocation Failure)
[474.485s][info ][gc,task      ] GC(289) Using 4 workers of 4 for evacuation
[474.488s][debug][gc,ref       ] GC(289) Skipped phase1 of Reference Processing due to unavailable references
[474.488s][debug][gc,ref       ] GC(289) Skipped phase3 of Reference Processing due to unavailable references
[474.488s][debug][gc,ref       ] GC(289) Skipped phase4 of Reference Processing due to unavailable references
[474.489s][debug][gc,age       ] GC(289) Desired survivor size 15400960 bytes, new threshold 6 (max threshold 6)
[474.489s][info ][gc,heap      ] GC(289) ParNew: 244253K->3004K(270976K)
[474.489s][info ][gc,heap      ] GC(289) CMS: 319450K->319492K(602112K)
[474.489s][info ][gc,metaspace ] GC(289) Metaspace: 57389K->57389K(1101824K)
[474.489s][info ][gc           ] GC(289) Pause Young (Allocation Failure) 550M->314M(852M) 3.199ms
[474.489s][info ][gc,cpu       ] GC(289) User=0.02s Sys=0.00s Real=0.00s
[474.489s][info ][safepoint    ] Leaving safepoint region
[474.489s][info ][safepoint    ] Total time for which application threads were stopped: 0.0033540 seconds, Stopping threads took: 0.0000286 seconds
[475.489s][info ][safepoint    ] Application time: 1.0000948 seconds
[475.489s][info ][safepoint    ] Entering safepoint region: Cleanup
[475.489s][info ][safepoint    ] Leaving safepoint region
[475.489s][info ][safepoint    ] Total time for which application threads were stopped: 0.0000838 seconds, Stopping threads took: 0.0000170 seconds
[476.489s][info ][safepoint    ] Application time: 1.0000870 seconds
[476.489s][info ][safepoint    ] Entering safepoint region: Cleanup
[476.489s][info ][safepoint    ] Leaving safepoint region
[476.489s][info ][safepoint    ] Total time for which application threads were stopped: 0.0000865 seconds, Stopping threads took: 0.0000343 seconds
[477.186s][info ][safepoint    ] Application time: 0.6972497 seconds
[477.187s][info ][safepoint    ] Entering safepoint region: GenCollectForAllocation
[477.187s][info ][gc,start     ] GC(290) Pause Young (Allocation Failure)
[477.187s][info ][gc,task      ] GC(290) Using 4 workers of 4 for evacuation
[477.196s][debug][gc,ref       ] GC(290) Skipped phase1 of Reference Processing due to unavailable references
[477.196s][debug][gc,ref       ] GC(290) Skipped phase3 of Reference Processing due to unavailable references
[477.196s][debug][gc,ref       ] GC(290) Skipped phase4 of Reference Processing due to unavailable references
[477.196s][debug][gc,age       ] GC(290) Desired survivor size 15400960 bytes, new threshold 6 (max threshold 6)
[477.196s][info ][gc,heap      ] GC(290) ParNew: 243900K->3188K(270976K)
[477.196s][info ][gc,heap      ] GC(290) CMS: 319492K->319551K(602112K)
[477.196s][info ][gc,metaspace ] GC(290) Metaspace: 57389K->57389K(1101824K)
[477.196s][info ][gc           ] GC(290) Pause Young (Allocation Failure) 550M->315M(852M) 9.004ms
[477.196s][info ][gc,cpu       ] GC(290) User=0.01s Sys=0.00s Real=0.01s
[477.196s][info ][safepoint    ] Leaving safepoint region
[477.196s][info ][safepoint    ] Total time for which application threads were stopped: 0.0091683 seconds, Stopping threads took: 0.0000377 seconds
[478.196s][info ][safepoint    ] Application time: 1.0000917 seconds
[478.196s][info ][safepoint    ] Entering safepoint region: Cleanup
[478.196s][info ][safepoint    ] Leaving safepoint region
[478.196s][info ][safepoint    ] Total time for which application threads were stopped: 0.0001178 seconds, Stopping threads took: 0.0000439 seconds
[479.196s][info ][safepoint    ] Application time: 1.0000951 seconds
[479.196s][info ][safepoint    ] Entering safepoint region: Cleanup
[479.196s][info ][safepoint    ] Leaving safepoint region
[479.196s][info ][safepoint    ] Total time for which application threads were stopped: 0.0000741 seconds, Stopping threads took: 0.0000180 seconds
[479.726s][info ][safepoint    ] Application time: 0.5296479 seconds
[479.726s][info ][safepoint    ] Entering safepoint region: GenCollectForAllocation
[479.726s][info ][gc,start     ] GC(291) Pause Young (Allocation Failure)
[479.726s][info ][gc,task      ] GC(291) Using 4 workers of 4 for evacuation
[479.732s][debug][gc,ref       ] GC(291) Skipped phase1 of Reference Processing due to unavailable references
[479.732s][debug][gc,ref       ] GC(291) Skipped phase3 of Reference Processing due to unavailable references
[479.732s][debug][gc,ref       ] GC(291) Skipped phase4 of Reference Processing due to unavailable references
[479.732s][debug][gc,age       ] GC(291) Desired survivor size 15400960 bytes, new threshold 6 (max threshold 6)
[479.733s][info ][gc,heap      ] GC(291) ParNew: 244084K->3409K(270976K)
[479.733s][info ][gc,heap      ] GC(291) CMS: 319551K->319709K(602112K)
[479.733s][info ][gc,metaspace ] GC(291) Metaspace: 57389K->57389K(1101824K)
[479.733s][info ][gc           ] GC(291) Pause Young (Allocation Failure) 550M->315M(852M) 6.256ms
[479.733s][info ][gc,cpu       ] GC(291) User=0.02s Sys=0.01s Real=0.00s
[479.733s][info ][safepoint    ] Leaving safepoint region
[479.733s][info ][safepoint    ] Total time for which application threads were stopped: 0.0064101 seconds, Stopping threads took: 0.0000178 seconds
[480.733s][info ][safepoint    ] Application time: 1.0000799 seconds
[480.733s][info ][safepoint    ] Entering safepoint region: Cleanup
[480.733s][info ][safepoint    ] Leaving safepoint region
[480.733s][info ][safepoint    ] Total time for which application threads were stopped: 0.0001717 seconds, Stopping threads took: 0.0000999 seconds
[481.733s][info ][safepoint    ] Application time: 1.0000912 seconds
[481.733s][info ][safepoint    ] Entering safepoint region: Cleanup
[481.733s][info ][safepoint    ] Leaving safepoint region
[481.733s][info ][safepoint    ] Total time for which application threads were stopped: 0.0001067 seconds, Stopping threads took: 0.0000441 seconds
[482.080s][info ][safepoint    ] Application time: 0.3464504 seconds
[482.080s][info ][safepoint    ] Entering safepoint region: GenCollectForAllocation
[482.080s][info ][gc,start     ] GC(292) Pause Young (Allocation Failure)
[482.080s][info ][gc,task      ] GC(292) Using 4 workers of 4 for evacuation
[482.092s][debug][gc,ref       ] GC(292) Skipped phase1 of Reference Processing due to unavailable references
[482.092s][debug][gc,ref       ] GC(292) Skipped phase3 of Reference Processing due to unavailable references
[482.092s][debug][gc,age       ] GC(292) Desired survivor size 15400960 bytes, new threshold 6 (max threshold 6)
[482.092s][info ][gc,heap      ] GC(292) ParNew: 244305K->5614K(270976K)
[482.092s][info ][gc,heap      ] GC(292) CMS: 319709K->319818K(602112K)
[482.092s][info ][gc,metaspace ] GC(292) Metaspace: 57409K->57409K(1101824K)
[482.092s][info ][gc           ] GC(292) Pause Young (Allocation Failure) 550M->317M(852M) 12.197ms
[482.092s][info ][gc,cpu       ] GC(292) User=0.02s Sys=0.00s Real=0.01s
[482.092s][info ][safepoint    ] Leaving safepoint region
[482.092s][info ][safepoint    ] Total time for which application threads were stopped: 0.0123939 seconds, Stopping threads took: 0.0000561 seconds
[483.092s][info ][safepoint    ] Application time: 1.0000968 seconds
[483.092s][info ][safepoint    ] Entering safepoint region: Cleanup
[483.092s][info ][safepoint    ] Leaving safepoint region
[483.092s][info ][safepoint    ] Total time for which application threads were stopped: 0.0000679 seconds, Stopping threads took: 0.0000177 seconds
[484.092s][info ][safepoint    ] Application time: 1.0000892 seconds
[484.092s][info ][safepoint    ] Entering safepoint region: Cleanup
[484.093s][info ][safepoint    ] Leaving safepoint region
[484.093s][info ][safepoint    ] Total time for which application threads were stopped: 0.0001542 seconds, Stopping threads took: 0.0000769 seconds
[484.730s][info ][safepoint    ] Application time: 0.6375192 seconds
[484.730s][info ][safepoint    ] Entering safepoint region: GenCollectForAllocation
[484.730s][info ][gc,start     ] GC(293) Pause Young (Allocation Failure)
[484.730s][info ][gc,task      ] GC(293) Using 4 workers of 4 for evacuation
[484.740s][debug][gc,ref       ] GC(293) Skipped phase1 of Reference Processing due to unavailable references
[484.740s][debug][gc,ref       ] GC(293) Skipped phase3 of Reference Processing due to unavailable references
[484.740s][debug][gc,ref       ] GC(293) Skipped phase4 of Reference Processing due to unavailable references
[484.740s][debug][gc,age       ] GC(293) Desired survivor size 15400960 bytes, new threshold 6 (max threshold 6)
[484.740s][info ][gc,heap      ] GC(293) ParNew: 246510K->5802K(270976K)
[484.740s][info ][gc,heap      ] GC(293) CMS: 319818K->319892K(602112K)
[484.740s][info ][gc,metaspace ] GC(293) Metaspace: 57410K->57410K(1101824K)
[484.740s][info ][gc           ] GC(293) Pause Young (Allocation Failure) 553M->318M(852M) 9.815ms
[484.740s][info ][gc,cpu       ] GC(293) User=0.02s Sys=0.00s Real=0.01s
[484.740s][info ][safepoint    ] Leaving safepoint region
[484.740s][info ][safepoint    ] Total time for which application threads were stopped: 0.0099564 seconds, Stopping threads took: 0.0000163 seconds
[485.740s][info ][safepoint    ] Application time: 1.0000967 seconds
[485.740s][info ][safepoint    ] Entering safepoint region: Cleanup
[485.740s][info ][safepoint    ] Leaving safepoint region
[485.740s][info ][safepoint    ] Total time for which application threads were stopped: 0.0000749 seconds, Stopping threads took: 0.0000187 seconds
[486.740s][info ][safepoint    ] Application time: 1.0001222 seconds
[486.740s][info ][safepoint    ] Entering safepoint region: Cleanup
[486.741s][info ][safepoint    ] Leaving safepoint region
[486.741s][info ][safepoint    ] Total time for which application threads were stopped: 0.0001347 seconds, Stopping threads took: 0.0000766 seconds
[487.283s][info ][safepoint    ] Application time: 0.5423251 seconds
[487.283s][info ][safepoint    ] Entering safepoint region: GenCollectForAllocation
[487.283s][info ][gc,start     ] GC(294) Pause Young (Allocation Failure)
[487.283s][info ][gc,task      ] GC(294) Using 4 workers of 4 for evacuation
[487.288s][debug][gc,ref       ] GC(294) Skipped phase1 of Reference Processing due to unavailable references
[487.288s][debug][gc,ref       ] GC(294) Skipped phase3 of Reference Processing due to unavailable references
[487.288s][debug][gc,ref       ] GC(294) Skipped phase4 of Reference Processing due to unavailable references
[487.288s][debug][gc,age       ] GC(294) Desired survivor size 15400960 bytes, new threshold 6 (max threshold 6)
[487.288s][info ][gc,heap      ] GC(294) ParNew: 246698K->7877K(270976K)
[487.288s][info ][gc,heap      ] GC(294) CMS: 319892K->319963K(602112K)
[487.288s][info ][gc,metaspace ] GC(294) Metaspace: 57410K->57410K(1101824K)
[487.288s][info ][gc           ] GC(294) Pause Young (Allocation Failure) 553M->320M(852M) 4.733ms
[487.288s][info ][gc,cpu       ] GC(294) User=0.02s Sys=0.00s Real=0.01s
[487.288s][info ][safepoint    ] Leaving safepoint region
[487.288s][info ][safepoint    ] Total time for which application threads were stopped: 0.0048740 seconds, Stopping threads took: 0.0000170 seconds
[488.288s][info ][safepoint    ] Application time: 1.0000940 seconds
[488.288s][info ][safepoint    ] Entering safepoint region: Cleanup
[488.288s][info ][safepoint    ] Leaving safepoint region
[488.288s][info ][safepoint    ] Total time for which application threads were stopped: 0.0000860 seconds, Stopping threads took: 0.0000302 seconds
[489.288s][info ][safepoint    ] Application time: 1.0000940 seconds
[489.288s][info ][safepoint    ] Entering safepoint region: Cleanup
[489.288s][info ][safepoint    ] Leaving safepoint region
[489.288s][info ][safepoint    ] Total time for which application threads were stopped: 0.0001465 seconds, Stopping threads took: 0.0000656 seconds
[489.927s][info ][safepoint    ] Application time: 0.6389815 seconds
[489.927s][info ][safepoint    ] Entering safepoint region: GenCollectForAllocation
[489.928s][info ][gc,start     ] GC(295) Pause Young (Allocation Failure)
[489.928s][info ][gc,task      ] GC(295) Using 4 workers of 4 for evacuation
[489.932s][debug][gc,ref       ] GC(295) Skipped phase1 of Reference Processing due to unavailable references
[489.932s][debug][gc,ref       ] GC(295) Skipped phase3 of Reference Processing due to unavailable references
[489.932s][debug][gc,ref       ] GC(295) Skipped phase4 of Reference Processing due to unavailable references
[489.932s][debug][gc,age       ] GC(295) Desired survivor size 15400960 bytes, new threshold 6 (max threshold 6)
[489.932s][info ][gc,heap      ] GC(295) ParNew: 248773K->8302K(270976K)
[489.932s][info ][gc,heap      ] GC(295) CMS: 319963K->320017K(602112K)
[489.932s][info ][gc,metaspace ] GC(295) Metaspace: 57411K->57411K(1101824K)
[489.932s][info ][gc           ] GC(295) Pause Young (Allocation Failure) 555M->320M(852M) 4.360ms
[489.932s][info ][gc,cpu       ] GC(295) User=0.02s Sys=0.00s Real=0.00s
[489.932s][info ][safepoint    ] Leaving safepoint region
[489.932s][info ][safepoint    ] Total time for which application threads were stopped: 0.0045303 seconds, Stopping threads took: 0.0000308 seconds
[490.932s][info ][safepoint    ] Application time: 1.0000978 seconds
[490.932s][info ][safepoint    ] Entering safepoint region: Cleanup
[490.932s][info ][safepoint    ] Leaving safepoint region
[490.932s][info ][safepoint    ] Total time for which application threads were stopped: 0.0001501 seconds, Stopping threads took: 0.0000688 seconds
[491.932s][info ][safepoint    ] Application time: 1.0000935 seconds
[491.932s][info ][safepoint    ] Entering safepoint region: Cleanup
[491.933s][info ][safepoint    ] Leaving safepoint region
[491.933s][info ][safepoint    ] Total time for which application threads were stopped: 0.0001718 seconds, Stopping threads took: 0.0001034 seconds
[492.317s][info ][safepoint    ] Application time: 0.3844932 seconds
[492.317s][info ][safepoint    ] Entering safepoint region: GenCollectForAllocation
[492.317s][info ][gc,start     ] GC(296) Pause Young (Allocation Failure)
[492.317s][info ][gc,task      ] GC(296) Using 4 workers of 4 for evacuation
[492.322s][debug][gc,ref       ] GC(296) Skipped phase1 of Reference Processing due to unavailable references
[492.322s][debug][gc,ref       ] GC(296) Skipped phase3 of Reference Processing due to unavailable references
[492.322s][debug][gc,ref       ] GC(296) Skipped phase4 of Reference Processing due to unavailable references
[492.322s][debug][gc,age       ] GC(296) Desired survivor size 15400960 bytes, new threshold 6 (max threshold 6)
[492.322s][info ][gc,heap      ] GC(296) ParNew: 249198K->7796K(270976K)
[492.322s][info ][gc,heap      ] GC(296) CMS: 320017K->320119K(602112K)
[492.322s][info ][gc,metaspace ] GC(296) Metaspace: 57411K->57411K(1101824K)
[492.322s][info ][gc           ] GC(296) Pause Young (Allocation Failure) 555M->320M(852M) 4.946ms
[492.322s][info ][gc,cpu       ] GC(296) User=0.02s Sys=0.00s Real=0.00s
[492.322s][info ][safepoint    ] Leaving safepoint region
[492.322s][info ][safepoint    ] Total time for which application threads were stopped: 0.0050955 seconds, Stopping threads took: 0.0000148 seconds
[493.322s][info ][safepoint    ] Application time: 1.0000949 seconds
[493.322s][info ][safepoint    ] Entering safepoint region: Cleanup
[493.322s][info ][safepoint    ] Leaving safepoint region
[493.322s][info ][safepoint    ] Total time for which application threads were stopped: 0.0001104 seconds, Stopping threads took: 0.0000504 seconds
[494.322s][info ][safepoint    ] Application time: 1.0000907 seconds
[494.323s][info ][safepoint    ] Entering safepoint region: Cleanup
[494.323s][info ][safepoint    ] Leaving safepoint region
[494.323s][info ][safepoint    ] Total time for which application threads were stopped: 0.0001255 seconds, Stopping threads took: 0.0000500 seconds
[494.561s][info ][safepoint    ] Application time: 0.2381187 seconds
[494.561s][info ][safepoint    ] Entering safepoint region: GenCollectForAllocation
[494.561s][info ][gc,start     ] GC(297) Pause Young (Allocation Failure)
[494.561s][info ][gc,task      ] GC(297) Using 4 workers of 4 for evacuation
[494.567s][debug][gc,ref       ] GC(297) Skipped phase1 of Reference Processing due to unavailable references
[494.567s][debug][gc,ref       ] GC(297) Skipped phase3 of Reference Processing due to unavailable references
[494.567s][debug][gc,ref       ] GC(297) Skipped phase4 of Reference Processing due to unavailable references
[494.567s][debug][gc,age       ] GC(297) Desired survivor size 15400960 bytes, new threshold 6 (max threshold 6)
[494.567s][info ][gc,heap      ] GC(297) ParNew: 248692K->11554K(270976K)
[494.567s][info ][gc,heap      ] GC(297) CMS: 320119K->320442K(602112K)
[494.567s][info ][gc,metaspace ] GC(297) Metaspace: 57412K->57412K(1101824K)
[494.567s][info ][gc           ] GC(297) Pause Young (Allocation Failure) 555M->324M(852M) 6.185ms
[494.567s][info ][gc,cpu       ] GC(297) User=0.02s Sys=0.00s Real=0.01s
[494.567s][info ][safepoint    ] Leaving safepoint region
[494.567s][info ][safepoint    ] Total time for which application threads were stopped: 0.0065285 seconds, Stopping threads took: 0.0002188 seconds
[495.567s][info ][safepoint    ] Application time: 1.0001030 seconds
[495.568s][info ][safepoint    ] Entering safepoint region: Cleanup
[495.568s][info ][safepoint    ] Leaving safepoint region
[495.568s][info ][safepoint    ] Total time for which application threads were stopped: 0.0000775 seconds, Stopping threads took: 0.0000191 seconds
[496.568s][info ][safepoint    ] Application time: 1.0001393 seconds
[496.568s][info ][safepoint    ] Entering safepoint region: Cleanup
[496.568s][info ][safepoint    ] Leaving safepoint region
[496.568s][info ][safepoint    ] Total time for which application threads were stopped: 0.0001000 seconds, Stopping threads took: 0.0000456 seconds
[496.824s][info ][safepoint    ] Application time: 0.2559566 seconds
[496.824s][info ][safepoint    ] Entering safepoint region: GenCollectForAllocation
[496.824s][info ][gc,start     ] GC(298) Pause Young (Allocation Failure)
[496.824s][info ][gc,task      ] GC(298) Using 4 workers of 4 for evacuation
[496.831s][debug][gc,ref       ] GC(298) Skipped phase1 of Reference Processing due to unavailable references
[496.831s][debug][gc,ref       ] GC(298) Skipped phase3 of Reference Processing due to unavailable references
[496.831s][debug][gc,ref       ] GC(298) Skipped phase4 of Reference Processing due to unavailable references
[496.831s][debug][gc,age       ] GC(298) Desired survivor size 15400960 bytes, new threshold 6 (max threshold 6)
[496.831s][info ][gc,heap      ] GC(298) ParNew: 252450K->12136K(270976K)
[496.831s][info ][gc,heap      ] GC(298) CMS: 320442K->321501K(602112K)
[496.831s][info ][gc,metaspace ] GC(298) Metaspace: 57416K->57416K(1101824K)
[496.831s][info ][gc           ] GC(298) Pause Young (Allocation Failure) 559M->325M(852M) 7.425ms
[496.831s][info ][gc,cpu       ] GC(298) User=0.03s Sys=0.00s Real=0.00s
[496.831s][info ][safepoint    ] Leaving safepoint region
[496.831s][info ][safepoint    ] Total time for which application threads were stopped: 0.0075824 seconds, Stopping threads took: 0.0000171 seconds
[497.832s][info ][safepoint    ] Application time: 1.0000969 seconds
[497.832s][info ][safepoint    ] Entering safepoint region: Cleanup
[497.832s][info ][safepoint    ] Leaving safepoint region
[497.832s][info ][safepoint    ] Total time for which application threads were stopped: 0.0001291 seconds, Stopping threads took: 0.0000414 seconds
[498.832s][info ][safepoint    ] Application time: 1.0000934 seconds
[498.832s][info ][safepoint    ] Entering safepoint region: Cleanup
[498.832s][info ][safepoint    ] Leaving safepoint region
[498.832s][info ][safepoint    ] Total time for which application threads were stopped: 0.0001140 seconds, Stopping threads took: 0.0000404 seconds
[499.130s][info ][safepoint    ] Application time: 0.2980845 seconds
[499.130s][info ][safepoint    ] Entering safepoint region: GenCollectForAllocation
[499.130s][info ][gc,start     ] GC(299) Pause Young (Allocation Failure)
[499.130s][info ][gc,task      ] GC(299) Using 4 workers of 4 for evacuation
[499.136s][debug][gc,ref       ] GC(299) Skipped phase1 of Reference Processing due to unavailable references
[499.136s][debug][gc,ref       ] GC(299) Skipped phase3 of Reference Processing due to unavailable references
[499.136s][debug][gc,ref       ] GC(299) Skipped phase4 of Reference Processing due to unavailable references
[499.136s][debug][gc,age       ] GC(299) Desired survivor size 15400960 bytes, new threshold 6 (max threshold 6)
[499.136s][info ][gc,heap      ] GC(299) ParNew: 253032K->15256K(270976K)
[499.136s][info ][gc,heap      ] GC(299) CMS: 321501K->321542K(602112K)
[499.136s][info ][gc,metaspace ] GC(299) Metaspace: 57420K->57420K(1101824K)
[499.136s][info ][gc           ] GC(299) Pause Young (Allocation Failure) 561M->328M(852M) 6.226ms
[499.136s][info ][gc,cpu       ] GC(299) User=0.03s Sys=0.00s Real=0.01s
[499.136s][info ][safepoint    ] Leaving safepoint region
[499.136s][info ][safepoint    ] Total time for which application threads were stopped: 0.0063879 seconds, Stopping threads took: 0.0000375 seconds
[500.137s][info ][safepoint    ] Application time: 1.0000965 seconds
[500.137s][info ][safepoint    ] Entering safepoint region: Cleanup
[500.137s][info ][safepoint    ] Leaving safepoint region
[500.137s][info ][safepoint    ] Total time for which application threads were stopped: 0.0001371 seconds, Stopping threads took: 0.0000763 seconds
[501.137s][info ][safepoint    ] Application time: 1.0000939 seconds
[501.137s][info ][safepoint    ] Entering safepoint region: Cleanup
[501.137s][info ][safepoint    ] Leaving safepoint region
[501.137s][info ][safepoint    ] Total time for which application threads were stopped: 0.0001343 seconds, Stopping threads took: 0.0000407 seconds
[501.483s][info ][safepoint    ] Application time: 0.3455149 seconds
[501.483s][info ][safepoint    ] Entering safepoint region: GenCollectForAllocation
[501.483s][info ][gc,start     ] GC(300) Pause Young (Allocation Failure)
[501.483s][info ][gc,task      ] GC(300) Using 4 workers of 4 for evacuation
[501.489s][debug][gc,ref       ] GC(300) Skipped phase1 of Reference Processing due to unavailable references
[501.489s][debug][gc,ref       ] GC(300) Skipped phase3 of Reference Processing due to unavailable references
[501.489s][debug][gc,ref       ] GC(300) Skipped phase4 of Reference Processing due to unavailable references
[501.489s][debug][gc,age       ] GC(300) Desired survivor size 15400960 bytes, new threshold 6 (max threshold 6)
[501.489s][info ][gc,heap      ] GC(300) ParNew: 256152K->11916K(270976K)
[501.489s][info ][gc,heap      ] GC(300) CMS: 321542K->321666K(602112K)
[501.489s][info ][gc,metaspace ] GC(300) Metaspace: 57440K->57440K(1101824K)
[501.489s][info ][gc           ] GC(300) Pause Young (Allocation Failure) 564M->325M(852M) 6.730ms
[501.489s][info ][gc,cpu       ] GC(300) User=0.03s Sys=0.00s Real=0.01s
[501.489s][info ][safepoint    ] Leaving safepoint region
[501.489s][info ][safepoint    ] Total time for which application threads were stopped: 0.0068727 seconds, Stopping threads took: 0.0000160 seconds
[502.496s][info ][safepoint    ] Application time: 1.0066308 seconds
[502.496s][info ][safepoint    ] Entering safepoint region: Cleanup
[502.496s][info ][safepoint    ] Leaving safepoint region
[502.496s][info ][safepoint    ] Total time for which application threads were stopped: 0.0000751 seconds, Stopping threads took: 0.0000293 seconds
[503.496s][info ][safepoint    ] Application time: 1.0001212 seconds
[503.496s][info ][safepoint    ] Entering safepoint region: Cleanup
[503.496s][info ][safepoint    ] Leaving safepoint region
[503.496s][info ][safepoint    ] Total time for which application threads were stopped: 0.0001274 seconds, Stopping threads took: 0.0000458 seconds
[503.833s][info ][safepoint    ] Application time: 0.3362821 seconds
[503.833s][info ][safepoint    ] Entering safepoint region: GenCollectForAllocation
[503.833s][info ][gc,start     ] GC(301) Pause Young (Allocation Failure)
[503.833s][info ][gc,task      ] GC(301) Using 4 workers of 4 for evacuation
[503.840s][debug][gc,ref       ] GC(301) Skipped phase1 of Reference Processing due to unavailable references
[503.840s][debug][gc,ref       ] GC(301) Skipped phase3 of Reference Processing due to unavailable references
[503.840s][debug][gc,ref       ] GC(301) Skipped phase4 of Reference Processing due to unavailable references
[503.840s][debug][gc,age       ] GC(301) Desired survivor size 15400960 bytes, new threshold 6 (max threshold 6)
[503.840s][info ][gc,heap      ] GC(301) ParNew: 252812K->18179K(270976K)
[503.840s][info ][gc,heap      ] GC(301) CMS: 321666K->321678K(602112K)
[503.840s][info ][gc,metaspace ] GC(301) Metaspace: 57455K->57455K(1101824K)
[503.840s][info ][gc           ] GC(301) Pause Young (Allocation Failure) 561M->331M(852M) 6.866ms
[503.840s][info ][gc,cpu       ] GC(301) User=0.03s Sys=0.00s Real=0.01s
[503.840s][info ][safepoint    ] Leaving safepoint region
[503.840s][info ][safepoint    ] Total time for which application threads were stopped: 0.0070163 seconds, Stopping threads took: 0.0000149 seconds
[504.840s][info ][safepoint    ] Application time: 1.0001105 seconds
[504.840s][info ][safepoint    ] Entering safepoint region: Cleanup
[504.840s][info ][safepoint    ] Leaving safepoint region
[504.840s][info ][safepoint    ] Total time for which application threads were stopped: 0.0001073 seconds, Stopping threads took: 0.0000321 seconds
[505.840s][info ][safepoint    ] Application time: 1.0000922 seconds
[505.840s][info ][safepoint    ] Entering safepoint region: Cleanup
[505.840s][info ][safepoint    ] Leaving safepoint region
[505.840s][info ][safepoint    ] Total time for which application threads were stopped: 0.0002235 seconds, Stopping threads took: 0.0001151 seconds
[506.090s][info ][safepoint    ] Application time: 0.2497816 seconds
[506.090s][info ][safepoint    ] Entering safepoint region: GenCollectForAllocation
[506.090s][info ][gc,start     ] GC(302) Pause Young (Allocation Failure)
[506.090s][info ][gc,task      ] GC(302) Using 4 workers of 4 for evacuation
[506.099s][debug][gc,ref       ] GC(302) Skipped phase1 of Reference Processing due to unavailable references
[506.099s][debug][gc,ref       ] GC(302) Skipped phase3 of Reference Processing due to unavailable references
[506.099s][debug][gc,ref       ] GC(302) Skipped phase4 of Reference Processing due to unavailable references
[506.099s][debug][gc,age       ] GC(302) Desired survivor size 15400960 bytes, new threshold 6 (max threshold 6)
[506.099s][info ][gc,heap      ] GC(302) ParNew: 259075K->16562K(270976K)
[506.099s][info ][gc,heap      ] GC(302) CMS: 321678K->322697K(602112K)
[506.099s][info ][gc,metaspace ] GC(302) Metaspace: 57458K->57458K(1101824K)
[506.099s][info ][gc           ] GC(302) Pause Young (Allocation Failure) 567M->331M(852M) 8.401ms
[506.099s][info ][gc,cpu       ] GC(302) User=0.03s Sys=0.00s Real=0.01s
[506.099s][info ][safepoint    ] Leaving safepoint region
[506.099s][info ][safepoint    ] Total time for which application threads were stopped: 0.0085916 seconds, Stopping threads took: 0.0000171 seconds
[507.099s][info ][safepoint    ] Application time: 1.0000997 seconds
[507.099s][info ][safepoint    ] Entering safepoint region: Cleanup
[507.099s][info ][safepoint    ] Leaving safepoint region
[507.099s][info ][safepoint    ] Total time for which application threads were stopped: 0.0000820 seconds, Stopping threads took: 0.0000143 seconds
[508.099s][info ][safepoint    ] Application time: 1.0001142 seconds
[508.099s][info ][safepoint    ] Entering safepoint region: Cleanup
[508.099s][info ][safepoint    ] Leaving safepoint region
[508.099s][info ][safepoint    ] Total time for which application threads were stopped: 0.0001078 seconds, Stopping threads took: 0.0000404 seconds
[508.372s][info ][safepoint    ] Application time: 0.2729700 seconds
[508.372s][info ][safepoint    ] Entering safepoint region: GenCollectForAllocation
[508.372s][info ][gc,start     ] GC(303) Pause Young (Allocation Failure)
[508.372s][info ][gc,task      ] GC(303) Using 4 workers of 4 for evacuation
[508.381s][debug][gc,ref       ] GC(303) Skipped phase1 of Reference Processing due to unavailable references
[508.381s][debug][gc,ref       ] GC(303) Skipped phase2 of Reference Processing due to unavailable references
[508.381s][debug][gc,ref       ] GC(303) Skipped phase3 of Reference Processing due to unavailable references
[508.381s][debug][gc,ref       ] GC(303) Skipped phase4 of Reference Processing due to unavailable references
[508.381s][debug][gc,age       ] GC(303) Desired survivor size 15400960 bytes, new threshold 6 (max threshold 6)
[508.381s][info ][gc,heap      ] GC(303) ParNew: 257458K->17902K(270976K)
[508.381s][info ][gc,heap      ] GC(303) CMS: 322697K->324377K(602112K)
[508.381s][info ][gc,metaspace ] GC(303) Metaspace: 57460K->57460K(1101824K)
[508.381s][info ][gc           ] GC(303) Pause Young (Allocation Failure) 566M->334M(852M) 8.336ms
[508.381s][info ][gc,cpu       ] GC(303) User=0.03s Sys=0.00s Real=0.01s
[508.381s][info ][safepoint    ] Leaving safepoint region
[508.381s][info ][safepoint    ] Total time for which application threads were stopped: 0.0084688 seconds, Stopping threads took: 0.0000171 seconds
[509.381s][info ][safepoint    ] Application time: 1.0001059 seconds
[509.381s][info ][safepoint    ] Entering safepoint region: Cleanup
[509.381s][info ][safepoint    ] Leaving safepoint region
[509.381s][info ][safepoint    ] Total time for which application threads were stopped: 0.0000999 seconds, Stopping threads took: 0.0000392 seconds
[510.381s][info ][safepoint    ] Application time: 1.0000562 seconds
[510.381s][info ][safepoint    ] Entering safepoint region: Cleanup
[510.381s][info ][safepoint    ] Leaving safepoint region
[510.381s][info ][safepoint    ] Total time for which application threads were stopped: 0.0001130 seconds, Stopping threads took: 0.0000417 seconds
[510.475s][info ][safepoint    ] Application time: 0.0937597 seconds
[510.475s][info ][safepoint    ] Entering safepoint region: GenCollectForAllocation
[510.475s][info ][gc,start     ] GC(304) Pause Young (Allocation Failure)
[510.475s][info ][gc,task      ] GC(304) Using 4 workers of 4 for evacuation
[510.484s][debug][gc,ref       ] GC(304) Skipped phase1 of Reference Processing due to unavailable references
[510.484s][debug][gc,ref       ] GC(304) Skipped phase2 of Reference Processing due to unavailable references
[510.484s][debug][gc,ref       ] GC(304) Skipped phase3 of Reference Processing due to unavailable references
[510.484s][debug][gc,ref       ] GC(304) Skipped phase4 of Reference Processing due to unavailable references
[510.484s][debug][gc,age       ] GC(304) Desired survivor size 15400960 bytes, new threshold 6 (max threshold 6)
[510.484s][info ][gc,heap      ] GC(304) ParNew: 258798K->17888K(270976K)
[510.484s][info ][gc,heap      ] GC(304) CMS: 324377K->326062K(602112K)
[510.484s][info ][gc,metaspace ] GC(304) Metaspace: 57461K->57461K(1101824K)
[510.484s][info ][gc           ] GC(304) Pause Young (Allocation Failure) 569M->335M(852M) 8.911ms
[510.484s][info ][gc,cpu       ] GC(304) User=0.04s Sys=0.00s Real=0.02s
[510.484s][info ][safepoint    ] Leaving safepoint region
[510.484s][info ][safepoint    ] Total time for which application threads were stopped: 0.0090583 seconds, Stopping threads took: 0.0000169 seconds
[511.484s][info ][safepoint    ] Application time: 1.0001035 seconds
[511.484s][info ][safepoint    ] Entering safepoint region: Cleanup
[511.484s][info ][safepoint    ] Leaving safepoint region
[511.484s][info ][safepoint    ] Total time for which application threads were stopped: 0.0001375 seconds, Stopping threads took: 0.0000395 seconds
[512.485s][info ][safepoint    ] Application time: 1.0000994 seconds
[512.485s][info ][safepoint    ] Entering safepoint region: Cleanup
[512.485s][info ][safepoint    ] Leaving safepoint region
[512.485s][info ][safepoint    ] Total time for which application threads were stopped: 0.0001586 seconds, Stopping threads took: 0.0000546 seconds
[512.534s][info ][safepoint    ] Application time: 0.0490399 seconds
[512.534s][info ][safepoint    ] Entering safepoint region: GenCollectForAllocation
[512.534s][info ][gc,start     ] GC(305) Pause Young (Allocation Failure)
[512.534s][info ][gc,task      ] GC(305) Using 4 workers of 4 for evacuation
[512.541s][debug][gc,ref       ] GC(305) Skipped phase1 of Reference Processing due to unavailable references
[512.541s][debug][gc,ref       ] GC(305) Skipped phase2 of Reference Processing due to unavailable references
[512.541s][debug][gc,ref       ] GC(305) Skipped phase3 of Reference Processing due to unavailable references
[512.541s][debug][gc,ref       ] GC(305) Skipped phase4 of Reference Processing due to unavailable references
[512.541s][debug][gc,age       ] GC(305) Desired survivor size 15400960 bytes, new threshold 6 (max threshold 6)
[512.541s][info ][gc,heap      ] GC(305) ParNew: 258784K->14649K(270976K)
[512.541s][info ][gc,heap      ] GC(305) CMS: 326062K->327328K(602112K)
[512.541s][info ][gc,metaspace ] GC(305) Metaspace: 57464K->57464K(1101824K)
[512.542s][info ][gc           ] GC(305) Pause Young (Allocation Failure) 571M->333M(852M) 7.545ms
[512.542s][info ][gc,cpu       ] GC(305) User=0.03s Sys=0.00s Real=0.01s
[512.542s][info ][safepoint    ] Leaving safepoint region
[512.542s][info ][safepoint    ] Total time for which application threads were stopped: 0.0076797 seconds, Stopping threads took: 0.0000148 seconds
[513.542s][info ][safepoint    ] Application time: 1.0001369 seconds
[513.542s][info ][safepoint    ] Entering safepoint region: Cleanup
[513.542s][info ][safepoint    ] Leaving safepoint region
[513.542s][info ][safepoint    ] Total time for which application threads were stopped: 0.0000768 seconds, Stopping threads took: 0.0000155 seconds
[514.542s][info ][safepoint    ] Application time: 1.0000904 seconds
[514.542s][info ][safepoint    ] Entering safepoint region: Cleanup
[514.542s][info ][safepoint    ] Leaving safepoint region
[514.542s][info ][safepoint    ] Total time for which application threads were stopped: 0.0002381 seconds, Stopping threads took: 0.0000406 seconds
[514.578s][info ][safepoint    ] Application time: 0.0359312 seconds
[514.578s][info ][safepoint    ] Entering safepoint region: GenCollectForAllocation
[514.578s][info ][safepoint    ] Leaving safepoint region
[514.578s][info ][safepoint    ] Total time for which application threads were stopped: 0.0001613 seconds, Stopping threads took: 0.0000924 seconds
[514.578s][info ][safepoint    ] Application time: 0.0000861 seconds
[514.578s][info ][safepoint    ] Entering safepoint region: GenCollectFull
[514.578s][info ][gc,start     ] GC(306) Pause Young (GCLocker Initiated GC)
[514.579s][info ][gc,task      ] GC(306) Using 4 workers of 4 for evacuation
[514.587s][debug][gc,ref       ] GC(306) Skipped phase1 of Reference Processing due to unavailable references
[514.587s][debug][gc,ref       ] GC(306) Skipped phase2 of Reference Processing due to unavailable references
[514.587s][debug][gc,ref       ] GC(306) Skipped phase3 of Reference Processing due to unavailable references
[514.587s][debug][gc,ref       ] GC(306) Skipped phase4 of Reference Processing due to unavailable references
[514.587s][debug][gc,age       ] GC(306) Desired survivor size 15400960 bytes, new threshold 6 (max threshold 6)
[514.587s][info ][gc,heap      ] GC(306) ParNew: 255801K->22912K(270976K)
[514.587s][info ][gc,heap      ] GC(306) CMS: 327328K->328728K(602112K)
[514.587s][info ][gc,metaspace ] GC(306) Metaspace: 57475K->57475K(1101824K)
[514.587s][info ][gc           ] GC(306) Pause Young (GCLocker Initiated GC) 569M->343M(852M) 8.315ms
[514.587s][info ][gc,cpu       ] GC(306) User=0.03s Sys=0.00s Real=0.01s
[514.587s][info ][safepoint    ] Leaving safepoint region
[514.587s][info ][safepoint    ] Total time for which application threads were stopped: 0.0084531 seconds, Stopping threads took: 0.0000502 seconds
[515.587s][info ][safepoint    ] Application time: 1.0001055 seconds
[515.587s][info ][safepoint    ] Entering safepoint region: Cleanup
[515.587s][info ][safepoint    ] Leaving safepoint region
[515.587s][info ][safepoint    ] Total time for which application threads were stopped: 0.0001297 seconds, Stopping threads took: 0.0000496 seconds
[516.587s][info ][safepoint    ] Application time: 1.0000946 seconds
[516.587s][info ][safepoint    ] Entering safepoint region: Cleanup
[516.588s][info ][safepoint    ] Leaving safepoint region
[516.588s][info ][safepoint    ] Total time for which application threads were stopped: 0.0002613 seconds, Stopping threads took: 0.0001613 seconds
[516.694s][info ][safepoint    ] Application time: 0.1066080 seconds
[516.694s][info ][safepoint    ] Entering safepoint region: GenCollectForAllocation
[516.694s][info ][gc,start     ] GC(307) Pause Young (Allocation Failure)
[516.694s][info ][gc,task      ] GC(307) Using 4 workers of 4 for evacuation
[516.703s][debug][gc,ref       ] GC(307) Skipped phase1 of Reference Processing due to unavailable references
[516.703s][debug][gc,ref       ] GC(307) Skipped phase2 of Reference Processing due to unavailable references
[516.703s][debug][gc,ref       ] GC(307) Skipped phase3 of Reference Processing due to unavailable references
[516.703s][debug][gc,ref       ] GC(307) Skipped phase4 of Reference Processing due to unavailable references
[516.703s][debug][gc,age       ] GC(307) Desired survivor size 15400960 bytes, new threshold 6 (max threshold 6)
[516.703s][info ][gc,heap      ] GC(307) ParNew: 263808K->15589K(270976K)
[516.703s][info ][gc,heap      ] GC(307) CMS: 328728K->330131K(602112K)
[516.703s][info ][gc,metaspace ] GC(307) Metaspace: 57476K->57476K(1101824K)
[516.703s][info ][gc           ] GC(307) Pause Young (Allocation Failure) 578M->337M(852M) 8.492ms
[516.703s][info ][gc,cpu       ] GC(307) User=0.03s Sys=0.00s Real=0.01s
[516.703s][info ][safepoint    ] Leaving safepoint region
[516.703s][info ][safepoint    ] Total time for which application threads were stopped: 0.0086370 seconds, Stopping threads took: 0.0000181 seconds
[517.703s][info ][safepoint    ] Application time: 1.0000911 seconds
[517.703s][info ][safepoint    ] Entering safepoint region: Cleanup
[517.703s][info ][safepoint    ] Leaving safepoint region
[517.703s][info ][safepoint    ] Total time for which application threads were stopped: 0.0001009 seconds, Stopping threads took: 0.0000311 seconds
[518.703s][info ][safepoint    ] Application time: 1.0000894 seconds
[518.703s][info ][safepoint    ] Entering safepoint region: Cleanup
[518.703s][info ][safepoint    ] Leaving safepoint region
[518.703s][info ][safepoint    ] Total time for which application threads were stopped: 0.0000678 seconds, Stopping threads took: 0.0000167 seconds
[518.886s][info ][safepoint    ] Application time: 0.1825948 seconds
[518.886s][info ][safepoint    ] Entering safepoint region: GenCollectForAllocation
[518.886s][info ][gc,start     ] GC(308) Pause Young (Allocation Failure)
[518.886s][info ][gc,task      ] GC(308) Using 4 workers of 4 for evacuation
[518.893s][debug][gc,ref       ] GC(308) Skipped phase1 of Reference Processing due to unavailable references
[518.893s][debug][gc,ref       ] GC(308) Skipped phase2 of Reference Processing due to unavailable references
[518.893s][debug][gc,ref       ] GC(308) Skipped phase3 of Reference Processing due to unavailable references
[518.893s][debug][gc,ref       ] GC(308) Skipped phase4 of Reference Processing due to unavailable references
[518.893s][debug][gc,age       ] GC(308) Desired survivor size 15400960 bytes, new threshold 6 (max threshold 6)
[518.893s][info ][gc,heap      ] GC(308) ParNew: 256485K->13425K(270976K)
[518.893s][info ][gc,heap      ] GC(308) CMS: 330131K->331438K(602112K)
[518.893s][info ][gc,metaspace ] GC(308) Metaspace: 57477K->57477K(1101824K)
[518.893s][info ][gc           ] GC(308) Pause Young (Allocation Failure) 572M->336M(852M) 7.484ms
[518.894s][info ][gc,cpu       ] GC(308) User=0.03s Sys=0.00s Real=0.00s
[518.894s][info ][safepoint    ] Leaving safepoint region
[518.894s][info ][safepoint    ] Total time for which application threads were stopped: 0.0076241 seconds, Stopping threads took: 0.0000169 seconds
[519.894s][info ][safepoint    ] Application time: 1.0001049 seconds
[519.894s][info ][safepoint    ] Entering safepoint region: Cleanup
[519.894s][info ][safepoint    ] Leaving safepoint region
[519.894s][info ][safepoint    ] Total time for which application threads were stopped: 0.0000984 seconds, Stopping threads took: 0.0000506 seconds
[520.894s][info ][safepoint    ] Application time: 1.0000852 seconds
[520.894s][info ][safepoint    ] Entering safepoint region: Cleanup
[520.894s][info ][safepoint    ] Leaving safepoint region
[520.894s][info ][safepoint    ] Total time for which application threads were stopped: 0.0000795 seconds, Stopping threads took: 0.0000174 seconds
[521.172s][info ][safepoint    ] Application time: 0.2780271 seconds
[521.172s][info ][safepoint    ] Entering safepoint region: GenCollectForAllocation
[521.172s][info ][gc,start     ] GC(309) Pause Young (Allocation Failure)
[521.172s][info ][gc,task      ] GC(309) Using 4 workers of 4 for evacuation
[521.179s][debug][gc,ref       ] GC(309) Skipped phase1 of Reference Processing due to unavailable references
[521.179s][debug][gc,ref       ] GC(309) Skipped phase2 of Reference Processing due to unavailable references
[521.179s][debug][gc,ref       ] GC(309) Skipped phase3 of Reference Processing due to unavailable references
[521.179s][debug][gc,ref       ] GC(309) Skipped phase4 of Reference Processing due to unavailable references
[521.179s][debug][gc,age       ] GC(309) Desired survivor size 15400960 bytes, new threshold 6 (max threshold 6)
[521.179s][info ][gc,heap      ] GC(309) ParNew: 254321K->17139K(270976K)
[521.179s][info ][gc,heap      ] GC(309) CMS: 331438K->332738K(602112K)
[521.180s][info ][gc,metaspace ] GC(309) Metaspace: 57482K->57482K(1101824K)
[521.180s][info ][gc           ] GC(309) Pause Young (Allocation Failure) 572M->341M(852M) 7.382ms
[521.180s][info ][gc,cpu       ] GC(309) User=0.03s Sys=0.00s Real=0.01s
[521.180s][info ][safepoint    ] Leaving safepoint region
[521.180s][info ][safepoint    ] Total time for which application threads were stopped: 0.0075165 seconds, Stopping threads took: 0.0000175 seconds
[522.180s][info ][safepoint    ] Application time: 1.0001076 seconds
[522.180s][info ][safepoint    ] Entering safepoint region: Cleanup
[522.180s][info ][safepoint    ] Leaving safepoint region
[522.180s][info ][safepoint    ] Total time for which application threads were stopped: 0.0001154 seconds, Stopping threads took: 0.0000466 seconds
[523.180s][info ][safepoint    ] Application time: 1.0001361 seconds
[523.180s][info ][safepoint    ] Entering safepoint region: Cleanup
[523.180s][info ][safepoint    ] Leaving safepoint region
[523.180s][info ][safepoint    ] Total time for which application threads were stopped: 0.0001111 seconds, Stopping threads took: 0.0000393 seconds
[523.276s][info ][safepoint    ] Application time: 0.0958797 seconds
[523.276s][info ][safepoint    ] Entering safepoint region: GenCollectForAllocation
[523.276s][info ][gc,start     ] GC(310) Pause Young (Allocation Failure)
[523.276s][info ][gc,task      ] GC(310) Using 4 workers of 4 for evacuation
[523.284s][debug][gc,ref       ] GC(310) Skipped phase1 of Reference Processing due to unavailable references
[523.284s][debug][gc,ref       ] GC(310) Skipped phase2 of Reference Processing due to unavailable references
[523.284s][debug][gc,ref       ] GC(310) Skipped phase3 of Reference Processing due to unavailable references
[523.284s][debug][gc,ref       ] GC(310) Skipped phase4 of Reference Processing due to unavailable references
[523.284s][debug][gc,age       ] GC(310) Desired survivor size 15400960 bytes, new threshold 6 (max threshold 6)
[523.284s][info ][gc,heap      ] GC(310) ParNew: 258035K->14585K(270976K)
[523.284s][info ][gc,heap      ] GC(310) CMS: 332738K->334037K(602112K)
[523.284s][info ][gc,metaspace ] GC(310) Metaspace: 57482K->57482K(1101824K)
[523.284s][info ][gc           ] GC(310) Pause Young (Allocation Failure) 576M->340M(852M) 7.800ms
[523.284s][info ][gc,cpu       ] GC(310) User=0.03s Sys=0.00s Real=0.01s
[523.284s][info ][safepoint    ] Leaving safepoint region
[523.284s][info ][safepoint    ] Total time for which application threads were stopped: 0.0079462 seconds, Stopping threads took: 0.0000269 seconds
[524.284s][info ][safepoint    ] Application time: 1.0000892 seconds
[524.284s][info ][safepoint    ] Entering safepoint region: Cleanup
[524.284s][info ][safepoint    ] Leaving safepoint region
[524.284s][info ][safepoint    ] Total time for which application threads were stopped: 0.0001157 seconds, Stopping threads took: 0.0000369 seconds
[525.284s][info ][safepoint    ] Application time: 1.0001366 seconds
[525.284s][info ][safepoint    ] Entering safepoint region: Cleanup
[525.284s][info ][safepoint    ] Leaving safepoint region
[525.284s][info ][safepoint    ] Total time for which application threads were stopped: 0.0001070 seconds, Stopping threads took: 0.0000364 seconds
[525.333s][info ][safepoint    ] Application time: 0.0485483 seconds
[525.333s][info ][safepoint    ] Entering safepoint region: GenCollectForAllocation
[525.333s][info ][gc,start     ] GC(311) Pause Young (Allocation Failure)
[525.333s][info ][gc,task      ] GC(311) Using 4 workers of 4 for evacuation
[525.341s][debug][gc,ref       ] GC(311) Skipped phase1 of Reference Processing due to unavailable references
[525.341s][debug][gc,ref       ] GC(311) Skipped phase2 of Reference Processing due to unavailable references
[525.341s][debug][gc,ref       ] GC(311) Skipped phase3 of Reference Processing due to unavailable references
[525.341s][debug][gc,ref       ] GC(311) Skipped phase4 of Reference Processing due to unavailable references
[525.341s][debug][gc,age       ] GC(311) Desired survivor size 15400960 bytes, new threshold 6 (max threshold 6)
[525.341s][info ][gc,heap      ] GC(311) ParNew: 255481K->20895K(270976K)
[525.341s][info ][gc,heap      ] GC(311) CMS: 334037K->335151K(602112K)
[525.341s][info ][gc,metaspace ] GC(311) Metaspace: 57492K->57492K(1101824K)
[525.341s][info ][gc           ] GC(311) Pause Young (Allocation Failure) 575M->347M(852M) 7.830ms
[525.341s][info ][gc,cpu       ] GC(311) User=0.03s Sys=0.00s Real=0.01s
[525.341s][info ][safepoint    ] Leaving safepoint region
[525.341s][info ][safepoint    ] Total time for which application threads were stopped: 0.0079682 seconds, Stopping threads took: 0.0000152 seconds
[526.341s][info ][safepoint    ] Application time: 1.0000986 seconds
[526.341s][info ][safepoint    ] Entering safepoint region: Cleanup
[526.341s][info ][safepoint    ] Leaving safepoint region
[526.341s][info ][safepoint    ] Total time for which application threads were stopped: 0.0001382 seconds, Stopping threads took: 0.0000530 seconds
[527.341s][info ][safepoint    ] Application time: 1.0001070 seconds
[527.342s][info ][safepoint    ] Entering safepoint region: Cleanup
[527.342s][info ][safepoint    ] Leaving safepoint region
[527.342s][info ][safepoint    ] Total time for which application threads were stopped: 0.0001355 seconds, Stopping threads took: 0.0000589 seconds
[527.425s][info ][safepoint    ] Application time: 0.0834656 seconds
[527.425s][info ][safepoint    ] Entering safepoint region: GenCollectForAllocation
[527.425s][info ][gc,start     ] GC(312) Pause Young (Allocation Failure)
[527.425s][info ][gc,task      ] GC(312) Using 4 workers of 4 for evacuation
[527.433s][debug][gc,ref       ] GC(312) Skipped phase1 of Reference Processing due to unavailable references
[527.433s][debug][gc,ref       ] GC(312) Skipped phase2 of Reference Processing due to unavailable references
[527.433s][debug][gc,ref       ] GC(312) Skipped phase3 of Reference Processing due to unavailable references
[527.433s][debug][gc,ref       ] GC(312) Skipped phase4 of Reference Processing due to unavailable references
[527.433s][debug][gc,age       ] GC(312) Desired survivor size 15400960 bytes, new threshold 6 (max threshold 6)
[527.433s][info ][gc,heap      ] GC(312) ParNew: 261791K->14992K(270976K)
[527.433s][info ][gc,heap      ] GC(312) CMS: 335151K->336982K(602112K)
[527.433s][info ][gc,metaspace ] GC(312) Metaspace: 57494K->57494K(1101824K)
[527.433s][info ][gc           ] GC(312) Pause Young (Allocation Failure) 582M->343M(852M) 8.114ms
[527.433s][info ][gc,cpu       ] GC(312) User=0.03s Sys=0.00s Real=0.00s
[527.433s][info ][safepoint    ] Leaving safepoint region
[527.433s][info ][safepoint    ] Total time for which application threads were stopped: 0.0082490 seconds, Stopping threads took: 0.0000156 seconds
[528.434s][info ][safepoint    ] Application time: 1.0001335 seconds
[528.434s][info ][safepoint    ] Entering safepoint region: Cleanup
[528.434s][info ][safepoint    ] Leaving safepoint region
[528.434s][info ][safepoint    ] Total time for which application threads were stopped: 0.0001043 seconds, Stopping threads took: 0.0000383 seconds
[529.434s][info ][safepoint    ] Application time: 1.0001338 seconds
[529.434s][info ][safepoint    ] Entering safepoint region: Cleanup
[529.434s][info ][safepoint    ] Leaving safepoint region
[529.434s][info ][safepoint    ] Total time for which application threads were stopped: 0.0001737 seconds, Stopping threads took: 0.0000947 seconds
[529.526s][info ][safepoint    ] Application time: 0.0916154 seconds
[529.526s][info ][safepoint    ] Entering safepoint region: GenCollectForAllocation
[529.526s][info ][gc,start     ] GC(313) Pause Young (Allocation Failure)
[529.526s][info ][gc,task      ] GC(313) Using 4 workers of 4 for evacuation
[529.534s][debug][gc,ref       ] GC(313) Skipped phase1 of Reference Processing due to unavailable references
[529.534s][debug][gc,ref       ] GC(313) Skipped phase2 of Reference Processing due to unavailable references
[529.534s][debug][gc,ref       ] GC(313) Skipped phase3 of Reference Processing due to unavailable references
[529.534s][debug][gc,age       ] GC(313) Desired survivor size 15400960 bytes, new threshold 6 (max threshold 6)
[529.534s][info ][gc,heap      ] GC(313) ParNew: 255888K->15786K(270976K)
[529.534s][info ][gc,heap      ] GC(313) CMS: 336982K->338403K(602112K)
[529.534s][info ][gc,metaspace ] GC(313) Metaspace: 57497K->57497K(1101824K)
[529.534s][info ][gc           ] GC(313) Pause Young (Allocation Failure) 578M->345M(852M) 8.381ms
[529.534s][info ][gc,cpu       ] GC(313) User=0.03s Sys=0.00s Real=0.00s
[529.534s][info ][safepoint    ] Leaving safepoint region
[529.534s][info ][safepoint    ] Total time for which application threads were stopped: 0.0085488 seconds, Stopping threads took: 0.0000163 seconds
[530.534s][info ][safepoint    ] Application time: 1.0001381 seconds
[530.534s][info ][safepoint    ] Entering safepoint region: Cleanup
[530.534s][info ][safepoint    ] Leaving safepoint region
[530.534s][info ][safepoint    ] Total time for which application threads were stopped: 0.0001103 seconds, Stopping threads took: 0.0000420 seconds
[531.535s][info ][safepoint    ] Application time: 1.0001003 seconds
[531.535s][info ][safepoint    ] Entering safepoint region: Cleanup
[531.535s][info ][safepoint    ] Leaving safepoint region
[531.535s][info ][safepoint    ] Total time for which application threads were stopped: 0.0001267 seconds, Stopping threads took: 0.0000407 seconds
[531.823s][info ][safepoint    ] Application time: 0.2878637 seconds
[531.823s][info ][safepoint    ] Entering safepoint region: GenCollectForAllocation
[531.823s][info ][gc,start     ] GC(314) Pause Young (Allocation Failure)
[531.823s][info ][gc,task      ] GC(314) Using 4 workers of 4 for evacuation
[531.829s][debug][gc,ref       ] GC(314) Skipped phase1 of Reference Processing due to unavailable references
[531.830s][debug][gc,ref       ] GC(314) Skipped phase2 of Reference Processing due to unavailable references
[531.830s][debug][gc,ref       ] GC(314) Skipped phase3 of Reference Processing due to unavailable references
[531.830s][debug][gc,age       ] GC(314) Desired survivor size 15400960 bytes, new threshold 6 (max threshold 6)
[531.830s][info ][gc,heap      ] GC(314) ParNew: 256682K->16466K(270976K)
[531.830s][info ][gc,heap      ] GC(314) CMS: 338403K->339601K(602112K)
[531.830s][info ][gc,metaspace ] GC(314) Metaspace: 57497K->57497K(1101824K)
[531.830s][info ][gc           ] GC(314) Pause Young (Allocation Failure) 581M->347M(852M) 6.936ms
[531.830s][info ][gc,cpu       ] GC(314) User=0.03s Sys=0.00s Real=0.01s
[531.830s][info ][safepoint    ] Leaving safepoint region
[531.830s][info ][safepoint    ] Total time for which application threads were stopped: 0.0070991 seconds, Stopping threads took: 0.0000153 seconds
[532.830s][info ][safepoint    ] Application time: 1.0001616 seconds
[532.830s][info ][safepoint    ] Entering safepoint region: Cleanup
[532.830s][info ][safepoint    ] Leaving safepoint region
[532.830s][info ][safepoint    ] Total time for which application threads were stopped: 0.0001429 seconds, Stopping threads took: 0.0000554 seconds
[533.832s][info ][safepoint    ] Application time: 1.0014132 seconds
[533.832s][info ][safepoint    ] Entering safepoint region: Cleanup
[533.832s][info ][safepoint    ] Leaving safepoint region
[533.832s][info ][safepoint    ] Total time for which application threads were stopped: 0.0001301 seconds, Stopping threads took: 0.0000575 seconds
[534.323s][info ][safepoint    ] Application time: 0.4912610 seconds
[534.323s][info ][safepoint    ] Entering safepoint region: GenCollectForAllocation
[534.323s][info ][gc,start     ] GC(315) Pause Young (Allocation Failure)
[534.323s][info ][gc,task      ] GC(315) Using 4 workers of 4 for evacuation
[534.330s][debug][gc,ref       ] GC(315) Skipped phase1 of Reference Processing due to unavailable references
[534.330s][debug][gc,ref       ] GC(315) Skipped phase2 of Reference Processing due to unavailable references
[534.330s][debug][gc,ref       ] GC(315) Skipped phase3 of Reference Processing due to unavailable references
[534.331s][debug][gc,age       ] GC(315) Desired survivor size 15400960 bytes, new threshold 6 (max threshold 6)
[534.331s][info ][gc,heap      ] GC(315) ParNew: 257362K->12915K(270976K)
[534.331s][info ][gc,heap      ] GC(315) CMS: 339601K->340979K(602112K)
[534.331s][info ][gc,metaspace ] GC(315) Metaspace: 57499K->57499K(1101824K)
[534.331s][info ][gc           ] GC(315) Pause Young (Allocation Failure) 582M->345M(852M) 7.554ms
[534.331s][info ][gc,cpu       ] GC(315) User=0.03s Sys=0.00s Real=0.01s
[534.331s][info ][safepoint    ] Leaving safepoint region
[534.331s][info ][safepoint    ] Total time for which application threads were stopped: 0.0077167 seconds, Stopping threads took: 0.0000179 seconds
[535.331s][info ][safepoint    ] Application time: 1.0001408 seconds
[535.331s][info ][safepoint    ] Entering safepoint region: Cleanup
[535.331s][info ][safepoint    ] Leaving safepoint region
[535.331s][info ][safepoint    ] Total time for which application threads were stopped: 0.0001415 seconds, Stopping threads took: 0.0000646 seconds
[536.331s][info ][safepoint    ] Application time: 1.0001331 seconds
[536.331s][info ][safepoint    ] Entering safepoint region: Cleanup
[536.331s][info ][safepoint    ] Leaving safepoint region
[536.331s][info ][safepoint    ] Total time for which application threads were stopped: 0.0001284 seconds, Stopping threads took: 0.0000515 seconds
[536.727s][info ][safepoint    ] Application time: 0.3951932 seconds
[536.727s][info ][safepoint    ] Entering safepoint region: GenCollectForAllocation
[536.727s][info ][gc,start     ] GC(316) Pause Young (Allocation Failure)
[536.727s][info ][gc,task      ] GC(316) Using 4 workers of 4 for evacuation
[536.734s][debug][gc,ref       ] GC(316) Skipped phase1 of Reference Processing due to unavailable references
[536.734s][debug][gc,ref       ] GC(316) Skipped phase2 of Reference Processing due to unavailable references
[536.734s][debug][gc,ref       ] GC(316) Skipped phase3 of Reference Processing due to unavailable references
[536.735s][debug][gc,age       ] GC(316) Desired survivor size 15400960 bytes, new threshold 6 (max threshold 6)
[536.735s][info ][gc,heap      ] GC(316) ParNew: 253811K->11447K(270976K)
[536.735s][info ][gc,heap      ] GC(316) CMS: 340979K->342584K(602112K)
[536.735s][info ][gc,metaspace ] GC(316) Metaspace: 57499K->57499K(1101824K)
[536.735s][info ][gc           ] GC(316) Pause Young (Allocation Failure) 580M->345M(852M) 7.891ms
[536.735s][info ][gc,cpu       ] GC(316) User=0.04s Sys=0.00s Real=0.00s
[536.735s][info ][safepoint    ] Leaving safepoint region
[536.735s][info ][safepoint    ] Total time for which application threads were stopped: 0.0081516 seconds, Stopping threads took: 0.0000153 seconds
[537.735s][info ][safepoint    ] Application time: 1.0001113 seconds
[537.735s][info ][safepoint    ] Entering safepoint region: Cleanup
[537.735s][info ][safepoint    ] Leaving safepoint region
[537.735s][info ][safepoint    ] Total time for which application threads were stopped: 0.0001387 seconds, Stopping threads took: 0.0000751 seconds
[538.735s][info ][safepoint    ] Application time: 1.0000912 seconds
[538.735s][info ][safepoint    ] Entering safepoint region: Cleanup
[538.735s][info ][safepoint    ] Leaving safepoint region
[538.735s][info ][safepoint    ] Total time for which application threads were stopped: 0.0000621 seconds, Stopping threads took: 0.0000159 seconds
[539.201s][info ][safepoint    ] Application time: 0.4656692 seconds
[539.201s][info ][safepoint    ] Entering safepoint region: GenCollectForAllocation
[539.201s][info ][gc,start     ] GC(317) Pause Young (Allocation Failure)
[539.201s][info ][gc,task      ] GC(317) Using 4 workers of 4 for evacuation
[539.206s][debug][gc,ref       ] GC(317) Skipped phase1 of Reference Processing due to unavailable references
[539.206s][debug][gc,ref       ] GC(317) Skipped phase3 of Reference Processing due to unavailable references
[539.206s][debug][gc,age       ] GC(317) Desired survivor size 15400960 bytes, new threshold 6 (max threshold 6)
[539.206s][info ][gc,heap      ] GC(317) ParNew: 252343K->9642K(270976K)
[539.206s][info ][gc,heap      ] GC(317) CMS: 342584K->343915K(602112K)
[539.206s][info ][gc,metaspace ] GC(317) Metaspace: 57499K->57499K(1101824K)
[539.206s][info ][gc           ] GC(317) Pause Young (Allocation Failure) 580M->345M(852M) 5.419ms
[539.206s][info ][gc,cpu       ] GC(317) User=0.02s Sys=0.00s Real=0.01s
[539.206s][info ][safepoint    ] Leaving safepoint region
[539.206s][info ][safepoint    ] Total time for which application threads were stopped: 0.0055477 seconds, Stopping threads took: 0.0000158 seconds
[540.207s][info ][safepoint    ] Application time: 1.0001048 seconds
[540.207s][info ][safepoint    ] Entering safepoint region: Cleanup
[540.207s][info ][safepoint    ] Leaving safepoint region
[540.207s][info ][safepoint    ] Total time for which application threads were stopped: 0.0000740 seconds, Stopping threads took: 0.0000176 seconds
[541.207s][info ][safepoint    ] Application time: 1.0001327 seconds
[541.207s][info ][safepoint    ] Entering safepoint region: Cleanup
[541.207s][info ][safepoint    ] Leaving safepoint region
[541.207s][info ][safepoint    ] Total time for which application threads were stopped: 0.0000697 seconds, Stopping threads took: 0.0000176 seconds
[541.586s][info ][safepoint    ] Application time: 0.3791297 seconds
[541.586s][info ][safepoint    ] Entering safepoint region: GenCollectForAllocation
[541.586s][info ][gc,start     ] GC(318) Pause Young (Allocation Failure)
[541.586s][info ][gc,task      ] GC(318) Using 4 workers of 4 for evacuation
[541.591s][debug][gc,ref       ] GC(318) Skipped phase1 of Reference Processing due to unavailable references
[541.591s][debug][gc,ref       ] GC(318) Skipped phase3 of Reference Processing due to unavailable references
[541.592s][debug][gc,age       ] GC(318) Desired survivor size 15400960 bytes, new threshold 6 (max threshold 6)
[541.592s][info ][gc,heap      ] GC(318) ParNew: 250538K->7957K(270976K)
[541.592s][info ][gc,heap      ] GC(318) CMS: 343915K->345277K(602112K)
[541.592s][info ][gc,metaspace ] GC(318) Metaspace: 57502K->57502K(1101824K)
[541.592s][info ][gc           ] GC(318) Pause Young (Allocation Failure) 580M->344M(852M) 5.498ms
[541.592s][info ][gc,cpu       ] GC(318) User=0.01s Sys=0.00s Real=0.00s
[541.592s][info ][safepoint    ] Leaving safepoint region
[541.592s][info ][safepoint    ] Total time for which application threads were stopped: 0.0056466 seconds, Stopping threads took: 0.0000156 seconds
[542.592s][info ][safepoint    ] Application time: 1.0000854 seconds
[542.592s][info ][safepoint    ] Entering safepoint region: Cleanup
[542.592s][info ][safepoint    ] Leaving safepoint region
[542.592s][info ][safepoint    ] Total time for which application threads were stopped: 0.0000874 seconds, Stopping threads took: 0.0000168 seconds
[543.592s][info ][safepoint    ] Application time: 1.0000976 seconds
[543.592s][info ][safepoint    ] Entering safepoint region: Cleanup
[543.592s][info ][safepoint    ] Leaving safepoint region
[543.592s][info ][safepoint    ] Total time for which application threads were stopped: 0.0001016 seconds, Stopping threads took: 0.0000401 seconds
[543.942s][info ][safepoint    ] Application time: 0.3494390 seconds
[543.942s][info ][safepoint    ] Entering safepoint region: GenCollectForAllocation
[543.942s][info ][gc,start     ] GC(319) Pause Young (Allocation Failure)
[543.942s][info ][gc,task      ] GC(319) Using 4 workers of 4 for evacuation
[543.947s][debug][gc,ref       ] GC(319) Skipped phase1 of Reference Processing due to unavailable references
[543.947s][debug][gc,ref       ] GC(319) Skipped phase3 of Reference Processing due to unavailable references
[543.947s][debug][gc,ref       ] GC(319) Skipped phase4 of Reference Processing due to unavailable references
[543.948s][debug][gc,age       ] GC(319) Desired survivor size 15400960 bytes, new threshold 6 (max threshold 6)
[543.948s][info ][gc,heap      ] GC(319) ParNew: 248853K->3348K(270976K)
[543.948s][info ][gc,heap      ] GC(319) CMS: 345277K->348549K(602112K)
[543.948s][info ][gc,metaspace ] GC(319) Metaspace: 57502K->57502K(1101824K)
[543.948s][info ][gc           ] GC(319) Pause Young (Allocation Failure) 580M->343M(852M) 5.888ms
[543.948s][info ][gc,cpu       ] GC(319) User=0.02s Sys=0.00s Real=0.01s
[543.948s][info ][safepoint    ] Leaving safepoint region
[543.948s][info ][safepoint    ] Total time for which application threads were stopped: 0.0060692 seconds, Stopping threads took: 0.0000180 seconds
[544.948s][info ][safepoint    ] Application time: 1.0000416 seconds
[544.948s][info ][safepoint    ] Entering safepoint region: Cleanup
[544.948s][info ][safepoint    ] Leaving safepoint region
[544.948s][info ][safepoint    ] Total time for which application threads were stopped: 0.0000781 seconds, Stopping threads took: 0.0000304 seconds
[545.948s][info ][safepoint    ] Application time: 1.0000951 seconds
[545.948s][info ][safepoint    ] Entering safepoint region: Cleanup
[545.948s][info ][safepoint    ] Leaving safepoint region
[545.948s][info ][safepoint    ] Total time for which application threads were stopped: 0.0000809 seconds, Stopping threads took: 0.0000183 seconds
[546.376s][info ][safepoint    ] Application time: 0.4280544 seconds
[546.376s][info ][safepoint    ] Entering safepoint region: GenCollectForAllocation
[546.376s][info ][gc,start     ] GC(320) Pause Young (Allocation Failure)
[546.376s][info ][gc,task      ] GC(320) Using 4 workers of 4 for evacuation
[546.379s][debug][gc,ref       ] GC(320) Skipped phase1 of Reference Processing due to unavailable references
[546.379s][debug][gc,ref       ] GC(320) Skipped phase3 of Reference Processing due to unavailable references
[546.379s][debug][gc,ref       ] GC(320) Skipped phase4 of Reference Processing due to unavailable references
[546.379s][debug][gc,age       ] GC(320) Desired survivor size 15400960 bytes, new threshold 6 (max threshold 6)
[546.379s][info ][gc,heap      ] GC(320) ParNew: 244244K->1764K(270976K)
[546.379s][info ][gc,heap      ] GC(320) CMS: 348549K->348746K(602112K)
[546.379s][info ][gc,metaspace ] GC(320) Metaspace: 57502K->57502K(1101824K)
[546.379s][info ][gc           ] GC(320) Pause Young (Allocation Failure) 578M->342M(852M) 2.936ms
[546.379s][info ][gc,cpu       ] GC(320) User=0.01s Sys=0.00s Real=0.00s
[546.379s][info ][safepoint    ] Leaving safepoint region
[546.379s][info ][safepoint    ] Total time for which application threads were stopped: 0.0030943 seconds, Stopping threads took: 0.0000159 seconds
[547.379s][info ][safepoint    ] Application time: 1.0000986 seconds
[547.383s][info ][safepoint    ] Entering safepoint region: Cleanup
[547.383s][info ][safepoint    ] Leaving safepoint region
[547.383s][info ][safepoint    ] Total time for which application threads were stopped: 0.0035453 seconds, Stopping threads took: 0.0034696 seconds
[548.383s][info ][safepoint    ] Application time: 1.0001300 seconds
[548.383s][info ][safepoint    ] Entering safepoint region: Cleanup
[548.383s][info ][safepoint    ] Leaving safepoint region
[548.383s][info ][safepoint    ] Total time for which application threads were stopped: 0.0001073 seconds, Stopping threads took: 0.0000388 seconds
[548.650s][info ][safepoint    ] Application time: 0.2663637 seconds
[548.650s][info ][safepoint    ] Entering safepoint region: GenCollectForAllocation
[548.650s][info ][gc,start     ] GC(321) Pause Young (Allocation Failure)
[548.650s][info ][gc,task      ] GC(321) Using 4 workers of 4 for evacuation
[548.654s][debug][gc,ref       ] GC(321) Skipped phase1 of Reference Processing due to unavailable references
[548.654s][debug][gc,ref       ] GC(321) Skipped phase3 of Reference Processing due to unavailable references
[548.654s][debug][gc,ref       ] GC(321) Skipped phase4 of Reference Processing due to unavailable references
[548.654s][debug][gc,age       ] GC(321) Desired survivor size 15400960 bytes, new threshold 6 (max threshold 6)
[548.654s][info ][gc,heap      ] GC(321) ParNew: 242660K->2569K(270976K)
[548.654s][info ][gc,heap      ] GC(321) CMS: 348746K->348765K(602112K)
[548.654s][info ][gc,metaspace ] GC(321) Metaspace: 57502K->57502K(1101824K)
[548.654s][info ][gc           ] GC(321) Pause Young (Allocation Failure) 577M->343M(852M) 4.086ms
[548.654s][info ][gc,cpu       ] GC(321) User=0.01s Sys=0.00s Real=0.00s
[548.654s][info ][safepoint    ] Leaving safepoint region
[548.654s][info ][safepoint    ] Total time for which application threads were stopped: 0.0042342 seconds, Stopping threads took: 0.0000168 seconds
[549.654s][info ][safepoint    ] Application time: 1.0000956 seconds
[549.654s][info ][safepoint    ] Entering safepoint region: Cleanup
[549.654s][info ][safepoint    ] Leaving safepoint region
[549.654s][info ][safepoint    ] Total time for which application threads were stopped: 0.0000936 seconds, Stopping threads took: 0.0000309 seconds
[550.654s][info ][safepoint    ] Application time: 1.0001046 seconds
[550.654s][info ][safepoint    ] Entering safepoint region: Cleanup
[550.654s][info ][safepoint    ] Leaving safepoint region
[550.654s][info ][safepoint    ] Total time for which application threads were stopped: 0.0001138 seconds, Stopping threads took: 0.0000198 seconds
[551.035s][info ][safepoint    ] Application time: 0.3802184 seconds
[551.035s][info ][safepoint    ] Entering safepoint region: GenCollectForAllocation
[551.035s][info ][gc,start     ] GC(322) Pause Young (Allocation Failure)
[551.035s][info ][gc,task      ] GC(322) Using 4 workers of 4 for evacuation
[551.044s][debug][gc,ref       ] GC(322) Skipped phase1 of Reference Processing due to unavailable references
[551.044s][debug][gc,ref       ] GC(322) Skipped phase3 of Reference Processing due to unavailable references
[551.044s][debug][gc,ref       ] GC(322) Skipped phase4 of Reference Processing due to unavailable references
[551.044s][debug][gc,age       ] GC(322) Desired survivor size 15400960 bytes, new threshold 6 (max threshold 6)
[551.044s][info ][gc,heap      ] GC(322) ParNew: 243465K->3129K(270976K)
[551.044s][info ][gc,heap      ] GC(322) CMS: 348765K->348770K(602112K)
[551.044s][info ][gc,metaspace ] GC(322) Metaspace: 57502K->57502K(1101824K)
[551.044s][info ][gc           ] GC(322) Pause Young (Allocation Failure) 578M->343M(852M) 9.458ms
[551.044s][info ][gc,cpu       ] GC(322) User=0.02s Sys=0.00s Real=0.02s
[551.044s][info ][safepoint    ] Leaving safepoint region
[551.044s][info ][safepoint    ] Total time for which application threads were stopped: 0.0095973 seconds, Stopping threads took: 0.0000192 seconds
[552.044s][info ][safepoint    ] Application time: 1.0000844 seconds
[552.044s][info ][safepoint    ] Entering safepoint region: Cleanup
[552.044s][info ][safepoint    ] Leaving safepoint region
[552.044s][info ][safepoint    ] Total time for which application threads were stopped: 0.0000725 seconds, Stopping threads took: 0.0000186 seconds
[553.044s][info ][safepoint    ] Application time: 1.0000841 seconds
[553.044s][info ][safepoint    ] Entering safepoint region: Cleanup
[553.045s][info ][safepoint    ] Leaving safepoint region
[553.045s][info ][safepoint    ] Total time for which application threads were stopped: 0.0000667 seconds, Stopping threads took: 0.0000168 seconds
[553.338s][info ][safepoint    ] Application time: 0.2936454 seconds
[553.338s][info ][safepoint    ] Entering safepoint region: GenCollectForAllocation
[553.338s][info ][gc,start     ] GC(323) Pause Young (Allocation Failure)
[553.338s][info ][gc,task      ] GC(323) Using 4 workers of 4 for evacuation
[553.344s][debug][gc,ref       ] GC(323) Skipped phase1 of Reference Processing due to unavailable references
[553.344s][debug][gc,ref       ] GC(323) Skipped phase2 of Reference Processing due to unavailable references
[553.344s][debug][gc,ref       ] GC(323) Skipped phase3 of Reference Processing due to unavailable references
[553.344s][debug][gc,ref       ] GC(323) Skipped phase4 of Reference Processing due to unavailable references
[553.344s][debug][gc,age       ] GC(323) Desired survivor size 15400960 bytes, new threshold 6 (max threshold 6)
[553.344s][info ][gc,heap      ] GC(323) ParNew: 244025K->3262K(270976K)
[553.344s][info ][gc,heap      ] GC(323) CMS: 348770K->348806K(602112K)
[553.344s][info ][gc,metaspace ] GC(323) Metaspace: 57502K->57502K(1101824K)
[553.344s][info ][gc           ] GC(323) Pause Young (Allocation Failure) 578M->343M(852M) 5.694ms
[553.344s][info ][gc,cpu       ] GC(323) User=0.02s Sys=0.00s Real=0.01s
[553.344s][info ][safepoint    ] Leaving safepoint region
[553.344s][info ][safepoint    ] Total time for which application threads were stopped: 0.0058454 seconds, Stopping threads took: 0.0000170 seconds
[554.344s][info ][safepoint    ] Application time: 1.0001091 seconds
[554.344s][info ][safepoint    ] Entering safepoint region: Cleanup
[554.344s][info ][safepoint    ] Leaving safepoint region
[554.344s][info ][safepoint    ] Total time for which application threads were stopped: 0.0002562 seconds, Stopping threads took: 0.0001832 seconds
[555.345s][info ][safepoint    ] Application time: 1.0000955 seconds
[555.345s][info ][safepoint    ] Entering safepoint region: Cleanup
[555.345s][info ][safepoint    ] Leaving safepoint region
[555.345s][info ][safepoint    ] Total time for which application threads were stopped: 0.0001119 seconds, Stopping threads took: 0.0000420 seconds
[555.624s][info ][safepoint    ] Application time: 0.2793182 seconds
[555.624s][info ][safepoint    ] Entering safepoint region: GenCollectForAllocation
[555.624s][info ][gc,start     ] GC(324) Pause Young (Allocation Failure)
[555.624s][info ][gc,task      ] GC(324) Using 4 workers of 4 for evacuation
[555.636s][debug][gc,ref       ] GC(324) Skipped phase1 of Reference Processing due to unavailable references
[555.636s][debug][gc,ref       ] GC(324) Skipped phase2 of Reference Processing due to unavailable references
[555.636s][debug][gc,ref       ] GC(324) Skipped phase3 of Reference Processing due to unavailable references
[555.636s][debug][gc,ref       ] GC(324) Skipped phase4 of Reference Processing due to unavailable references
[555.636s][debug][gc,age       ] GC(324) Desired survivor size 15400960 bytes, new threshold 6 (max threshold 6)
[555.636s][info ][gc,heap      ] GC(324) ParNew: 244158K->3067K(270976K)
[555.636s][info ][gc,heap      ] GC(324) CMS: 348806K->348903K(602112K)
[555.636s][info ][gc,metaspace ] GC(324) Metaspace: 57508K->57508K(1101824K)
[555.636s][info ][gc           ] GC(324) Pause Young (Allocation Failure) 579M->343M(852M) 11.797ms
[555.636s][info ][gc,cpu       ] GC(324) User=0.01s Sys=0.01s Real=0.01s
[555.636s][info ][safepoint    ] Leaving safepoint region
[555.636s][info ][safepoint    ] Total time for which application threads were stopped: 0.0119489 seconds, Stopping threads took: 0.0000178 seconds
[556.636s][info ][safepoint    ] Application time: 1.0000975 seconds
[556.636s][info ][safepoint    ] Entering safepoint region: Cleanup
[556.636s][info ][safepoint    ] Leaving safepoint region
[556.636s][info ][safepoint    ] Total time for which application threads were stopped: 0.0001198 seconds, Stopping threads took: 0.0000430 seconds
[557.636s][info ][safepoint    ] Application time: 1.0000964 seconds
[557.637s][info ][safepoint    ] Entering safepoint region: Cleanup
[557.637s][info ][safepoint    ] Leaving safepoint region
[557.637s][info ][safepoint    ] Total time for which application threads were stopped: 0.0001576 seconds, Stopping threads took: 0.0001009 seconds
[557.933s][info ][safepoint    ] Application time: 0.2967499 seconds
[557.933s][info ][safepoint    ] Entering safepoint region: GenCollectForAllocation
[557.933s][info ][gc,start     ] GC(325) Pause Young (Allocation Failure)
[557.934s][info ][gc,task      ] GC(325) Using 4 workers of 4 for evacuation
[557.938s][debug][gc,ref       ] GC(325) Skipped phase1 of Reference Processing due to unavailable references
[557.938s][debug][gc,ref       ] GC(325) Skipped phase2 of Reference Processing due to unavailable references
[557.938s][debug][gc,ref       ] GC(325) Skipped phase3 of Reference Processing due to unavailable references
[557.938s][debug][gc,ref       ] GC(325) Skipped phase4 of Reference Processing due to unavailable references
[557.939s][debug][gc,age       ] GC(325) Desired survivor size 15400960 bytes, new threshold 6 (max threshold 6)
[557.939s][info ][gc,heap      ] GC(325) ParNew: 243963K->3975K(270976K)
[557.939s][info ][gc,heap      ] GC(325) CMS: 348903K->348946K(602112K)
[557.939s][info ][gc,metaspace ] GC(325) Metaspace: 57508K->57508K(1101824K)
[557.939s][info ][gc           ] GC(325) Pause Young (Allocation Failure) 578M->344M(852M) 5.136ms
[557.939s][info ][gc,cpu       ] GC(325) User=0.01s Sys=0.00s Real=0.01s
[557.939s][info ][safepoint    ] Leaving safepoint region
[557.939s][info ][safepoint    ] Total time for which application threads were stopped: 0.0053150 seconds, Stopping threads took: 0.0000173 seconds
[558.939s][info ][safepoint    ] Application time: 1.0000964 seconds
[558.939s][info ][safepoint    ] Entering safepoint region: Cleanup
[558.939s][info ][safepoint    ] Leaving safepoint region
[558.939s][info ][safepoint    ] Total time for which application threads were stopped: 0.0001349 seconds, Stopping threads took: 0.0000726 seconds
[559.939s][info ][safepoint    ] Application time: 1.0000903 seconds
[559.939s][info ][safepoint    ] Entering safepoint region: Cleanup
[559.939s][info ][safepoint    ] Leaving safepoint region
[559.939s][info ][safepoint    ] Total time for which application threads were stopped: 0.0001050 seconds, Stopping threads took: 0.0000401 seconds
[560.386s][info ][safepoint    ] Application time: 0.4465004 seconds
[560.386s][info ][safepoint    ] Entering safepoint region: GenCollectForAllocation
[560.386s][info ][gc,start     ] GC(326) Pause Young (Allocation Failure)
[560.386s][info ][gc,task      ] GC(326) Using 4 workers of 4 for evacuation
[560.390s][debug][gc,ref       ] GC(326) Skipped phase1 of Reference Processing due to unavailable references
[560.390s][debug][gc,ref       ] GC(326) Skipped phase2 of Reference Processing due to unavailable references
[560.390s][debug][gc,ref       ] GC(326) Skipped phase3 of Reference Processing due to unavailable references
[560.390s][debug][gc,ref       ] GC(326) Skipped phase4 of Reference Processing due to unavailable references
[560.390s][debug][gc,age       ] GC(326) Desired survivor size 15400960 bytes, new threshold 6 (max threshold 6)
[560.390s][info ][gc,heap      ] GC(326) ParNew: 244871K->4633K(270976K)
[560.390s][info ][gc,heap      ] GC(326) CMS: 348946K->349074K(602112K)
[560.390s][info ][gc,metaspace ] GC(326) Metaspace: 57508K->57508K(1101824K)
[560.390s][info ][gc           ] GC(326) Pause Young (Allocation Failure) 579M->345M(852M) 4.146ms
[560.390s][info ][gc,cpu       ] GC(326) User=0.02s Sys=0.00s Real=0.00s
[560.390s][info ][safepoint    ] Leaving safepoint region
[560.390s][info ][safepoint    ] Total time for which application threads were stopped: 0.0042983 seconds, Stopping threads took: 0.0000146 seconds
[561.390s][info ][safepoint    ] Application time: 1.0001180 seconds
[561.390s][info ][safepoint    ] Entering safepoint region: Cleanup
[561.390s][info ][safepoint    ] Leaving safepoint region
[561.390s][info ][safepoint    ] Total time for which application threads were stopped: 0.0001009 seconds, Stopping threads took: 0.0000404 seconds
[562.390s][info ][safepoint    ] Application time: 1.0000852 seconds
[562.390s][info ][safepoint    ] Entering safepoint region: Cleanup
[562.390s][info ][safepoint    ] Leaving safepoint region
[562.390s][info ][safepoint    ] Total time for which application threads were stopped: 0.0000873 seconds, Stopping threads took: 0.0000170 seconds
[562.882s][info ][safepoint    ] Application time: 0.4914559 seconds
[562.882s][info ][safepoint    ] Entering safepoint region: GenCollectForAllocation
[562.882s][info ][gc,start     ] GC(327) Pause Young (Allocation Failure)
[562.882s][info ][gc,task      ] GC(327) Using 4 workers of 4 for evacuation
[562.886s][debug][gc,ref       ] GC(327) Skipped phase1 of Reference Processing due to unavailable references
[562.886s][debug][gc,ref       ] GC(327) Skipped phase2 of Reference Processing due to unavailable references
[562.886s][debug][gc,ref       ] GC(327) Skipped phase3 of Reference Processing due to unavailable references
[562.886s][debug][gc,ref       ] GC(327) Skipped phase4 of Reference Processing due to unavailable references
[562.886s][debug][gc,age       ] GC(327) Desired survivor size 15400960 bytes, new threshold 6 (max threshold 6)
[562.886s][info ][gc,heap      ] GC(327) ParNew: 245529K->4279K(270976K)
[562.886s][info ][gc,heap      ] GC(327) CMS: 349074K->349221K(602112K)
[562.886s][info ][gc,metaspace ] GC(327) Metaspace: 57508K->57508K(1101824K)
[562.886s][info ][gc           ] GC(327) Pause Young (Allocation Failure) 580M->345M(852M) 4.064ms
[562.886s][info ][gc,cpu       ] GC(327) User=0.02s Sys=0.00s Real=0.01s
[562.886s][info ][safepoint    ] Leaving safepoint region
[562.886s][info ][safepoint    ] Total time for which application threads were stopped: 0.0042149 seconds, Stopping threads took: 0.0000164 seconds
[563.886s][info ][safepoint    ] Application time: 1.0000962 seconds
[563.886s][info ][safepoint    ] Entering safepoint region: Cleanup
[563.886s][info ][safepoint    ] Leaving safepoint region
[563.886s][info ][safepoint    ] Total time for which application threads were stopped: 0.0001201 seconds, Stopping threads took: 0.0000414 seconds
[564.773s][info ][safepoint    ] Application time: 0.8868422 seconds
[564.773s][info ][safepoint    ] Entering safepoint region: GenCollectForAllocation
[564.773s][info ][gc,start     ] GC(328) Pause Young (Allocation Failure)
[564.773s][info ][gc,task      ] GC(328) Using 4 workers of 4 for evacuation
[564.779s][debug][gc,ref       ] GC(328) Skipped phase1 of Reference Processing due to unavailable references
[564.779s][debug][gc,ref       ] GC(328) Skipped phase2 of Reference Processing due to unavailable references
[564.779s][debug][gc,ref       ] GC(328) Skipped phase3 of Reference Processing due to unavailable references
[564.779s][debug][gc,ref       ] GC(328) Skipped phase4 of Reference Processing due to unavailable references
[564.779s][debug][gc,age       ] GC(328) Desired survivor size 15400960 bytes, new threshold 6 (max threshold 6)
[564.779s][info ][gc,heap      ] GC(328) ParNew: 245175K->8679K(270976K)
[564.779s][info ][gc,heap      ] GC(328) CMS: 349221K->349461K(602112K)
[564.779s][info ][gc,metaspace ] GC(328) Metaspace: 57513K->57513K(1101824K)
[564.779s][info ][gc           ] GC(328) Pause Young (Allocation Failure) 580M->349M(852M) 5.938ms
[564.779s][info ][gc,cpu       ] GC(328) User=0.02s Sys=0.00s Real=0.01s
[564.779s][info ][safepoint    ] Leaving safepoint region
[564.779s][info ][safepoint    ] Total time for which application threads were stopped: 0.0061180 seconds, Stopping threads took: 0.0000390 seconds
[565.780s][info ][safepoint    ] Application time: 1.0001117 seconds
[565.780s][info ][safepoint    ] Entering safepoint region: Cleanup
[565.780s][info ][safepoint    ] Leaving safepoint region
[565.780s][info ][safepoint    ] Total time for which application threads were stopped: 0.0003672 seconds, Stopping threads took: 0.0002868 seconds
[566.780s][info ][safepoint    ] Application time: 1.0000891 seconds
[566.780s][info ][safepoint    ] Entering safepoint region: Cleanup
[566.780s][info ][safepoint    ] Leaving safepoint region
[566.780s][info ][safepoint    ] Total time for which application threads were stopped: 0.0000900 seconds, Stopping threads took: 0.0000333 seconds
[567.074s][info ][safepoint    ] Application time: 0.2941717 seconds
[567.074s][info ][safepoint    ] Entering safepoint region: GenCollectForAllocation
[567.074s][info ][gc,start     ] GC(329) Pause Young (Allocation Failure)
[567.074s][info ][gc,task      ] GC(329) Using 4 workers of 4 for evacuation
[567.080s][debug][gc,ref       ] GC(329) Skipped phase1 of Reference Processing due to unavailable references
[567.080s][debug][gc,ref       ] GC(329) Skipped phase2 of Reference Processing due to unavailable references
[567.080s][debug][gc,ref       ] GC(329) Skipped phase3 of Reference Processing due to unavailable references
[567.080s][debug][gc,ref       ] GC(329) Skipped phase4 of Reference Processing due to unavailable references
[567.080s][debug][gc,age       ] GC(329) Desired survivor size 15400960 bytes, new threshold 6 (max threshold 6)
[567.080s][info ][gc,heap      ] GC(329) ParNew: 249575K->10712K(270976K)
[567.080s][info ][gc,heap      ] GC(329) CMS: 349461K->349570K(602112K)
[567.080s][info ][gc,metaspace ] GC(329) Metaspace: 57513K->57513K(1101824K)
[567.080s][info ][gc           ] GC(329) Pause Young (Allocation Failure) 584M->351M(852M) 5.857ms
[567.080s][info ][gc,cpu       ] GC(329) User=0.02s Sys=0.01s Real=0.01s
[567.080s][info ][safepoint    ] Leaving safepoint region
[567.080s][info ][safepoint    ] Total time for which application threads were stopped: 0.0060273 seconds, Stopping threads took: 0.0000196 seconds
[568.080s][info ][safepoint    ] Application time: 1.0001217 seconds
[568.081s][info ][safepoint    ] Entering safepoint region: Cleanup
[568.081s][info ][safepoint    ] Leaving safepoint region
[568.081s][info ][safepoint    ] Total time for which application threads were stopped: 0.0001052 seconds, Stopping threads took: 0.0000389 seconds
[569.081s][info ][safepoint    ] Application time: 1.0000905 seconds
[569.081s][info ][safepoint    ] Entering safepoint region: Cleanup
[569.081s][info ][safepoint    ] Leaving safepoint region
[569.081s][info ][safepoint    ] Total time for which application threads were stopped: 0.0001071 seconds, Stopping threads took: 0.0000497 seconds
[569.541s][info ][safepoint    ] Application time: 0.4602824 seconds
[569.541s][info ][safepoint    ] Entering safepoint region: GenCollectForAllocation
[569.541s][info ][gc,start     ] GC(330) Pause Young (Allocation Failure)
[569.541s][info ][gc,task      ] GC(330) Using 4 workers of 4 for evacuation
[569.552s][debug][gc,ref       ] GC(330) Skipped phase1 of Reference Processing due to unavailable references
[569.552s][debug][gc,ref       ] GC(330) Skipped phase2 of Reference Processing due to unavailable references
[569.552s][debug][gc,ref       ] GC(330) Skipped phase3 of Reference Processing due to unavailable references
[569.552s][debug][gc,ref       ] GC(330) Skipped phase4 of Reference Processing due to unavailable references
[569.552s][debug][gc,age       ] GC(330) Desired survivor size 15400960 bytes, new threshold 6 (max threshold 6)
[569.552s][info ][gc,heap      ] GC(330) ParNew: 251608K->13996K(270976K)
[569.552s][info ][gc,heap      ] GC(330) CMS: 349570K->349778K(602112K)
[569.552s][info ][gc,metaspace ] GC(330) Metaspace: 57513K->57513K(1101824K)
[569.552s][info ][gc           ] GC(330) Pause Young (Allocation Failure) 587M->355M(852M) 10.691ms
[569.552s][info ][gc,cpu       ] GC(330) User=0.03s Sys=0.00s Real=0.01s
[569.552s][info ][safepoint    ] Leaving safepoint region
[569.552s][info ][safepoint    ] Total time for which application threads were stopped: 0.0108561 seconds, Stopping threads took: 0.0000308 seconds
[570.552s][info ][safepoint    ] Application time: 1.0000950 seconds
[570.552s][info ][safepoint    ] Entering safepoint region: Cleanup
[570.552s][info ][safepoint    ] Leaving safepoint region
[570.552s][info ][safepoint    ] Total time for which application threads were stopped: 0.0000790 seconds, Stopping threads took: 0.0000185 seconds
[571.552s][info ][safepoint    ] Application time: 1.0001091 seconds
[571.552s][info ][safepoint    ] Entering safepoint region: Cleanup
[571.552s][info ][safepoint    ] Leaving safepoint region
[571.552s][info ][safepoint    ] Total time for which application threads were stopped: 0.0000732 seconds, Stopping threads took: 0.0000188 seconds
[572.228s][info ][safepoint    ] Application time: 0.6759983 seconds
[572.228s][info ][safepoint    ] Entering safepoint region: GenCollectForAllocation
[572.229s][info ][gc,start     ] GC(331) Pause Young (Allocation Failure)
[572.229s][info ][gc,task      ] GC(331) Using 4 workers of 4 for evacuation
[572.240s][debug][gc,ref       ] GC(331) Skipped phase1 of Reference Processing due to unavailable references
[572.240s][debug][gc,ref       ] GC(331) Skipped phase2 of Reference Processing due to unavailable references
[572.240s][debug][gc,ref       ] GC(331) Skipped phase3 of Reference Processing due to unavailable references
[572.240s][debug][gc,ref       ] GC(331) Skipped phase4 of Reference Processing due to unavailable references
[572.240s][debug][gc,age       ] GC(331) Desired survivor size 15400960 bytes, new threshold 6 (max threshold 6)
[572.240s][info ][gc,heap      ] GC(331) ParNew: 254892K->13013K(270976K)
[572.240s][info ][gc,heap      ] GC(331) CMS: 349778K->350153K(602112K)
[572.240s][info ][gc,metaspace ] GC(331) Metaspace: 57513K->57513K(1101824K)
[572.240s][info ][gc           ] GC(331) Pause Young (Allocation Failure) 590M->354M(852M) 11.338ms
[572.240s][info ][gc,cpu       ] GC(331) User=0.03s Sys=0.00s Real=0.01s
[572.240s][info ][safepoint    ] Leaving safepoint region
[572.240s][info ][safepoint    ] Total time for which application threads were stopped: 0.0115377 seconds, Stopping threads took: 0.0000167 seconds
[573.240s][info ][safepoint    ] Application time: 1.0001179 seconds
[573.240s][info ][safepoint    ] Entering safepoint region: Cleanup
[573.240s][info ][safepoint    ] Leaving safepoint region
[573.240s][info ][safepoint    ] Total time for which application threads were stopped: 0.0001138 seconds, Stopping threads took: 0.0000527 seconds
[574.240s][info ][safepoint    ] Application time: 1.0000871 seconds
[574.240s][info ][safepoint    ] Entering safepoint region: Cleanup
[574.240s][info ][safepoint    ] Leaving safepoint region
[574.240s][info ][safepoint    ] Total time for which application threads were stopped: 0.0000780 seconds, Stopping threads took: 0.0000172 seconds
[574.926s][info ][safepoint    ] Application time: 0.6856485 seconds
[574.926s][info ][safepoint    ] Entering safepoint region: GenCollectForAllocation
[574.926s][info ][gc,start     ] GC(332) Pause Young (Allocation Failure)
[574.926s][info ][gc,task      ] GC(332) Using 4 workers of 4 for evacuation
[574.932s][debug][gc,ref       ] GC(332) Skipped phase1 of Reference Processing due to unavailable references
[574.932s][debug][gc,ref       ] GC(332) Skipped phase2 of Reference Processing due to unavailable references
[574.932s][debug][gc,ref       ] GC(332) Skipped phase3 of Reference Processing due to unavailable references
[574.932s][debug][gc,ref       ] GC(332) Skipped phase4 of Reference Processing due to unavailable references
[574.932s][debug][gc,age       ] GC(332) Desired survivor size 15400960 bytes, new threshold 6 (max threshold 6)
[574.932s][info ][gc,heap      ] GC(332) ParNew: 253909K->13304K(270976K)
[574.932s][info ][gc,heap      ] GC(332) CMS: 350153K->350549K(602112K)
[574.932s][info ][gc,metaspace ] GC(332) Metaspace: 57513K->57513K(1101824K)
[574.932s][info ][gc           ] GC(332) Pause Young (Allocation Failure) 589M->355M(852M) 6.190ms
[574.932s][info ][gc,cpu       ] GC(332) User=0.02s Sys=0.00s Real=0.00s
[574.932s][info ][safepoint    ] Leaving safepoint region
[574.933s][info ][safepoint    ] Total time for which application threads were stopped: 0.0063473 seconds, Stopping threads took: 0.0000155 seconds
[575.933s][info ][safepoint    ] Application time: 1.0000985 seconds
[575.933s][info ][safepoint    ] Entering safepoint region: Cleanup
[575.933s][info ][safepoint    ] Leaving safepoint region
[575.933s][info ][safepoint    ] Total time for which application threads were stopped: 0.0001619 seconds, Stopping threads took: 0.0000396 seconds
[576.933s][info ][safepoint    ] Application time: 1.0001020 seconds
[576.933s][info ][safepoint    ] Entering safepoint region: Cleanup
[576.933s][info ][safepoint    ] Leaving safepoint region
[576.933s][info ][safepoint    ] Total time for which application threads were stopped: 0.0001473 seconds, Stopping threads took: 0.0000404 seconds
[577.538s][info ][safepoint    ] Application time: 0.6044981 seconds
[577.538s][info ][safepoint    ] Entering safepoint region: GenCollectForAllocation
[577.538s][info ][gc,start     ] GC(333) Pause Young (Allocation Failure)
[577.538s][info ][gc,task      ] GC(333) Using 4 workers of 4 for evacuation
[577.544s][debug][gc,ref       ] GC(333) Skipped phase1 of Reference Processing due to unavailable references
[577.544s][debug][gc,ref       ] GC(333) Skipped phase2 of Reference Processing due to unavailable references
[577.544s][debug][gc,ref       ] GC(333) Skipped phase3 of Reference Processing due to unavailable references
[577.544s][debug][gc,ref       ] GC(333) Skipped phase4 of Reference Processing due to unavailable references
[577.544s][debug][gc,age       ] GC(333) Desired survivor size 15400960 bytes, new threshold 6 (max threshold 6)
[577.544s][info ][gc,heap      ] GC(333) ParNew: 254200K->15438K(270976K)
[577.544s][info ][gc,heap      ] GC(333) CMS: 350549K->350873K(602112K)
[577.544s][info ][gc,metaspace ] GC(333) Metaspace: 57515K->57515K(1101824K)
[577.544s][info ][gc           ] GC(333) Pause Young (Allocation Failure) 590M->357M(852M) 6.695ms
[577.544s][info ][gc,cpu       ] GC(333) User=0.03s Sys=0.00s Real=0.01s
[577.544s][info ][safepoint    ] Leaving safepoint region
[577.544s][info ][safepoint    ] Total time for which application threads were stopped: 0.0068590 seconds, Stopping threads took: 0.0000319 seconds
[578.545s][info ][safepoint    ] Application time: 1.0001006 seconds
[578.545s][info ][safepoint    ] Entering safepoint region: Cleanup
[578.545s][info ][safepoint    ] Leaving safepoint region
[578.545s][info ][safepoint    ] Total time for which application threads were stopped: 0.0001672 seconds, Stopping threads took: 0.0000945 seconds
[579.545s][info ][safepoint    ] Application time: 1.0001621 seconds
[579.545s][info ][safepoint    ] Entering safepoint region: Cleanup
[579.545s][info ][safepoint    ] Leaving safepoint region
[579.545s][info ][safepoint    ] Total time for which application threads were stopped: 0.0002675 seconds, Stopping threads took: 0.0000197 seconds
[580.273s][info ][safepoint    ] Application time: 0.7276726 seconds
[580.273s][info ][safepoint    ] Entering safepoint region: GenCollectForAllocation
[580.273s][info ][gc,start     ] GC(334) Pause Young (Allocation Failure)
[580.273s][info ][gc,task      ] GC(334) Using 4 workers of 4 for evacuation
[580.284s][debug][gc,ref       ] GC(334) Skipped phase1 of Reference Processing due to unavailable references
[580.284s][debug][gc,ref       ] GC(334) Skipped phase2 of Reference Processing due to unavailable references
[580.284s][debug][gc,ref       ] GC(334) Skipped phase3 of Reference Processing due to unavailable references
[580.284s][debug][gc,ref       ] GC(334) Skipped phase4 of Reference Processing due to unavailable references
[580.284s][debug][gc,age       ] GC(334) Desired survivor size 15400960 bytes, new threshold 6 (max threshold 6)
[580.284s][info ][gc,heap      ] GC(334) ParNew: 256334K->14491K(270976K)
[580.284s][info ][gc,heap      ] GC(334) CMS: 350873K->353148K(602112K)
[580.284s][info ][gc,metaspace ] GC(334) Metaspace: 57517K->57517K(1101824K)
[580.284s][info ][gc           ] GC(334) Pause Young (Allocation Failure) 592M->359M(852M) 10.970ms
[580.284s][info ][gc,cpu       ] GC(334) User=0.03s Sys=0.00s Real=0.02s
[580.284s][info ][safepoint    ] Leaving safepoint region
[580.284s][info ][safepoint    ] Total time for which application threads were stopped: 0.0111607 seconds, Stopping threads took: 0.0000408 seconds
[581.284s][info ][safepoint    ] Application time: 1.0001019 seconds
[581.284s][info ][safepoint    ] Entering safepoint region: Cleanup
[581.284s][info ][safepoint    ] Leaving safepoint region
[581.284s][info ][safepoint    ] Total time for which application threads were stopped: 0.0000985 seconds, Stopping threads took: 0.0000156 seconds
[582.284s][info ][safepoint    ] Application time: 1.0000890 seconds
[582.286s][info ][safepoint    ] Entering safepoint region: Cleanup
[582.286s][info ][safepoint    ] Leaving safepoint region
[582.286s][info ][safepoint    ] Total time for which application threads were stopped: 0.0013560 seconds, Stopping threads took: 0.0012632 seconds
[583.080s][info ][safepoint    ] Application time: 0.7938241 seconds
[583.080s][info ][safepoint    ] Entering safepoint region: GenCollectForAllocation
[583.080s][info ][gc,start     ] GC(335) Pause Young (Allocation Failure)
[583.080s][info ][gc,task      ] GC(335) Using 4 workers of 4 for evacuation
[583.092s][debug][gc,ref       ] GC(335) Skipped phase1 of Reference Processing due to unavailable references
[583.092s][debug][gc,ref       ] GC(335) Skipped phase2 of Reference Processing due to unavailable references
[583.092s][debug][gc,ref       ] GC(335) Skipped phase3 of Reference Processing due to unavailable references
[583.092s][debug][gc,ref       ] GC(335) Skipped phase4 of Reference Processing due to unavailable references
[583.092s][debug][gc,age       ] GC(335) Desired survivor size 15400960 bytes, new threshold 6 (max threshold 6)
[583.092s][info ][gc,heap      ] GC(335) ParNew: 255387K->9499K(270976K)
[583.092s][info ][gc,heap      ] GC(335) CMS: 353148K->354582K(602112K)
[583.092s][info ][gc,metaspace ] GC(335) Metaspace: 57518K->57518K(1101824K)
[583.092s][info ][gc           ] GC(335) Pause Young (Allocation Failure) 594M->355M(852M) 12.250ms
[583.092s][info ][gc,cpu       ] GC(335) User=0.03s Sys=0.00s Real=0.01s
[583.092s][info ][safepoint    ] Leaving safepoint region
[583.092s][info ][safepoint    ] Total time for which application threads were stopped: 0.0124261 seconds, Stopping threads took: 0.0000355 seconds
[584.092s][info ][safepoint    ] Application time: 1.0001031 seconds
[584.092s][info ][safepoint    ] Entering safepoint region: Cleanup
[584.092s][info ][safepoint    ] Leaving safepoint region
[584.092s][info ][safepoint    ] Total time for which application threads were stopped: 0.0001238 seconds, Stopping threads took: 0.0000479 seconds
[585.093s][info ][safepoint    ] Application time: 1.0001415 seconds
[585.093s][info ][safepoint    ] Entering safepoint region: Cleanup
[585.093s][info ][safepoint    ] Leaving safepoint region
[585.093s][info ][safepoint    ] Total time for which application threads were stopped: 0.0001267 seconds, Stopping threads took: 0.0000187 seconds
[585.523s][info ][safepoint    ] Application time: 0.4304013 seconds
[585.523s][info ][safepoint    ] Entering safepoint region: GenCollectForAllocation
[585.523s][info ][gc,start     ] GC(336) Pause Young (Allocation Failure)
[585.523s][info ][gc,task      ] GC(336) Using 4 workers of 4 for evacuation
[585.536s][debug][gc,ref       ] GC(336) Skipped phase1 of Reference Processing due to unavailable references
[585.536s][debug][gc,ref       ] GC(336) Skipped phase2 of Reference Processing due to unavailable references
[585.536s][debug][gc,ref       ] GC(336) Skipped phase3 of Reference Processing due to unavailable references
[585.536s][debug][gc,ref       ] GC(336) Skipped phase4 of Reference Processing due to unavailable references
[585.536s][debug][gc,age       ] GC(336) Desired survivor size 15400960 bytes, new threshold 6 (max threshold 6)
[585.536s][info ][gc,heap      ] GC(336) ParNew: 250395K->9548K(270976K)
[585.536s][info ][gc,heap      ] GC(336) CMS: 354582K->357119K(602112K)
[585.536s][info ][gc,metaspace ] GC(336) Metaspace: 57522K->57522K(1101824K)
[585.536s][info ][gc           ] GC(336) Pause Young (Allocation Failure) 590M->358M(852M) 12.859ms
[585.536s][info ][gc,cpu       ] GC(336) User=0.02s Sys=0.00s Real=0.02s
[585.536s][info ][safepoint    ] Leaving safepoint region
[585.536s][info ][safepoint    ] Total time for which application threads were stopped: 0.0130305 seconds, Stopping threads took: 0.0000406 seconds
[586.536s][info ][safepoint    ] Application time: 1.0002787 seconds
[586.537s][info ][safepoint    ] Entering safepoint region: Cleanup
[586.537s][info ][safepoint    ] Leaving safepoint region
[586.537s][info ][safepoint    ] Total time for which application threads were stopped: 0.0000985 seconds, Stopping threads took: 0.0000337 seconds
[587.537s][info ][safepoint    ] Application time: 1.0001068 seconds
[587.537s][info ][safepoint    ] Entering safepoint region: Cleanup
[587.537s][info ][safepoint    ] Leaving safepoint region
[587.537s][info ][safepoint    ] Total time for which application threads were stopped: 0.0001471 seconds, Stopping threads took: 0.0000180 seconds
[587.925s][info ][safepoint    ] Application time: 0.3884189 seconds
[587.925s][info ][safepoint    ] Entering safepoint region: GenCollectForAllocation
[587.925s][info ][gc,start     ] GC(337) Pause Young (Allocation Failure)
[587.925s][info ][gc,task      ] GC(337) Using 4 workers of 4 for evacuation
[587.941s][debug][gc,ref       ] GC(337) Skipped phase1 of Reference Processing due to unavailable references
[587.941s][debug][gc,ref       ] GC(337) Skipped phase2 of Reference Processing due to unavailable references
[587.941s][debug][gc,ref       ] GC(337) Skipped phase3 of Reference Processing due to unavailable references
[587.941s][debug][gc,ref       ] GC(337) Skipped phase4 of Reference Processing due to unavailable references
[587.942s][debug][gc,age       ] GC(337) Desired survivor size 15400960 bytes, new threshold 6 (max threshold 6)
[587.942s][info ][gc,heap      ] GC(337) ParNew: 250444K->10266K(270976K)
[587.942s][info ][gc,heap      ] GC(337) CMS: 357119K->357229K(602112K)
[587.942s][info ][gc,metaspace ] GC(337) Metaspace: 57522K->57522K(1101824K)
[587.942s][info ][gc           ] GC(337) Pause Young (Allocation Failure) 593M->358M(852M) 16.188ms
[587.942s][info ][gc,cpu       ] GC(337) User=0.02s Sys=0.00s Real=0.01s
[587.942s][info ][safepoint    ] Leaving safepoint region
[587.942s][info ][safepoint    ] Total time for which application threads were stopped: 0.0163585 seconds, Stopping threads took: 0.0000307 seconds
[588.942s][info ][safepoint    ] Application time: 1.0000934 seconds
[588.942s][info ][safepoint    ] Entering safepoint region: Cleanup
[588.942s][info ][safepoint    ] Leaving safepoint region
[588.942s][info ][safepoint    ] Total time for which application threads were stopped: 0.0000840 seconds, Stopping threads took: 0.0000169 seconds
[589.942s][info ][safepoint    ] Application time: 1.0000995 seconds
[589.942s][info ][safepoint    ] Entering safepoint region: Cleanup
[589.942s][info ][safepoint    ] Leaving safepoint region
[589.942s][info ][safepoint    ] Total time for which application threads were stopped: 0.0000734 seconds, Stopping threads took: 0.0000169 seconds
[590.675s][info ][safepoint    ] Application time: 0.7328648 seconds
[590.675s][info ][safepoint    ] Entering safepoint region: GenCollectForAllocation
[590.675s][info ][gc,start     ] GC(338) Pause Young (Allocation Failure)
[590.675s][info ][gc,task      ] GC(338) Using 4 workers of 4 for evacuation
[590.680s][debug][gc,ref       ] GC(338) Skipped phase1 of Reference Processing due to unavailable references
[590.680s][debug][gc,ref       ] GC(338) Skipped phase2 of Reference Processing due to unavailable references
[590.680s][debug][gc,ref       ] GC(338) Skipped phase3 of Reference Processing due to unavailable references
[590.680s][debug][gc,ref       ] GC(338) Skipped phase4 of Reference Processing due to unavailable references
[590.681s][debug][gc,age       ] GC(338) Desired survivor size 15400960 bytes, new threshold 6 (max threshold 6)
[590.681s][info ][gc,heap      ] GC(338) ParNew: 251162K->11213K(270976K)
[590.681s][info ][gc,heap      ] GC(338) CMS: 357229K->357257K(602112K)
[590.681s][info ][gc,metaspace ] GC(338) Metaspace: 57522K->57522K(1101824K)
[590.681s][info ][gc           ] GC(338) Pause Young (Allocation Failure) 594M->359M(852M) 5.521ms
[590.681s][info ][gc,cpu       ] GC(338) User=0.02s Sys=0.00s Real=0.01s
[590.681s][info ][safepoint    ] Leaving safepoint region
[590.681s][info ][safepoint    ] Total time for which application threads were stopped: 0.0056654 seconds, Stopping threads took: 0.0000173 seconds
[591.681s][info ][safepoint    ] Application time: 1.0001173 seconds
[591.681s][info ][safepoint    ] Entering safepoint region: Cleanup
[591.681s][info ][safepoint    ] Leaving safepoint region
[591.681s][info ][safepoint    ] Total time for which application threads were stopped: 0.0001428 seconds, Stopping threads took: 0.0000398 seconds
[592.681s][info ][safepoint    ] Application time: 1.0000977 seconds
[592.681s][info ][safepoint    ] Entering safepoint region: Cleanup
[592.681s][info ][safepoint    ] Leaving safepoint region
[592.681s][info ][safepoint    ] Total time for which application threads were stopped: 0.0001829 seconds, Stopping threads took: 0.0000807 seconds
[593.027s][info ][safepoint    ] Application time: 0.3456655 seconds
[593.027s][info ][safepoint    ] Entering safepoint region: GenCollectForAllocation
[593.027s][info ][gc,start     ] GC(339) Pause Young (Allocation Failure)
[593.027s][info ][gc,task      ] GC(339) Using 4 workers of 4 for evacuation
[593.039s][debug][gc,ref       ] GC(339) Skipped phase1 of Reference Processing due to unavailable references
[593.039s][debug][gc,ref       ] GC(339) Skipped phase2 of Reference Processing due to unavailable references
[593.039s][debug][gc,ref       ] GC(339) Skipped phase3 of Reference Processing due to unavailable references
[593.039s][debug][gc,ref       ] GC(339) Skipped phase4 of Reference Processing due to unavailable references
[593.040s][debug][gc,age       ] GC(339) Desired survivor size 15400960 bytes, new threshold 6 (max threshold 6)
[593.040s][info ][gc,heap      ] GC(339) ParNew: 252109K->11102K(270976K)
[593.040s][info ][gc,heap      ] GC(339) CMS: 357257K->358170K(602112K)
[593.040s][info ][gc,metaspace ] GC(339) Metaspace: 57522K->57522K(1101824K)
[593.040s][info ][gc           ] GC(339) Pause Young (Allocation Failure) 595M->360M(852M) 12.482ms
[593.040s][info ][gc,cpu       ] GC(339) User=0.02s Sys=0.01s Real=0.01s
[593.040s][info ][safepoint    ] Leaving safepoint region
[593.040s][info ][safepoint    ] Total time for which application threads were stopped: 0.0126660 seconds, Stopping threads took: 0.0000173 seconds
[594.040s][info ][safepoint    ] Application time: 1.0001082 seconds
[594.040s][info ][safepoint    ] Entering safepoint region: Cleanup
[594.040s][info ][safepoint    ] Leaving safepoint region
[594.040s][info ][safepoint    ] Total time for which application threads were stopped: 0.0000862 seconds, Stopping threads took: 0.0000298 seconds
[595.040s][info ][safepoint    ] Application time: 1.0000931 seconds
[595.040s][info ][safepoint    ] Entering safepoint region: Cleanup
[595.040s][info ][safepoint    ] Leaving safepoint region
[595.040s][info ][safepoint    ] Total time for which application threads were stopped: 0.0001276 seconds, Stopping threads took: 0.0000430 seconds
[595.779s][info ][safepoint    ] Application time: 0.7390495 seconds
[595.779s][info ][safepoint    ] Entering safepoint region: GenCollectForAllocation
[595.779s][info ][gc,start     ] GC(340) Pause Young (Allocation Failure)
[595.779s][info ][gc,task      ] GC(340) Using 4 workers of 4 for evacuation
[595.785s][debug][gc,ref       ] GC(340) Skipped phase1 of Reference Processing due to unavailable references
[595.785s][debug][gc,ref       ] GC(340) Skipped phase2 of Reference Processing due to unavailable references
[595.785s][debug][gc,ref       ] GC(340) Skipped phase3 of Reference Processing due to unavailable references
[595.785s][debug][gc,ref       ] GC(340) Skipped phase4 of Reference Processing due to unavailable references
[595.785s][debug][gc,age       ] GC(340) Desired survivor size 15400960 bytes, new threshold 6 (max threshold 6)
[595.785s][info ][gc,heap      ] GC(340) ParNew: 251998K->13719K(270976K)
[595.785s][info ][gc,heap      ] GC(340) CMS: 358170K->358184K(602112K)
[595.785s][info ][gc,metaspace ] GC(340) Metaspace: 57522K->57522K(1101824K)
[595.785s][info ][gc           ] GC(340) Pause Young (Allocation Failure) 595M->363M(852M) 5.701ms
[595.785s][info ][gc,cpu       ] GC(340) User=0.02s Sys=0.00s Real=0.01s
[595.785s][info ][safepoint    ] Leaving safepoint region
[595.785s][info ][safepoint    ] Total time for which application threads were stopped: 0.0058482 seconds, Stopping threads took: 0.0000162 seconds
[596.785s][info ][safepoint    ] Application time: 1.0000935 seconds
[596.785s][info ][safepoint    ] Entering safepoint region: Cleanup
[596.785s][info ][safepoint    ] Leaving safepoint region
[596.785s][info ][safepoint    ] Total time for which application threads were stopped: 0.0001272 seconds, Stopping threads took: 0.0000609 seconds
[597.786s][info ][safepoint    ] Application time: 1.0001054 seconds
[597.786s][info ][safepoint    ] Entering safepoint region: Cleanup
[597.786s][info ][safepoint    ] Leaving safepoint region
[597.786s][info ][safepoint    ] Total time for which application threads were stopped: 0.0000797 seconds, Stopping threads took: 0.0000170 seconds
[598.388s][info ][safepoint    ] Application time: 0.6022272 seconds
[598.388s][info ][safepoint    ] Entering safepoint region: GenCollectForAllocation
[598.388s][info ][gc,start     ] GC(341) Pause Young (Allocation Failure)
[598.388s][info ][gc,task      ] GC(341) Using 4 workers of 4 for evacuation
[598.393s][debug][gc,ref       ] GC(341) Skipped phase1 of Reference Processing due to unavailable references
[598.393s][debug][gc,ref       ] GC(341) Skipped phase2 of Reference Processing due to unavailable references
[598.393s][debug][gc,ref       ] GC(341) Skipped phase3 of Reference Processing due to unavailable references
[598.393s][debug][gc,ref       ] GC(341) Skipped phase4 of Reference Processing due to unavailable references
[598.393s][debug][gc,age       ] GC(341) Desired survivor size 15400960 bytes, new threshold 6 (max threshold 6)
[598.393s][info ][gc,heap      ] GC(341) ParNew: 254615K->10126K(270976K)
[598.394s][info ][gc,heap      ] GC(341) CMS: 358184K->358215K(602112K)
[598.394s][info ][gc,metaspace ] GC(341) Metaspace: 57523K->57523K(1101824K)
[598.394s][info ][gc           ] GC(341) Pause Young (Allocation Failure) 598M->359M(852M) 5.446ms
[598.394s][info ][gc,cpu       ] GC(341) User=0.02s Sys=0.00s Real=0.00s
[598.394s][info ][safepoint    ] Leaving safepoint region
[598.394s][info ][safepoint    ] Total time for which application threads were stopped: 0.0056621 seconds, Stopping threads took: 0.0000293 seconds
[599.394s][info ][safepoint    ] Application time: 1.0001119 seconds
[599.394s][info ][safepoint    ] Entering safepoint region: Cleanup
[599.394s][info ][safepoint    ] Leaving safepoint region
[599.394s][info ][safepoint    ] Total time for which application threads were stopped: 0.0000794 seconds, Stopping threads took: 0.0000300 seconds
[600.394s][info ][safepoint    ] Application time: 1.0000562 seconds
[600.394s][info ][safepoint    ] Entering safepoint region: Cleanup
[600.394s][info ][safepoint    ] Leaving safepoint region
[600.394s][info ][safepoint    ] Total time for which application threads were stopped: 0.0001674 seconds, Stopping threads took: 0.0000960 seconds
[600.629s][info ][safepoint    ] Application time: 0.2350063 seconds
[600.629s][info ][safepoint    ] Entering safepoint region: GenCollectForAllocation
[600.629s][info ][gc,start     ] GC(342) Pause Young (Allocation Failure)
[600.629s][info ][gc,task      ] GC(342) Using 4 workers of 4 for evacuation
[600.639s][debug][gc,ref       ] GC(342) Skipped phase1 of Reference Processing due to unavailable references
[600.639s][debug][gc,ref       ] GC(342) Skipped phase2 of Reference Processing due to unavailable references
[600.639s][debug][gc,ref       ] GC(342) Skipped phase3 of Reference Processing due to unavailable references
[600.639s][debug][gc,ref       ] GC(342) Skipped phase4 of Reference Processing due to unavailable references
[600.639s][debug][gc,age       ] GC(342) Desired survivor size 15400960 bytes, new threshold 6 (max threshold 6)
[600.640s][info ][gc,heap      ] GC(342) ParNew: 251022K->12653K(270976K)
[600.640s][info ][gc,heap      ] GC(342) CMS: 358215K->359504K(602112K)
[600.640s][info ][gc,metaspace ] GC(342) Metaspace: 57536K->57536K(1101824K)
[600.640s][info ][gc           ] GC(342) Pause Young (Allocation Failure) 594M->363M(852M) 10.326ms
[600.640s][info ][gc,cpu       ] GC(342) User=0.03s Sys=0.00s Real=0.01s
[600.640s][info ][safepoint    ] Leaving safepoint region
[600.640s][info ][safepoint    ] Total time for which application threads were stopped: 0.0104830 seconds, Stopping threads took: 0.0000167 seconds
[601.640s][info ][safepoint    ] Application time: 1.0001007 seconds
[601.640s][info ][safepoint    ] Entering safepoint region: Cleanup
[601.640s][info ][safepoint    ] Leaving safepoint region
[601.640s][info ][safepoint    ] Total time for which application threads were stopped: 0.0001258 seconds, Stopping threads took: 0.0000658 seconds
[602.640s][info ][safepoint    ] Application time: 1.0001034 seconds
[604.217s][info ][safepoint    ] Entering safepoint region: Cleanup
[604.218s][info ][safepoint    ] Leaving safepoint region
[604.218s][info ][safepoint    ] Total time for which application threads were stopped: 0.0001137 seconds, Stopping threads took: 0.0000350 seconds
[604.218s][info ][safepoint    ] Application time: 0.0000179 seconds
[604.218s][info ][safepoint    ] Entering safepoint region: GenCollectForAllocation
[604.218s][info ][gc,start     ] GC(343) Pause Young (Allocation Failure)
[604.218s][info ][gc,task      ] GC(343) Using 4 workers of 4 for evacuation
[604.229s][debug][gc,ref       ] GC(343) Skipped phase1 of Reference Processing due to unavailable references
[604.229s][debug][gc,ref       ] GC(343) Skipped phase2 of Reference Processing due to unavailable references
[604.229s][debug][gc,ref       ] GC(343) Skipped phase3 of Reference Processing due to unavailable references
[604.229s][debug][gc,ref       ] GC(343) Skipped phase4 of Reference Processing due to unavailable references
[604.229s][debug][gc,age       ] GC(343) Desired survivor size 15400960 bytes, new threshold 6 (max threshold 6)
[604.229s][info ][gc,heap      ] GC(343) ParNew: 253549K->11998K(270976K)
[604.229s][info ][gc,heap      ] GC(343) CMS: 359504K->360807K(602112K)
[604.229s][info ][gc,metaspace ] GC(343) Metaspace: 57536K->57536K(1101824K)
[604.229s][info ][gc           ] GC(343) Pause Young (Allocation Failure) 598M->364M(852M) 11.721ms
[604.229s][info ][gc,cpu       ] GC(343) User=0.02s Sys=0.00s Real=0.01s
[604.229s][info ][safepoint    ] Leaving safepoint region
[604.229s][info ][safepoint    ] Total time for which application threads were stopped: 0.0118120 seconds, Stopping threads took: 0.0000058 seconds
[605.230s][info ][safepoint    ] Application time: 1.0000913 seconds
[605.230s][info ][safepoint    ] Entering safepoint region: Cleanup
[605.230s][info ][safepoint    ] Leaving safepoint region
[605.230s][info ][safepoint    ] Total time for which application threads were stopped: 0.0001227 seconds, Stopping threads took: 0.0000476 seconds
[605.777s][info ][safepoint    ] Application time: 0.5477436 seconds
[605.777s][info ][safepoint    ] Entering safepoint region: GenCollectForAllocation
[605.778s][info ][gc,start     ] GC(344) Pause Young (Allocation Failure)
[605.778s][info ][gc,task      ] GC(344) Using 4 workers of 4 for evacuation
[605.787s][debug][gc,ref       ] GC(344) Skipped phase1 of Reference Processing due to unavailable references
[605.787s][debug][gc,ref       ] GC(344) Skipped phase2 of Reference Processing due to unavailable references
[605.787s][debug][gc,ref       ] GC(344) Skipped phase3 of Reference Processing due to unavailable references
[605.787s][debug][gc,ref       ] GC(344) Skipped phase4 of Reference Processing due to unavailable references
[605.787s][debug][gc,age       ] GC(344) Desired survivor size 15400960 bytes, new threshold 6 (max threshold 6)
[605.787s][info ][gc,heap      ] GC(344) ParNew: 252894K->16246K(270976K)
[605.787s][info ][gc,heap      ] GC(344) CMS: 360807K->360987K(602112K)
[605.787s][info ][gc,metaspace ] GC(344) Metaspace: 57539K->57539K(1101824K)
[605.787s][info ][gc           ] GC(344) Pause Young (Allocation Failure) 599M->368M(852M) 9.607ms
[605.787s][info ][gc,cpu       ] GC(344) User=0.04s Sys=0.00s Real=0.01s
[605.787s][info ][safepoint    ] Leaving safepoint region
[605.787s][info ][safepoint    ] Total time for which application threads were stopped: 0.0097802 seconds, Stopping threads took: 0.0000150 seconds
[606.787s][info ][safepoint    ] Application time: 1.0001005 seconds
[606.787s][info ][safepoint    ] Entering safepoint region: Cleanup
[606.787s][info ][safepoint    ] Leaving safepoint region
[606.788s][info ][safepoint    ] Total time for which application threads were stopped: 0.0001186 seconds, Stopping threads took: 0.0000407 seconds
[607.788s][info ][safepoint    ] Application time: 1.0000896 seconds
[607.788s][info ][safepoint    ] Entering safepoint region: Cleanup
[607.788s][info ][safepoint    ] Leaving safepoint region
[607.788s][info ][safepoint    ] Total time for which application threads were stopped: 0.0000914 seconds, Stopping threads took: 0.0000171 seconds
[608.132s][info ][safepoint    ] Application time: 0.3442128 seconds
[608.132s][info ][safepoint    ] Entering safepoint region: GenCollectForAllocation
[608.132s][info ][gc,start     ] GC(345) Pause Young (Allocation Failure)
[608.132s][info ][gc,task      ] GC(345) Using 4 workers of 4 for evacuation
[608.140s][debug][gc,ref       ] GC(345) Skipped phase1 of Reference Processing due to unavailable references
[608.140s][debug][gc,ref       ] GC(345) Skipped phase2 of Reference Processing due to unavailable references
[608.140s][debug][gc,ref       ] GC(345) Skipped phase3 of Reference Processing due to unavailable references
[608.140s][debug][gc,ref       ] GC(345) Skipped phase4 of Reference Processing due to unavailable references
[608.140s][debug][gc,age       ] GC(345) Desired survivor size 15400960 bytes, new threshold 6 (max threshold 6)
[608.140s][info ][gc,heap      ] GC(345) ParNew: 257142K->19061K(270976K)
[608.140s][info ][gc,heap      ] GC(345) CMS: 360987K->362101K(602112K)
[608.140s][info ][gc,metaspace ] GC(345) Metaspace: 57540K->57540K(1101824K)
[608.140s][info ][gc           ] GC(345) Pause Young (Allocation Failure) 603M->372M(852M) 7.867ms
[608.140s][info ][gc,cpu       ] GC(345) User=0.03s Sys=0.00s Real=0.01s
[608.140s][info ][safepoint    ] Leaving safepoint region
[608.140s][info ][safepoint    ] Total time for which application threads were stopped: 0.0080288 seconds, Stopping threads took: 0.0000301 seconds
[609.140s][info ][safepoint    ] Application time: 1.0001147 seconds
[609.140s][info ][safepoint    ] Entering safepoint region: Cleanup
[609.140s][info ][safepoint    ] Leaving safepoint region
[609.140s][info ][safepoint    ] Total time for which application threads were stopped: 0.0000679 seconds, Stopping threads took: 0.0000171 seconds
[610.140s][info ][safepoint    ] Application time: 1.0000910 seconds
[610.140s][info ][safepoint    ] Entering safepoint region: Cleanup
[610.140s][info ][safepoint    ] Leaving safepoint region
[610.140s][info ][safepoint    ] Total time for which application threads were stopped: 0.0000939 seconds, Stopping threads took: 0.0000316 seconds
[610.880s][info ][safepoint    ] Application time: 0.7391112 seconds
[610.880s][info ][safepoint    ] Entering safepoint region: GenCollectForAllocation
[610.880s][info ][gc,start     ] GC(346) Pause Young (Allocation Failure)
[610.880s][info ][gc,task      ] GC(346) Using 4 workers of 4 for evacuation
[610.886s][debug][gc,ref       ] GC(346) Skipped phase1 of Reference Processing due to unavailable references
[610.886s][debug][gc,ref       ] GC(346) Skipped phase2 of Reference Processing due to unavailable references
[610.886s][debug][gc,ref       ] GC(346) Skipped phase3 of Reference Processing due to unavailable references
[610.886s][debug][gc,ref       ] GC(346) Skipped phase4 of Reference Processing due to unavailable references
[610.887s][debug][gc,age       ] GC(346) Desired survivor size 15400960 bytes, new threshold 6 (max threshold 6)
[610.887s][info ][gc,heap      ] GC(346) ParNew: 259957K->19816K(270976K)
[610.887s][info ][gc,heap      ] GC(346) CMS: 362101K->362122K(602112K)
[610.887s][info ][gc,metaspace ] GC(346) Metaspace: 57541K->57541K(1101824K)
[610.887s][info ][gc           ] GC(346) Pause Young (Allocation Failure) 607M->372M(852M) 6.916ms
[610.887s][info ][gc,cpu       ] GC(346) User=0.03s Sys=0.00s Real=0.01s
[610.887s][info ][safepoint    ] Leaving safepoint region
[610.887s][info ][safepoint    ] Total time for which application threads were stopped: 0.0070824 seconds, Stopping threads took: 0.0000152 seconds
[611.887s][info ][safepoint    ] Application time: 1.0000965 seconds
[611.887s][info ][safepoint    ] Entering safepoint region: Cleanup
[611.887s][info ][safepoint    ] Leaving safepoint region
[611.887s][info ][safepoint    ] Total time for which application threads were stopped: 0.0000655 seconds, Stopping threads took: 0.0000169 seconds
[612.887s][info ][safepoint    ] Application time: 1.0000914 seconds
[612.887s][info ][safepoint    ] Entering safepoint region: Cleanup
[612.887s][info ][safepoint    ] Leaving safepoint region
[612.887s][info ][safepoint    ] Total time for which application threads were stopped: 0.0000745 seconds, Stopping threads took: 0.0000173 seconds
[613.325s][info ][safepoint    ] Application time: 0.4375562 seconds
[613.325s][info ][safepoint    ] Entering safepoint region: GenCollectForAllocation
[613.325s][info ][gc,start     ] GC(347) Pause Young (Allocation Failure)
[613.325s][info ][gc,task      ] GC(347) Using 4 workers of 4 for evacuation
[613.335s][debug][gc,ref       ] GC(347) Skipped phase1 of Reference Processing due to unavailable references
[613.335s][debug][gc,ref       ] GC(347) Skipped phase2 of Reference Processing due to unavailable references
[613.335s][debug][gc,ref       ] GC(347) Skipped phase3 of Reference Processing due to unavailable references
[613.335s][debug][gc,ref       ] GC(347) Skipped phase4 of Reference Processing due to unavailable references
[613.335s][debug][gc,age       ] GC(347) Desired survivor size 15400960 bytes, new threshold 6 (max threshold 6)
[613.335s][info ][gc,heap      ] GC(347) ParNew: 260712K->16131K(270976K)
[613.335s][info ][gc,heap      ] GC(347) CMS: 362122K->362175K(602112K)
[613.335s][info ][gc,metaspace ] GC(347) Metaspace: 57541K->57541K(1101824K)
[613.335s][info ][gc           ] GC(347) Pause Young (Allocation Failure) 608M->369M(852M) 10.506ms
[613.335s][info ][gc,cpu       ] GC(347) User=0.03s Sys=0.00s Real=0.00s
[613.335s][info ][safepoint    ] Leaving safepoint region
[613.335s][info ][safepoint    ] Total time for which application threads were stopped: 0.0106686 seconds, Stopping threads took: 0.0000175 seconds
[614.335s][info ][safepoint    ] Application time: 1.0001179 seconds
[614.336s][info ][safepoint    ] Entering safepoint region: Cleanup
[614.336s][info ][safepoint    ] Leaving safepoint region
[614.336s][info ][safepoint    ] Total time for which application threads were stopped: 0.0001053 seconds, Stopping threads took: 0.0000355 seconds
[615.336s][info ][safepoint    ] Application time: 1.0000973 seconds
[615.336s][info ][safepoint    ] Entering safepoint region: Cleanup
[615.336s][info ][safepoint    ] Leaving safepoint region
[615.336s][info ][safepoint    ] Total time for which application threads were stopped: 0.0000729 seconds, Stopping threads took: 0.0000174 seconds
[616.131s][info ][safepoint    ] Application time: 0.7955942 seconds
[616.131s][info ][safepoint    ] Entering safepoint region: GenCollectForAllocation
[616.132s][info ][gc,start     ] GC(348) Pause Young (Allocation Failure)
[616.132s][info ][gc,task      ] GC(348) Using 4 workers of 4 for evacuation
[616.141s][debug][gc,ref       ] GC(348) Skipped phase1 of Reference Processing due to unavailable references
[616.141s][debug][gc,ref       ] GC(348) Skipped phase2 of Reference Processing due to unavailable references
[616.141s][debug][gc,ref       ] GC(348) Skipped phase3 of Reference Processing due to unavailable references
[616.141s][debug][gc,ref       ] GC(348) Skipped phase4 of Reference Processing due to unavailable references
[616.141s][debug][gc,age       ] GC(348) Desired survivor size 15400960 bytes, new threshold 6 (max threshold 6)
[616.141s][info ][gc,heap      ] GC(348) ParNew: 257027K->20167K(270976K)
[616.141s][info ][gc,heap      ] GC(348) CMS: 362175K->363499K(602112K)
[616.141s][info ][gc,metaspace ] GC(348) Metaspace: 57541K->57541K(1101824K)
[616.141s][info ][gc           ] GC(348) Pause Young (Allocation Failure) 604M->374M(852M) 9.310ms
[616.141s][info ][gc,cpu       ] GC(348) User=0.03s Sys=0.01s Real=0.01s
[616.141s][info ][safepoint    ] Leaving safepoint region
[616.141s][info ][safepoint    ] Total time for which application threads were stopped: 0.0094625 seconds, Stopping threads took: 0.0000156 seconds
[617.141s][info ][safepoint    ] Application time: 1.0001119 seconds
[617.141s][info ][safepoint    ] Entering safepoint region: Cleanup
[617.141s][info ][safepoint    ] Leaving safepoint region
[617.141s][info ][safepoint    ] Total time for which application threads were stopped: 0.0000773 seconds, Stopping threads took: 0.0000284 seconds
[618.141s][info ][safepoint    ] Application time: 1.0000916 seconds
[618.141s][info ][safepoint    ] Entering safepoint region: Cleanup
[618.141s][info ][safepoint    ] Leaving safepoint region
[618.141s][info ][safepoint    ] Total time for which application threads were stopped: 0.0000680 seconds, Stopping threads took: 0.0000187 seconds
[618.889s][info ][safepoint    ] Application time: 0.7472571 seconds
[618.889s][info ][safepoint    ] Entering safepoint region: GenCollectForAllocation
[618.889s][info ][gc,start     ] GC(349) Pause Young (Allocation Failure)
[618.889s][info ][gc,task      ] GC(349) Using 4 workers of 4 for evacuation
[618.896s][debug][gc,ref       ] GC(349) Skipped phase1 of Reference Processing due to unavailable references
[618.897s][debug][gc,ref       ] GC(349) Skipped phase2 of Reference Processing due to unavailable references
[618.897s][debug][gc,ref       ] GC(349) Skipped phase3 of Reference Processing due to unavailable references
[618.897s][debug][gc,ref       ] GC(349) Skipped phase4 of Reference Processing due to unavailable references
[618.897s][debug][gc,age       ] GC(349) Desired survivor size 15400960 bytes, new threshold 6 (max threshold 6)
[618.897s][info ][gc,heap      ] GC(349) ParNew: 261063K->14548K(270976K)
[618.897s][info ][gc,heap      ] GC(349) CMS: 363499K->364643K(602112K)
[618.897s][info ][gc,metaspace ] GC(349) Metaspace: 57541K->57541K(1101824K)
[618.897s][info ][gc           ] GC(349) Pause Young (Allocation Failure) 609M->370M(852M) 7.944ms
[618.897s][info ][gc,cpu       ] GC(349) User=0.03s Sys=0.00s Real=0.01s
[618.897s][info ][safepoint    ] Leaving safepoint region
[618.897s][info ][safepoint    ] Total time for which application threads were stopped: 0.0081744 seconds, Stopping threads took: 0.0000167 seconds
[619.897s][info ][safepoint    ] Application time: 1.0001011 seconds
[619.897s][info ][safepoint    ] Entering safepoint region: Cleanup
[619.897s][info ][safepoint    ] Leaving safepoint region
[619.897s][info ][safepoint    ] Total time for which application threads were stopped: 0.0000912 seconds, Stopping threads took: 0.0000172 seconds
[620.897s][info ][safepoint    ] Application time: 1.0001008 seconds
[620.897s][info ][safepoint    ] Entering safepoint region: Cleanup
[620.897s][info ][safepoint    ] Leaving safepoint region
[620.897s][info ][safepoint    ] Total time for which application threads were stopped: 0.0001063 seconds, Stopping threads took: 0.0000369 seconds
[621.582s][info ][safepoint    ] Application time: 0.6846068 seconds
[621.582s][info ][safepoint    ] Entering safepoint region: GenCollectForAllocation
[621.582s][info ][gc,start     ] GC(350) Pause Young (Allocation Failure)
[621.582s][info ][gc,task      ] GC(350) Using 4 workers of 4 for evacuation
[621.593s][debug][gc,ref       ] GC(350) Skipped phase1 of Reference Processing due to unavailable references
[621.593s][debug][gc,ref       ] GC(350) Skipped phase2 of Reference Processing due to unavailable references
[621.593s][debug][gc,ref       ] GC(350) Skipped phase3 of Reference Processing due to unavailable references
[621.593s][debug][gc,ref       ] GC(350) Skipped phase4 of Reference Processing due to unavailable references
[621.593s][debug][gc,age       ] GC(350) Desired survivor size 15400960 bytes, new threshold 6 (max threshold 6)
[621.593s][info ][gc,heap      ] GC(350) ParNew: 255444K->12334K(270976K)
[621.593s][info ][gc,heap      ] GC(350) CMS: 364643K->368985K(602112K)
[621.593s][info ][gc,metaspace ] GC(350) Metaspace: 57546K->57546K(1101824K)
[621.593s][info ][gc           ] GC(350) Pause Young (Allocation Failure) 605M->372M(852M) 11.155ms
[621.593s][info ][gc,cpu       ] GC(350) User=0.04s Sys=0.00s Real=0.01s
[621.593s][info ][safepoint    ] Leaving safepoint region
[621.593s][info ][safepoint    ] Total time for which application threads were stopped: 0.0113364 seconds, Stopping threads took: 0.0000188 seconds
[622.594s][info ][safepoint    ] Application time: 1.0001006 seconds
[622.594s][info ][safepoint    ] Entering safepoint region: Cleanup
[622.594s][info ][safepoint    ] Leaving safepoint region
[622.594s][info ][safepoint    ] Total time for which application threads were stopped: 0.0000855 seconds, Stopping threads took: 0.0000195 seconds
[623.594s][info ][safepoint    ] Application time: 1.0000895 seconds
[623.594s][info ][safepoint    ] Entering safepoint region: Cleanup
[623.594s][info ][safepoint    ] Leaving safepoint region
[623.594s][info ][safepoint    ] Total time for which application threads were stopped: 0.0000850 seconds, Stopping threads took: 0.0000178 seconds
[624.134s][info ][safepoint    ] Application time: 0.5397053 seconds
[624.134s][info ][safepoint    ] Entering safepoint region: GenCollectForAllocation
[624.134s][info ][gc,start     ] GC(351) Pause Young (Allocation Failure)
[624.134s][info ][gc,task      ] GC(351) Using 4 workers of 4 for evacuation
[624.140s][debug][gc,ref       ] GC(351) Skipped phase1 of Reference Processing due to unavailable references
[624.140s][debug][gc,ref       ] GC(351) Skipped phase2 of Reference Processing due to unavailable references
[624.140s][debug][gc,ref       ] GC(351) Skipped phase3 of Reference Processing due to unavailable references
[624.140s][debug][gc,ref       ] GC(351) Skipped phase4 of Reference Processing due to unavailable references
[624.140s][debug][gc,age       ] GC(351) Desired survivor size 15400960 bytes, new threshold 6 (max threshold 6)
[624.140s][info ][gc,heap      ] GC(351) ParNew: 253230K->7433K(270976K)
[624.140s][info ][gc,heap      ] GC(351) CMS: 368985K->370521K(602112K)
[624.140s][info ][gc,metaspace ] GC(351) Metaspace: 57546K->57546K(1101824K)
[624.140s][info ][gc           ] GC(351) Pause Young (Allocation Failure) 607M->369M(852M) 6.045ms
[624.140s][info ][gc,cpu       ] GC(351) User=0.02s Sys=0.00s Real=0.01s
[624.140s][info ][safepoint    ] Leaving safepoint region
[624.140s][info ][safepoint    ] Total time for which application threads were stopped: 0.0061951 seconds, Stopping threads took: 0.0000171 seconds
[625.140s][info ][safepoint    ] Application time: 1.0000897 seconds
[625.140s][info ][safepoint    ] Entering safepoint region: Cleanup
[625.140s][info ][safepoint    ] Leaving safepoint region
[625.140s][info ][safepoint    ] Total time for which application threads were stopped: 0.0000759 seconds, Stopping threads took: 0.0000171 seconds
[626.140s][info ][safepoint    ] Application time: 1.0000917 seconds
[626.140s][info ][safepoint    ] Entering safepoint region: Cleanup
[626.140s][info ][safepoint    ] Leaving safepoint region
[626.140s][info ][safepoint    ] Total time for which application threads were stopped: 0.0001071 seconds, Stopping threads took: 0.0000413 seconds
[626.739s][info ][safepoint    ] Application time: 0.5991450 seconds
[626.739s][info ][safepoint    ] Entering safepoint region: GenCollectForAllocation
[626.739s][info ][gc,start     ] GC(352) Pause Young (Allocation Failure)
[626.740s][info ][gc,task      ] GC(352) Using 4 workers of 4 for evacuation
[626.744s][debug][gc,ref       ] GC(352) Skipped phase1 of Reference Processing due to unavailable references
[626.744s][debug][gc,ref       ] GC(352) Skipped phase2 of Reference Processing due to unavailable references
[626.744s][debug][gc,ref       ] GC(352) Skipped phase3 of Reference Processing due to unavailable references
[626.744s][debug][gc,ref       ] GC(352) Skipped phase4 of Reference Processing due to unavailable references
[626.744s][debug][gc,age       ] GC(352) Desired survivor size 15400960 bytes, new threshold 6 (max threshold 6)
[626.744s][info ][gc,heap      ] GC(352) ParNew: 248329K->7835K(270976K)
[626.744s][info ][gc,heap      ] GC(352) CMS: 370521K->370683K(602112K)
[626.744s][info ][gc,metaspace ] GC(352) Metaspace: 57546K->57546K(1101824K)
[626.744s][info ][gc           ] GC(352) Pause Young (Allocation Failure) 604M->369M(852M) 4.773ms
[626.744s][info ][gc,cpu       ] GC(352) User=0.02s Sys=0.00s Real=0.01s
[626.744s][info ][safepoint    ] Leaving safepoint region
[626.744s][info ][safepoint    ] Total time for which application threads were stopped: 0.0049389 seconds, Stopping threads took: 0.0000172 seconds
[627.744s][info ][safepoint    ] Application time: 1.0000931 seconds
[627.744s][info ][safepoint    ] Entering safepoint region: Cleanup
[627.745s][info ][safepoint    ] Leaving safepoint region
[627.745s][info ][safepoint    ] Total time for which application threads were stopped: 0.0000805 seconds, Stopping threads took: 0.0000185 seconds
[628.745s][info ][safepoint    ] Application time: 1.0000983 seconds
[628.745s][info ][safepoint    ] Entering safepoint region: Cleanup
[628.745s][info ][safepoint    ] Leaving safepoint region
[628.745s][info ][safepoint    ] Total time for which application threads were stopped: 0.0000737 seconds, Stopping threads took: 0.0000191 seconds
[629.388s][info ][safepoint    ] Application time: 0.6437045 seconds
[629.389s][info ][safepoint    ] Entering safepoint region: GenCollectForAllocation
[629.389s][info ][gc,start     ] GC(353) Pause Young (Allocation Failure)
[629.389s][info ][gc,task      ] GC(353) Using 4 workers of 4 for evacuation
[629.395s][debug][gc,ref       ] GC(353) Skipped phase1 of Reference Processing due to unavailable references
[629.395s][debug][gc,ref       ] GC(353) Skipped phase2 of Reference Processing due to unavailable references
[629.395s][debug][gc,ref       ] GC(353) Skipped phase3 of Reference Processing due to unavailable references
[629.395s][debug][gc,ref       ] GC(353) Skipped phase4 of Reference Processing due to unavailable references
[629.396s][debug][gc,age       ] GC(353) Desired survivor size 15400960 bytes, new threshold 6 (max threshold 6)
[629.396s][info ][gc,heap      ] GC(353) ParNew: 248731K->5188K(270976K)
[629.396s][info ][gc,heap      ] GC(353) CMS: 370683K->374444K(602112K)
[629.396s][info ][gc,metaspace ] GC(353) Metaspace: 57546K->57546K(1101824K)
[629.396s][info ][gc           ] GC(353) Pause Young (Allocation Failure) 604M->370M(852M) 6.894ms
[629.396s][info ][gc,cpu       ] GC(353) User=0.02s Sys=0.00s Real=0.00s
[629.396s][info ][safepoint    ] Leaving safepoint region
[629.396s][info ][safepoint    ] Total time for which application threads were stopped: 0.0071637 seconds, Stopping threads took: 0.0000191 seconds
[630.396s][info ][safepoint    ] Application time: 1.0001061 seconds
[630.396s][info ][safepoint    ] Entering safepoint region: Cleanup
[630.396s][info ][safepoint    ] Leaving safepoint region
[630.396s][info ][safepoint    ] Total time for which application threads were stopped: 0.0001190 seconds, Stopping threads took: 0.0000514 seconds
[631.396s][info ][safepoint    ] Application time: 1.0001293 seconds
[631.396s][info ][safepoint    ] Entering safepoint region: Cleanup
[631.396s][info ][safepoint    ] Leaving safepoint region
[631.396s][info ][safepoint    ] Total time for which application threads were stopped: 0.0000689 seconds, Stopping threads took: 0.0000185 seconds
[632.140s][info ][safepoint    ] Application time: 0.7440325 seconds
[632.140s][info ][safepoint    ] Entering safepoint region: GenCollectForAllocation
[632.140s][info ][gc,start     ] GC(354) Pause Young (Allocation Failure)
[632.140s][info ][gc,task      ] GC(354) Using 4 workers of 4 for evacuation
[632.143s][debug][gc,ref       ] GC(354) Skipped phase1 of Reference Processing due to unavailable references
[632.143s][debug][gc,ref       ] GC(354) Skipped phase2 of Reference Processing due to unavailable references
[632.143s][debug][gc,ref       ] GC(354) Skipped phase3 of Reference Processing due to unavailable references
[632.143s][debug][gc,ref       ] GC(354) Skipped phase4 of Reference Processing due to unavailable references
[632.143s][debug][gc,age       ] GC(354) Desired survivor size 15400960 bytes, new threshold 6 (max threshold 6)
[632.143s][info ][gc,heap      ] GC(354) ParNew: 246084K->2097K(270976K)
[632.143s][info ][gc,heap      ] GC(354) CMS: 374444K->374499K(602112K)
[632.143s][info ][gc,metaspace ] GC(354) Metaspace: 57546K->57546K(1101824K)
[632.143s][info ][gc           ] GC(354) Pause Young (Allocation Failure) 605M->367M(852M) 3.017ms
[632.143s][info ][gc,cpu       ] GC(354) User=0.01s Sys=0.00s Real=0.00s
[632.143s][info ][safepoint    ] Leaving safepoint region
[632.143s][info ][safepoint    ] Total time for which application threads were stopped: 0.0031773 seconds, Stopping threads took: 0.0000179 seconds
[633.144s][info ][safepoint    ] Application time: 1.0000999 seconds
[633.144s][info ][safepoint    ] Entering safepoint region: Cleanup
[633.144s][info ][safepoint    ] Leaving safepoint region
[633.144s][info ][safepoint    ] Total time for which application threads were stopped: 0.0001769 seconds, Stopping threads took: 0.0000703 seconds
[634.144s][info ][safepoint    ] Application time: 1.0001026 seconds
[634.144s][info ][safepoint    ] Entering safepoint region: Cleanup
[634.144s][info ][safepoint    ] Leaving safepoint region
[634.144s][info ][safepoint    ] Total time for which application threads were stopped: 0.0000811 seconds, Stopping threads took: 0.0000189 seconds
[634.924s][info ][safepoint    ] Application time: 0.7799275 seconds
[634.924s][info ][safepoint    ] Entering safepoint region: GenCollectForAllocation
[634.924s][info ][gc,start     ] GC(355) Pause Young (Allocation Failure)
[634.924s][info ][gc,task      ] GC(355) Using 4 workers of 4 for evacuation
[634.927s][debug][gc,ref       ] GC(355) Skipped phase1 of Reference Processing due to unavailable references
[634.927s][debug][gc,ref       ] GC(355) Skipped phase2 of Reference Processing due to unavailable references
[634.927s][debug][gc,ref       ] GC(355) Skipped phase3 of Reference Processing due to unavailable references
[634.927s][debug][gc,ref       ] GC(355) Skipped phase4 of Reference Processing due to unavailable references
[634.927s][debug][gc,age       ] GC(355) Desired survivor size 15400960 bytes, new threshold 6 (max threshold 6)
[634.927s][info ][gc,heap      ] GC(355) ParNew: 242993K->1920K(270976K)
[634.927s][info ][gc,heap      ] GC(355) CMS: 374499K->374565K(602112K)
[634.927s][info ][gc,metaspace ] GC(355) Metaspace: 57546K->57546K(1101824K)
[634.927s][info ][gc           ] GC(355) Pause Young (Allocation Failure) 603M->367M(852M) 3.039ms
[634.927s][info ][gc,cpu       ] GC(355) User=0.01s Sys=0.00s Real=0.00s
[634.927s][info ][safepoint    ] Leaving safepoint region
[634.927s][info ][safepoint    ] Total time for which application threads were stopped: 0.0031852 seconds, Stopping threads took: 0.0000297 seconds
[635.927s][info ][safepoint    ] Application time: 1.0001179 seconds
[635.927s][info ][safepoint    ] Entering safepoint region: Cleanup
[635.927s][info ][safepoint    ] Leaving safepoint region
[635.927s][info ][safepoint    ] Total time for which application threads were stopped: 0.0000979 seconds, Stopping threads took: 0.0000355 seconds
[636.927s][info ][safepoint    ] Application time: 1.0000974 seconds
[636.928s][info ][safepoint    ] Entering safepoint region: Cleanup
[636.928s][info ][safepoint    ] Leaving safepoint region
[636.928s][info ][safepoint    ] Total time for which application threads were stopped: 0.0001161 seconds, Stopping threads took: 0.0000405 seconds
[637.772s][info ][safepoint    ] Application time: 0.8441741 seconds
[637.772s][info ][safepoint    ] Entering safepoint region: GenCollectForAllocation
[637.772s][info ][gc,start     ] GC(356) Pause Young (Allocation Failure)
[637.772s][info ][gc,task      ] GC(356) Using 4 workers of 4 for evacuation
[637.781s][debug][gc,ref       ] GC(356) Skipped phase1 of Reference Processing due to unavailable references
[637.782s][debug][gc,ref       ] GC(356) Skipped phase2 of Reference Processing due to unavailable references
[637.782s][debug][gc,ref       ] GC(356) Skipped phase3 of Reference Processing due to unavailable references
[637.782s][debug][gc,ref       ] GC(356) Skipped phase4 of Reference Processing due to unavailable references
[637.782s][debug][gc,age       ] GC(356) Desired survivor size 15400960 bytes, new threshold 6 (max threshold 6)
[637.782s][info ][gc,heap      ] GC(356) ParNew: 242816K->2606K(270976K)
[637.782s][info ][gc,heap      ] GC(356) CMS: 374565K->374687K(602112K)
[637.782s][info ][gc,metaspace ] GC(356) Metaspace: 57546K->57546K(1101824K)
[637.782s][info ][gc           ] GC(356) Pause Young (Allocation Failure) 602M->368M(852M) 9.822ms
[637.782s][info ][gc,cpu       ] GC(356) User=0.01s Sys=0.00s Real=0.01s
[637.782s][info ][safepoint    ] Leaving safepoint region
[637.782s][info ][safepoint    ] Total time for which application threads were stopped: 0.0099643 seconds, Stopping threads took: 0.0000176 seconds
[638.782s][info ][safepoint    ] Application time: 1.0000863 seconds
[638.782s][info ][safepoint    ] Entering safepoint region: Cleanup
[638.782s][info ][safepoint    ] Leaving safepoint region
[638.782s][info ][safepoint    ] Total time for which application threads were stopped: 0.0001188 seconds, Stopping threads took: 0.0000534 seconds
[639.782s][info ][safepoint    ] Application time: 1.0001055 seconds
[639.786s][info ][safepoint    ] Entering safepoint region: Cleanup
[639.786s][info ][safepoint    ] Leaving safepoint region
[639.786s][info ][safepoint    ] Total time for which application threads were stopped: 0.0043164 seconds, Stopping threads took: 0.0042512 seconds
[640.638s][info ][safepoint    ] Application time: 0.8516735 seconds
[640.638s][info ][safepoint    ] Entering safepoint region: GenCollectForAllocation
[640.638s][info ][gc,start     ] GC(357) Pause Young (Allocation Failure)
[640.638s][info ][gc,task      ] GC(357) Using 4 workers of 4 for evacuation
[640.648s][debug][gc,ref       ] GC(357) Skipped phase1 of Reference Processing due to unavailable references
[640.648s][debug][gc,ref       ] GC(357) Skipped phase2 of Reference Processing due to unavailable references
[640.648s][debug][gc,ref       ] GC(357) Skipped phase3 of Reference Processing due to unavailable references
[640.648s][debug][gc,ref       ] GC(357) Skipped phase4 of Reference Processing due to unavailable references
[640.648s][debug][gc,age       ] GC(357) Desired survivor size 15400960 bytes, new threshold 6 (max threshold 6)
[640.648s][info ][gc,heap      ] GC(357) ParNew: 243502K->1856K(270976K)
[640.648s][info ][gc,heap      ] GC(357) CMS: 374687K->374825K(602112K)
[640.648s][info ][gc,metaspace ] GC(357) Metaspace: 57546K->57546K(1101824K)
[640.648s][info ][gc           ] GC(357) Pause Young (Allocation Failure) 603M->367M(852M) 9.730ms
[640.648s][info ][gc,cpu       ] GC(357) User=0.01s Sys=0.00s Real=0.01s
[640.648s][info ][safepoint    ] Leaving safepoint region
[640.648s][info ][safepoint    ] Total time for which application threads were stopped: 0.0098966 seconds, Stopping threads took: 0.0000181 seconds
[641.648s][info ][safepoint    ] Application time: 1.0001007 seconds
[641.648s][info ][safepoint    ] Entering safepoint region: Cleanup
[641.648s][info ][safepoint    ] Leaving safepoint region
[641.648s][info ][safepoint    ] Total time for which application threads were stopped: 0.0000739 seconds, Stopping threads took: 0.0000186 seconds
[642.648s][info ][safepoint    ] Application time: 1.0001209 seconds
[642.648s][info ][safepoint    ] Entering safepoint region: Cleanup
[642.648s][info ][safepoint    ] Leaving safepoint region
[642.648s][info ][safepoint    ] Total time for which application threads were stopped: 0.0000727 seconds, Stopping threads took: 0.0000189 seconds
[643.528s][info ][safepoint    ] Application time: 0.8797495 seconds
[643.528s][info ][safepoint    ] Entering safepoint region: GenCollectForAllocation
[643.528s][info ][gc,start     ] GC(358) Pause Young (Allocation Failure)
[643.528s][info ][gc,task      ] GC(358) Using 4 workers of 4 for evacuation
[643.532s][debug][gc,ref       ] GC(358) Skipped phase1 of Reference Processing due to unavailable references
[643.532s][debug][gc,ref       ] GC(358) Skipped phase2 of Reference Processing due to unavailable references
[643.532s][debug][gc,ref       ] GC(358) Skipped phase3 of Reference Processing due to unavailable references
[643.532s][debug][gc,ref       ] GC(358) Skipped phase4 of Reference Processing due to unavailable references
[643.532s][debug][gc,age       ] GC(358) Desired survivor size 15400960 bytes, new threshold 6 (max threshold 6)
[643.532s][info ][gc,heap      ] GC(358) ParNew: 242752K->2459K(270976K)
[643.532s][info ][gc,heap      ] GC(358) CMS: 374825K->374886K(602112K)
[643.532s][info ][gc,metaspace ] GC(358) Metaspace: 57546K->57546K(1101824K)
[643.532s][info ][gc           ] GC(358) Pause Young (Allocation Failure) 603M->368M(852M) 3.967ms
[643.532s][info ][gc,cpu       ] GC(358) User=0.01s Sys=0.00s Real=0.00s
[643.532s][info ][safepoint    ] Leaving safepoint region
[643.532s][info ][safepoint    ] Total time for which application threads were stopped: 0.0041036 seconds, Stopping threads took: 0.0000159 seconds
[644.533s][info ][safepoint    ] Application time: 1.0001713 seconds
[644.533s][info ][safepoint    ] Entering safepoint region: Cleanup
[644.533s][info ][safepoint    ] Leaving safepoint region
[644.533s][info ][safepoint    ] Total time for which application threads were stopped: 0.0001405 seconds, Stopping threads took: 0.0000695 seconds
[645.533s][info ][safepoint    ] Application time: 1.0001102 seconds
[645.533s][info ][safepoint    ] Entering safepoint region: Cleanup
[645.533s][info ][safepoint    ] Leaving safepoint region
[645.533s][info ][safepoint    ] Total time for which application threads were stopped: 0.0001205 seconds, Stopping threads took: 0.0000566 seconds
[646.189s][info ][safepoint    ] Application time: 0.6559292 seconds
[646.189s][info ][safepoint    ] Entering safepoint region: GenCollectForAllocation
[646.189s][info ][gc,start     ] GC(359) Pause Young (Allocation Failure)
[646.189s][info ][gc,task      ] GC(359) Using 4 workers of 4 for evacuation
[646.196s][debug][gc,ref       ] GC(359) Skipped phase1 of Reference Processing due to unavailable references
[646.196s][debug][gc,ref       ] GC(359) Skipped phase2 of Reference Processing due to unavailable references
[646.196s][debug][gc,ref       ] GC(359) Skipped phase3 of Reference Processing due to unavailable references
[646.196s][debug][gc,ref       ] GC(359) Skipped phase4 of Reference Processing due to unavailable references
[646.196s][debug][gc,age       ] GC(359) Desired survivor size 15400960 bytes, new threshold 6 (max threshold 6)
[646.196s][info ][gc,heap      ] GC(359) ParNew: 243355K->2132K(270976K)
[646.196s][info ][gc,heap      ] GC(359) CMS: 374886K->374926K(602112K)
[646.196s][info ][gc,metaspace ] GC(359) Metaspace: 57546K->57546K(1101824K)
[646.196s][info ][gc           ] GC(359) Pause Young (Allocation Failure) 603M->368M(852M) 6.849ms
[646.196s][info ][gc,cpu       ] GC(359) User=0.01s Sys=0.00s Real=0.01s
[646.196s][info ][safepoint    ] Leaving safepoint region
[646.196s][info ][safepoint    ] Total time for which application threads were stopped: 0.0070166 seconds, Stopping threads took: 0.0000402 seconds
[647.196s][info ][safepoint    ] Application time: 1.0001037 seconds
[647.196s][info ][safepoint    ] Entering safepoint region: Cleanup
[647.196s][info ][safepoint    ] Leaving safepoint region
[647.196s][info ][safepoint    ] Total time for which application threads were stopped: 0.0000760 seconds, Stopping threads took: 0.0000200 seconds
[648.196s][info ][safepoint    ] Application time: 1.0000995 seconds
[648.196s][info ][safepoint    ] Entering safepoint region: Cleanup
[648.196s][info ][safepoint    ] Leaving safepoint region
[648.196s][info ][safepoint    ] Total time for which application threads were stopped: 0.0001120 seconds, Stopping threads took: 0.0000525 seconds
[648.828s][info ][safepoint    ] Application time: 0.6317633 seconds
[648.828s][info ][safepoint    ] Entering safepoint region: GenCollectForAllocation
[648.828s][info ][gc,start     ] GC(360) Pause Young (Allocation Failure)
[648.828s][info ][gc,task      ] GC(360) Using 4 workers of 4 for evacuation
[648.831s][debug][gc,ref       ] GC(360) Skipped phase1 of Reference Processing due to unavailable references
[648.831s][debug][gc,ref       ] GC(360) Skipped phase2 of Reference Processing due to unavailable references
[648.831s][debug][gc,ref       ] GC(360) Skipped phase3 of Reference Processing due to unavailable references
[648.831s][debug][gc,ref       ] GC(360) Skipped phase4 of Reference Processing due to unavailable references
[648.831s][debug][gc,age       ] GC(360) Desired survivor size 15400960 bytes, new threshold 6 (max threshold 6)
[648.831s][info ][gc,heap      ] GC(360) ParNew: 243028K->2540K(270976K)
[648.831s][info ][gc,heap      ] GC(360) CMS: 374926K->374957K(602112K)
[648.831s][info ][gc,metaspace ] GC(360) Metaspace: 57546K->57546K(1101824K)
[648.831s][info ][gc           ] GC(360) Pause Young (Allocation Failure) 603M->368M(852M) 2.956ms
[648.831s][info ][gc,cpu       ] GC(360) User=0.01s Sys=0.00s Real=0.00s
[648.831s][info ][safepoint    ] Leaving safepoint region
[648.831s][info ][safepoint    ] Total time for which application threads were stopped: 0.0030993 seconds, Stopping threads took: 0.0000178 seconds
[649.831s][info ][safepoint    ] Application time: 1.0001041 seconds
[649.832s][info ][safepoint    ] Entering safepoint region: Cleanup
[649.832s][info ][safepoint    ] Leaving safepoint region
[649.832s][info ][safepoint    ] Total time for which application threads were stopped: 0.0000972 seconds, Stopping threads took: 0.0000403 seconds
[650.832s][info ][safepoint    ] Application time: 1.0001229 seconds
[650.832s][info ][safepoint    ] Entering safepoint region: Cleanup
[650.832s][info ][safepoint    ] Leaving safepoint region
[650.832s][info ][safepoint    ] Total time for which application threads were stopped: 0.0001287 seconds, Stopping threads took: 0.0000597 seconds
[651.573s][info ][safepoint    ] Application time: 0.7414744 seconds
[651.573s][info ][safepoint    ] Entering safepoint region: GenCollectForAllocation
[651.573s][info ][gc,start     ] GC(361) Pause Young (Allocation Failure)
[651.574s][info ][gc,task      ] GC(361) Using 4 workers of 4 for evacuation
[651.576s][debug][gc,ref       ] GC(361) Skipped phase1 of Reference Processing due to unavailable references
[651.576s][debug][gc,ref       ] GC(361) Skipped phase2 of Reference Processing due to unavailable references
[651.576s][debug][gc,ref       ] GC(361) Skipped phase3 of Reference Processing due to unavailable references
[651.576s][debug][gc,ref       ] GC(361) Skipped phase4 of Reference Processing due to unavailable references
[651.577s][debug][gc,age       ] GC(361) Desired survivor size 15400960 bytes, new threshold 6 (max threshold 6)
[651.577s][info ][gc,heap      ] GC(361) ParNew: 243436K->2393K(270976K)
[651.577s][info ][gc,heap      ] GC(361) CMS: 374957K->375037K(602112K)
[651.577s][info ][gc,metaspace ] GC(361) Metaspace: 57546K->57546K(1101824K)
[651.577s][info ][gc           ] GC(361) Pause Young (Allocation Failure) 603M->368M(852M) 3.133ms
[651.577s][info ][gc,cpu       ] GC(361) User=0.01s Sys=0.00s Real=0.01s
[651.577s][info ][safepoint    ] Leaving safepoint region
[651.577s][info ][safepoint    ] Total time for which application threads were stopped: 0.0032759 seconds, Stopping threads took: 0.0000182 seconds
[652.577s][info ][safepoint    ] Application time: 1.0001549 seconds
[652.577s][info ][safepoint    ] Entering safepoint region: Cleanup
[652.577s][info ][safepoint    ] Leaving safepoint region
[652.577s][info ][safepoint    ] Total time for which application threads were stopped: 0.0001400 seconds, Stopping threads took: 0.0000574 seconds
[652.870s][info ][safepoint    ] Application time: 0.2930919 seconds
[652.870s][info ][safepoint    ] Entering safepoint region: GenCollectForAllocation
[652.870s][info ][gc,start     ] GC(362) Pause Young (Allocation Failure)
[652.870s][info ][gc,task      ] GC(362) Using 4 workers of 4 for evacuation
[652.884s][debug][gc,ref       ] GC(362) Skipped phase1 of Reference Processing due to unavailable references
[652.884s][debug][gc,ref       ] GC(362) Skipped phase2 of Reference Processing due to unavailable references
[652.884s][debug][gc,ref       ] GC(362) Skipped phase3 of Reference Processing due to unavailable references
[652.884s][debug][gc,ref       ] GC(362) Skipped phase4 of Reference Processing due to unavailable references
[652.885s][debug][gc,age       ] GC(362) Desired survivor size 15400960 bytes, new threshold 1 (max threshold 6)
[652.885s][info ][gc,heap      ] GC(362) ParNew: 243289K->25758K(270976K)
[652.885s][info ][gc,heap      ] GC(362) CMS: 375037K->375136K(602112K)
[652.885s][info ][gc,metaspace ] GC(362) Metaspace: 57550K->57550K(1101824K)
[652.885s][info ][gc           ] GC(362) Pause Young (Allocation Failure) 603M->391M(852M) 14.330ms
[652.885s][info ][gc,cpu       ] GC(362) User=0.06s Sys=0.00s Real=0.02s
[652.885s][info ][safepoint    ] Leaving safepoint region
[652.885s][info ][safepoint    ] Total time for which application threads were stopped: 0.0145213 seconds, Stopping threads took: 0.0000571 seconds
[653.885s][info ][safepoint    ] Application time: 1.0000958 seconds
[653.885s][info ][safepoint    ] Entering safepoint region: Cleanup
[653.885s][info ][safepoint    ] Leaving safepoint region
[653.885s][info ][safepoint    ] Total time for which application threads were stopped: 0.0001287 seconds, Stopping threads took: 0.0000399 seconds
[654.393s][info ][safepoint    ] Application time: 0.5079112 seconds
[654.393s][info ][safepoint    ] Entering safepoint region: GenCollectForAllocation
[654.393s][info ][gc,start     ] GC(363) Pause Young (Allocation Failure)
[654.393s][info ][gc,task      ] GC(363) Using 4 workers of 4 for evacuation
[654.404s][debug][gc,ref       ] GC(363) Skipped phase1 of Reference Processing due to unavailable references
[654.404s][debug][gc,ref       ] GC(363) Skipped phase2 of Reference Processing due to unavailable references
[654.404s][debug][gc,ref       ] GC(363) Skipped phase3 of Reference Processing due to unavailable references
[654.404s][debug][gc,ref       ] GC(363) Skipped phase4 of Reference Processing due to unavailable references
[654.404s][debug][gc,age       ] GC(363) Desired survivor size 15400960 bytes, new threshold 6 (max threshold 6)
[654.404s][info ][gc,heap      ] GC(363) ParNew: 266654K->19496K(270976K)
[654.404s][info ][gc,heap      ] GC(363) CMS: 375136K->376285K(602112K)
[654.404s][info ][gc,metaspace ] GC(363) Metaspace: 57553K->57553K(1101824K)
[654.404s][info ][gc           ] GC(363) Pause Young (Allocation Failure) 626M->386M(852M) 11.517ms
[654.404s][info ][gc,cpu       ] GC(363) User=0.01s Sys=0.00s Real=0.02s
[654.404s][info ][safepoint    ] Leaving safepoint region
[654.404s][info ][safepoint    ] Total time for which application threads were stopped: 0.0116652 seconds, Stopping threads took: 0.0000165 seconds
[655.405s][info ][safepoint    ] Application time: 1.0001002 seconds
[655.405s][info ][safepoint    ] Entering safepoint region: Cleanup
[655.405s][info ][safepoint    ] Leaving safepoint region
[655.405s][info ][safepoint    ] Total time for which application threads were stopped: 0.0000787 seconds, Stopping threads took: 0.0000186 seconds
[656.405s][info ][safepoint    ] Application time: 1.0000846 seconds
[656.405s][info ][safepoint    ] Entering safepoint region: Cleanup
[656.405s][info ][safepoint    ] Leaving safepoint region
[656.405s][info ][safepoint    ] Total time for which application threads were stopped: 0.0000968 seconds, Stopping threads took: 0.0000359 seconds
[657.084s][info ][safepoint    ] Application time: 0.6794289 seconds
[657.084s][info ][safepoint    ] Entering safepoint region: GenCollectForAllocation
[657.085s][info ][gc,start     ] GC(364) Pause Young (Allocation Failure)
[657.085s][info ][gc,task      ] GC(364) Using 4 workers of 4 for evacuation
[657.087s][debug][gc,ref       ] GC(364) Skipped phase1 of Reference Processing due to unavailable references
[657.087s][debug][gc,ref       ] GC(364) Skipped phase2 of Reference Processing due to unavailable references
[657.087s][debug][gc,ref       ] GC(364) Skipped phase3 of Reference Processing due to unavailable references
[657.087s][debug][gc,ref       ] GC(364) Skipped phase4 of Reference Processing due to unavailable references
[657.087s][debug][gc,age       ] GC(364) Desired survivor size 15400960 bytes, new threshold 6 (max threshold 6)
[657.087s][info ][gc,heap      ] GC(364) ParNew: 260392K->5080K(270976K)
[657.087s][info ][gc,heap      ] GC(364) CMS: 376285K->376285K(602112K)
[657.087s][info ][gc,metaspace ] GC(364) Metaspace: 57553K->57553K(1101824K)
[657.087s][info ][gc           ] GC(364) Pause Young (Allocation Failure) 621M->372M(852M) 2.773ms
[657.087s][info ][gc,cpu       ] GC(364) User=0.01s Sys=0.00s Real=0.00s
[657.087s][info ][safepoint    ] Leaving safepoint region
[657.087s][info ][safepoint    ] Total time for which application threads were stopped: 0.0029158 seconds, Stopping threads took: 0.0000175 seconds
[658.087s][info ][safepoint    ] Application time: 1.0001398 seconds
[658.088s][info ][safepoint    ] Entering safepoint region: Cleanup
[658.088s][info ][safepoint    ] Leaving safepoint region
[658.088s][info ][safepoint    ] Total time for which application threads were stopped: 0.0001220 seconds, Stopping threads took: 0.0000539 seconds
[659.088s][info ][safepoint    ] Application time: 1.0000959 seconds
[659.088s][info ][safepoint    ] Entering safepoint region: Cleanup
[659.088s][info ][safepoint    ] Leaving safepoint region
[659.088s][info ][safepoint    ] Total time for which application threads were stopped: 0.0000762 seconds, Stopping threads took: 0.0000176 seconds
[659.732s][info ][safepoint    ] Application time: 0.6437497 seconds
[659.732s][info ][safepoint    ] Entering safepoint region: GenCollectForAllocation
[659.732s][info ][gc,start     ] GC(365) Pause Young (Allocation Failure)
[659.732s][info ][gc,task      ] GC(365) Using 4 workers of 4 for evacuation
[659.735s][debug][gc,ref       ] GC(365) Skipped phase1 of Reference Processing due to unavailable references
[659.735s][debug][gc,ref       ] GC(365) Skipped phase2 of Reference Processing due to unavailable references
[659.735s][debug][gc,ref       ] GC(365) Skipped phase3 of Reference Processing due to unavailable references
[659.735s][debug][gc,ref       ] GC(365) Skipped phase4 of Reference Processing due to unavailable references
[659.735s][debug][gc,age       ] GC(365) Desired survivor size 15400960 bytes, new threshold 6 (max threshold 6)
[659.735s][info ][gc,heap      ] GC(365) ParNew: 245976K->3542K(270976K)
[659.735s][info ][gc,heap      ] GC(365) CMS: 376285K->376285K(602112K)
[659.735s][info ][gc,metaspace ] GC(365) Metaspace: 57553K->57553K(1101824K)
[659.735s][info ][gc           ] GC(365) Pause Young (Allocation Failure) 607M->370M(852M) 3.176ms
[659.735s][info ][gc,cpu       ] GC(365) User=0.01s Sys=0.00s Real=0.00s
[659.735s][info ][safepoint    ] Leaving safepoint region
[659.735s][info ][safepoint    ] Total time for which application threads were stopped: 0.0033713 seconds, Stopping threads took: 0.0000161 seconds
[660.735s][info ][safepoint    ] Application time: 1.0001029 seconds
[660.739s][info ][safepoint    ] Entering safepoint region: Cleanup
[660.739s][info ][safepoint    ] Leaving safepoint region
[660.739s][info ][safepoint    ] Total time for which application threads were stopped: 0.0042783 seconds, Stopping threads took: 0.0042068 seconds
[661.740s][info ][safepoint    ] Application time: 1.0001362 seconds
[661.740s][info ][safepoint    ] Entering safepoint region: Cleanup
[661.740s][info ][safepoint    ] Leaving safepoint region
[661.740s][info ][safepoint    ] Total time for which application threads were stopped: 0.0001782 seconds, Stopping threads took: 0.0000870 seconds
[662.530s][info ][safepoint    ] Application time: 0.7898099 seconds
[662.530s][info ][safepoint    ] Entering safepoint region: GenCollectForAllocation
[662.530s][info ][gc,start     ] GC(366) Pause Young (Allocation Failure)
[662.530s][info ][gc,task      ] GC(366) Using 4 workers of 4 for evacuation
[662.537s][debug][gc,ref       ] GC(366) Skipped phase1 of Reference Processing due to unavailable references
[662.537s][debug][gc,ref       ] GC(366) Skipped phase2 of Reference Processing due to unavailable references
[662.537s][debug][gc,ref       ] GC(366) Skipped phase3 of Reference Processing due to unavailable references
[662.537s][debug][gc,ref       ] GC(366) Skipped phase4 of Reference Processing due to unavailable references
[662.537s][debug][gc,age       ] GC(366) Desired survivor size 15400960 bytes, new threshold 6 (max threshold 6)
[662.537s][info ][gc,heap      ] GC(366) ParNew: 244438K->2848K(270976K)
[662.537s][info ][gc,heap      ] GC(366) CMS: 376285K->376285K(602112K)
[662.537s][info ][gc,metaspace ] GC(366) Metaspace: 57564K->57564K(1101824K)
[662.537s][info ][gc           ] GC(366) Pause Young (Allocation Failure) 606M->370M(852M) 7.195ms
[662.537s][info ][gc,cpu       ] GC(366) User=0.01s Sys=0.00s Real=0.01s
[662.537s][info ][safepoint    ] Leaving safepoint region
[662.537s][info ][safepoint    ] Total time for which application threads were stopped: 0.0073514 seconds, Stopping threads took: 0.0000166 seconds
[663.537s][info ][safepoint    ] Application time: 1.0000982 seconds
[663.537s][info ][safepoint    ] Entering safepoint region: Cleanup
[663.537s][info ][safepoint    ] Leaving safepoint region
[663.537s][info ][safepoint    ] Total time for which application threads were stopped: 0.0001664 seconds, Stopping threads took: 0.0000817 seconds
[664.537s][info ][safepoint    ] Application time: 1.0000991 seconds
[664.537s][info ][safepoint    ] Entering safepoint region: Cleanup
[664.537s][info ][safepoint    ] Leaving safepoint region
[664.537s][info ][safepoint    ] Total time for which application threads were stopped: 0.0001141 seconds, Stopping threads took: 0.0000567 seconds
[664.937s][info ][safepoint    ] Application time: 0.3998303 seconds
[664.937s][info ][safepoint    ] Entering safepoint region: GenCollectForAllocation
[664.937s][info ][gc,start     ] GC(367) Pause Young (Allocation Failure)
[664.937s][info ][gc,task      ] GC(367) Using 4 workers of 4 for evacuation
[664.941s][debug][gc,ref       ] GC(367) Skipped phase1 of Reference Processing due to unavailable references
[664.941s][debug][gc,ref       ] GC(367) Skipped phase2 of Reference Processing due to unavailable references
[664.941s][debug][gc,ref       ] GC(367) Skipped phase3 of Reference Processing due to unavailable references
[664.941s][debug][gc,ref       ] GC(367) Skipped phase4 of Reference Processing due to unavailable references
[664.941s][debug][gc,age       ] GC(367) Desired survivor size 15400960 bytes, new threshold 6 (max threshold 6)
[664.941s][info ][gc,heap      ] GC(367) ParNew: 243744K->3728K(270976K)
[664.941s][info ][gc,heap      ] GC(367) CMS: 376285K->376285K(602112K)
[664.941s][info ][gc,metaspace ] GC(367) Metaspace: 57564K->57564K(1101824K)
[664.941s][info ][gc           ] GC(367) Pause Young (Allocation Failure) 605M->371M(852M) 3.424ms
[664.941s][info ][gc,cpu       ] GC(367) User=0.01s Sys=0.00s Real=0.00s
[664.941s][info ][safepoint    ] Leaving safepoint region
[664.941s][info ][safepoint    ] Total time for which application threads were stopped: 0.0035827 seconds, Stopping threads took: 0.0000182 seconds
[665.941s][info ][safepoint    ] Application time: 1.0001005 seconds
[665.941s][info ][safepoint    ] Entering safepoint region: Cleanup
[665.941s][info ][safepoint    ] Leaving safepoint region
[665.941s][info ][safepoint    ] Total time for which application threads were stopped: 0.0001320 seconds, Stopping threads took: 0.0000426 seconds
[666.941s][info ][safepoint    ] Application time: 1.0000823 seconds
[666.941s][info ][safepoint    ] Entering safepoint region: Cleanup
[666.941s][info ][safepoint    ] Leaving safepoint region
[666.941s][info ][safepoint    ] Total time for which application threads were stopped: 0.0001072 seconds, Stopping threads took: 0.0000411 seconds
[667.584s][info ][safepoint    ] Application time: 0.6426299 seconds
[667.584s][info ][safepoint    ] Entering safepoint region: GenCollectForAllocation
[667.584s][info ][gc,start     ] GC(368) Pause Young (Allocation Failure)
[667.584s][info ][gc,task      ] GC(368) Using 4 workers of 4 for evacuation
[667.587s][debug][gc,ref       ] GC(368) Skipped phase1 of Reference Processing due to unavailable references
[667.587s][debug][gc,ref       ] GC(368) Skipped phase2 of Reference Processing due to unavailable references
[667.587s][debug][gc,ref       ] GC(368) Skipped phase3 of Reference Processing due to unavailable references
[667.587s][debug][gc,ref       ] GC(368) Skipped phase4 of Reference Processing due to unavailable references
[667.588s][debug][gc,age       ] GC(368) Desired survivor size 15400960 bytes, new threshold 6 (max threshold 6)
[667.588s][info ][gc,heap      ] GC(368) ParNew: 244624K->3813K(270976K)
[667.588s][info ][gc,heap      ] GC(368) CMS: 376285K->376285K(602112K)
[667.588s][info ][gc,metaspace ] GC(368) Metaspace: 57564K->57564K(1101824K)
[667.588s][info ][gc           ] GC(368) Pause Young (Allocation Failure) 606M->371M(852M) 3.371ms
[667.588s][info ][gc,cpu       ] GC(368) User=0.01s Sys=0.00s Real=0.00s
[667.588s][info ][safepoint    ] Leaving safepoint region
[667.588s][info ][safepoint    ] Total time for which application threads were stopped: 0.0035242 seconds, Stopping threads took: 0.0000183 seconds
[668.588s][info ][safepoint    ] Application time: 1.0000987 seconds
[668.588s][info ][safepoint    ] Entering safepoint region: Cleanup
[668.588s][info ][safepoint    ] Leaving safepoint region
[668.588s][info ][safepoint    ] Total time for which application threads were stopped: 0.0002555 seconds, Stopping threads took: 0.0000748 seconds
[669.588s][info ][safepoint    ] Application time: 1.0001325 seconds
[669.588s][info ][safepoint    ] Entering safepoint region: Cleanup
[669.588s][info ][safepoint    ] Leaving safepoint region
[669.588s][info ][safepoint    ] Total time for which application threads were stopped: 0.0002093 seconds, Stopping threads took: 0.0001305 seconds
[670.236s][info ][safepoint    ] Application time: 0.6474006 seconds
[670.236s][info ][safepoint    ] Entering safepoint region: GenCollectForAllocation
[670.236s][info ][gc,start     ] GC(369) Pause Young (Allocation Failure)
[670.236s][info ][gc,task      ] GC(369) Using 4 workers of 4 for evacuation
[670.239s][debug][gc,ref       ] GC(369) Skipped phase1 of Reference Processing due to unavailable references
[670.239s][debug][gc,ref       ] GC(369) Skipped phase2 of Reference Processing due to unavailable references
[670.239s][debug][gc,ref       ] GC(369) Skipped phase3 of Reference Processing due to unavailable references
[670.239s][debug][gc,ref       ] GC(369) Skipped phase4 of Reference Processing due to unavailable references
[670.239s][debug][gc,age       ] GC(369) Desired survivor size 15400960 bytes, new threshold 6 (max threshold 6)
[670.240s][info ][gc,heap      ] GC(369) ParNew: 244709K->3956K(270976K)
[670.240s][info ][gc,heap      ] GC(369) CMS: 376285K->376387K(602112K)
[670.240s][info ][gc,metaspace ] GC(369) Metaspace: 57564K->57564K(1101824K)
[670.240s][info ][gc           ] GC(369) Pause Young (Allocation Failure) 606M->371M(852M) 3.518ms
[670.240s][info ][gc,cpu       ] GC(369) User=0.01s Sys=0.00s Real=0.00s
[670.240s][info ][safepoint    ] Leaving safepoint region
[670.240s][info ][safepoint    ] Total time for which application threads were stopped: 0.0037454 seconds, Stopping threads took: 0.0000995 seconds
[671.240s][info ][safepoint    ] Application time: 1.0007597 seconds
[671.240s][info ][safepoint    ] Entering safepoint region: Cleanup
[671.240s][info ][safepoint    ] Leaving safepoint region
[671.240s][info ][safepoint    ] Total time for which application threads were stopped: 0.0000737 seconds, Stopping threads took: 0.0000183 seconds
[672.241s][info ][safepoint    ] Application time: 1.0001293 seconds
[672.241s][info ][safepoint    ] Entering safepoint region: Cleanup
[672.241s][info ][safepoint    ] Leaving safepoint region
[672.241s][info ][safepoint    ] Total time for which application threads were stopped: 0.0000688 seconds, Stopping threads took: 0.0000165 seconds
[672.878s][info ][safepoint    ] Application time: 0.6369127 seconds
[672.878s][info ][safepoint    ] Entering safepoint region: GenCollectForAllocation
[672.878s][info ][gc,start     ] GC(370) Pause Young (Allocation Failure)
[672.878s][info ][gc,task      ] GC(370) Using 4 workers of 4 for evacuation
[672.881s][debug][gc,ref       ] GC(370) Skipped phase1 of Reference Processing due to unavailable references
[672.881s][debug][gc,ref       ] GC(370) Skipped phase2 of Reference Processing due to unavailable references
[672.881s][debug][gc,ref       ] GC(370) Skipped phase3 of Reference Processing due to unavailable references
[672.881s][debug][gc,ref       ] GC(370) Skipped phase4 of Reference Processing due to unavailable references
[672.881s][debug][gc,age       ] GC(370) Desired survivor size 15400960 bytes, new threshold 6 (max threshold 6)
[672.881s][info ][gc,heap      ] GC(370) ParNew: 244852K->4133K(270976K)
[672.881s][info ][gc,heap      ] GC(370) CMS: 376387K->376440K(602112K)
[672.881s][info ][gc,metaspace ] GC(370) Metaspace: 57564K->57564K(1101824K)
[672.881s][info ][gc           ] GC(370) Pause Young (Allocation Failure) 606M->371M(852M) 3.462ms
[672.881s][info ][gc,cpu       ] GC(370) User=0.01s Sys=0.00s Real=0.00s
[672.881s][info ][safepoint    ] Leaving safepoint region
[672.881s][info ][safepoint    ] Total time for which application threads were stopped: 0.0036078 seconds, Stopping threads took: 0.0000152 seconds
[673.881s][info ][safepoint    ] Application time: 1.0000942 seconds
[673.881s][info ][safepoint    ] Entering safepoint region: Cleanup
[673.882s][info ][safepoint    ] Leaving safepoint region
[673.882s][info ][safepoint    ] Total time for which application threads were stopped: 0.0001575 seconds, Stopping threads took: 0.0000782 seconds
[674.882s][info ][safepoint    ] Application time: 1.0000999 seconds
[674.882s][info ][safepoint    ] Entering safepoint region: Cleanup
[674.882s][info ][safepoint    ] Leaving safepoint region
[674.882s][info ][safepoint    ] Total time for which application threads were stopped: 0.0001126 seconds, Stopping threads took: 0.0000416 seconds
[675.472s][info ][safepoint    ] Application time: 0.5903819 seconds
[675.472s][info ][safepoint    ] Entering safepoint region: GenCollectForAllocation
[675.472s][info ][gc,start     ] GC(371) Pause Young (Allocation Failure)
[675.472s][info ][gc,task      ] GC(371) Using 4 workers of 4 for evacuation
[675.476s][debug][gc,ref       ] GC(371) Skipped phase1 of Reference Processing due to unavailable references
[675.476s][debug][gc,ref       ] GC(371) Skipped phase2 of Reference Processing due to unavailable references
[675.476s][debug][gc,ref       ] GC(371) Skipped phase3 of Reference Processing due to unavailable references
[675.476s][debug][gc,ref       ] GC(371) Skipped phase4 of Reference Processing due to unavailable references
[675.476s][debug][gc,age       ] GC(371) Desired survivor size 15400960 bytes, new threshold 6 (max threshold 6)
[675.476s][info ][gc,heap      ] GC(371) ParNew: 245029K->2813K(270976K)
[675.476s][info ][gc,heap      ] GC(371) CMS: 376440K->377495K(602112K)
[675.476s][info ][gc,metaspace ] GC(371) Metaspace: 57564K->57564K(1101824K)
[675.476s][info ][gc           ] GC(371) Pause Young (Allocation Failure) 606M->371M(852M) 3.835ms
[675.476s][info ][gc,cpu       ] GC(371) User=0.01s Sys=0.00s Real=0.01s
[675.476s][info ][safepoint    ] Leaving safepoint region
[675.476s][info ][safepoint    ] Total time for which application threads were stopped: 0.0039942 seconds, Stopping threads took: 0.0000176 seconds
[676.476s][info ][safepoint    ] Application time: 1.0000972 seconds
[676.476s][info ][safepoint    ] Entering safepoint region: Cleanup
[676.476s][info ][safepoint    ] Leaving safepoint region
[676.476s][info ][safepoint    ] Total time for which application threads were stopped: 0.0001290 seconds, Stopping threads took: 0.0000605 seconds
[677.477s][info ][safepoint    ] Application time: 1.0001077 seconds
[677.477s][info ][safepoint    ] Entering safepoint region: Cleanup
[677.477s][info ][safepoint    ] Leaving safepoint region
[677.477s][info ][safepoint    ] Total time for which application threads were stopped: 0.0001252 seconds, Stopping threads took: 0.0000536 seconds
[678.191s][info ][safepoint    ] Application time: 0.7137502 seconds
[678.191s][info ][safepoint    ] Entering safepoint region: GenCollectForAllocation
[678.191s][info ][gc,start     ] GC(372) Pause Young (Allocation Failure)
[678.191s][info ][gc,task      ] GC(372) Using 4 workers of 4 for evacuation
[678.194s][debug][gc,ref       ] GC(372) Skipped phase1 of Reference Processing due to unavailable references
[678.194s][debug][gc,ref       ] GC(372) Skipped phase2 of Reference Processing due to unavailable references
[678.194s][debug][gc,ref       ] GC(372) Skipped phase3 of Reference Processing due to unavailable references
[678.194s][debug][gc,ref       ] GC(372) Skipped phase4 of Reference Processing due to unavailable references
[678.194s][debug][gc,age       ] GC(372) Desired survivor size 15400960 bytes, new threshold 6 (max threshold 6)
[678.194s][info ][gc,heap      ] GC(372) ParNew: 243709K->2183K(270976K)
[678.194s][info ][gc,heap      ] GC(372) CMS: 377495K->377615K(602112K)
[678.194s][info ][gc,metaspace ] GC(372) Metaspace: 57565K->57565K(1101824K)
[678.194s][info ][gc           ] GC(372) Pause Young (Allocation Failure) 606M->370M(852M) 3.217ms
[678.194s][info ][gc,cpu       ] GC(372) User=0.02s Sys=0.00s Real=0.00s
[678.194s][info ][safepoint    ] Leaving safepoint region
[678.194s][info ][safepoint    ] Total time for which application threads were stopped: 0.0033625 seconds, Stopping threads took: 0.0000182 seconds
[679.194s][info ][safepoint    ] Application time: 1.0001383 seconds
[679.194s][info ][safepoint    ] Entering safepoint region: Cleanup
[679.194s][info ][safepoint    ] Leaving safepoint region
[679.194s][info ][safepoint    ] Total time for which application threads were stopped: 0.0000872 seconds, Stopping threads took: 0.0000320 seconds
[680.194s][info ][safepoint    ] Application time: 1.0000966 seconds
[680.194s][info ][safepoint    ] Entering safepoint region: Cleanup
[680.194s][info ][safepoint    ] Leaving safepoint region
[680.194s][info ][safepoint    ] Total time for which application threads were stopped: 0.0000773 seconds, Stopping threads took: 0.0000182 seconds
[680.936s][info ][safepoint    ] Application time: 0.7420770 seconds
[680.937s][info ][safepoint    ] Entering safepoint region: GenCollectForAllocation
[680.937s][info ][gc,start     ] GC(373) Pause Young (Allocation Failure)
[680.937s][info ][gc,task      ] GC(373) Using 4 workers of 4 for evacuation
[680.940s][debug][gc,ref       ] GC(373) Skipped phase1 of Reference Processing due to unavailable references
[680.940s][debug][gc,ref       ] GC(373) Skipped phase2 of Reference Processing due to unavailable references
[680.940s][debug][gc,ref       ] GC(373) Skipped phase3 of Reference Processing due to unavailable references
[680.940s][debug][gc,ref       ] GC(373) Skipped phase4 of Reference Processing due to unavailable references
[680.940s][debug][gc,age       ] GC(373) Desired survivor size 15400960 bytes, new threshold 6 (max threshold 6)
[680.940s][info ][gc,heap      ] GC(373) ParNew: 243079K->2353K(270976K)
[680.940s][info ][gc,heap      ] GC(373) CMS: 377615K->377916K(602112K)
[680.940s][info ][gc,metaspace ] GC(373) Metaspace: 57565K->57565K(1101824K)
[680.940s][info ][gc           ] GC(373) Pause Young (Allocation Failure) 606M->371M(852M) 3.599ms
[680.940s][info ][gc,cpu       ] GC(373) User=0.01s Sys=0.00s Real=0.00s
[680.940s][info ][safepoint    ] Leaving safepoint region
[680.940s][info ][safepoint    ] Total time for which application threads were stopped: 0.0037437 seconds, Stopping threads took: 0.0000181 seconds
[681.940s][info ][safepoint    ] Application time: 1.0001118 seconds
[681.940s][info ][safepoint    ] Entering safepoint region: Cleanup
[681.941s][info ][safepoint    ] Leaving safepoint region
[681.941s][info ][safepoint    ] Total time for which application threads were stopped: 0.0000871 seconds, Stopping threads took: 0.0000328 seconds
[682.941s][info ][safepoint    ] Application time: 1.0001408 seconds
[682.941s][info ][safepoint    ] Entering safepoint region: Cleanup
[682.941s][info ][safepoint    ] Leaving safepoint region
[682.941s][info ][safepoint    ] Total time for which application threads were stopped: 0.0001378 seconds, Stopping threads took: 0.0000693 seconds
[683.584s][info ][safepoint    ] Application time: 0.6431001 seconds
[683.584s][info ][safepoint    ] Entering safepoint region: GenCollectForAllocation
[683.584s][info ][gc,start     ] GC(374) Pause Young (Allocation Failure)
[683.584s][info ][gc,task      ] GC(374) Using 4 workers of 4 for evacuation
[683.588s][debug][gc,ref       ] GC(374) Skipped phase1 of Reference Processing due to unavailable references
[683.588s][debug][gc,ref       ] GC(374) Skipped phase2 of Reference Processing due to unavailable references
[683.588s][debug][gc,ref       ] GC(374) Skipped phase3 of Reference Processing due to unavailable references
[683.588s][debug][gc,ref       ] GC(374) Skipped phase4 of Reference Processing due to unavailable references
[683.588s][debug][gc,age       ] GC(374) Desired survivor size 15400960 bytes, new threshold 6 (max threshold 6)
[683.588s][info ][gc,heap      ] GC(374) ParNew: 243249K->2476K(270976K)
[683.588s][info ][gc,heap      ] GC(374) CMS: 377916K->378048K(602112K)
[683.588s][info ][gc,metaspace ] GC(374) Metaspace: 57565K->57565K(1101824K)
[683.588s][info ][gc           ] GC(374) Pause Young (Allocation Failure) 606M->371M(852M) 4.085ms
[683.588s][info ][gc,cpu       ] GC(374) User=0.01s Sys=0.00s Real=0.00s
[683.588s][info ][safepoint    ] Leaving safepoint region
[683.588s][info ][safepoint    ] Total time for which application threads were stopped: 0.0042348 seconds, Stopping threads took: 0.0000302 seconds
[684.588s][info ][safepoint    ] Application time: 1.0001079 seconds
[684.588s][info ][safepoint    ] Entering safepoint region: Cleanup
[684.589s][info ][safepoint    ] Leaving safepoint region
[684.589s][info ][safepoint    ] Total time for which application threads were stopped: 0.0001449 seconds, Stopping threads took: 0.0000735 seconds
[685.589s][info ][safepoint    ] Application time: 1.0001395 seconds
[685.589s][info ][safepoint    ] Entering safepoint region: Cleanup
[685.589s][info ][safepoint    ] Leaving safepoint region
[685.589s][info ][safepoint    ] Total time for which application threads were stopped: 0.0000693 seconds, Stopping threads took: 0.0000174 seconds
[686.328s][info ][safepoint    ] Application time: 0.7393025 seconds
[686.328s][info ][safepoint    ] Entering safepoint region: GenCollectForAllocation
[686.328s][info ][gc,start     ] GC(375) Pause Young (Allocation Failure)
[686.328s][info ][gc,task      ] GC(375) Using 4 workers of 4 for evacuation
[686.331s][debug][gc,ref       ] GC(375) Skipped phase1 of Reference Processing due to unavailable references
[686.331s][debug][gc,ref       ] GC(375) Skipped phase2 of Reference Processing due to unavailable references
[686.331s][debug][gc,ref       ] GC(375) Skipped phase3 of Reference Processing due to unavailable references
[686.331s][debug][gc,ref       ] GC(375) Skipped phase4 of Reference Processing due to unavailable references
[686.331s][debug][gc,age       ] GC(375) Desired survivor size 15400960 bytes, new threshold 6 (max threshold 6)
[686.331s][info ][gc,heap      ] GC(375) ParNew: 243372K->2402K(270976K)
[686.331s][info ][gc,heap      ] GC(375) CMS: 378048K->378123K(602112K)
[686.331s][info ][gc,metaspace ] GC(375) Metaspace: 57565K->57565K(1101824K)
[686.331s][info ][gc           ] GC(375) Pause Young (Allocation Failure) 606M->371M(852M) 3.124ms
[686.331s][info ][gc,cpu       ] GC(375) User=0.01s Sys=0.00s Real=0.00s
[686.331s][info ][safepoint    ] Leaving safepoint region
[686.331s][info ][safepoint    ] Total time for which application threads were stopped: 0.0032864 seconds, Stopping threads took: 0.0000158 seconds
[687.332s][info ][safepoint    ] Application time: 1.0000998 seconds
[687.332s][info ][safepoint    ] Entering safepoint region: Cleanup
[687.332s][info ][safepoint    ] Leaving safepoint region
[687.332s][info ][safepoint    ] Total time for which application threads were stopped: 0.0001465 seconds, Stopping threads took: 0.0000422 seconds
[688.332s][info ][safepoint    ] Application time: 1.0002222 seconds
[688.332s][info ][safepoint    ] Entering safepoint region: Cleanup
[688.332s][info ][safepoint    ] Leaving safepoint region
[688.332s][info ][safepoint    ] Total time for which application threads were stopped: 0.0001144 seconds, Stopping threads took: 0.0000391 seconds
[689.083s][info ][safepoint    ] Application time: 0.7505454 seconds
[689.083s][info ][safepoint    ] Entering safepoint region: GenCollectForAllocation
[689.083s][info ][gc,start     ] GC(376) Pause Young (Allocation Failure)
[689.083s][info ][gc,task      ] GC(376) Using 4 workers of 4 for evacuation
[689.086s][debug][gc,ref       ] GC(376) Skipped phase1 of Reference Processing due to unavailable references
[689.086s][debug][gc,ref       ] GC(376) Skipped phase2 of Reference Processing due to unavailable references
[689.086s][debug][gc,ref       ] GC(376) Skipped phase3 of Reference Processing due to unavailable references
[689.086s][debug][gc,ref       ] GC(376) Skipped phase4 of Reference Processing due to unavailable references
[689.086s][debug][gc,age       ] GC(376) Desired survivor size 15400960 bytes, new threshold 6 (max threshold 6)
[689.086s][info ][gc,heap      ] GC(376) ParNew: 243298K->2354K(270976K)
[689.086s][info ][gc,heap      ] GC(376) CMS: 378123K->378198K(602112K)
[689.086s][info ][gc,metaspace ] GC(376) Metaspace: 57565K->57565K(1101824K)
[689.086s][info ][gc           ] GC(376) Pause Young (Allocation Failure) 606M->371M(852M) 3.018ms
[689.086s][info ][gc,cpu       ] GC(376) User=0.01s Sys=0.00s Real=0.01s
[689.086s][info ][safepoint    ] Leaving safepoint region
[689.086s][info ][safepoint    ] Total time for which application threads were stopped: 0.0031575 seconds, Stopping threads took: 0.0000179 seconds
[690.086s][info ][safepoint    ] Application time: 1.0000927 seconds
[690.086s][info ][safepoint    ] Entering safepoint region: Cleanup
[690.086s][info ][safepoint    ] Leaving safepoint region
[690.086s][info ][safepoint    ] Total time for which application threads were stopped: 0.0000813 seconds, Stopping threads took: 0.0000172 seconds
[691.086s][info ][safepoint    ] Application time: 1.0000827 seconds
[691.086s][info ][safepoint    ] Entering safepoint region: Cleanup
[691.086s][info ][safepoint    ] Leaving safepoint region
[691.086s][info ][safepoint    ] Total time for which application threads were stopped: 0.0000702 seconds, Stopping threads took: 0.0000177 seconds
[691.832s][info ][safepoint    ] Application time: 0.7461272 seconds
[691.832s][info ][safepoint    ] Entering safepoint region: GenCollectForAllocation
[691.833s][info ][gc,start     ] GC(377) Pause Young (Allocation Failure)
[691.833s][info ][gc,task      ] GC(377) Using 4 workers of 4 for evacuation
[691.836s][debug][gc,ref       ] GC(377) Skipped phase1 of Reference Processing due to unavailable references
[691.836s][debug][gc,ref       ] GC(377) Skipped phase2 of Reference Processing due to unavailable references
[691.836s][debug][gc,ref       ] GC(377) Skipped phase3 of Reference Processing due to unavailable references
[691.836s][debug][gc,ref       ] GC(377) Skipped phase4 of Reference Processing due to unavailable references
[691.836s][debug][gc,age       ] GC(377) Desired survivor size 15400960 bytes, new threshold 6 (max threshold 6)
[691.836s][info ][gc,heap      ] GC(377) ParNew: 243250K->2289K(270976K)
[691.836s][info ][gc,heap      ] GC(377) CMS: 378198K->378346K(602112K)
[691.836s][info ][gc,metaspace ] GC(377) Metaspace: 57565K->57565K(1101824K)
[691.836s][info ][gc           ] GC(377) Pause Young (Allocation Failure) 606M->371M(852M) 3.329ms
[691.836s][info ][gc,cpu       ] GC(377) User=0.01s Sys=0.00s Real=0.01s
[691.836s][info ][safepoint    ] Leaving safepoint region
[691.836s][info ][safepoint    ] Total time for which application threads were stopped: 0.0035374 seconds, Stopping threads took: 0.0000176 seconds
[692.836s][info ][safepoint    ] Application time: 1.0000546 seconds
[692.836s][info ][safepoint    ] Entering safepoint region: Cleanup
[692.836s][info ][safepoint    ] Leaving safepoint region
[692.836s][info ][safepoint    ] Total time for which application threads were stopped: 0.0000765 seconds, Stopping threads took: 0.0000175 seconds
[693.836s][info ][safepoint    ] Application time: 1.0000720 seconds
[693.836s][info ][safepoint    ] Entering safepoint region: Cleanup
[693.836s][info ][safepoint    ] Leaving safepoint region
[693.836s][info ][safepoint    ] Total time for which application threads were stopped: 0.0001051 seconds, Stopping threads took: 0.0000419 seconds
[694.483s][info ][safepoint    ] Application time: 0.6466314 seconds
[694.483s][info ][safepoint    ] Entering safepoint region: GenCollectForAllocation
[694.483s][info ][gc,start     ] GC(378) Pause Young (Allocation Failure)
[694.483s][info ][gc,task      ] GC(378) Using 4 workers of 4 for evacuation
[694.486s][debug][gc,ref       ] GC(378) Skipped phase1 of Reference Processing due to unavailable references
[694.486s][debug][gc,ref       ] GC(378) Skipped phase2 of Reference Processing due to unavailable references
[694.486s][debug][gc,ref       ] GC(378) Skipped phase3 of Reference Processing due to unavailable references
[694.486s][debug][gc,ref       ] GC(378) Skipped phase4 of Reference Processing due to unavailable references
[694.486s][debug][gc,age       ] GC(378) Desired survivor size 15400960 bytes, new threshold 6 (max threshold 6)
[694.486s][info ][gc,heap      ] GC(378) ParNew: 243185K->1878K(270976K)
[694.486s][info ][gc,heap      ] GC(378) CMS: 378346K->378383K(602112K)
[694.486s][info ][gc,metaspace ] GC(378) Metaspace: 57565K->57565K(1101824K)
[694.486s][info ][gc           ] GC(378) Pause Young (Allocation Failure) 606M->371M(852M) 2.833ms
[694.486s][info ][gc,cpu       ] GC(378) User=0.01s Sys=0.00s Real=0.01s
[694.486s][info ][safepoint    ] Leaving safepoint region
[694.486s][info ][safepoint    ] Total time for which application threads were stopped: 0.0029925 seconds, Stopping threads took: 0.0000161 seconds
[695.486s][info ][safepoint    ] Application time: 1.0000899 seconds
[695.486s][info ][safepoint    ] Entering safepoint region: Cleanup
[695.486s][info ][safepoint    ] Leaving safepoint region
[695.486s][info ][safepoint    ] Total time for which application threads were stopped: 0.0000966 seconds, Stopping threads took: 0.0000327 seconds
[696.486s][info ][safepoint    ] Application time: 1.0000797 seconds
[696.486s][info ][safepoint    ] Entering safepoint region: Cleanup
[696.487s][info ][safepoint    ] Leaving safepoint region
[696.487s][info ][safepoint    ] Total time for which application threads were stopped: 0.0001195 seconds, Stopping threads took: 0.0000414 seconds
[697.274s][info ][safepoint    ] Application time: 0.7875636 seconds
[697.274s][info ][safepoint    ] Entering safepoint region: GenCollectForAllocation
[697.274s][info ][gc,start     ] GC(379) Pause Young (Allocation Failure)
[697.274s][info ][gc,task      ] GC(379) Using 4 workers of 4 for evacuation
[697.277s][debug][gc,ref       ] GC(379) Skipped phase1 of Reference Processing due to unavailable references
[697.277s][debug][gc,ref       ] GC(379) Skipped phase2 of Reference Processing due to unavailable references
[697.277s][debug][gc,ref       ] GC(379) Skipped phase3 of Reference Processing due to unavailable references
[697.277s][debug][gc,ref       ] GC(379) Skipped phase4 of Reference Processing due to unavailable references
[697.277s][debug][gc,age       ] GC(379) Desired survivor size 15400960 bytes, new threshold 6 (max threshold 6)
[697.277s][info ][gc,heap      ] GC(379) ParNew: 242774K->1882K(270976K)
[697.277s][info ][gc,heap      ] GC(379) CMS: 378383K->378423K(602112K)
[697.277s][info ][gc,metaspace ] GC(379) Metaspace: 57565K->57565K(1101824K)
[697.277s][info ][gc           ] GC(379) Pause Young (Allocation Failure) 606M->371M(852M) 2.968ms
[697.277s][info ][gc,cpu       ] GC(379) User=0.01s Sys=0.00s Real=0.01s
[697.277s][info ][safepoint    ] Leaving safepoint region
[697.277s][info ][safepoint    ] Total time for which application threads were stopped: 0.0031096 seconds, Stopping threads took: 0.0000155 seconds
[698.277s][info ][safepoint    ] Application time: 1.0000992 seconds
[698.277s][info ][safepoint    ] Entering safepoint region: Cleanup
[698.277s][info ][safepoint    ] Leaving safepoint region
[698.278s][info ][safepoint    ] Total time for which application threads were stopped: 0.0001427 seconds, Stopping threads took: 0.0000419 seconds
[699.278s][info ][safepoint    ] Application time: 1.0000934 seconds
[699.278s][info ][safepoint    ] Entering safepoint region: Cleanup
[699.278s][info ][safepoint    ] Leaving safepoint region
[699.278s][info ][safepoint    ] Total time for which application threads were stopped: 0.0001262 seconds, Stopping threads took: 0.0000424 seconds
[700.087s][info ][safepoint    ] Application time: 0.8090198 seconds
[700.087s][info ][safepoint    ] Entering safepoint region: GenCollectForAllocation
[700.087s][info ][gc,start     ] GC(380) Pause Young (Allocation Failure)
[700.087s][info ][gc,task      ] GC(380) Using 4 workers of 4 for evacuation
[700.090s][debug][gc,ref       ] GC(380) Skipped phase1 of Reference Processing due to unavailable references
[700.090s][debug][gc,ref       ] GC(380) Skipped phase2 of Reference Processing due to unavailable references
[700.090s][debug][gc,ref       ] GC(380) Skipped phase3 of Reference Processing due to unavailable references
[700.090s][debug][gc,ref       ] GC(380) Skipped phase4 of Reference Processing due to unavailable references
[700.090s][debug][gc,age       ] GC(380) Desired survivor size 15400960 bytes, new threshold 6 (max threshold 6)
[700.090s][info ][gc,heap      ] GC(380) ParNew: 242778K->1876K(270976K)
[700.090s][info ][gc,heap      ] GC(380) CMS: 378423K->378592K(602112K)
[700.090s][info ][gc,metaspace ] GC(380) Metaspace: 57565K->57565K(1101824K)
[700.090s][info ][gc           ] GC(380) Pause Young (Allocation Failure) 606M->371M(852M) 3.389ms
[700.090s][info ][gc,cpu       ] GC(380) User=0.01s Sys=0.00s Real=0.00s
[700.090s][info ][safepoint    ] Leaving safepoint region
[700.090s][info ][safepoint    ] Total time for which application threads were stopped: 0.0035288 seconds, Stopping threads took: 0.0000180 seconds
[701.090s][info ][safepoint    ] Application time: 1.0000976 seconds
[701.091s][info ][safepoint    ] Entering safepoint region: Cleanup
[701.091s][info ][safepoint    ] Leaving safepoint region
[701.091s][info ][safepoint    ] Total time for which application threads were stopped: 0.0000905 seconds, Stopping threads took: 0.0000318 seconds
[702.091s][info ][safepoint    ] Application time: 1.0000877 seconds
[702.091s][info ][safepoint    ] Entering safepoint region: Cleanup
[702.091s][info ][safepoint    ] Leaving safepoint region
[702.091s][info ][safepoint    ] Total time for which application threads were stopped: 0.0000747 seconds, Stopping threads took: 0.0000212 seconds
[702.791s][info ][safepoint    ] Application time: 0.7000248 seconds
[702.791s][info ][safepoint    ] Entering safepoint region: GenCollectForAllocation
[702.791s][info ][gc,start     ] GC(381) Pause Young (Allocation Failure)
[702.791s][info ][gc,task      ] GC(381) Using 4 workers of 4 for evacuation
[702.794s][debug][gc,ref       ] GC(381) Skipped phase1 of Reference Processing due to unavailable references
[702.794s][debug][gc,ref       ] GC(381) Skipped phase2 of Reference Processing due to unavailable references
[702.794s][debug][gc,ref       ] GC(381) Skipped phase3 of Reference Processing due to unavailable references
[702.794s][debug][gc,ref       ] GC(381) Skipped phase4 of Reference Processing due to unavailable references
[702.794s][debug][gc,age       ] GC(381) Desired survivor size 15400960 bytes, new threshold 6 (max threshold 6)
[702.794s][info ][gc,heap      ] GC(381) ParNew: 242772K->1810K(270976K)
[702.794s][info ][gc,heap      ] GC(381) CMS: 378592K->378613K(602112K)
[702.794s][info ][gc,metaspace ] GC(381) Metaspace: 57566K->57566K(1101824K)
[702.794s][info ][gc           ] GC(381) Pause Young (Allocation Failure) 606M->371M(852M) 2.925ms
[702.794s][info ][gc,cpu       ] GC(381) User=0.01s Sys=0.00s Real=0.00s
[702.794s][info ][safepoint    ] Leaving safepoint region
[702.794s][info ][safepoint    ] Total time for which application threads were stopped: 0.0030726 seconds, Stopping threads took: 0.0000172 seconds
[703.794s][info ][safepoint    ] Application time: 1.0001372 seconds
[703.794s][info ][safepoint    ] Entering safepoint region: Cleanup
[703.794s][info ][safepoint    ] Leaving safepoint region
[703.794s][info ][safepoint    ] Total time for which application threads were stopped: 0.0001073 seconds, Stopping threads took: 0.0000391 seconds
[704.794s][info ][safepoint    ] Application time: 1.0000892 seconds
[704.794s][info ][safepoint    ] Entering safepoint region: Cleanup
[704.794s][info ][safepoint    ] Leaving safepoint region
[704.794s][info ][safepoint    ] Total time for which application threads were stopped: 0.0000733 seconds, Stopping threads took: 0.0000171 seconds
[705.287s][info ][safepoint    ] Application time: 0.4924697 seconds
[705.287s][info ][safepoint    ] Entering safepoint region: GenCollectForAllocation
[705.287s][info ][gc,start     ] GC(382) Pause Young (Allocation Failure)
[705.287s][info ][gc,task      ] GC(382) Using 4 workers of 4 for evacuation
[705.290s][debug][gc,ref       ] GC(382) Skipped phase1 of Reference Processing due to unavailable references
[705.290s][debug][gc,ref       ] GC(382) Skipped phase2 of Reference Processing due to unavailable references
[705.290s][debug][gc,ref       ] GC(382) Skipped phase3 of Reference Processing due to unavailable references
[705.290s][debug][gc,ref       ] GC(382) Skipped phase4 of Reference Processing due to unavailable references
[705.290s][debug][gc,age       ] GC(382) Desired survivor size 15400960 bytes, new threshold 6 (max threshold 6)
[705.290s][info ][gc,heap      ] GC(382) ParNew: 242706K->2513K(270976K)
[705.290s][info ][gc,heap      ] GC(382) CMS: 378613K->378702K(602112K)
[705.290s][info ][gc,metaspace ] GC(382) Metaspace: 57568K->57568K(1101824K)
[705.290s][info ][gc           ] GC(382) Pause Young (Allocation Failure) 606M->372M(852M) 3.247ms
[705.290s][info ][gc,cpu       ] GC(382) User=0.01s Sys=0.00s Real=0.00s
[705.290s][info ][safepoint    ] Leaving safepoint region
[705.290s][info ][safepoint    ] Total time for which application threads were stopped: 0.0034303 seconds, Stopping threads took: 0.0000312 seconds
[706.290s][info ][safepoint    ] Application time: 1.0000413 seconds
[706.291s][info ][safepoint    ] Entering safepoint region: Cleanup
[706.291s][info ][safepoint    ] Leaving safepoint region
[706.291s][info ][safepoint    ] Total time for which application threads were stopped: 0.0001649 seconds, Stopping threads took: 0.0000816 seconds
[707.291s][info ][safepoint    ] Application time: 1.0001020 seconds
[707.291s][info ][safepoint    ] Entering safepoint region: Cleanup
[707.291s][info ][safepoint    ] Leaving safepoint region
[707.291s][info ][safepoint    ] Total time for which application threads were stopped: 0.0001073 seconds, Stopping threads took: 0.0000367 seconds
[707.880s][info ][safepoint    ] Application time: 0.5892164 seconds
[707.880s][info ][safepoint    ] Entering safepoint region: GenCollectForAllocation
[707.880s][info ][gc,start     ] GC(383) Pause Young (Allocation Failure)
[707.880s][info ][gc,task      ] GC(383) Using 4 workers of 4 for evacuation
[707.883s][debug][gc,ref       ] GC(383) Skipped phase1 of Reference Processing due to unavailable references
[707.883s][debug][gc,ref       ] GC(383) Skipped phase2 of Reference Processing due to unavailable references
[707.883s][debug][gc,ref       ] GC(383) Skipped phase3 of Reference Processing due to unavailable references
[707.883s][debug][gc,ref       ] GC(383) Skipped phase4 of Reference Processing due to unavailable references
[707.884s][debug][gc,age       ] GC(383) Desired survivor size 15400960 bytes, new threshold 6 (max threshold 6)
[707.884s][info ][gc,heap      ] GC(383) ParNew: 243409K->2316K(270976K)
[707.884s][info ][gc,heap      ] GC(383) CMS: 378702K->378864K(602112K)
[707.884s][info ][gc,metaspace ] GC(383) Metaspace: 57568K->57568K(1101824K)
[707.884s][info ][gc           ] GC(383) Pause Young (Allocation Failure) 607M->372M(852M) 3.415ms
[707.884s][info ][gc,cpu       ] GC(383) User=0.01s Sys=0.00s Real=0.00s
[707.884s][info ][safepoint    ] Leaving safepoint region
[707.884s][info ][safepoint    ] Total time for which application threads were stopped: 0.0035738 seconds, Stopping threads took: 0.0000176 seconds
[708.884s][info ][safepoint    ] Application time: 1.0000955 seconds
[708.884s][info ][safepoint    ] Entering safepoint region: Cleanup
[708.884s][info ][safepoint    ] Leaving safepoint region
[708.884s][info ][safepoint    ] Total time for which application threads were stopped: 0.0000847 seconds, Stopping threads took: 0.0000253 seconds
[709.884s][info ][safepoint    ] Application time: 1.0001369 seconds
[709.884s][info ][safepoint    ] Entering safepoint region: Cleanup
[709.884s][info ][safepoint    ] Leaving safepoint region
[709.884s][info ][safepoint    ] Total time for which application threads were stopped: 0.0001524 seconds, Stopping threads took: 0.0000812 seconds
[710.485s][info ][safepoint    ] Application time: 0.6011385 seconds
[710.485s][info ][safepoint    ] Entering safepoint region: GenCollectForAllocation
[710.486s][info ][gc,start     ] GC(384) Pause Young (Allocation Failure)
[710.486s][info ][gc,task      ] GC(384) Using 4 workers of 4 for evacuation
[710.488s][debug][gc,ref       ] GC(384) Skipped phase1 of Reference Processing due to unavailable references
[710.488s][debug][gc,ref       ] GC(384) Skipped phase2 of Reference Processing due to unavailable references
[710.488s][debug][gc,ref       ] GC(384) Skipped phase3 of Reference Processing due to unavailable references
[710.488s][debug][gc,ref       ] GC(384) Skipped phase4 of Reference Processing due to unavailable references
[710.488s][debug][gc,age       ] GC(384) Desired survivor size 15400960 bytes, new threshold 6 (max threshold 6)
[710.488s][info ][gc,heap      ] GC(384) ParNew: 243212K->1877K(270976K)
[710.488s][info ][gc,heap      ] GC(384) CMS: 378864K->378910K(602112K)
[710.488s][info ][gc,metaspace ] GC(384) Metaspace: 57568K->57568K(1101824K)
[710.489s][info ][gc           ] GC(384) Pause Young (Allocation Failure) 607M->371M(852M) 2.990ms
[710.489s][info ][gc,cpu       ] GC(384) User=0.01s Sys=0.00s Real=0.00s
[710.489s][info ][safepoint    ] Leaving safepoint region
[710.489s][info ][safepoint    ] Total time for which application threads were stopped: 0.0031362 seconds, Stopping threads took: 0.0000172 seconds
[711.489s][info ][safepoint    ] Application time: 1.0000681 seconds
[711.489s][info ][safepoint    ] Entering safepoint region: Cleanup
[711.489s][info ][safepoint    ] Leaving safepoint region
[711.489s][info ][safepoint    ] Total time for which application threads were stopped: 0.0001476 seconds, Stopping threads took: 0.0000804 seconds
[712.489s][info ][safepoint    ] Application time: 1.0000935 seconds
[712.489s][info ][safepoint    ] Entering safepoint region: Cleanup
[712.489s][info ][safepoint    ] Leaving safepoint region
[712.489s][info ][safepoint    ] Total time for which application threads were stopped: 0.0001246 seconds, Stopping threads took: 0.0000432 seconds
[712.988s][info ][safepoint    ] Application time: 0.4993356 seconds
[712.989s][info ][safepoint    ] Entering safepoint region: GenCollectForAllocation
[712.989s][info ][gc,start     ] GC(385) Pause Young (Allocation Failure)
[712.989s][info ][gc,task      ] GC(385) Using 4 workers of 4 for evacuation
[712.991s][debug][gc,ref       ] GC(385) Skipped phase1 of Reference Processing due to unavailable references
[712.991s][debug][gc,ref       ] GC(385) Skipped phase2 of Reference Processing due to unavailable references
[712.991s][debug][gc,ref       ] GC(385) Skipped phase3 of Reference Processing due to unavailable references
[712.991s][debug][gc,ref       ] GC(385) Skipped phase4 of Reference Processing due to unavailable references
[712.991s][debug][gc,age       ] GC(385) Desired survivor size 15400960 bytes, new threshold 6 (max threshold 6)
[712.991s][info ][gc,heap      ] GC(385) ParNew: 242773K->2205K(270976K)
[712.991s][info ][gc,heap      ] GC(385) CMS: 378910K->378913K(602112K)
[712.991s][info ][gc,metaspace ] GC(385) Metaspace: 57568K->57568K(1101824K)
[712.991s][info ][gc           ] GC(385) Pause Young (Allocation Failure) 607M->372M(852M) 2.837ms
[712.991s][info ][gc,cpu       ] GC(385) User=0.01s Sys=0.00s Real=0.00s
[712.991s][info ][safepoint    ] Leaving safepoint region
[712.991s][info ][safepoint    ] Total time for which application threads were stopped: 0.0029787 seconds, Stopping threads took: 0.0000182 seconds
[713.992s][info ][safepoint    ] Application time: 1.0001074 seconds
[713.992s][info ][safepoint    ] Entering safepoint region: Cleanup
[713.992s][info ][safepoint    ] Leaving safepoint region
[713.992s][info ][safepoint    ] Total time for which application threads were stopped: 0.0002453 seconds, Stopping threads took: 0.0000182 seconds
[714.992s][info ][safepoint    ] Application time: 1.0001698 seconds
[714.992s][info ][safepoint    ] Entering safepoint region: Cleanup
[714.992s][info ][safepoint    ] Leaving safepoint region
[714.992s][info ][safepoint    ] Total time for which application threads were stopped: 0.0000915 seconds, Stopping threads took: 0.0000185 seconds
[715.880s][info ][safepoint    ] Application time: 0.8881332 seconds
[715.880s][info ][safepoint    ] Entering safepoint region: GenCollectForAllocation
[715.880s][info ][gc,start     ] GC(386) Pause Young (Allocation Failure)
[715.880s][info ][gc,task      ] GC(386) Using 4 workers of 4 for evacuation
[715.885s][debug][gc,ref       ] GC(386) Skipped phase1 of Reference Processing due to unavailable references
[715.885s][debug][gc,ref       ] GC(386) Skipped phase2 of Reference Processing due to unavailable references
[715.885s][debug][gc,ref       ] GC(386) Skipped phase3 of Reference Processing due to unavailable references
[715.885s][debug][gc,ref       ] GC(386) Skipped phase4 of Reference Processing due to unavailable references
[715.885s][debug][gc,age       ] GC(386) Desired survivor size 15400960 bytes, new threshold 6 (max threshold 6)
[715.885s][info ][gc,heap      ] GC(386) ParNew: 243101K->2277K(270976K)
[715.885s][info ][gc,heap      ] GC(386) CMS: 378913K->378993K(602112K)
[715.885s][info ][gc,metaspace ] GC(386) Metaspace: 57568K->57568K(1101824K)
[715.886s][info ][gc           ] GC(386) Pause Young (Allocation Failure) 607M->372M(852M) 5.060ms
[715.886s][info ][gc,cpu       ] GC(386) User=0.01s Sys=0.00s Real=0.01s
[715.886s][info ][safepoint    ] Leaving safepoint region
[715.886s][info ][safepoint    ] Total time for which application threads were stopped: 0.0052121 seconds, Stopping threads took: 0.0000187 seconds
[716.886s][info ][safepoint    ] Application time: 1.0000918 seconds
[716.889s][info ][safepoint    ] Entering safepoint region: Cleanup
[716.889s][info ][safepoint    ] Leaving safepoint region
[716.889s][info ][safepoint    ] Total time for which application threads were stopped: 0.0032749 seconds, Stopping threads took: 0.0031980 seconds
[717.890s][info ][safepoint    ] Application time: 1.0011581 seconds
[717.890s][info ][safepoint    ] Entering safepoint region: Cleanup
[717.890s][info ][safepoint    ] Leaving safepoint region
[717.890s][info ][safepoint    ] Total time for which application threads were stopped: 0.0000743 seconds, Stopping threads took: 0.0000186 seconds
[718.575s][info ][safepoint    ] Application time: 0.6846862 seconds
[718.575s][info ][safepoint    ] Entering safepoint region: GenCollectForAllocation
[718.575s][info ][gc,start     ] GC(387) Pause Young (Allocation Failure)
[718.575s][info ][gc,task      ] GC(387) Using 4 workers of 4 for evacuation
[718.578s][debug][gc,ref       ] GC(387) Skipped phase1 of Reference Processing due to unavailable references
[718.578s][debug][gc,ref       ] GC(387) Skipped phase2 of Reference Processing due to unavailable references
[718.578s][debug][gc,ref       ] GC(387) Skipped phase3 of Reference Processing due to unavailable references
[718.578s][debug][gc,ref       ] GC(387) Skipped phase4 of Reference Processing due to unavailable references
[718.578s][debug][gc,age       ] GC(387) Desired survivor size 15400960 bytes, new threshold 6 (max threshold 6)
[718.578s][info ][gc,heap      ] GC(387) ParNew: 243173K->2315K(270976K)
[718.578s][info ][gc,heap      ] GC(387) CMS: 378993K->379021K(602112K)
[718.578s][info ][gc,metaspace ] GC(387) Metaspace: 57568K->57568K(1101824K)
[718.578s][info ][gc           ] GC(387) Pause Young (Allocation Failure) 607M->372M(852M) 3.089ms
[718.578s][info ][gc,cpu       ] GC(387) User=0.01s Sys=0.00s Real=0.01s
[718.578s][info ][safepoint    ] Leaving safepoint region
[718.578s][info ][safepoint    ] Total time for which application threads were stopped: 0.0032314 seconds, Stopping threads took: 0.0000169 seconds
[719.578s][info ][safepoint    ] Application time: 1.0001008 seconds
[719.578s][info ][safepoint    ] Entering safepoint region: Cleanup
[719.578s][info ][safepoint    ] Leaving safepoint region
[719.578s][info ][safepoint    ] Total time for which application threads were stopped: 0.0001271 seconds, Stopping threads took: 0.0000417 seconds
[720.579s][info ][safepoint    ] Application time: 1.0000880 seconds
[720.579s][info ][safepoint    ] Entering safepoint region: Cleanup
[720.579s][info ][safepoint    ] Leaving safepoint region
[720.579s][info ][safepoint    ] Total time for which application threads were stopped: 0.0001344 seconds, Stopping threads took: 0.0000664 seconds
[721.189s][info ][safepoint    ] Application time: 0.6103683 seconds
[721.189s][info ][safepoint    ] Entering safepoint region: GenCollectForAllocation
[721.189s][info ][gc,start     ] GC(388) Pause Young (Allocation Failure)
[721.189s][info ][gc,task      ] GC(388) Using 4 workers of 4 for evacuation
[721.193s][debug][gc,ref       ] GC(388) Skipped phase1 of Reference Processing due to unavailable references
[721.193s][debug][gc,ref       ] GC(388) Skipped phase2 of Reference Processing due to unavailable references
[721.193s][debug][gc,ref       ] GC(388) Skipped phase3 of Reference Processing due to unavailable references
[721.193s][debug][gc,ref       ] GC(388) Skipped phase4 of Reference Processing due to unavailable references
[721.193s][debug][gc,age       ] GC(388) Desired survivor size 15400960 bytes, new threshold 6 (max threshold 6)
[721.193s][info ][gc,heap      ] GC(388) ParNew: 243211K->3230K(270976K)
[721.193s][info ][gc,heap      ] GC(388) CMS: 379021K->379208K(602112K)
[721.193s][info ][gc,metaspace ] GC(388) Metaspace: 57568K->57568K(1101824K)
[721.193s][info ][gc           ] GC(388) Pause Young (Allocation Failure) 607M->373M(852M) 3.861ms
[721.193s][info ][gc,cpu       ] GC(388) User=0.01s Sys=0.00s Real=0.00s
[721.193s][info ][safepoint    ] Leaving safepoint region
[721.193s][info ][safepoint    ] Total time for which application threads were stopped: 0.0040178 seconds, Stopping threads took: 0.0000171 seconds
[722.193s][info ][safepoint    ] Application time: 1.0001402 seconds
[722.193s][info ][safepoint    ] Entering safepoint region: Cleanup
[722.193s][info ][safepoint    ] Leaving safepoint region
[722.193s][info ][safepoint    ] Total time for which application threads were stopped: 0.0000722 seconds, Stopping threads took: 0.0000180 seconds
[723.193s][info ][safepoint    ] Application time: 1.0000902 seconds
[723.194s][info ][safepoint    ] Entering safepoint region: Cleanup
[723.194s][info ][safepoint    ] Leaving safepoint region
[723.194s][info ][safepoint    ] Total time for which application threads were stopped: 0.0000916 seconds, Stopping threads took: 0.0000352 seconds
[724.183s][info ][safepoint    ] Application time: 0.9894998 seconds
[724.183s][info ][safepoint    ] Entering safepoint region: GenCollectForAllocation
[724.183s][info ][gc,start     ] GC(389) Pause Young (Allocation Failure)
[724.183s][info ][gc,task      ] GC(389) Using 4 workers of 4 for evacuation
[724.187s][debug][gc,ref       ] GC(389) Skipped phase1 of Reference Processing due to unavailable references
[724.187s][debug][gc,ref       ] GC(389) Skipped phase2 of Reference Processing due to unavailable references
[724.187s][debug][gc,ref       ] GC(389) Skipped phase3 of Reference Processing due to unavailable references
[724.187s][debug][gc,ref       ] GC(389) Skipped phase4 of Reference Processing due to unavailable references
[724.187s][debug][gc,age       ] GC(389) Desired survivor size 15400960 bytes, new threshold 6 (max threshold 6)
[724.187s][info ][gc,heap      ] GC(389) ParNew: 244126K->3928K(270976K)
[724.187s][info ][gc,heap      ] GC(389) CMS: 379208K->379276K(602112K)
[724.187s][info ][gc,metaspace ] GC(389) Metaspace: 57568K->57568K(1101824K)
[724.187s][info ][gc           ] GC(389) Pause Young (Allocation Failure) 608M->374M(852M) 3.583ms
[724.187s][info ][gc,cpu       ] GC(389) User=0.01s Sys=0.00s Real=0.01s
[724.187s][info ][safepoint    ] Leaving safepoint region
[724.187s][info ][safepoint    ] Total time for which application threads were stopped: 0.0037586 seconds, Stopping threads took: 0.0000181 seconds
[725.187s][info ][safepoint    ] Application time: 1.0000967 seconds
[725.187s][info ][safepoint    ] Entering safepoint region: Cleanup
[725.187s][info ][safepoint    ] Leaving safepoint region
[725.187s][info ][safepoint    ] Total time for which application threads were stopped: 0.0001626 seconds, Stopping threads took: 0.0000912 seconds
[726.187s][info ][safepoint    ] Application time: 1.0001103 seconds
[726.187s][info ][safepoint    ] Entering safepoint region: Cleanup
[726.187s][info ][safepoint    ] Leaving safepoint region
[726.188s][info ][safepoint    ] Total time for which application threads were stopped: 0.0001243 seconds, Stopping threads took: 0.0000431 seconds
[726.832s][info ][safepoint    ] Application time: 0.6443155 seconds
[726.832s][info ][safepoint    ] Entering safepoint region: GenCollectForAllocation
[726.832s][info ][gc,start     ] GC(390) Pause Young (Allocation Failure)
[726.832s][info ][gc,task      ] GC(390) Using 4 workers of 4 for evacuation
[726.836s][debug][gc,ref       ] GC(390) Skipped phase1 of Reference Processing due to unavailable references
[726.836s][debug][gc,ref       ] GC(390) Skipped phase2 of Reference Processing due to unavailable references
[726.836s][debug][gc,ref       ] GC(390) Skipped phase3 of Reference Processing due to unavailable references
[726.836s][debug][gc,ref       ] GC(390) Skipped phase4 of Reference Processing due to unavailable references
[726.836s][debug][gc,age       ] GC(390) Desired survivor size 15400960 bytes, new threshold 6 (max threshold 6)
[726.836s][info ][gc,heap      ] GC(390) ParNew: 244824K->3471K(270976K)
[726.836s][info ][gc,heap      ] GC(390) CMS: 379276K->379354K(602112K)
[726.836s][info ][gc,metaspace ] GC(390) Metaspace: 57568K->57568K(1101824K)
[726.836s][info ][gc           ] GC(390) Pause Young (Allocation Failure) 609M->373M(852M) 3.767ms
[726.836s][info ][gc,cpu       ] GC(390) User=0.02s Sys=0.00s Real=0.01s
[726.836s][info ][safepoint    ] Leaving safepoint region
[726.836s][info ][safepoint    ] Total time for which application threads were stopped: 0.0039132 seconds, Stopping threads took: 0.0000168 seconds
[727.836s][info ][safepoint    ] Application time: 1.0000967 seconds
[727.836s][info ][safepoint    ] Entering safepoint region: Cleanup
[727.836s][info ][safepoint    ] Leaving safepoint region
[727.836s][info ][safepoint    ] Total time for which application threads were stopped: 0.0001043 seconds, Stopping threads took: 0.0000246 seconds
[728.836s][info ][safepoint    ] Application time: 1.0000690 seconds
[728.836s][info ][safepoint    ] Entering safepoint region: Cleanup
[728.836s][info ][safepoint    ] Leaving safepoint region
[728.836s][info ][safepoint    ] Total time for which application threads were stopped: 0.0001497 seconds, Stopping threads took: 0.0000879 seconds
[729.836s][info ][safepoint    ] Application time: 1.0000863 seconds
[729.837s][info ][safepoint    ] Entering safepoint region: Cleanup
[729.837s][info ][safepoint    ] Leaving safepoint region
[729.837s][info ][safepoint    ] Total time for which application threads were stopped: 0.0001698 seconds, Stopping threads took: 0.0000980 seconds
[729.839s][info ][safepoint    ] Application time: 0.0020065 seconds
[729.839s][info ][safepoint    ] Entering safepoint region: GenCollectForAllocation
[729.839s][info ][gc,start     ] GC(391) Pause Young (Allocation Failure)
[729.839s][info ][gc,task      ] GC(391) Using 4 workers of 4 for evacuation
[729.842s][debug][gc,ref       ] GC(391) Skipped phase1 of Reference Processing due to unavailable references
[729.842s][debug][gc,ref       ] GC(391) Skipped phase2 of Reference Processing due to unavailable references
[729.842s][debug][gc,ref       ] GC(391) Skipped phase3 of Reference Processing due to unavailable references
[729.842s][debug][gc,ref       ] GC(391) Skipped phase4 of Reference Processing due to unavailable references
[729.842s][debug][gc,age       ] GC(391) Desired survivor size 15400960 bytes, new threshold 6 (max threshold 6)
[729.842s][info ][gc,heap      ] GC(391) ParNew: 244367K->3666K(270976K)
[729.842s][info ][gc,heap      ] GC(391) CMS: 379354K->379414K(602112K)
[729.842s][info ][gc,metaspace ] GC(391) Metaspace: 57568K->57568K(1101824K)
[729.842s][info ][gc           ] GC(391) Pause Young (Allocation Failure) 609M->374M(852M) 3.426ms
[729.842s][info ][gc,cpu       ] GC(391) User=0.02s Sys=0.00s Real=0.00s
[729.842s][info ][safepoint    ] Leaving safepoint region
[729.842s][info ][safepoint    ] Total time for which application threads were stopped: 0.0035493 seconds, Stopping threads took: 0.0000222 seconds
[730.842s][info ][safepoint    ] Application time: 1.0001960 seconds
[730.842s][info ][safepoint    ] Entering safepoint region: Cleanup
[730.842s][info ][safepoint    ] Leaving safepoint region
[730.842s][info ][safepoint    ] Total time for which application threads were stopped: 0.0000830 seconds, Stopping threads took: 0.0000185 seconds
[731.843s][info ][safepoint    ] Application time: 1.0000823 seconds
[731.843s][info ][safepoint    ] Entering safepoint region: Cleanup
[731.843s][info ][safepoint    ] Leaving safepoint region
[731.843s][info ][safepoint    ] Total time for which application threads were stopped: 0.0000845 seconds, Stopping threads took: 0.0000312 seconds
[732.588s][info ][safepoint    ] Application time: 0.7451337 seconds
[732.588s][info ][safepoint    ] Entering safepoint region: GenCollectForAllocation
[732.588s][info ][gc,start     ] GC(392) Pause Young (Allocation Failure)
[732.588s][info ][gc,task      ] GC(392) Using 4 workers of 4 for evacuation
[732.591s][debug][gc,ref       ] GC(392) Skipped phase1 of Reference Processing due to unavailable references
[732.591s][debug][gc,ref       ] GC(392) Skipped phase2 of Reference Processing due to unavailable references
[732.591s][debug][gc,ref       ] GC(392) Skipped phase3 of Reference Processing due to unavailable references
[732.591s][debug][gc,ref       ] GC(392) Skipped phase4 of Reference Processing due to unavailable references
[732.591s][debug][gc,age       ] GC(392) Desired survivor size 15400960 bytes, new threshold 6 (max threshold 6)
[732.591s][info ][gc,heap      ] GC(392) ParNew: 244562K->3770K(270976K)
[732.591s][info ][gc,heap      ] GC(392) CMS: 379414K->379465K(602112K)
[732.591s][info ][gc,metaspace ] GC(392) Metaspace: 57568K->57568K(1101824K)
[732.591s][info ][gc           ] GC(392) Pause Young (Allocation Failure) 609M->374M(852M) 3.302ms
[732.591s][info ][gc,cpu       ] GC(392) User=0.01s Sys=0.00s Real=0.00s
[732.591s][info ][safepoint    ] Leaving safepoint region
[732.591s][info ][safepoint    ] Total time for which application threads were stopped: 0.0034798 seconds, Stopping threads took: 0.0000157 seconds
[733.591s][info ][safepoint    ] Application time: 1.0000859 seconds
[733.591s][info ][safepoint    ] Entering safepoint region: Cleanup
[733.592s][info ][safepoint    ] Leaving safepoint region
[733.592s][info ][safepoint    ] Total time for which application threads were stopped: 0.0001152 seconds, Stopping threads took: 0.0000422 seconds
[734.592s][info ][safepoint    ] Application time: 1.0000969 seconds
[734.592s][info ][safepoint    ] Entering safepoint region: Cleanup
[734.592s][info ][safepoint    ] Leaving safepoint region
[734.592s][info ][safepoint    ] Total time for which application threads were stopped: 0.0000712 seconds, Stopping threads took: 0.0000177 seconds
[735.335s][info ][safepoint    ] Application time: 0.7436768 seconds
[735.336s][info ][safepoint    ] Entering safepoint region: GenCollectForAllocation
[735.336s][info ][gc,start     ] GC(393) Pause Young (Allocation Failure)
[735.336s][info ][gc,task      ] GC(393) Using 4 workers of 4 for evacuation
[735.339s][debug][gc,ref       ] GC(393) Skipped phase1 of Reference Processing due to unavailable references
[735.339s][debug][gc,ref       ] GC(393) Skipped phase2 of Reference Processing due to unavailable references
[735.339s][debug][gc,ref       ] GC(393) Skipped phase3 of Reference Processing due to unavailable references
[735.339s][debug][gc,ref       ] GC(393) Skipped phase4 of Reference Processing due to unavailable references
[735.339s][debug][gc,age       ] GC(393) Desired survivor size 15400960 bytes, new threshold 6 (max threshold 6)
[735.339s][info ][gc,heap      ] GC(393) ParNew: 244666K->3749K(270976K)
[735.339s][info ][gc,heap      ] GC(393) CMS: 379465K->379527K(602112K)
[735.339s][info ][gc,metaspace ] GC(393) Metaspace: 57568K->57568K(1101824K)
[735.339s][info ][gc           ] GC(393) Pause Young (Allocation Failure) 609M->374M(852M) 3.436ms
[735.339s][info ][gc,cpu       ] GC(393) User=0.01s Sys=0.00s Real=0.01s
[735.339s][info ][safepoint    ] Leaving safepoint region
[735.339s][info ][safepoint    ] Total time for which application threads were stopped: 0.0035736 seconds, Stopping threads took: 0.0000169 seconds
[736.339s][info ][safepoint    ] Application time: 1.0001272 seconds
[736.339s][info ][safepoint    ] Entering safepoint region: Cleanup
[736.339s][info ][safepoint    ] Leaving safepoint region
[736.339s][info ][safepoint    ] Total time for which application threads were stopped: 0.0000710 seconds, Stopping threads took: 0.0000171 seconds
[737.339s][info ][safepoint    ] Application time: 1.0000904 seconds
[737.339s][info ][safepoint    ] Entering safepoint region: Cleanup
[737.340s][info ][safepoint    ] Leaving safepoint region
[737.340s][info ][safepoint    ] Total time for which application threads were stopped: 0.0000711 seconds, Stopping threads took: 0.0000177 seconds
[738.181s][info ][safepoint    ] Application time: 0.8416390 seconds
[738.181s][info ][safepoint    ] Entering safepoint region: GenCollectForAllocation
[738.181s][info ][gc,start     ] GC(394) Pause Young (Allocation Failure)
[738.181s][info ][gc,task      ] GC(394) Using 4 workers of 4 for evacuation
[738.185s][debug][gc,ref       ] GC(394) Skipped phase1 of Reference Processing due to unavailable references
[738.185s][debug][gc,ref       ] GC(394) Skipped phase2 of Reference Processing due to unavailable references
[738.185s][debug][gc,ref       ] GC(394) Skipped phase3 of Reference Processing due to unavailable references
[738.185s][debug][gc,ref       ] GC(394) Skipped phase4 of Reference Processing due to unavailable references
[738.185s][debug][gc,age       ] GC(394) Desired survivor size 15400960 bytes, new threshold 6 (max threshold 6)
[738.185s][info ][gc,heap      ] GC(394) ParNew: 244645K->3956K(270976K)
[738.185s][info ][gc,heap      ] GC(394) CMS: 379527K->379760K(602112K)
[738.185s][info ][gc,metaspace ] GC(394) Metaspace: 57568K->57568K(1101824K)
[738.185s][info ][gc           ] GC(394) Pause Young (Allocation Failure) 609M->374M(852M) 3.589ms
[738.185s][info ][gc,cpu       ] GC(394) User=0.02s Sys=0.00s Real=0.01s
[738.185s][info ][safepoint    ] Leaving safepoint region
[738.185s][info ][safepoint    ] Total time for which application threads were stopped: 0.0037296 seconds, Stopping threads took: 0.0000182 seconds
[739.185s][info ][safepoint    ] Application time: 1.0000949 seconds
[739.185s][info ][safepoint    ] Entering safepoint region: Cleanup
[739.185s][info ][safepoint    ] Leaving safepoint region
[739.185s][info ][safepoint    ] Total time for which application threads were stopped: 0.0001357 seconds, Stopping threads took: 0.0000716 seconds
[740.185s][info ][safepoint    ] Application time: 1.0000591 seconds
[740.185s][info ][safepoint    ] Entering safepoint region: Cleanup
[740.186s][info ][safepoint    ] Leaving safepoint region
[740.186s][info ][safepoint    ] Total time for which application threads were stopped: 0.0001831 seconds, Stopping threads took: 0.0001141 seconds
[741.033s][info ][safepoint    ] Application time: 0.8469496 seconds
[741.033s][info ][safepoint    ] Entering safepoint region: GenCollectForAllocation
[741.033s][info ][gc,start     ] GC(395) Pause Young (Allocation Failure)
[741.033s][info ][gc,task      ] GC(395) Using 4 workers of 4 for evacuation
[741.036s][debug][gc,ref       ] GC(395) Skipped phase1 of Reference Processing due to unavailable references
[741.036s][debug][gc,ref       ] GC(395) Skipped phase2 of Reference Processing due to unavailable references
[741.036s][debug][gc,ref       ] GC(395) Skipped phase3 of Reference Processing due to unavailable references
[741.036s][debug][gc,ref       ] GC(395) Skipped phase4 of Reference Processing due to unavailable references
[741.036s][debug][gc,age       ] GC(395) Desired survivor size 15400960 bytes, new threshold 6 (max threshold 6)
[741.036s][info ][gc,heap      ] GC(395) ParNew: 244852K->2540K(270976K)
[741.036s][info ][gc,heap      ] GC(395) CMS: 379760K->380824K(602112K)
[741.036s][info ][gc,metaspace ] GC(395) Metaspace: 57568K->57568K(1101824K)
[741.036s][info ][gc           ] GC(395) Pause Young (Allocation Failure) 609M->374M(852M) 3.402ms
[741.036s][info ][gc,cpu       ] GC(395) User=0.02s Sys=0.00s Real=0.01s
[741.036s][info ][safepoint    ] Leaving safepoint region
[741.036s][info ][safepoint    ] Total time for which application threads were stopped: 0.0035548 seconds, Stopping threads took: 0.0000152 seconds
[742.036s][info ][safepoint    ] Application time: 1.0001090 seconds
[742.036s][info ][safepoint    ] Entering safepoint region: Cleanup
[742.036s][info ][safepoint    ] Leaving safepoint region
[742.036s][info ][safepoint    ] Total time for which application threads were stopped: 0.0001047 seconds, Stopping threads took: 0.0000408 seconds
[743.036s][info ][safepoint    ] Application time: 1.0001050 seconds
[743.037s][info ][safepoint    ] Entering safepoint region: Cleanup
[743.037s][info ][safepoint    ] Leaving safepoint region
[743.037s][info ][safepoint    ] Total time for which application threads were stopped: 0.0001262 seconds, Stopping threads took: 0.0000706 seconds
[743.677s][info ][safepoint    ] Application time: 0.6406499 seconds
[743.677s][info ][safepoint    ] Entering safepoint region: GenCollectForAllocation
[743.677s][info ][gc,start     ] GC(396) Pause Young (Allocation Failure)
[743.677s][info ][gc,task      ] GC(396) Using 4 workers of 4 for evacuation
[743.680s][debug][gc,ref       ] GC(396) Skipped phase1 of Reference Processing due to unavailable references
[743.680s][debug][gc,ref       ] GC(396) Skipped phase2 of Reference Processing due to unavailable references
[743.680s][debug][gc,ref       ] GC(396) Skipped phase3 of Reference Processing due to unavailable references
[743.680s][debug][gc,ref       ] GC(396) Skipped phase4 of Reference Processing due to unavailable references
[743.681s][debug][gc,age       ] GC(396) Desired survivor size 15400960 bytes, new threshold 6 (max threshold 6)
[743.681s][info ][gc,heap      ] GC(396) ParNew: 243436K->2689K(270976K)
[743.681s][info ][gc,heap      ] GC(396) CMS: 380824K->380891K(602112K)
[743.681s][info ][gc,metaspace ] GC(396) Metaspace: 57570K->57570K(1101824K)
[743.681s][info ][gc           ] GC(396) Pause Young (Allocation Failure) 609M->374M(852M) 3.150ms
[743.681s][info ][gc,cpu       ] GC(396) User=0.01s Sys=0.00s Real=0.00s
[743.681s][info ][safepoint    ] Leaving safepoint region
[743.681s][info ][safepoint    ] Total time for which application threads were stopped: 0.0032895 seconds, Stopping threads took: 0.0000170 seconds
[744.681s][info ][safepoint    ] Application time: 1.0001498 seconds
[744.681s][info ][safepoint    ] Entering safepoint region: Cleanup
[744.681s][info ][safepoint    ] Leaving safepoint region
[744.681s][info ][safepoint    ] Total time for which application threads were stopped: 0.0000958 seconds, Stopping threads took: 0.0000367 seconds
[745.681s][info ][safepoint    ] Application time: 1.0000986 seconds
[745.681s][info ][safepoint    ] Entering safepoint region: Cleanup
[745.681s][info ][safepoint    ] Leaving safepoint region
[745.681s][info ][safepoint    ] Total time for which application threads were stopped: 0.0001108 seconds, Stopping threads took: 0.0000454 seconds
[746.398s][info ][safepoint    ] Application time: 0.7170190 seconds
[746.398s][info ][safepoint    ] Entering safepoint region: GenCollectForAllocation
[746.398s][info ][gc,start     ] GC(397) Pause Young (Allocation Failure)
[746.398s][info ][gc,task      ] GC(397) Using 4 workers of 4 for evacuation
[746.401s][debug][gc,ref       ] GC(397) Skipped phase1 of Reference Processing due to unavailable references
[746.401s][debug][gc,ref       ] GC(397) Skipped phase2 of Reference Processing due to unavailable references
[746.401s][debug][gc,ref       ] GC(397) Skipped phase3 of Reference Processing due to unavailable references
[746.401s][debug][gc,ref       ] GC(397) Skipped phase4 of Reference Processing due to unavailable references
[746.402s][debug][gc,age       ] GC(397) Desired survivor size 15400960 bytes, new threshold 6 (max threshold 6)
[746.402s][info ][gc,heap      ] GC(397) ParNew: 243585K->2574K(270976K)
[746.402s][info ][gc,heap      ] GC(397) CMS: 380891K->380945K(602112K)
[746.402s][info ][gc,metaspace ] GC(397) Metaspace: 57570K->57570K(1101824K)
[746.402s][info ][gc           ] GC(397) Pause Young (Allocation Failure) 609M->374M(852M) 3.290ms
[746.402s][info ][gc,cpu       ] GC(397) User=0.01s Sys=0.00s Real=0.00s
[746.402s][info ][safepoint    ] Leaving safepoint region
[746.402s][info ][safepoint    ] Total time for which application threads were stopped: 0.0034384 seconds, Stopping threads took: 0.0000186 seconds
[747.402s][info ][safepoint    ] Application time: 1.0001283 seconds
[747.402s][info ][safepoint    ] Entering safepoint region: Cleanup
[747.402s][info ][safepoint    ] Leaving safepoint region
[747.402s][info ][safepoint    ] Total time for which application threads were stopped: 0.0000720 seconds, Stopping threads took: 0.0000177 seconds
[748.402s][info ][safepoint    ] Application time: 1.0000959 seconds
[748.402s][info ][safepoint    ] Entering safepoint region: Cleanup
[748.402s][info ][safepoint    ] Leaving safepoint region
[748.402s][info ][safepoint    ] Total time for which application threads were stopped: 0.0000719 seconds, Stopping threads took: 0.0000171 seconds
[749.373s][info ][safepoint    ] Application time: 0.9706804 seconds
[749.373s][info ][safepoint    ] Entering safepoint region: GenCollectForAllocation
[749.373s][info ][gc,start     ] GC(398) Pause Young (Allocation Failure)
[749.373s][info ][gc,task      ] GC(398) Using 4 workers of 4 for evacuation
[749.376s][debug][gc,ref       ] GC(398) Skipped phase1 of Reference Processing due to unavailable references
[749.376s][debug][gc,ref       ] GC(398) Skipped phase2 of Reference Processing due to unavailable references
[749.376s][debug][gc,ref       ] GC(398) Skipped phase3 of Reference Processing due to unavailable references
[749.376s][debug][gc,ref       ] GC(398) Skipped phase4 of Reference Processing due to unavailable references
[749.376s][debug][gc,age       ] GC(398) Desired survivor size 15400960 bytes, new threshold 6 (max threshold 6)
[749.376s][info ][gc,heap      ] GC(398) ParNew: 243470K->2308K(270976K)
[749.376s][info ][gc,heap      ] GC(398) CMS: 380945K->381207K(602112K)
[749.376s][info ][gc,metaspace ] GC(398) Metaspace: 57570K->57570K(1101824K)
[749.376s][info ][gc           ] GC(398) Pause Young (Allocation Failure) 609M->374M(852M) 3.241ms
[749.376s][info ][gc,cpu       ] GC(398) User=0.02s Sys=0.00s Real=0.01s
[749.376s][info ][safepoint    ] Leaving safepoint region
[749.376s][info ][safepoint    ] Total time for which application threads were stopped: 0.0034085 seconds, Stopping threads took: 0.0000428 seconds
[750.376s][info ][safepoint    ] Application time: 1.0000947 seconds
[750.376s][info ][safepoint    ] Entering safepoint region: Cleanup
[750.376s][info ][safepoint    ] Leaving safepoint region
[750.376s][info ][safepoint    ] Total time for which application threads were stopped: 0.0001063 seconds, Stopping threads took: 0.0000413 seconds
[751.377s][info ][safepoint    ] Application time: 1.0000952 seconds
[751.377s][info ][safepoint    ] Entering safepoint region: Cleanup
[751.377s][info ][safepoint    ] Leaving safepoint region
[751.377s][info ][safepoint    ] Total time for which application threads were stopped: 0.0001107 seconds, Stopping threads took: 0.0000397 seconds
[752.275s][info ][safepoint    ] Application time: 0.8981572 seconds
[752.275s][info ][safepoint    ] Entering safepoint region: GenCollectForAllocation
[752.275s][info ][gc,start     ] GC(399) Pause Young (Allocation Failure)
[752.275s][info ][gc,task      ] GC(399) Using 4 workers of 4 for evacuation
[752.278s][debug][gc,ref       ] GC(399) Skipped phase1 of Reference Processing due to unavailable references
[752.278s][debug][gc,ref       ] GC(399) Skipped phase2 of Reference Processing due to unavailable references
[752.278s][debug][gc,ref       ] GC(399) Skipped phase3 of Reference Processing due to unavailable references
[752.278s][debug][gc,ref       ] GC(399) Skipped phase4 of Reference Processing due to unavailable references
[752.278s][debug][gc,age       ] GC(399) Desired survivor size 15400960 bytes, new threshold 6 (max threshold 6)
[752.278s][info ][gc,heap      ] GC(399) ParNew: 243204K->2298K(270976K)
[752.278s][info ][gc,heap      ] GC(399) CMS: 381207K->381326K(602112K)
[752.278s][info ][gc,metaspace ] GC(399) Metaspace: 57570K->57570K(1101824K)
[752.278s][info ][gc           ] GC(399) Pause Young (Allocation Failure) 609M->374M(852M) 3.037ms
[752.278s][info ][gc,cpu       ] GC(399) User=0.01s Sys=0.00s Real=0.01s
[752.278s][info ][safepoint    ] Leaving safepoint region
[752.278s][info ][safepoint    ] Total time for which application threads were stopped: 0.0031916 seconds, Stopping threads took: 0.0000163 seconds
[753.278s][info ][safepoint    ] Application time: 1.0001012 seconds
[753.278s][info ][safepoint    ] Entering safepoint region: Cleanup
[753.278s][info ][safepoint    ] Leaving safepoint region
[753.278s][info ][safepoint    ] Total time for which application threads were stopped: 0.0000993 seconds, Stopping threads took: 0.0000398 seconds
[754.278s][info ][safepoint    ] Application time: 1.0000919 seconds
[754.279s][info ][safepoint    ] Entering safepoint region: Cleanup
[754.279s][info ][safepoint    ] Leaving safepoint region
[754.279s][info ][safepoint    ] Total time for which application threads were stopped: 0.0001364 seconds, Stopping threads took: 0.0000680 seconds
[755.035s][info ][safepoint    ] Application time: 0.7567882 seconds
[755.035s][info ][safepoint    ] Entering safepoint region: GenCollectForAllocation
[755.036s][info ][gc,start     ] GC(400) Pause Young (Allocation Failure)
[755.036s][info ][gc,task      ] GC(400) Using 4 workers of 4 for evacuation
[755.039s][debug][gc,ref       ] GC(400) Skipped phase1 of Reference Processing due to unavailable references
[755.039s][debug][gc,ref       ] GC(400) Skipped phase2 of Reference Processing due to unavailable references
[755.039s][debug][gc,ref       ] GC(400) Skipped phase3 of Reference Processing due to unavailable references
[755.039s][debug][gc,ref       ] GC(400) Skipped phase4 of Reference Processing due to unavailable references
[755.039s][debug][gc,age       ] GC(400) Desired survivor size 15400960 bytes, new threshold 6 (max threshold 6)
[755.039s][info ][gc,heap      ] GC(400) ParNew: 243194K->2212K(270976K)
[755.039s][info ][gc,heap      ] GC(400) CMS: 381326K->381439K(602112K)
[755.039s][info ][gc,metaspace ] GC(400) Metaspace: 57570K->57570K(1101824K)
[755.039s][info ][gc           ] GC(400) Pause Young (Allocation Failure) 609M->374M(852M) 3.461ms
[755.039s][info ][gc,cpu       ] GC(400) User=0.01s Sys=0.01s Real=0.01s
[755.039s][info ][safepoint    ] Leaving safepoint region
[755.039s][info ][safepoint    ] Total time for which application threads were stopped: 0.0036153 seconds, Stopping threads took: 0.0000164 seconds
[756.039s][info ][safepoint    ] Application time: 1.0000917 seconds
[756.039s][info ][safepoint    ] Entering safepoint region: Cleanup
[756.039s][info ][safepoint    ] Leaving safepoint region
[756.039s][info ][safepoint    ] Total time for which application threads were stopped: 0.0001120 seconds, Stopping threads took: 0.0000323 seconds
[757.039s][info ][safepoint    ] Application time: 1.0000970 seconds
[757.040s][info ][safepoint    ] Entering safepoint region: Cleanup
[757.040s][info ][safepoint    ] Leaving safepoint region
[757.040s][info ][safepoint    ] Total time for which application threads were stopped: 0.0001440 seconds, Stopping threads took: 0.0000693 seconds
[757.981s][info ][safepoint    ] Application time: 0.9409283 seconds
[757.981s][info ][safepoint    ] Entering safepoint region: GenCollectForAllocation
[757.981s][info ][gc,start     ] GC(401) Pause Young (Allocation Failure)
[757.981s][info ][gc,task      ] GC(401) Using 4 workers of 4 for evacuation
[757.984s][debug][gc,ref       ] GC(401) Skipped phase1 of Reference Processing due to unavailable references
[757.984s][debug][gc,ref       ] GC(401) Skipped phase2 of Reference Processing due to unavailable references
[757.984s][debug][gc,ref       ] GC(401) Skipped phase3 of Reference Processing due to unavailable references
[757.984s][debug][gc,ref       ] GC(401) Skipped phase4 of Reference Processing due to unavailable references
[757.984s][debug][gc,age       ] GC(401) Desired survivor size 15400960 bytes, new threshold 6 (max threshold 6)
[757.984s][info ][gc,heap      ] GC(401) ParNew: 243108K->2643K(270976K)
[757.984s][info ][gc,heap      ] GC(401) CMS: 381439K->381558K(602112K)
[757.984s][info ][gc,metaspace ] GC(401) Metaspace: 57570K->57570K(1101824K)
[757.984s][info ][gc           ] GC(401) Pause Young (Allocation Failure) 609M->375M(852M) 3.723ms
[757.984s][info ][gc,cpu       ] GC(401) User=0.01s Sys=0.00s Real=0.01s
[757.984s][info ][safepoint    ] Leaving safepoint region
[757.984s][info ][safepoint    ] Total time for which application threads were stopped: 0.0039036 seconds, Stopping threads took: 0.0000404 seconds
[758.985s][info ][safepoint    ] Application time: 1.0002930 seconds
[758.985s][info ][safepoint    ] Entering safepoint region: Cleanup
[758.985s][info ][safepoint    ] Leaving safepoint region
[758.985s][info ][safepoint    ] Total time for which application threads were stopped: 0.0001147 seconds, Stopping threads took: 0.0000533 seconds
[759.985s][info ][safepoint    ] Application time: 1.0000899 seconds
[759.985s][info ][safepoint    ] Entering safepoint region: Cleanup
[759.985s][info ][safepoint    ] Leaving safepoint region
[759.985s][info ][safepoint    ] Total time for which application threads were stopped: 0.0001172 seconds, Stopping threads took: 0.0000409 seconds
[760.825s][info ][safepoint    ] Application time: 0.8397807 seconds
[760.825s][info ][safepoint    ] Entering safepoint region: GenCollectForAllocation
[760.825s][info ][gc,start     ] GC(402) Pause Young (Allocation Failure)
[760.825s][info ][gc,task      ] GC(402) Using 4 workers of 4 for evacuation
[760.828s][debug][gc,ref       ] GC(402) Skipped phase1 of Reference Processing due to unavailable references
[760.828s][debug][gc,ref       ] GC(402) Skipped phase2 of Reference Processing due to unavailable references
[760.828s][debug][gc,ref       ] GC(402) Skipped phase3 of Reference Processing due to unavailable references
[760.828s][debug][gc,ref       ] GC(402) Skipped phase4 of Reference Processing due to unavailable references
[760.828s][debug][gc,age       ] GC(402) Desired survivor size 15400960 bytes, new threshold 6 (max threshold 6)
[760.828s][info ][gc,heap      ] GC(402) ParNew: 243539K->2063K(270976K)
[760.828s][info ][gc,heap      ] GC(402) CMS: 381558K->382020K(602112K)
[760.828s][info ][gc,metaspace ] GC(402) Metaspace: 57570K->57570K(1101824K)
[760.828s][info ][gc           ] GC(402) Pause Young (Allocation Failure) 610M->375M(852M) 3.025ms
[760.828s][info ][gc,cpu       ] GC(402) User=0.01s Sys=0.00s Real=0.00s
[760.828s][info ][safepoint    ] Leaving safepoint region
[760.828s][info ][safepoint    ] Total time for which application threads were stopped: 0.0031912 seconds, Stopping threads took: 0.0000169 seconds
[761.828s][info ][safepoint    ] Application time: 1.0001425 seconds
[761.828s][info ][safepoint    ] Entering safepoint region: Cleanup
[761.828s][info ][safepoint    ] Leaving safepoint region
[761.829s][info ][safepoint    ] Total time for which application threads were stopped: 0.0001257 seconds, Stopping threads took: 0.0000665 seconds
[762.829s][info ][safepoint    ] Application time: 1.0000884 seconds
[762.829s][info ][safepoint    ] Entering safepoint region: Cleanup
[762.829s][info ][safepoint    ] Leaving safepoint region
[762.829s][info ][safepoint    ] Total time for which application threads were stopped: 0.0002504 seconds, Stopping threads took: 0.0001892 seconds
[763.625s][info ][safepoint    ] Application time: 0.7965534 seconds
[763.625s][info ][safepoint    ] Entering safepoint region: GenCollectForAllocation
[763.626s][info ][gc,start     ] GC(403) Pause Young (Allocation Failure)
[763.626s][info ][gc,task      ] GC(403) Using 4 workers of 4 for evacuation
[763.628s][debug][gc,ref       ] GC(403) Skipped phase1 of Reference Processing due to unavailable references
[763.628s][debug][gc,ref       ] GC(403) Skipped phase2 of Reference Processing due to unavailable references
[763.628s][debug][gc,ref       ] GC(403) Skipped phase3 of Reference Processing due to unavailable references
[763.628s][debug][gc,ref       ] GC(403) Skipped phase4 of Reference Processing due to unavailable references
[763.628s][debug][gc,age       ] GC(403) Desired survivor size 15400960 bytes, new threshold 6 (max threshold 6)
[763.628s][info ][gc,heap      ] GC(403) ParNew: 242959K->2264K(270976K)
[763.628s][info ][gc,heap      ] GC(403) CMS: 382020K->382024K(602112K)
[763.628s][info ][gc,metaspace ] GC(403) Metaspace: 57570K->57570K(1101824K)
[763.628s][info ][gc           ] GC(403) Pause Young (Allocation Failure) 610M->375M(852M) 2.865ms
[763.628s][info ][gc,cpu       ] GC(403) User=0.01s Sys=0.00s Real=0.00s
[763.628s][info ][safepoint    ] Leaving safepoint region
[763.628s][info ][safepoint    ] Total time for which application threads were stopped: 0.0030276 seconds, Stopping threads took: 0.0000173 seconds
[764.629s][info ][safepoint    ] Application time: 1.0001016 seconds
[764.629s][info ][safepoint    ] Entering safepoint region: Cleanup
[764.629s][info ][safepoint    ] Leaving safepoint region
[764.629s][info ][safepoint    ] Total time for which application threads were stopped: 0.0001214 seconds, Stopping threads took: 0.0000418 seconds
[765.629s][info ][safepoint    ] Application time: 1.0001036 seconds
[765.629s][info ][safepoint    ] Entering safepoint region: Cleanup
[765.629s][info ][safepoint    ] Leaving safepoint region
[765.629s][info ][safepoint    ] Total time for which application threads were stopped: 0.0001245 seconds, Stopping threads took: 0.0000414 seconds
[766.336s][info ][safepoint    ] Application time: 0.7070866 seconds
[766.336s][info ][safepoint    ] Entering safepoint region: GenCollectForAllocation
[766.336s][info ][gc,start     ] GC(404) Pause Young (Allocation Failure)
[766.336s][info ][gc,task      ] GC(404) Using 4 workers of 4 for evacuation
[766.339s][debug][gc,ref       ] GC(404) Skipped phase1 of Reference Processing due to unavailable references
[766.339s][debug][gc,ref       ] GC(404) Skipped phase2 of Reference Processing due to unavailable references
[766.339s][debug][gc,ref       ] GC(404) Skipped phase3 of Reference Processing due to unavailable references
[766.339s][debug][gc,ref       ] GC(404) Skipped phase4 of Reference Processing due to unavailable references
[766.339s][debug][gc,age       ] GC(404) Desired survivor size 15400960 bytes, new threshold 6 (max threshold 6)
[766.339s][info ][gc,heap      ] GC(404) ParNew: 243160K->2265K(270976K)
[766.339s][info ][gc,heap      ] GC(404) CMS: 382024K->382068K(602112K)
[766.339s][info ][gc,metaspace ] GC(404) Metaspace: 57570K->57570K(1101824K)
[766.339s][info ][gc           ] GC(404) Pause Young (Allocation Failure) 610M->375M(852M) 3.020ms
[766.339s][info ][gc,cpu       ] GC(404) User=0.01s Sys=0.01s Real=0.00s
[766.339s][info ][safepoint    ] Leaving safepoint region
[766.339s][info ][safepoint    ] Total time for which application threads were stopped: 0.0031693 seconds, Stopping threads took: 0.0000166 seconds
[767.339s][info ][safepoint    ] Application time: 1.0001364 seconds
[767.340s][info ][safepoint    ] Entering safepoint region: Cleanup
[767.340s][info ][safepoint    ] Leaving safepoint region
[767.340s][info ][safepoint    ] Total time for which application threads were stopped: 0.0001269 seconds, Stopping threads took: 0.0000748 seconds
[768.340s][info ][safepoint    ] Application time: 1.0001063 seconds
[768.340s][info ][safepoint    ] Entering safepoint region: Cleanup
[768.340s][info ][safepoint    ] Leaving safepoint region
[768.340s][info ][safepoint    ] Total time for which application threads were stopped: 0.0001129 seconds, Stopping threads took: 0.0000461 seconds
[769.133s][info ][safepoint    ] Application time: 0.7927205 seconds
[769.133s][info ][safepoint    ] Entering safepoint region: GenCollectForAllocation
[769.133s][info ][gc,start     ] GC(405) Pause Young (Allocation Failure)
[769.133s][info ][gc,task      ] GC(405) Using 4 workers of 4 for evacuation
[769.136s][debug][gc,ref       ] GC(405) Skipped phase1 of Reference Processing due to unavailable references
[769.136s][debug][gc,ref       ] GC(405) Skipped phase2 of Reference Processing due to unavailable references
[769.136s][debug][gc,ref       ] GC(405) Skipped phase3 of Reference Processing due to unavailable references
[769.136s][debug][gc,ref       ] GC(405) Skipped phase4 of Reference Processing due to unavailable references
[769.136s][debug][gc,age       ] GC(405) Desired survivor size 15400960 bytes, new threshold 6 (max threshold 6)
[769.136s][info ][gc,heap      ] GC(405) ParNew: 243161K->1980K(270976K)
[769.136s][info ][gc,heap      ] GC(405) CMS: 382068K->382297K(602112K)
[769.136s][info ][gc,metaspace ] GC(405) Metaspace: 57570K->57570K(1101824K)
[769.136s][info ][gc           ] GC(405) Pause Young (Allocation Failure) 610M->375M(852M) 3.425ms
[769.136s][info ][gc,cpu       ] GC(405) User=0.02s Sys=0.00s Real=0.01s
[769.136s][info ][safepoint    ] Leaving safepoint region
[769.136s][info ][safepoint    ] Total time for which application threads were stopped: 0.0035807 seconds, Stopping threads took: 0.0000176 seconds
[770.136s][info ][safepoint    ] Application time: 1.0000936 seconds
[770.137s][info ][safepoint    ] Entering safepoint region: Cleanup
[770.137s][info ][safepoint    ] Leaving safepoint region
[770.137s][info ][safepoint    ] Total time for which application threads were stopped: 0.0001305 seconds, Stopping threads took: 0.0000420 seconds
[771.137s][info ][safepoint    ] Application time: 1.0000898 seconds
[771.137s][info ][safepoint    ] Entering safepoint region: Cleanup
[771.137s][info ][safepoint    ] Leaving safepoint region
[771.137s][info ][safepoint    ] Total time for which application threads were stopped: 0.0001654 seconds, Stopping threads took: 0.0000980 seconds
[772.137s][info ][safepoint    ] Application time: 1.0000884 seconds
[772.137s][info ][safepoint    ] Entering safepoint region: Cleanup
[772.137s][info ][safepoint    ] Leaving safepoint region
[772.137s][info ][safepoint    ] Total time for which application threads were stopped: 0.0000838 seconds, Stopping threads took: 0.0000185 seconds
[772.181s][info ][safepoint    ] Application time: 0.0438899 seconds
[772.181s][info ][safepoint    ] Entering safepoint region: GenCollectForAllocation
[772.181s][info ][gc,start     ] GC(406) Pause Young (Allocation Failure)
[772.181s][info ][gc,task      ] GC(406) Using 4 workers of 4 for evacuation
[772.184s][debug][gc,ref       ] GC(406) Skipped phase1 of Reference Processing due to unavailable references
[772.184s][debug][gc,ref       ] GC(406) Skipped phase2 of Reference Processing due to unavailable references
[772.184s][debug][gc,ref       ] GC(406) Skipped phase3 of Reference Processing due to unavailable references
[772.184s][debug][gc,ref       ] GC(406) Skipped phase4 of Reference Processing due to unavailable references
[772.184s][debug][gc,age       ] GC(406) Desired survivor size 15400960 bytes, new threshold 6 (max threshold 6)
[772.184s][info ][gc,heap      ] GC(406) ParNew: 242876K->1849K(270976K)
[772.184s][info ][gc,heap      ] GC(406) CMS: 382297K->382457K(602112K)
[772.184s][info ][gc,metaspace ] GC(406) Metaspace: 57570K->57570K(1101824K)
[772.184s][info ][gc           ] GC(406) Pause Young (Allocation Failure) 610M->375M(852M) 3.072ms
[772.184s][info ][gc,cpu       ] GC(406) User=0.01s Sys=0.00s Real=0.01s
[772.184s][info ][safepoint    ] Leaving safepoint region
[772.184s][info ][safepoint    ] Total time for which application threads were stopped: 0.0032185 seconds, Stopping threads took: 0.0000174 seconds
[773.184s][info ][safepoint    ] Application time: 1.0000824 seconds
[773.184s][info ][safepoint    ] Entering safepoint region: Cleanup
[773.185s][info ][safepoint    ] Leaving safepoint region
[773.185s][info ][safepoint    ] Total time for which application threads were stopped: 0.0001585 seconds, Stopping threads took: 0.0000611 seconds
[774.185s][info ][safepoint    ] Application time: 1.0000850 seconds
[774.185s][info ][safepoint    ] Entering safepoint region: Cleanup
[774.185s][info ][safepoint    ] Leaving safepoint region
[774.185s][info ][safepoint    ] Total time for which application threads were stopped: 0.0000718 seconds, Stopping threads took: 0.0000187 seconds
[774.990s][info ][safepoint    ] Application time: 0.8050632 seconds
[774.990s][info ][safepoint    ] Entering safepoint region: GenCollectForAllocation
[774.990s][info ][gc,start     ] GC(407) Pause Young (Allocation Failure)
[774.990s][info ][gc,task      ] GC(407) Using 4 workers of 4 for evacuation
[774.993s][debug][gc,ref       ] GC(407) Skipped phase1 of Reference Processing due to unavailable references
[774.993s][debug][gc,ref       ] GC(407) Skipped phase2 of Reference Processing due to unavailable references
[774.993s][debug][gc,ref       ] GC(407) Skipped phase3 of Reference Processing due to unavailable references
[774.993s][debug][gc,ref       ] GC(407) Skipped phase4 of Reference Processing due to unavailable references
[774.993s][debug][gc,age       ] GC(407) Desired survivor size 15400960 bytes, new threshold 6 (max threshold 6)
[774.993s][info ][gc,heap      ] GC(407) ParNew: 242745K->2293K(270976K)
[774.993s][info ][gc,heap      ] GC(407) CMS: 382457K->382476K(602112K)
[774.993s][info ][gc,metaspace ] GC(407) Metaspace: 57570K->57570K(1101824K)
[774.993s][info ][gc           ] GC(407) Pause Young (Allocation Failure) 610M->375M(852M) 2.815ms
[774.993s][info ][gc,cpu       ] GC(407) User=0.01s Sys=0.00s Real=0.00s
[774.993s][info ][safepoint    ] Leaving safepoint region
[774.993s][info ][safepoint    ] Total time for which application threads were stopped: 0.0029578 seconds, Stopping threads took: 0.0000211 seconds
[775.993s][info ][safepoint    ] Application time: 1.0000950 seconds
[775.993s][info ][safepoint    ] Entering safepoint region: Cleanup
[775.993s][info ][safepoint    ] Leaving safepoint region
[775.993s][info ][safepoint    ] Total time for which application threads were stopped: 0.0001023 seconds, Stopping threads took: 0.0000393 seconds
[776.993s][info ][safepoint    ] Application time: 1.0000869 seconds
[776.993s][info ][safepoint    ] Entering safepoint region: Cleanup
[776.993s][info ][safepoint    ] Leaving safepoint region
[776.993s][info ][safepoint    ] Total time for which application threads were stopped: 0.0001145 seconds, Stopping threads took: 0.0000445 seconds
[777.928s][info ][safepoint    ] Application time: 0.9350650 seconds
[777.928s][info ][safepoint    ] Entering safepoint region: GenCollectForAllocation
[777.928s][info ][gc,start     ] GC(408) Pause Young (Allocation Failure)
[777.929s][info ][gc,task      ] GC(408) Using 4 workers of 4 for evacuation
[777.931s][debug][gc,ref       ] GC(408) Skipped phase1 of Reference Processing due to unavailable references
[777.931s][debug][gc,ref       ] GC(408) Skipped phase2 of Reference Processing due to unavailable references
[777.931s][debug][gc,ref       ] GC(408) Skipped phase3 of Reference Processing due to unavailable references
[777.931s][debug][gc,ref       ] GC(408) Skipped phase4 of Reference Processing due to unavailable references
[777.931s][debug][gc,age       ] GC(408) Desired survivor size 15400960 bytes, new threshold 6 (max threshold 6)
[777.931s][info ][gc,heap      ] GC(408) ParNew: 243189K->1667K(270976K)
[777.931s][info ][gc,heap      ] GC(408) CMS: 382476K->382627K(602112K)
[777.931s][info ][gc,metaspace ] GC(408) Metaspace: 57572K->57572K(1101824K)
[777.931s][info ][gc           ] GC(408) Pause Young (Allocation Failure) 611M->375M(852M) 2.984ms
[777.931s][info ][gc,cpu       ] GC(408) User=0.02s Sys=0.00s Real=0.00s
[777.932s][info ][safepoint    ] Leaving safepoint region
[777.932s][info ][safepoint    ] Total time for which application threads were stopped: 0.0031377 seconds, Stopping threads took: 0.0000164 seconds
[778.932s][info ][safepoint    ] Application time: 1.0000910 seconds
[778.932s][info ][safepoint    ] Entering safepoint region: Cleanup
[778.932s][info ][safepoint    ] Leaving safepoint region
[778.932s][info ][safepoint    ] Total time for which application threads were stopped: 0.0001339 seconds, Stopping threads took: 0.0000728 seconds
[779.932s][info ][safepoint    ] Application time: 1.0001057 seconds
[779.932s][info ][safepoint    ] Entering safepoint region: Cleanup
[779.932s][info ][safepoint    ] Leaving safepoint region
[779.932s][info ][safepoint    ] Total time for which application threads were stopped: 0.0001701 seconds, Stopping threads took: 0.0001144 seconds
[780.785s][info ][safepoint    ] Application time: 0.8533609 seconds
[780.786s][info ][safepoint    ] Entering safepoint region: GenCollectForAllocation
[780.786s][info ][gc,start     ] GC(409) Pause Young (Allocation Failure)
[780.786s][info ][gc,task      ] GC(409) Using 4 workers of 4 for evacuation
[780.788s][debug][gc,ref       ] GC(409) Skipped phase1 of Reference Processing due to unavailable references
[780.788s][debug][gc,ref       ] GC(409) Skipped phase2 of Reference Processing due to unavailable references
[780.788s][debug][gc,ref       ] GC(409) Skipped phase3 of Reference Processing due to unavailable references
[780.788s][debug][gc,ref       ] GC(409) Skipped phase4 of Reference Processing due to unavailable references
[780.789s][debug][gc,age       ] GC(409) Desired survivor size 15400960 bytes, new threshold 6 (max threshold 6)
[780.789s][info ][gc,heap      ] GC(409) ParNew: 242563K->1985K(270976K)
[780.789s][info ][gc,heap      ] GC(409) CMS: 382627K->382715K(602112K)
[780.789s][info ][gc,metaspace ] GC(409) Metaspace: 57572K->57572K(1101824K)
[780.789s][info ][gc           ] GC(409) Pause Young (Allocation Failure) 610M->375M(852M) 2.868ms
[780.789s][info ][gc,cpu       ] GC(409) User=0.01s Sys=0.00s Real=0.00s
[780.789s][info ][safepoint    ] Leaving safepoint region
[780.789s][info ][safepoint    ] Total time for which application threads were stopped: 0.0031636 seconds, Stopping threads took: 0.0000175 seconds
[781.789s][info ][safepoint    ] Application time: 1.0002281 seconds
[781.789s][info ][safepoint    ] Entering safepoint region: Cleanup
[781.789s][info ][safepoint    ] Leaving safepoint region
[781.789s][info ][safepoint    ] Total time for which application threads were stopped: 0.0000998 seconds, Stopping threads took: 0.0000439 seconds
[782.789s][info ][safepoint    ] Application time: 1.0001054 seconds
[782.789s][info ][safepoint    ] Entering safepoint region: Cleanup
[782.789s][info ][safepoint    ] Leaving safepoint region
[782.789s][info ][safepoint    ] Total time for which application threads were stopped: 0.0000695 seconds, Stopping threads took: 0.0000170 seconds
[783.489s][info ][safepoint    ] Application time: 0.6998707 seconds
[783.489s][info ][safepoint    ] Entering safepoint region: GenCollectForAllocation
[783.489s][info ][gc,start     ] GC(410) Pause Young (Allocation Failure)
[783.489s][info ][gc,task      ] GC(410) Using 4 workers of 4 for evacuation
[783.492s][debug][gc,ref       ] GC(410) Skipped phase1 of Reference Processing due to unavailable references
[783.492s][debug][gc,ref       ] GC(410) Skipped phase2 of Reference Processing due to unavailable references
[783.492s][debug][gc,ref       ] GC(410) Skipped phase3 of Reference Processing due to unavailable references
[783.492s][debug][gc,ref       ] GC(410) Skipped phase4 of Reference Processing due to unavailable references
[783.492s][debug][gc,age       ] GC(410) Desired survivor size 15400960 bytes, new threshold 6 (max threshold 6)
[783.492s][info ][gc,heap      ] GC(410) ParNew: 242881K->1547K(270976K)
[783.492s][info ][gc,heap      ] GC(410) CMS: 382715K->382861K(602112K)
[783.492s][info ][gc,metaspace ] GC(410) Metaspace: 57573K->57573K(1101824K)
[783.492s][info ][gc           ] GC(410) Pause Young (Allocation Failure) 610M->375M(852M) 2.943ms
[783.492s][info ][gc,cpu       ] GC(410) User=0.01s Sys=0.00s Real=0.00s
[783.492s][info ][safepoint    ] Leaving safepoint region
[783.492s][info ][safepoint    ] Total time for which application threads were stopped: 0.0030801 seconds, Stopping threads took: 0.0000173 seconds
[784.492s][info ][safepoint    ] Application time: 1.0000915 seconds
[784.492s][info ][safepoint    ] Entering safepoint region: Cleanup
[784.492s][info ][safepoint    ] Leaving safepoint region
[784.492s][info ][safepoint    ] Total time for which application threads were stopped: 0.0000723 seconds, Stopping threads took: 0.0000178 seconds
[785.493s][info ][safepoint    ] Application time: 1.0000819 seconds
[785.493s][info ][safepoint    ] Entering safepoint region: Cleanup
[785.493s][info ][safepoint    ] Leaving safepoint region
[785.493s][info ][safepoint    ] Total time for which application threads were stopped: 0.0001122 seconds, Stopping threads took: 0.0000204 seconds
[786.424s][info ][safepoint    ] Application time: 0.9313400 seconds
[786.424s][info ][safepoint    ] Entering safepoint region: GenCollectForAllocation
[786.424s][info ][gc,start     ] GC(411) Pause Young (Allocation Failure)
[786.424s][info ][gc,task      ] GC(411) Using 4 workers of 4 for evacuation
[786.427s][debug][gc,ref       ] GC(411) Skipped phase1 of Reference Processing due to unavailable references
[786.427s][debug][gc,ref       ] GC(411) Skipped phase2 of Reference Processing due to unavailable references
[786.427s][debug][gc,ref       ] GC(411) Skipped phase3 of Reference Processing due to unavailable references
[786.427s][debug][gc,ref       ] GC(411) Skipped phase4 of Reference Processing due to unavailable references
[786.427s][debug][gc,age       ] GC(411) Desired survivor size 15400960 bytes, new threshold 6 (max threshold 6)
[786.427s][info ][gc,heap      ] GC(411) ParNew: 242443K->1737K(270976K)
[786.427s][info ][gc,heap      ] GC(411) CMS: 382861K->382863K(602112K)
[786.427s][info ][gc,metaspace ] GC(411) Metaspace: 57573K->57573K(1101824K)
[786.427s][info ][gc           ] GC(411) Pause Young (Allocation Failure) 610M->375M(852M) 2.612ms
[786.427s][info ][gc,cpu       ] GC(411) User=0.01s Sys=0.00s Real=0.00s
[786.427s][info ][safepoint    ] Leaving safepoint region
[786.427s][info ][safepoint    ] Total time for which application threads were stopped: 0.0027536 seconds, Stopping threads took: 0.0000169 seconds
[787.427s][info ][safepoint    ] Application time: 1.0000919 seconds
[787.427s][info ][safepoint    ] Entering safepoint region: Cleanup
[787.427s][info ][safepoint    ] Leaving safepoint region
[787.427s][info ][safepoint    ] Total time for which application threads were stopped: 0.0002275 seconds, Stopping threads took: 0.0000442 seconds
[788.427s][info ][safepoint    ] Application time: 1.0000893 seconds
[788.427s][info ][safepoint    ] Entering safepoint region: Cleanup
[788.427s][info ][safepoint    ] Leaving safepoint region
[788.427s][info ][safepoint    ] Total time for which application threads were stopped: 0.0001298 seconds, Stopping threads took: 0.0000432 seconds
[789.273s][info ][safepoint    ] Application time: 0.8454018 seconds
[789.273s][info ][safepoint    ] Entering safepoint region: GenCollectForAllocation
[789.273s][info ][gc,start     ] GC(412) Pause Young (Allocation Failure)
[789.273s][info ][gc,task      ] GC(412) Using 4 workers of 4 for evacuation
[789.276s][debug][gc,ref       ] GC(412) Skipped phase1 of Reference Processing due to unavailable references
[789.276s][debug][gc,ref       ] GC(412) Skipped phase2 of Reference Processing due to unavailable references
[789.276s][debug][gc,ref       ] GC(412) Skipped phase3 of Reference Processing due to unavailable references
[789.276s][debug][gc,ref       ] GC(412) Skipped phase4 of Reference Processing due to unavailable references
[789.276s][debug][gc,age       ] GC(412) Desired survivor size 15400960 bytes, new threshold 6 (max threshold 6)
[789.276s][info ][gc,heap      ] GC(412) ParNew: 242633K->2090K(270976K)
[789.276s][info ][gc,heap      ] GC(412) CMS: 382863K->382865K(602112K)
[789.276s][info ][gc,metaspace ] GC(412) Metaspace: 57573K->57573K(1101824K)
[789.276s][info ][gc           ] GC(412) Pause Young (Allocation Failure) 610M->375M(852M) 2.886ms
[789.276s][info ][gc,cpu       ] GC(412) User=0.01s Sys=0.00s Real=0.01s
[789.276s][info ][safepoint    ] Leaving safepoint region
[789.276s][info ][safepoint    ] Total time for which application threads were stopped: 0.0030472 seconds, Stopping threads took: 0.0000179 seconds
[790.276s][info ][safepoint    ] Application time: 1.0001002 seconds
[790.276s][info ][safepoint    ] Entering safepoint region: Cleanup
[790.276s][info ][safepoint    ] Leaving safepoint region
[790.276s][info ][safepoint    ] Total time for which application threads were stopped: 0.0001437 seconds, Stopping threads took: 0.0000658 seconds
[791.276s][info ][safepoint    ] Application time: 1.0001413 seconds
[791.276s][info ][safepoint    ] Entering safepoint region: Cleanup
[791.277s][info ][safepoint    ] Leaving safepoint region
[791.277s][info ][safepoint    ] Total time for which application threads were stopped: 0.0001003 seconds, Stopping threads took: 0.0000410 seconds
[792.024s][info ][safepoint    ] Application time: 0.7477246 seconds
[792.024s][info ][safepoint    ] Entering safepoint region: GenCollectForAllocation
[792.024s][info ][gc,start     ] GC(413) Pause Young (Allocation Failure)
[792.024s][info ][gc,task      ] GC(413) Using 4 workers of 4 for evacuation
[792.027s][debug][gc,ref       ] GC(413) Skipped phase1 of Reference Processing due to unavailable references
[792.027s][debug][gc,ref       ] GC(413) Skipped phase2 of Reference Processing due to unavailable references
[792.027s][debug][gc,ref       ] GC(413) Skipped phase3 of Reference Processing due to unavailable references
[792.027s][debug][gc,ref       ] GC(413) Skipped phase4 of Reference Processing due to unavailable references
[792.027s][debug][gc,age       ] GC(413) Desired survivor size 15400960 bytes, new threshold 6 (max threshold 6)
[792.027s][info ][gc,heap      ] GC(413) ParNew: 242986K->2112K(270976K)
[792.027s][info ][gc,heap      ] GC(413) CMS: 382865K->382927K(602112K)
[792.027s][info ][gc,metaspace ] GC(413) Metaspace: 57573K->57573K(1101824K)
[792.027s][info ][gc           ] GC(413) Pause Young (Allocation Failure) 611M->376M(852M) 2.997ms
[792.027s][info ][gc,cpu       ] GC(413) User=0.01s Sys=0.00s Real=0.00s
[792.027s][info ][safepoint    ] Leaving safepoint region
[792.027s][info ][safepoint    ] Total time for which application threads were stopped: 0.0031580 seconds, Stopping threads took: 0.0000161 seconds
[793.028s][info ][safepoint    ] Application time: 1.0000903 seconds
[793.028s][info ][safepoint    ] Entering safepoint region: Cleanup
[793.028s][info ][safepoint    ] Leaving safepoint region
[793.028s][info ][safepoint    ] Total time for which application threads were stopped: 0.0001289 seconds, Stopping threads took: 0.0000426 seconds
[794.028s][info ][safepoint    ] Application time: 1.0000458 seconds
[794.028s][info ][safepoint    ] Entering safepoint region: Cleanup
[794.028s][info ][safepoint    ] Leaving safepoint region
[794.028s][info ][safepoint    ] Total time for which application threads were stopped: 0.0001252 seconds, Stopping threads took: 0.0000420 seconds
[794.831s][info ][safepoint    ] Application time: 0.8031228 seconds
[794.831s][info ][safepoint    ] Entering safepoint region: GenCollectForAllocation
[794.831s][info ][gc,start     ] GC(414) Pause Young (Allocation Failure)
[794.831s][info ][gc,task      ] GC(414) Using 4 workers of 4 for evacuation
[794.834s][debug][gc,ref       ] GC(414) Skipped phase1 of Reference Processing due to unavailable references
[794.834s][debug][gc,ref       ] GC(414) Skipped phase2 of Reference Processing due to unavailable references
[794.834s][debug][gc,ref       ] GC(414) Skipped phase3 of Reference Processing due to unavailable references
[794.834s][debug][gc,ref       ] GC(414) Skipped phase4 of Reference Processing due to unavailable references
[794.834s][debug][gc,age       ] GC(414) Desired survivor size 15400960 bytes, new threshold 6 (max threshold 6)
[794.834s][info ][gc,heap      ] GC(414) ParNew: 243008K->2118K(270976K)
[794.834s][info ][gc,heap      ] GC(414) CMS: 382927K->382987K(602112K)
[794.834s][info ][gc,metaspace ] GC(414) Metaspace: 57573K->57573K(1101824K)
[794.834s][info ][gc           ] GC(414) Pause Young (Allocation Failure) 611M->376M(852M) 2.860ms
[794.834s][info ][gc,cpu       ] GC(414) User=0.01s Sys=0.00s Real=0.00s
[794.834s][info ][safepoint    ] Leaving safepoint region
[794.834s][info ][safepoint    ] Total time for which application threads were stopped: 0.0030041 seconds, Stopping threads took: 0.0000169 seconds
[795.834s][info ][safepoint    ] Application time: 1.0000605 seconds
[795.834s][info ][safepoint    ] Entering safepoint region: Cleanup
[795.834s][info ][safepoint    ] Leaving safepoint region
[795.834s][info ][safepoint    ] Total time for which application threads were stopped: 0.0001600 seconds, Stopping threads took: 0.0000841 seconds
[796.834s][info ][safepoint    ] Application time: 1.0000904 seconds
[796.835s][info ][safepoint    ] Entering safepoint region: Cleanup
[796.835s][info ][safepoint    ] Leaving safepoint region
[796.835s][info ][safepoint    ] Total time for which application threads were stopped: 0.0003863 seconds, Stopping threads took: 0.0000199 seconds
[797.835s][info ][safepoint    ] Application time: 1.0000909 seconds
[797.835s][info ][safepoint    ] Entering safepoint region: Cleanup
[797.835s][info ][safepoint    ] Leaving safepoint region
[797.835s][info ][safepoint    ] Total time for which application threads were stopped: 0.0001127 seconds, Stopping threads took: 0.0000363 seconds
[797.840s][info ][safepoint    ] Application time: 0.0051553 seconds
[797.840s][info ][safepoint    ] Entering safepoint region: GenCollectForAllocation
[797.841s][info ][gc,start     ] GC(415) Pause Young (Allocation Failure)
[797.841s][info ][gc,task      ] GC(415) Using 4 workers of 4 for evacuation
[797.844s][debug][gc,ref       ] GC(415) Skipped phase1 of Reference Processing due to unavailable references
[797.844s][debug][gc,ref       ] GC(415) Skipped phase2 of Reference Processing due to unavailable references
[797.844s][debug][gc,ref       ] GC(415) Skipped phase3 of Reference Processing due to unavailable references
[797.844s][debug][gc,ref       ] GC(415) Skipped phase4 of Reference Processing due to unavailable references
[797.844s][debug][gc,age       ] GC(415) Desired survivor size 15400960 bytes, new threshold 6 (max threshold 6)
[797.844s][info ][gc,heap      ] GC(415) ParNew: 243014K->2157K(270976K)
[797.844s][info ][gc,heap      ] GC(415) CMS: 382987K->383096K(602112K)
[797.844s][info ][gc,metaspace ] GC(415) Metaspace: 57573K->57573K(1101824K)
[797.844s][info ][gc           ] GC(415) Pause Young (Allocation Failure) 611M->376M(852M) 3.274ms
[797.844s][info ][gc,cpu       ] GC(415) User=0.01s Sys=0.00s Real=0.01s
[797.844s][info ][safepoint    ] Leaving safepoint region
[797.844s][info ][safepoint    ] Total time for which application threads were stopped: 0.0033818 seconds, Stopping threads took: 0.0000094 seconds
[798.844s][info ][safepoint    ] Application time: 1.0001391 seconds
[798.844s][info ][safepoint    ] Entering safepoint region: Cleanup
[798.844s][info ][safepoint    ] Leaving safepoint region
[798.844s][info ][safepoint    ] Total time for which application threads were stopped: 0.0001172 seconds, Stopping threads took: 0.0000642 seconds
[799.844s][info ][safepoint    ] Application time: 1.0000814 seconds
[799.844s][info ][safepoint    ] Entering safepoint region: Cleanup
[799.844s][info ][safepoint    ] Leaving safepoint region
[799.844s][info ][safepoint    ] Total time for which application threads were stopped: 0.0000736 seconds, Stopping threads took: 0.0000181 seconds
[800.790s][info ][safepoint    ] Application time: 0.9454656 seconds
[800.790s][info ][safepoint    ] Entering safepoint region: GenCollectForAllocation
[800.790s][info ][gc,start     ] GC(416) Pause Young (Allocation Failure)
[800.790s][info ][gc,task      ] GC(416) Using 4 workers of 4 for evacuation
[800.793s][debug][gc,ref       ] GC(416) Skipped phase1 of Reference Processing due to unavailable references
[800.793s][debug][gc,ref       ] GC(416) Skipped phase2 of Reference Processing due to unavailable references
[800.793s][debug][gc,ref       ] GC(416) Skipped phase3 of Reference Processing due to unavailable references
[800.793s][debug][gc,ref       ] GC(416) Skipped phase4 of Reference Processing due to unavailable references
[800.793s][debug][gc,age       ] GC(416) Desired survivor size 15400960 bytes, new threshold 6 (max threshold 6)
[800.793s][info ][gc,heap      ] GC(416) ParNew: 243053K->2520K(270976K)
[800.793s][info ][gc,heap      ] GC(416) CMS: 383096K->383131K(602112K)
[800.793s][info ][gc,metaspace ] GC(416) Metaspace: 57573K->57573K(1101824K)
[800.793s][info ][gc           ] GC(416) Pause Young (Allocation Failure) 611M->376M(852M) 2.850ms
[800.793s][info ][gc,cpu       ] GC(416) User=0.01s Sys=0.00s Real=0.00s
[800.793s][info ][safepoint    ] Leaving safepoint region
[800.793s][info ][safepoint    ] Total time for which application threads were stopped: 0.0031096 seconds, Stopping threads took: 0.0000183 seconds
[801.793s][info ][safepoint    ] Application time: 1.0000622 seconds
[801.793s][info ][safepoint    ] Entering safepoint region: Cleanup
[801.793s][info ][safepoint    ] Leaving safepoint region
[801.793s][info ][safepoint    ] Total time for which application threads were stopped: 0.0000778 seconds, Stopping threads took: 0.0000264 seconds
[802.793s][info ][safepoint    ] Application time: 1.0000809 seconds
[802.793s][info ][safepoint    ] Entering safepoint region: Cleanup
[802.793s][info ][safepoint    ] Leaving safepoint region
[802.793s][info ][safepoint    ] Total time for which application threads were stopped: 0.0000836 seconds, Stopping threads took: 0.0000323 seconds
[803.194s][info ][safepoint    ] Application time: 0.4003491 seconds
[803.194s][info ][safepoint    ] Entering safepoint region: RevokeBias
[803.194s][info ][safepoint    ] Leaving safepoint region
[803.194s][info ][safepoint    ] Total time for which application threads were stopped: 0.0001163 seconds, Stopping threads took: 0.0000404 seconds
[803.781s][info ][safepoint    ] Application time: 0.5872913 seconds
[803.781s][info ][safepoint    ] Entering safepoint region: GenCollectForAllocation
[803.781s][info ][gc,start     ] GC(417) Pause Young (Allocation Failure)
[803.781s][info ][gc,task      ] GC(417) Using 4 workers of 4 for evacuation
[803.784s][debug][gc,ref       ] GC(417) Skipped phase1 of Reference Processing due to unavailable references
[803.784s][debug][gc,ref       ] GC(417) Skipped phase2 of Reference Processing due to unavailable references
[803.784s][debug][gc,ref       ] GC(417) Skipped phase3 of Reference Processing due to unavailable references
[803.784s][debug][gc,ref       ] GC(417) Skipped phase4 of Reference Processing due to unavailable references
[803.784s][debug][gc,age       ] GC(417) Desired survivor size 15400960 bytes, new threshold 6 (max threshold 6)
[803.784s][info ][gc,heap      ] GC(417) ParNew: 243416K->2077K(270976K)
[803.784s][info ][gc,heap      ] GC(417) CMS: 383131K->383186K(602112K)
[803.784s][info ][gc,metaspace ] GC(417) Metaspace: 57574K->57574K(1101824K)
[803.784s][info ][gc           ] GC(417) Pause Young (Allocation Failure) 611M->376M(852M) 2.973ms
[803.784s][info ][gc,cpu       ] GC(417) User=0.01s Sys=0.00s Real=0.01s
[803.784s][info ][safepoint    ] Leaving safepoint region
[803.784s][info ][safepoint    ] Total time for which application threads were stopped: 0.0031219 seconds, Stopping threads took: 0.0000161 seconds
[804.784s][info ][safepoint    ] Application time: 1.0001337 seconds
[804.785s][info ][safepoint    ] Entering safepoint region: Cleanup
[804.785s][info ][safepoint    ] Leaving safepoint region
[804.785s][info ][safepoint    ] Total time for which application threads were stopped: 0.0000969 seconds, Stopping threads took: 0.0000441 seconds
[805.785s][info ][safepoint    ] Application time: 1.0000965 seconds
[805.785s][info ][safepoint    ] Entering safepoint region: Cleanup
[805.785s][info ][safepoint    ] Leaving safepoint region
[805.785s][info ][safepoint    ] Total time for which application threads were stopped: 0.0000669 seconds, Stopping threads took: 0.0000169 seconds
[806.678s][info ][safepoint    ] Application time: 0.8927568 seconds
[806.678s][info ][safepoint    ] Entering safepoint region: GenCollectForAllocation
[806.678s][info ][gc,start     ] GC(418) Pause Young (Allocation Failure)
[806.678s][info ][gc,task      ] GC(418) Using 4 workers of 4 for evacuation
[806.681s][debug][gc,ref       ] GC(418) Skipped phase1 of Reference Processing due to unavailable references
[806.681s][debug][gc,ref       ] GC(418) Skipped phase2 of Reference Processing due to unavailable references
[806.681s][debug][gc,ref       ] GC(418) Skipped phase3 of Reference Processing due to unavailable references
[806.681s][debug][gc,ref       ] GC(418) Skipped phase4 of Reference Processing due to unavailable references
[806.682s][debug][gc,age       ] GC(418) Desired survivor size 15400960 bytes, new threshold 6 (max threshold 6)
[806.682s][info ][gc,heap      ] GC(418) ParNew: 242973K->2010K(270976K)
[806.682s][info ][gc,heap      ] GC(418) CMS: 383186K->383461K(602112K)
[806.682s][info ][gc,metaspace ] GC(418) Metaspace: 57574K->57574K(1101824K)
[806.682s][info ][gc           ] GC(418) Pause Young (Allocation Failure) 611M->376M(852M) 3.949ms
[806.682s][info ][gc,cpu       ] GC(418) User=0.01s Sys=0.00s Real=0.00s
[806.682s][info ][safepoint    ] Leaving safepoint region
[806.682s][info ][safepoint    ] Total time for which application threads were stopped: 0.0040832 seconds, Stopping threads took: 0.0000172 seconds
[807.682s][info ][safepoint    ] Application time: 1.0000996 seconds
[807.682s][info ][safepoint    ] Entering safepoint region: Cleanup
[807.682s][info ][safepoint    ] Leaving safepoint region
[807.682s][info ][safepoint    ] Total time for which application threads were stopped: 0.0001239 seconds, Stopping threads took: 0.0000415 seconds
[808.682s][info ][safepoint    ] Application time: 1.0000976 seconds
[808.682s][info ][safepoint    ] Entering safepoint region: Cleanup
[808.682s][info ][safepoint    ] Leaving safepoint region
[808.682s][info ][safepoint    ] Total time for which application threads were stopped: 0.0001232 seconds, Stopping threads took: 0.0000401 seconds
[809.624s][info ][safepoint    ] Application time: 0.9414813 seconds
[809.624s][info ][safepoint    ] Entering safepoint region: GenCollectForAllocation
[809.624s][info ][gc,start     ] GC(419) Pause Young (Allocation Failure)
[809.624s][info ][gc,task      ] GC(419) Using 4 workers of 4 for evacuation
[809.627s][debug][gc,ref       ] GC(419) Skipped phase1 of Reference Processing due to unavailable references
[809.627s][debug][gc,ref       ] GC(419) Skipped phase2 of Reference Processing due to unavailable references
[809.627s][debug][gc,ref       ] GC(419) Skipped phase3 of Reference Processing due to unavailable references
[809.627s][debug][gc,ref       ] GC(419) Skipped phase4 of Reference Processing due to unavailable references
[809.627s][debug][gc,age       ] GC(419) Desired survivor size 15400960 bytes, new threshold 6 (max threshold 6)
[809.627s][info ][gc,heap      ] GC(419) ParNew: 242906K->2266K(270976K)
[809.627s][info ][gc,heap      ] GC(419) CMS: 383461K->383544K(602112K)
[809.627s][info ][gc,metaspace ] GC(419) Metaspace: 57574K->57574K(1101824K)
[809.627s][info ][gc           ] GC(419) Pause Young (Allocation Failure) 611M->376M(852M) 3.017ms
[809.627s][info ][gc,cpu       ] GC(419) User=0.01s Sys=0.00s Real=0.00s
[809.627s][info ][safepoint    ] Leaving safepoint region
[809.627s][info ][safepoint    ] Total time for which application threads were stopped: 0.0031554 seconds, Stopping threads took: 0.0000163 seconds
[810.627s][info ][safepoint    ] Application time: 1.0000916 seconds
[810.627s][info ][safepoint    ] Entering safepoint region: Cleanup
[810.627s][info ][safepoint    ] Leaving safepoint region
[810.627s][info ][safepoint    ] Total time for which application threads were stopped: 0.0001418 seconds, Stopping threads took: 0.0000640 seconds
[811.627s][info ][safepoint    ] Application time: 1.0001304 seconds
[811.627s][info ][safepoint    ] Entering safepoint region: Cleanup
[811.627s][info ][safepoint    ] Leaving safepoint region
[811.627s][info ][safepoint    ] Total time for which application threads were stopped: 0.0000994 seconds, Stopping threads took: 0.0000429 seconds
[812.485s][info ][safepoint    ] Application time: 0.8577202 seconds
[812.485s][info ][safepoint    ] Entering safepoint region: GenCollectForAllocation
[812.485s][info ][gc,start     ] GC(420) Pause Young (Allocation Failure)
[812.485s][info ][gc,task      ] GC(420) Using 4 workers of 4 for evacuation
[812.488s][debug][gc,ref       ] GC(420) Skipped phase1 of Reference Processing due to unavailable references
[812.488s][debug][gc,ref       ] GC(420) Skipped phase2 of Reference Processing due to unavailable references
[812.488s][debug][gc,ref       ] GC(420) Skipped phase3 of Reference Processing due to unavailable references
[812.488s][debug][gc,ref       ] GC(420) Skipped phase4 of Reference Processing due to unavailable references
[812.488s][debug][gc,age       ] GC(420) Desired survivor size 15400960 bytes, new threshold 6 (max threshold 6)
[812.488s][info ][gc,heap      ] GC(420) ParNew: 243162K->1615K(270976K)
[812.488s][info ][gc,heap      ] GC(420) CMS: 383544K->383648K(602112K)
[812.488s][info ][gc,metaspace ] GC(420) Metaspace: 57574K->57574K(1101824K)
[812.488s][info ][gc           ] GC(420) Pause Young (Allocation Failure) 612M->376M(852M) 2.910ms
[812.488s][info ][gc,cpu       ] GC(420) User=0.01s Sys=0.00s Real=0.00s
[812.488s][info ][safepoint    ] Leaving safepoint region
[812.488s][info ][safepoint    ] Total time for which application threads were stopped: 0.0030429 seconds, Stopping threads took: 0.0000159 seconds
[813.488s][info ][safepoint    ] Application time: 1.0001306 seconds
[813.488s][info ][safepoint    ] Entering safepoint region: Cleanup
[813.488s][info ][safepoint    ] Leaving safepoint region
[813.488s][info ][safepoint    ] Total time for which application threads were stopped: 0.0000638 seconds, Stopping threads took: 0.0000162 seconds
[814.489s][info ][safepoint    ] Application time: 1.0000796 seconds
[814.489s][info ][safepoint    ] Entering safepoint region: Cleanup
[814.489s][info ][safepoint    ] Leaving safepoint region
[814.489s][info ][safepoint    ] Total time for which application threads were stopped: 0.0000819 seconds, Stopping threads took: 0.0000172 seconds
[815.489s][info ][safepoint    ] Application time: 1.0000765 seconds
[815.489s][info ][safepoint    ] Entering safepoint region: Cleanup
[815.489s][info ][safepoint    ] Leaving safepoint region
[815.489s][info ][safepoint    ] Total time for which application threads were stopped: 0.0001574 seconds, Stopping threads took: 0.0000936 seconds
[815.524s][info ][safepoint    ] Application time: 0.0351355 seconds
[815.524s][info ][safepoint    ] Entering safepoint region: GenCollectForAllocation
[815.524s][info ][gc,start     ] GC(421) Pause Young (Allocation Failure)
[815.524s][info ][gc,task      ] GC(421) Using 4 workers of 4 for evacuation
[815.527s][debug][gc,ref       ] GC(421) Skipped phase1 of Reference Processing due to unavailable references
[815.527s][debug][gc,ref       ] GC(421) Skipped phase2 of Reference Processing due to unavailable references
[815.527s][debug][gc,ref       ] GC(421) Skipped phase3 of Reference Processing due to unavailable references
[815.527s][debug][gc,ref       ] GC(421) Skipped phase4 of Reference Processing due to unavailable references
[815.527s][debug][gc,age       ] GC(421) Desired survivor size 15400960 bytes, new threshold 6 (max threshold 6)
[815.527s][info ][gc,heap      ] GC(421) ParNew: 242511K->2025K(270976K)
[815.527s][info ][gc,heap      ] GC(421) CMS: 383648K->383739K(602112K)
[815.527s][info ][gc,metaspace ] GC(421) Metaspace: 57574K->57574K(1101824K)
[815.527s][info ][gc           ] GC(421) Pause Young (Allocation Failure) 611M->376M(852M) 3.091ms
[815.527s][info ][gc,cpu       ] GC(421) User=0.01s Sys=0.00s Real=0.00s
[815.527s][info ][safepoint    ] Leaving safepoint region
[815.527s][info ][safepoint    ] Total time for which application threads were stopped: 0.0032269 seconds, Stopping threads took: 0.0000173 seconds
[816.528s][info ][safepoint    ] Application time: 1.0001322 seconds
[816.528s][info ][safepoint    ] Entering safepoint region: Cleanup
[816.528s][info ][safepoint    ] Leaving safepoint region
[816.528s][info ][safepoint    ] Total time for which application threads were stopped: 0.0001032 seconds, Stopping threads took: 0.0000401 seconds
[817.528s][info ][safepoint    ] Application time: 1.0001066 seconds
[817.528s][info ][safepoint    ] Entering safepoint region: Cleanup
[817.528s][info ][safepoint    ] Leaving safepoint region
[817.528s][info ][safepoint    ] Total time for which application threads were stopped: 0.0001139 seconds, Stopping threads took: 0.0000393 seconds
[818.528s][info ][safepoint    ] Application time: 0.9996906 seconds
[818.528s][info ][safepoint    ] Entering safepoint region: GenCollectForAllocation
[818.528s][info ][gc,start     ] GC(422) Pause Young (Allocation Failure)
[818.528s][info ][gc,task      ] GC(422) Using 4 workers of 4 for evacuation
[818.531s][debug][gc,ref       ] GC(422) Skipped phase1 of Reference Processing due to unavailable references
[818.531s][debug][gc,ref       ] GC(422) Skipped phase2 of Reference Processing due to unavailable references
[818.531s][debug][gc,ref       ] GC(422) Skipped phase3 of Reference Processing due to unavailable references
[818.531s][debug][gc,ref       ] GC(422) Skipped phase4 of Reference Processing due to unavailable references
[818.531s][debug][gc,age       ] GC(422) Desired survivor size 15400960 bytes, new threshold 6 (max threshold 6)
[818.531s][info ][gc,heap      ] GC(422) ParNew: 242921K->1841K(270976K)
[818.531s][info ][gc,heap      ] GC(422) CMS: 383739K->383780K(602112K)
[818.531s][info ][gc,metaspace ] GC(422) Metaspace: 57574K->57574K(1101824K)
[818.531s][info ][gc           ] GC(422) Pause Young (Allocation Failure) 611M->376M(852M) 3.126ms
[818.531s][info ][gc,cpu       ] GC(422) User=0.01s Sys=0.00s Real=0.00s
[818.531s][info ][safepoint    ] Leaving safepoint region
[818.531s][info ][safepoint    ] Total time for which application threads were stopped: 0.0033305 seconds, Stopping threads took: 0.0000179 seconds
[819.531s][info ][safepoint    ] Application time: 1.0000902 seconds
[819.531s][info ][safepoint    ] Entering safepoint region: Cleanup
[819.531s][info ][safepoint    ] Leaving safepoint region
[819.531s][info ][safepoint    ] Total time for which application threads were stopped: 0.0001001 seconds, Stopping threads took: 0.0000428 seconds
[820.531s][info ][safepoint    ] Application time: 1.0000904 seconds
[820.531s][info ][safepoint    ] Entering safepoint region: Cleanup
[820.531s][info ][safepoint    ] Leaving safepoint region
[820.531s][info ][safepoint    ] Total time for which application threads were stopped: 0.0001340 seconds, Stopping threads took: 0.0000400 seconds
[821.373s][info ][safepoint    ] Application time: 0.8416160 seconds
[821.373s][info ][safepoint    ] Entering safepoint region: GenCollectForAllocation
[821.373s][info ][gc,start     ] GC(423) Pause Young (Allocation Failure)
[821.373s][info ][gc,task      ] GC(423) Using 4 workers of 4 for evacuation
[821.376s][debug][gc,ref       ] GC(423) Skipped phase1 of Reference Processing due to unavailable references
[821.376s][debug][gc,ref       ] GC(423) Skipped phase2 of Reference Processing due to unavailable references
[821.376s][debug][gc,ref       ] GC(423) Skipped phase3 of Reference Processing due to unavailable references
[821.376s][debug][gc,ref       ] GC(423) Skipped phase4 of Reference Processing due to unavailable references
[821.376s][debug][gc,age       ] GC(423) Desired survivor size 15400960 bytes, new threshold 6 (max threshold 6)
[821.376s][info ][gc,heap      ] GC(423) ParNew: 242737K->2289K(270976K)
[821.376s][info ][gc,heap      ] GC(423) CMS: 383780K->383867K(602112K)
[821.376s][info ][gc,metaspace ] GC(423) Metaspace: 57575K->57575K(1101824K)
[821.376s][info ][gc           ] GC(423) Pause Young (Allocation Failure) 611M->377M(852M) 3.216ms
[821.376s][info ][gc,cpu       ] GC(423) User=0.02s Sys=0.00s Real=0.01s
[821.377s][info ][safepoint    ] Leaving safepoint region
[821.377s][info ][safepoint    ] Total time for which application threads were stopped: 0.0033648 seconds, Stopping threads took: 0.0000178 seconds
[822.377s][info ][safepoint    ] Application time: 1.0000871 seconds
[822.377s][info ][safepoint    ] Entering safepoint region: Cleanup
[822.377s][info ][safepoint    ] Leaving safepoint region
[822.377s][info ][safepoint    ] Total time for which application threads were stopped: 0.0001408 seconds, Stopping threads took: 0.0000538 seconds
[823.377s][info ][safepoint    ] Application time: 1.0000982 seconds
[823.377s][info ][safepoint    ] Entering safepoint region: Cleanup
[823.377s][info ][safepoint    ] Leaving safepoint region
[823.377s][info ][safepoint    ] Total time for which application threads were stopped: 0.0001145 seconds, Stopping threads took: 0.0000407 seconds
[824.226s][info ][safepoint    ] Application time: 0.8493972 seconds
[824.226s][info ][safepoint    ] Entering safepoint region: GenCollectForAllocation
[824.227s][info ][gc,start     ] GC(424) Pause Young (Allocation Failure)
[824.227s][info ][gc,task      ] GC(424) Using 4 workers of 4 for evacuation
[824.229s][debug][gc,ref       ] GC(424) Skipped phase1 of Reference Processing due to unavailable references
[824.229s][debug][gc,ref       ] GC(424) Skipped phase2 of Reference Processing due to unavailable references
[824.229s][debug][gc,ref       ] GC(424) Skipped phase3 of Reference Processing due to unavailable references
[824.229s][debug][gc,ref       ] GC(424) Skipped phase4 of Reference Processing due to unavailable references
[824.229s][debug][gc,age       ] GC(424) Desired survivor size 15400960 bytes, new threshold 6 (max threshold 6)
[824.230s][info ][gc,heap      ] GC(424) ParNew: 243185K->2583K(270976K)
[824.230s][info ][gc,heap      ] GC(424) CMS: 383867K->383915K(602112K)
[824.230s][info ][gc,metaspace ] GC(424) Metaspace: 57575K->57575K(1101824K)
[824.230s][info ][gc           ] GC(424) Pause Young (Allocation Failure) 612M->377M(852M) 2.927ms
[824.230s][info ][gc,cpu       ] GC(424) User=0.01s Sys=0.00s Real=0.00s
[824.230s][info ][safepoint    ] Leaving safepoint region
[824.230s][info ][safepoint    ] Total time for which application threads were stopped: 0.0030868 seconds, Stopping threads took: 0.0000305 seconds
[825.230s][info ][safepoint    ] Application time: 1.0000981 seconds
[825.230s][info ][safepoint    ] Entering safepoint region: Cleanup
[825.230s][info ][safepoint    ] Leaving safepoint region
[825.230s][info ][safepoint    ] Total time for which application threads were stopped: 0.0001183 seconds, Stopping threads took: 0.0000454 seconds
[826.230s][info ][safepoint    ] Application time: 1.0000974 seconds
[826.230s][info ][safepoint    ] Entering safepoint region: Cleanup
[826.230s][info ][safepoint    ] Leaving safepoint region
[826.230s][info ][safepoint    ] Total time for which application threads were stopped: 0.0001143 seconds, Stopping threads took: 0.0000422 seconds
[826.986s][info ][safepoint    ] Application time: 0.7554932 seconds
[826.986s][info ][safepoint    ] Entering safepoint region: GenCollectForAllocation
[826.986s][info ][gc,start     ] GC(425) Pause Young (Allocation Failure)
[826.986s][info ][gc,task      ] GC(425) Using 4 workers of 4 for evacuation
[826.989s][debug][gc,ref       ] GC(425) Skipped phase1 of Reference Processing due to unavailable references
[826.989s][debug][gc,ref       ] GC(425) Skipped phase2 of Reference Processing due to unavailable references
[826.989s][debug][gc,ref       ] GC(425) Skipped phase3 of Reference Processing due to unavailable references
[826.989s][debug][gc,ref       ] GC(425) Skipped phase4 of Reference Processing due to unavailable references
[826.989s][debug][gc,age       ] GC(425) Desired survivor size 15400960 bytes, new threshold 6 (max threshold 6)
[826.989s][info ][gc,heap      ] GC(425) ParNew: 243479K->2367K(270976K)
[826.989s][info ][gc,heap      ] GC(425) CMS: 383915K->383994K(602112K)
[826.989s][info ][gc,metaspace ] GC(425) Metaspace: 57575K->57575K(1101824K)
[826.989s][info ][gc           ] GC(425) Pause Young (Allocation Failure) 612M->377M(852M) 3.090ms
[826.989s][info ][gc,cpu       ] GC(425) User=0.01s Sys=0.00s Real=0.00s
[826.989s][info ][safepoint    ] Leaving safepoint region
[826.989s][info ][safepoint    ] Total time for which application threads were stopped: 0.0032369 seconds, Stopping threads took: 0.0000158 seconds
[827.989s][info ][safepoint    ] Application time: 1.0001084 seconds
[827.989s][info ][safepoint    ] Entering safepoint region: Cleanup
[827.989s][info ][safepoint    ] Leaving safepoint region
[827.989s][info ][safepoint    ] Total time for which application threads were stopped: 0.0001205 seconds, Stopping threads took: 0.0000399 seconds
[828.989s][info ][safepoint    ] Application time: 1.0000975 seconds
[828.989s][info ][safepoint    ] Entering safepoint region: Cleanup
[828.989s][info ][safepoint    ] Leaving safepoint region
[828.989s][info ][safepoint    ] Total time for which application threads were stopped: 0.0000854 seconds, Stopping threads took: 0.0000173 seconds
[829.835s][info ][safepoint    ] Application time: 0.8457931 seconds
[829.835s][info ][safepoint    ] Entering safepoint region: GenCollectForAllocation
[829.835s][info ][gc,start     ] GC(426) Pause Young (Allocation Failure)
[829.835s][info ][gc,task      ] GC(426) Using 4 workers of 4 for evacuation
[829.838s][debug][gc,ref       ] GC(426) Skipped phase1 of Reference Processing due to unavailable references
[829.838s][debug][gc,ref       ] GC(426) Skipped phase2 of Reference Processing due to unavailable references
[829.838s][debug][gc,ref       ] GC(426) Skipped phase3 of Reference Processing due to unavailable references
[829.838s][debug][gc,ref       ] GC(426) Skipped phase4 of Reference Processing due to unavailable references
[829.838s][debug][gc,age       ] GC(426) Desired survivor size 15400960 bytes, new threshold 6 (max threshold 6)
[829.838s][info ][gc,heap      ] GC(426) ParNew: 243263K->2343K(270976K)
[829.838s][info ][gc,heap      ] GC(426) CMS: 383994K->384092K(602112K)
[829.838s][info ][gc,metaspace ] GC(426) Metaspace: 57575K->57575K(1101824K)
[829.838s][info ][gc           ] GC(426) Pause Young (Allocation Failure) 612M->377M(852M) 3.125ms
[829.838s][info ][gc,cpu       ] GC(426) User=0.01s Sys=0.00s Real=0.01s
[829.838s][info ][safepoint    ] Leaving safepoint region
[829.838s][info ][safepoint    ] Total time for which application threads were stopped: 0.0032627 seconds, Stopping threads took: 0.0000167 seconds
[830.839s][info ][safepoint    ] Application time: 1.0001333 seconds
[830.839s][info ][safepoint    ] Entering safepoint region: Cleanup
[830.839s][info ][safepoint    ] Leaving safepoint region
[830.839s][info ][safepoint    ] Total time for which application threads were stopped: 0.0000901 seconds, Stopping threads took: 0.0000328 seconds
[831.839s][info ][safepoint    ] Application time: 1.0000998 seconds
[831.839s][info ][safepoint    ] Entering safepoint region: Cleanup
[831.839s][info ][safepoint    ] Leaving safepoint region
[831.839s][info ][safepoint    ] Total time for which application threads were stopped: 0.0000867 seconds, Stopping threads took: 0.0000176 seconds
[832.681s][info ][safepoint    ] Application time: 0.8418339 seconds
[832.681s][info ][safepoint    ] Entering safepoint region: GenCollectForAllocation
[832.681s][info ][gc,start     ] GC(427) Pause Young (Allocation Failure)
[832.681s][info ][gc,task      ] GC(427) Using 4 workers of 4 for evacuation
[832.684s][debug][gc,ref       ] GC(427) Skipped phase1 of Reference Processing due to unavailable references
[832.684s][debug][gc,ref       ] GC(427) Skipped phase2 of Reference Processing due to unavailable references
[832.684s][debug][gc,ref       ] GC(427) Skipped phase3 of Reference Processing due to unavailable references
[832.684s][debug][gc,ref       ] GC(427) Skipped phase4 of Reference Processing due to unavailable references
[832.684s][debug][gc,age       ] GC(427) Desired survivor size 15400960 bytes, new threshold 6 (max threshold 6)
[832.684s][info ][gc,heap      ] GC(427) ParNew: 243239K->1984K(270976K)
[832.684s][info ][gc,heap      ] GC(427) CMS: 384092K->384206K(602112K)
[832.684s][info ][gc,metaspace ] GC(427) Metaspace: 57575K->57575K(1101824K)
[832.684s][info ][gc           ] GC(427) Pause Young (Allocation Failure) 612M->377M(852M) 3.148ms
[832.684s][info ][gc,cpu       ] GC(427) User=0.01s Sys=0.00s Real=0.01s
[832.684s][info ][safepoint    ] Leaving safepoint region
[832.684s][info ][safepoint    ] Total time for which application threads were stopped: 0.0033323 seconds, Stopping threads took: 0.0000446 seconds
[833.684s][info ][safepoint    ] Application time: 1.0001334 seconds
[833.684s][info ][safepoint    ] Entering safepoint region: Cleanup
[833.684s][info ][safepoint    ] Leaving safepoint region
[833.684s][info ][safepoint    ] Total time for which application threads were stopped: 0.0000777 seconds, Stopping threads took: 0.0000186 seconds
[834.684s][info ][safepoint    ] Application time: 1.0000921 seconds
[834.685s][info ][safepoint    ] Entering safepoint region: Cleanup
[834.685s][info ][safepoint    ] Leaving safepoint region
[834.685s][info ][safepoint    ] Total time for which application threads were stopped: 0.0001143 seconds, Stopping threads took: 0.0000438 seconds
[835.533s][info ][safepoint    ] Application time: 0.8479105 seconds
[835.533s][info ][safepoint    ] Entering safepoint region: GenCollectForAllocation
[835.533s][info ][gc,start     ] GC(428) Pause Young (Allocation Failure)
[835.533s][info ][gc,task      ] GC(428) Using 4 workers of 4 for evacuation
[835.535s][debug][gc,ref       ] GC(428) Skipped phase1 of Reference Processing due to unavailable references
[835.535s][debug][gc,ref       ] GC(428) Skipped phase2 of Reference Processing due to unavailable references
[835.535s][debug][gc,ref       ] GC(428) Skipped phase3 of Reference Processing due to unavailable references
[835.535s][debug][gc,ref       ] GC(428) Skipped phase4 of Reference Processing due to unavailable references
[835.536s][debug][gc,age       ] GC(428) Desired survivor size 15400960 bytes, new threshold 6 (max threshold 6)
[835.536s][info ][gc,heap      ] GC(428) ParNew: 242880K->1924K(270976K)
[835.536s][info ][gc,heap      ] GC(428) CMS: 384206K->384305K(602112K)
[835.536s][info ][gc,metaspace ] GC(428) Metaspace: 57575K->57575K(1101824K)
[835.536s][info ][gc           ] GC(428) Pause Young (Allocation Failure) 612M->377M(852M) 2.861ms
[835.536s][info ][gc,cpu       ] GC(428) User=0.01s Sys=0.00s Real=0.00s
[835.536s][info ][safepoint    ] Leaving safepoint region
[835.536s][info ][safepoint    ] Total time for which application threads were stopped: 0.0030187 seconds, Stopping threads took: 0.0000172 seconds
[836.536s][info ][safepoint    ] Application time: 1.0000715 seconds
[836.536s][info ][safepoint    ] Entering safepoint region: Cleanup
[836.536s][info ][safepoint    ] Leaving safepoint region
[836.536s][info ][safepoint    ] Total time for which application threads were stopped: 0.0000671 seconds, Stopping threads took: 0.0000175 seconds
[837.536s][info ][safepoint    ] Application time: 1.0001254 seconds
[837.536s][info ][safepoint    ] Entering safepoint region: Cleanup
[837.536s][info ][safepoint    ] Leaving safepoint region
[837.536s][info ][safepoint    ] Total time for which application threads were stopped: 0.0000955 seconds, Stopping threads took: 0.0000388 seconds
[838.440s][info ][safepoint    ] Application time: 0.9037145 seconds
[838.440s][info ][safepoint    ] Entering safepoint region: GenCollectForAllocation
[838.440s][info ][gc,start     ] GC(429) Pause Young (Allocation Failure)
[838.440s][info ][gc,task      ] GC(429) Using 4 workers of 4 for evacuation
[838.443s][debug][gc,ref       ] GC(429) Skipped phase1 of Reference Processing due to unavailable references
[838.443s][debug][gc,ref       ] GC(429) Skipped phase2 of Reference Processing due to unavailable references
[838.443s][debug][gc,ref       ] GC(429) Skipped phase3 of Reference Processing due to unavailable references
[838.443s][debug][gc,ref       ] GC(429) Skipped phase4 of Reference Processing due to unavailable references
[838.443s][debug][gc,age       ] GC(429) Desired survivor size 15400960 bytes, new threshold 6 (max threshold 6)
[838.443s][info ][gc,heap      ] GC(429) ParNew: 242820K->1509K(270976K)
[838.443s][info ][gc,heap      ] GC(429) CMS: 384305K->384528K(602112K)
[838.443s][info ][gc,metaspace ] GC(429) Metaspace: 57575K->57575K(1101824K)
[838.443s][info ][gc           ] GC(429) Pause Young (Allocation Failure) 612M->376M(852M) 3.076ms
[838.443s][info ][gc,cpu       ] GC(429) User=0.01s Sys=0.00s Real=0.00s
[838.443s][info ][safepoint    ] Leaving safepoint region
[838.443s][info ][safepoint    ] Total time for which application threads were stopped: 0.0032167 seconds, Stopping threads took: 0.0000177 seconds
[839.443s][info ][safepoint    ] Application time: 1.0001391 seconds
[839.443s][info ][safepoint    ] Entering safepoint region: Cleanup
[839.443s][info ][safepoint    ] Leaving safepoint region
[839.443s][info ][safepoint    ] Total time for which application threads were stopped: 0.0000679 seconds, Stopping threads took: 0.0000173 seconds
[840.443s][info ][safepoint    ] Application time: 1.0000903 seconds
[840.443s][info ][safepoint    ] Entering safepoint region: Cleanup
[840.444s][info ][safepoint    ] Leaving safepoint region
[840.444s][info ][safepoint    ] Total time for which application threads were stopped: 0.0000764 seconds, Stopping threads took: 0.0000184 seconds
[841.343s][info ][safepoint    ] Application time: 0.8992719 seconds
[841.343s][info ][safepoint    ] Entering safepoint region: GenCollectForAllocation
[841.343s][info ][gc,start     ] GC(430) Pause Young (Allocation Failure)
[841.343s][info ][gc,task      ] GC(430) Using 4 workers of 4 for evacuation
[841.346s][debug][gc,ref       ] GC(430) Skipped phase1 of Reference Processing due to unavailable references
[841.346s][debug][gc,ref       ] GC(430) Skipped phase2 of Reference Processing due to unavailable references
[841.346s][debug][gc,ref       ] GC(430) Skipped phase3 of Reference Processing due to unavailable references
[841.346s][debug][gc,ref       ] GC(430) Skipped phase4 of Reference Processing due to unavailable references
[841.346s][debug][gc,age       ] GC(430) Desired survivor size 15400960 bytes, new threshold 6 (max threshold 6)
[841.346s][info ][gc,heap      ] GC(430) ParNew: 242405K->2049K(270976K)
[841.346s][info ][gc,heap      ] GC(430) CMS: 384528K->384651K(602112K)
[841.346s][info ][gc,metaspace ] GC(430) Metaspace: 57575K->57575K(1101824K)
[841.346s][info ][gc           ] GC(430) Pause Young (Allocation Failure) 612M->377M(852M) 3.009ms
[841.346s][info ][gc,cpu       ] GC(430) User=0.01s Sys=0.00s Real=0.01s
[841.346s][info ][safepoint    ] Leaving safepoint region
[841.346s][info ][safepoint    ] Total time for which application threads were stopped: 0.0031705 seconds, Stopping threads took: 0.0000185 seconds
[842.346s][info ][safepoint    ] Application time: 1.0000965 seconds
[842.346s][info ][safepoint    ] Entering safepoint region: Cleanup
[842.346s][info ][safepoint    ] Leaving safepoint region
[842.346s][info ][safepoint    ] Total time for which application threads were stopped: 0.0001140 seconds, Stopping threads took: 0.0000426 seconds
[843.346s][info ][safepoint    ] Application time: 1.0000905 seconds
[843.346s][info ][safepoint    ] Entering safepoint region: Cleanup
[843.346s][info ][safepoint    ] Leaving safepoint region
[843.346s][info ][safepoint    ] Total time for which application threads were stopped: 0.0000863 seconds, Stopping threads took: 0.0000179 seconds
[844.188s][info ][safepoint    ] Application time: 0.8418655 seconds
[844.188s][info ][safepoint    ] Entering safepoint region: GenCollectForAllocation
[844.188s][info ][gc,start     ] GC(431) Pause Young (Allocation Failure)
[844.189s][info ][gc,task      ] GC(431) Using 4 workers of 4 for evacuation
[844.191s][debug][gc,ref       ] GC(431) Skipped phase1 of Reference Processing due to unavailable references
[844.191s][debug][gc,ref       ] GC(431) Skipped phase2 of Reference Processing due to unavailable references
[844.191s][debug][gc,ref       ] GC(431) Skipped phase3 of Reference Processing due to unavailable references
[844.191s][debug][gc,ref       ] GC(431) Skipped phase4 of Reference Processing due to unavailable references
[844.191s][debug][gc,age       ] GC(431) Desired survivor size 15400960 bytes, new threshold 6 (max threshold 6)
[844.191s][info ][gc,heap      ] GC(431) ParNew: 242945K->1661K(270976K)
[844.191s][info ][gc,heap      ] GC(431) CMS: 384651K->384734K(602112K)
[844.191s][info ][gc,metaspace ] GC(431) Metaspace: 57575K->57575K(1101824K)
[844.191s][info ][gc           ] GC(431) Pause Young (Allocation Failure) 612M->377M(852M) 2.695ms
[844.191s][info ][gc,cpu       ] GC(431) User=0.00s Sys=0.00s Real=0.00s
[844.191s][info ][safepoint    ] Leaving safepoint region
[844.191s][info ][safepoint    ] Total time for which application threads were stopped: 0.0028435 seconds, Stopping threads took: 0.0000160 seconds
[845.191s][info ][safepoint    ] Application time: 1.0000925 seconds
[845.191s][info ][safepoint    ] Entering safepoint region: Cleanup
[845.191s][info ][safepoint    ] Leaving safepoint region
[845.191s][info ][safepoint    ] Total time for which application threads were stopped: 0.0001263 seconds, Stopping threads took: 0.0000550 seconds
[846.192s][info ][safepoint    ] Application time: 1.0000986 seconds
[846.192s][info ][safepoint    ] Entering safepoint region: Cleanup
[846.192s][info ][safepoint    ] Leaving safepoint region
[846.192s][info ][safepoint    ] Total time for which application threads were stopped: 0.0001929 seconds, Stopping threads took: 0.0001260 seconds
[847.081s][info ][safepoint    ] Application time: 0.8890136 seconds
[847.081s][info ][safepoint    ] Entering safepoint region: GenCollectForAllocation
[847.081s][info ][gc,start     ] GC(432) Pause Young (Allocation Failure)
[847.081s][info ][gc,task      ] GC(432) Using 4 workers of 4 for evacuation
[847.084s][debug][gc,ref       ] GC(432) Skipped phase1 of Reference Processing due to unavailable references
[847.084s][debug][gc,ref       ] GC(432) Skipped phase2 of Reference Processing due to unavailable references
[847.084s][debug][gc,ref       ] GC(432) Skipped phase3 of Reference Processing due to unavailable references
[847.084s][debug][gc,ref       ] GC(432) Skipped phase4 of Reference Processing due to unavailable references
[847.084s][debug][gc,age       ] GC(432) Desired survivor size 15400960 bytes, new threshold 6 (max threshold 6)
[847.084s][info ][gc,heap      ] GC(432) ParNew: 242557K->1558K(270976K)
[847.084s][info ][gc,heap      ] GC(432) CMS: 384734K->384874K(602112K)
[847.084s][info ][gc,metaspace ] GC(432) Metaspace: 57575K->57575K(1101824K)
[847.084s][info ][gc           ] GC(432) Pause Young (Allocation Failure) 612M->377M(852M) 3.300ms
[847.084s][info ][gc,cpu       ] GC(432) User=0.02s Sys=0.00s Real=0.01s
[847.084s][info ][safepoint    ] Leaving safepoint region
[847.084s][info ][safepoint    ] Total time for which application threads were stopped: 0.0034605 seconds, Stopping threads took: 0.0000307 seconds
[848.084s][info ][safepoint    ] Application time: 1.0000903 seconds
[848.084s][info ][safepoint    ] Entering safepoint region: Cleanup
[848.085s][info ][safepoint    ] Leaving safepoint region
[848.085s][info ][safepoint    ] Total time for which application threads were stopped: 0.0000910 seconds, Stopping threads took: 0.0000306 seconds
[849.085s][info ][safepoint    ] Application time: 1.0000845 seconds
[849.085s][info ][safepoint    ] Entering safepoint region: Cleanup
[849.085s][info ][safepoint    ] Leaving safepoint region
[849.085s][info ][safepoint    ] Total time for which application threads were stopped: 0.0000851 seconds, Stopping threads took: 0.0000175 seconds
[849.824s][info ][safepoint    ] Application time: 0.7396196 seconds
[849.824s][info ][safepoint    ] Entering safepoint region: GenCollectForAllocation
[849.825s][info ][gc,start     ] GC(433) Pause Young (Allocation Failure)
[849.825s][info ][gc,task      ] GC(433) Using 4 workers of 4 for evacuation
[849.827s][debug][gc,ref       ] GC(433) Skipped phase1 of Reference Processing due to unavailable references
[849.827s][debug][gc,ref       ] GC(433) Skipped phase2 of Reference Processing due to unavailable references
[849.827s][debug][gc,ref       ] GC(433) Skipped phase3 of Reference Processing due to unavailable references
[849.827s][debug][gc,ref       ] GC(433) Skipped phase4 of Reference Processing due to unavailable references
[849.827s][debug][gc,age       ] GC(433) Desired survivor size 15400960 bytes, new threshold 6 (max threshold 6)
[849.828s][info ][gc,heap      ] GC(433) ParNew: 242454K->1897K(270976K)
[849.828s][info ][gc,heap      ] GC(433) CMS: 384874K->384918K(602112K)
[849.828s][info ][gc,metaspace ] GC(433) Metaspace: 57575K->57575K(1101824K)
[849.828s][info ][gc           ] GC(433) Pause Young (Allocation Failure) 612M->377M(852M) 3.195ms
[849.828s][info ][gc,cpu       ] GC(433) User=0.01s Sys=0.00s Real=0.00s
[849.828s][info ][safepoint    ] Leaving safepoint region
[849.828s][info ][safepoint    ] Total time for which application threads were stopped: 0.0033607 seconds, Stopping threads took: 0.0000164 seconds
[850.828s][info ][safepoint    ] Application time: 1.0000728 seconds
[850.828s][info ][safepoint    ] Entering safepoint region: Cleanup
[850.828s][info ][safepoint    ] Leaving safepoint region
[850.828s][info ][safepoint    ] Total time for which application threads were stopped: 0.0001129 seconds, Stopping threads took: 0.0000416 seconds
[851.828s][info ][safepoint    ] Application time: 1.0000848 seconds
[851.828s][info ][safepoint    ] Entering safepoint region: Cleanup
[851.828s][info ][safepoint    ] Leaving safepoint region
[851.828s][info ][safepoint    ] Total time for which application threads were stopped: 0.0001235 seconds, Stopping threads took: 0.0000428 seconds
[852.679s][info ][safepoint    ] Application time: 0.8511481 seconds
[852.679s][info ][safepoint    ] Entering safepoint region: GenCollectForAllocation
[852.680s][info ][gc,start     ] GC(434) Pause Young (Allocation Failure)
[852.680s][info ][gc,task      ] GC(434) Using 4 workers of 4 for evacuation
[852.683s][debug][gc,ref       ] GC(434) Skipped phase1 of Reference Processing due to unavailable references
[852.683s][debug][gc,ref       ] GC(434) Skipped phase2 of Reference Processing due to unavailable references
[852.683s][debug][gc,ref       ] GC(434) Skipped phase3 of Reference Processing due to unavailable references
[852.683s][debug][gc,ref       ] GC(434) Skipped phase4 of Reference Processing due to unavailable references
[852.683s][debug][gc,age       ] GC(434) Desired survivor size 15400960 bytes, new threshold 6 (max threshold 6)
[852.683s][info ][gc,heap      ] GC(434) ParNew: 242793K->1208K(270976K)
[852.683s][info ][gc,heap      ] GC(434) CMS: 384918K->384969K(602112K)
[852.683s][info ][gc,metaspace ] GC(434) Metaspace: 57575K->57575K(1101824K)
[852.683s][info ][gc           ] GC(434) Pause Young (Allocation Failure) 613M->377M(852M) 3.643ms
[852.683s][info ][gc,cpu       ] GC(434) User=0.01s Sys=0.00s Real=0.00s
[852.683s][info ][safepoint    ] Leaving safepoint region
[852.683s][info ][safepoint    ] Total time for which application threads were stopped: 0.0037814 seconds, Stopping threads took: 0.0000163 seconds
[853.683s][info ][safepoint    ] Application time: 1.0000978 seconds
[853.683s][info ][safepoint    ] Entering safepoint region: Cleanup
[853.684s][info ][safepoint    ] Leaving safepoint region
[853.684s][info ][safepoint    ] Total time for which application threads were stopped: 0.0001293 seconds, Stopping threads took: 0.0000432 seconds
[854.684s][info ][safepoint    ] Application time: 1.0002346 seconds
[854.684s][info ][safepoint    ] Entering safepoint region: Cleanup
[854.684s][info ][safepoint    ] Leaving safepoint region
[854.684s][info ][safepoint    ] Total time for which application threads were stopped: 0.0000963 seconds, Stopping threads took: 0.0000178 seconds
[855.407s][info ][safepoint    ] Application time: 0.7230693 seconds
[855.407s][info ][safepoint    ] Entering safepoint region: GenCollectForAllocation
[855.407s][info ][gc,start     ] GC(435) Pause Young (Allocation Failure)
[855.407s][info ][gc,task      ] GC(435) Using 4 workers of 4 for evacuation
[855.410s][debug][gc,ref       ] GC(435) Skipped phase1 of Reference Processing due to unavailable references
[855.410s][debug][gc,ref       ] GC(435) Skipped phase2 of Reference Processing due to unavailable references
[855.410s][debug][gc,ref       ] GC(435) Skipped phase3 of Reference Processing due to unavailable references
[855.410s][debug][gc,ref       ] GC(435) Skipped phase4 of Reference Processing due to unavailable references
[855.410s][debug][gc,age       ] GC(435) Desired survivor size 15400960 bytes, new threshold 6 (max threshold 6)
[855.410s][info ][gc,heap      ] GC(435) ParNew: 242104K->1986K(270976K)
[855.410s][info ][gc,heap      ] GC(435) CMS: 384969K->385002K(602112K)
[855.410s][info ][gc,metaspace ] GC(435) Metaspace: 57575K->57575K(1101824K)
[855.410s][info ][gc           ] GC(435) Pause Young (Allocation Failure) 612M->377M(852M) 3.090ms
[855.410s][info ][gc,cpu       ] GC(435) User=0.01s Sys=0.00s Real=0.00s
[855.410s][info ][safepoint    ] Leaving safepoint region
[855.410s][info ][safepoint    ] Total time for which application threads were stopped: 0.0032504 seconds, Stopping threads took: 0.0000183 seconds
[856.410s][info ][safepoint    ] Application time: 1.0001018 seconds
[856.410s][info ][safepoint    ] Entering safepoint region: Cleanup
[856.411s][info ][safepoint    ] Leaving safepoint region
[856.411s][info ][safepoint    ] Total time for which application threads were stopped: 0.0000744 seconds, Stopping threads took: 0.0000191 seconds
[857.411s][info ][safepoint    ] Application time: 1.0000812 seconds
[857.411s][info ][safepoint    ] Entering safepoint region: Cleanup
[857.411s][info ][safepoint    ] Leaving safepoint region
[857.411s][info ][safepoint    ] Total time for which application threads were stopped: 0.0001011 seconds, Stopping threads took: 0.0000313 seconds
[857.966s][info ][safepoint    ] Application time: 0.5548571 seconds
[857.966s][info ][safepoint    ] Entering safepoint region: GenCollectForAllocation
[857.966s][info ][gc,start     ] GC(436) Pause Young (Allocation Failure)
[857.966s][info ][gc,task      ] GC(436) Using 4 workers of 4 for evacuation
[857.969s][debug][gc,ref       ] GC(436) Skipped phase1 of Reference Processing due to unavailable references
[857.969s][debug][gc,ref       ] GC(436) Skipped phase2 of Reference Processing due to unavailable references
[857.969s][debug][gc,ref       ] GC(436) Skipped phase3 of Reference Processing due to unavailable references
[857.969s][debug][gc,ref       ] GC(436) Skipped phase4 of Reference Processing due to unavailable references
[857.970s][debug][gc,age       ] GC(436) Desired survivor size 15400960 bytes, new threshold 6 (max threshold 6)
[857.970s][info ][gc,heap      ] GC(436) ParNew: 242882K->3686K(270976K)
[857.970s][info ][gc,heap      ] GC(436) CMS: 385002K->385124K(602112K)
[857.970s][info ][gc,metaspace ] GC(436) Metaspace: 57575K->57575K(1101824K)
[857.970s][info ][gc           ] GC(436) Pause Young (Allocation Failure) 613M->379M(852M) 3.848ms
[857.970s][info ][gc,cpu       ] GC(436) User=0.01s Sys=0.00s Real=0.00s
[857.970s][info ][safepoint    ] Leaving safepoint region
[857.970s][info ][safepoint    ] Total time for which application threads were stopped: 0.0039851 seconds, Stopping threads took: 0.0000181 seconds
[858.970s][info ][safepoint    ] Application time: 1.0000871 seconds
[858.970s][info ][safepoint    ] Entering safepoint region: Cleanup
[858.970s][info ][safepoint    ] Leaving safepoint region
[858.970s][info ][safepoint    ] Total time for which application threads were stopped: 0.0000722 seconds, Stopping threads took: 0.0000177 seconds
[859.970s][info ][safepoint    ] Application time: 1.0000905 seconds
[859.970s][info ][safepoint    ] Entering safepoint region: Cleanup
[859.970s][info ][safepoint    ] Leaving safepoint region
[859.970s][info ][safepoint    ] Total time for which application threads were stopped: 0.0000799 seconds, Stopping threads took: 0.0000165 seconds
[860.366s][info ][safepoint    ] Application time: 0.3954670 seconds
[860.366s][info ][safepoint    ] Entering safepoint region: GenCollectForAllocation
[860.366s][info ][gc,start     ] GC(437) Pause Young (Allocation Failure)
[860.366s][info ][gc,task      ] GC(437) Using 4 workers of 4 for evacuation
[860.369s][debug][gc,ref       ] GC(437) Skipped phase1 of Reference Processing due to unavailable references
[860.369s][debug][gc,ref       ] GC(437) Skipped phase2 of Reference Processing due to unavailable references
[860.369s][debug][gc,ref       ] GC(437) Skipped phase3 of Reference Processing due to unavailable references
[860.369s][debug][gc,ref       ] GC(437) Skipped phase4 of Reference Processing due to unavailable references
[860.370s][debug][gc,age       ] GC(437) Desired survivor size 15400960 bytes, new threshold 6 (max threshold 6)
[860.370s][info ][gc,heap      ] GC(437) ParNew: 244582K->4533K(270976K)
[860.370s][info ][gc,heap      ] GC(437) CMS: 385124K->385128K(602112K)
[860.370s][info ][gc,metaspace ] GC(437) Metaspace: 57576K->57576K(1101824K)
[860.370s][info ][gc           ] GC(437) Pause Young (Allocation Failure) 614M->380M(852M) 3.829ms
[860.370s][info ][gc,cpu       ] GC(437) User=0.01s Sys=0.00s Real=0.00s
[860.370s][info ][safepoint    ] Leaving safepoint region
[860.370s][info ][safepoint    ] Total time for which application threads were stopped: 0.0039893 seconds, Stopping threads took: 0.0000168 seconds
[861.370s][info ][safepoint    ] Application time: 1.0001358 seconds
[861.370s][info ][safepoint    ] Entering safepoint region: Cleanup
[861.370s][info ][safepoint    ] Leaving safepoint region
[861.370s][info ][safepoint    ] Total time for which application threads were stopped: 0.0000710 seconds, Stopping threads took: 0.0000168 seconds
[862.370s][info ][safepoint    ] Application time: 1.0000837 seconds
[862.370s][info ][safepoint    ] Entering safepoint region: Cleanup
[862.370s][info ][safepoint    ] Leaving safepoint region
[862.370s][info ][safepoint    ] Total time for which application threads were stopped: 0.0001078 seconds, Stopping threads took: 0.0000153 seconds
[862.690s][info ][safepoint    ] Application time: 0.3202418 seconds
[862.690s][info ][safepoint    ] Entering safepoint region: GenCollectForAllocation
[862.690s][info ][gc,start     ] GC(438) Pause Young (Allocation Failure)
[862.691s][info ][gc,task      ] GC(438) Using 4 workers of 4 for evacuation
[862.696s][debug][gc,ref       ] GC(438) Skipped phase1 of Reference Processing due to unavailable references
[862.696s][debug][gc,ref       ] GC(438) Skipped phase3 of Reference Processing due to unavailable references
[862.696s][debug][gc,age       ] GC(438) Desired survivor size 15400960 bytes, new threshold 6 (max threshold 6)
[862.696s][info ][gc,heap      ] GC(438) ParNew: 245429K->6647K(270976K)
[862.696s][info ][gc,heap      ] GC(438) CMS: 385128K->385131K(602112K)
[862.696s][info ][gc,metaspace ] GC(438) Metaspace: 57612K->57612K(1101824K)
[862.696s][info ][gc           ] GC(438) Pause Young (Allocation Failure) 615M->382M(852M) 5.242ms
[862.696s][info ][gc,cpu       ] GC(438) User=0.02s Sys=0.00s Real=0.01s
[862.696s][info ][safepoint    ] Leaving safepoint region
[862.696s][info ][safepoint    ] Total time for which application threads were stopped: 0.0053878 seconds, Stopping threads took: 0.0000172 seconds
[863.696s][info ][safepoint    ] Application time: 1.0000864 seconds
[863.696s][info ][safepoint    ] Entering safepoint region: Cleanup
[863.696s][info ][safepoint    ] Leaving safepoint region
[863.696s][info ][safepoint    ] Total time for which application threads were stopped: 0.0000967 seconds, Stopping threads took: 0.0000447 seconds
[864.696s][info ][safepoint    ] Application time: 1.0000835 seconds
[864.696s][info ][safepoint    ] Entering safepoint region: Cleanup
[864.696s][info ][safepoint    ] Leaving safepoint region
[864.696s][info ][safepoint    ] Total time for which application threads were stopped: 0.0000731 seconds, Stopping threads took: 0.0000183 seconds
[865.372s][info ][safepoint    ] Application time: 0.6754200 seconds
[865.372s][info ][safepoint    ] Entering safepoint region: GenCollectForAllocation
[865.372s][info ][gc,start     ] GC(439) Pause Young (Allocation Failure)
[865.372s][info ][gc,task      ] GC(439) Using 4 workers of 4 for evacuation
[865.377s][debug][gc,ref       ] GC(439) Skipped phase1 of Reference Processing due to unavailable references
[865.377s][debug][gc,ref       ] GC(439) Skipped phase2 of Reference Processing due to unavailable references
[865.377s][debug][gc,ref       ] GC(439) Skipped phase3 of Reference Processing due to unavailable references
[865.377s][debug][gc,ref       ] GC(439) Skipped phase4 of Reference Processing due to unavailable references
[865.377s][debug][gc,age       ] GC(439) Desired survivor size 15400960 bytes, new threshold 6 (max threshold 6)
[865.377s][info ][gc,heap      ] GC(439) ParNew: 247543K->9782K(270976K)
[865.377s][info ][gc,heap      ] GC(439) CMS: 385131K->385164K(602112K)
[865.377s][info ][gc,metaspace ] GC(439) Metaspace: 57612K->57612K(1101824K)
[865.377s][info ][gc           ] GC(439) Pause Young (Allocation Failure) 617M->385M(852M) 5.064ms
[865.377s][info ][gc,cpu       ] GC(439) User=0.02s Sys=0.00s Real=0.01s
[865.377s][info ][safepoint    ] Leaving safepoint region
[865.377s][info ][safepoint    ] Total time for which application threads were stopped: 0.0052225 seconds, Stopping threads took: 0.0000346 seconds
[866.377s][info ][safepoint    ] Application time: 1.0001095 seconds
[866.377s][info ][safepoint    ] Entering safepoint region: Cleanup
[866.377s][info ][safepoint    ] Leaving safepoint region
[866.377s][info ][safepoint    ] Total time for which application threads were stopped: 0.0001045 seconds, Stopping threads took: 0.0000394 seconds
[867.377s][info ][safepoint    ] Application time: 1.0000970 seconds
[867.377s][info ][safepoint    ] Entering safepoint region: Cleanup
[867.377s][info ][safepoint    ] Leaving safepoint region
[867.377s][info ][safepoint    ] Total time for which application threads were stopped: 0.0001577 seconds, Stopping threads took: 0.0000778 seconds
[867.946s][info ][safepoint    ] Application time: 0.5688446 seconds
[867.946s][info ][safepoint    ] Entering safepoint region: GenCollectForAllocation
[867.946s][info ][gc,start     ] GC(440) Pause Young (Allocation Failure)
[867.946s][info ][gc,task      ] GC(440) Using 4 workers of 4 for evacuation
[867.951s][debug][gc,ref       ] GC(440) Skipped phase1 of Reference Processing due to unavailable references
[867.952s][debug][gc,ref       ] GC(440) Skipped phase2 of Reference Processing due to unavailable references
[867.952s][debug][gc,ref       ] GC(440) Skipped phase3 of Reference Processing due to unavailable references
[867.952s][debug][gc,ref       ] GC(440) Skipped phase4 of Reference Processing due to unavailable references
[867.952s][debug][gc,age       ] GC(440) Desired survivor size 15400960 bytes, new threshold 6 (max threshold 6)
[867.952s][info ][gc,heap      ] GC(440) ParNew: 250678K->10110K(270976K)
[867.952s][info ][gc,heap      ] GC(440) CMS: 385164K->385166K(602112K)
[867.952s][info ][gc,metaspace ] GC(440) Metaspace: 57613K->57613K(1101824K)
[867.952s][info ][gc           ] GC(440) Pause Young (Allocation Failure) 620M->386M(852M) 5.326ms
[867.952s][info ][gc,cpu       ] GC(440) User=0.02s Sys=0.00s Real=0.00s
[867.952s][info ][safepoint    ] Leaving safepoint region
[867.952s][info ][safepoint    ] Total time for which application threads were stopped: 0.0054827 seconds, Stopping threads took: 0.0000188 seconds
[868.952s][info ][safepoint    ] Application time: 1.0001027 seconds
[868.952s][info ][safepoint    ] Entering safepoint region: Cleanup
[868.952s][info ][safepoint    ] Leaving safepoint region
[868.952s][info ][safepoint    ] Total time for which application threads were stopped: 0.0000991 seconds, Stopping threads took: 0.0000173 seconds
[869.782s][info ][safepoint    ] Application time: 0.8304488 seconds
[869.783s][info ][safepoint    ] Entering safepoint region: GenCollectForAllocation
[869.783s][info ][gc,start     ] GC(441) Pause Young (Allocation Failure)
[869.783s][info ][gc,task      ] GC(441) Using 4 workers of 4 for evacuation
[869.789s][debug][gc,ref       ] GC(441) Skipped phase1 of Reference Processing due to unavailable references
[869.789s][debug][gc,ref       ] GC(441) Skipped phase2 of Reference Processing due to unavailable references
[869.789s][debug][gc,ref       ] GC(441) Skipped phase3 of Reference Processing due to unavailable references
[869.789s][debug][gc,ref       ] GC(441) Skipped phase4 of Reference Processing due to unavailable references
[869.789s][debug][gc,age       ] GC(441) Desired survivor size 15400960 bytes, new threshold 6 (max threshold 6)
[869.789s][info ][gc,heap      ] GC(441) ParNew: 251006K->12566K(270976K)
[869.789s][info ][gc,heap      ] GC(441) CMS: 385166K->385351K(602112K)
[869.789s][info ][gc,metaspace ] GC(441) Metaspace: 57625K->57625K(1101824K)
[869.789s][info ][gc           ] GC(441) Pause Young (Allocation Failure) 621M->388M(852M) 6.712ms
[869.789s][info ][gc,cpu       ] GC(441) User=0.03s Sys=0.00s Real=0.01s
[869.789s][info ][safepoint    ] Leaving safepoint region
[869.789s][info ][safepoint    ] Total time for which application threads were stopped: 0.0069002 seconds, Stopping threads took: 0.0000176 seconds
[870.790s][info ][safepoint    ] Application time: 1.0000916 seconds
[870.790s][info ][safepoint    ] Entering safepoint region: Cleanup
[870.790s][info ][safepoint    ] Leaving safepoint region
[870.790s][info ][safepoint    ] Total time for which application threads were stopped: 0.0000796 seconds, Stopping threads took: 0.0000226 seconds
[871.790s][info ][safepoint    ] Application time: 1.0001036 seconds
[871.790s][info ][safepoint    ] Entering safepoint region: Cleanup
[871.790s][info ][safepoint    ] Leaving safepoint region
[871.790s][info ][safepoint    ] Total time for which application threads were stopped: 0.0000724 seconds, Stopping threads took: 0.0000178 seconds
[872.281s][info ][safepoint    ] Application time: 0.4913646 seconds
[872.281s][info ][safepoint    ] Entering safepoint region: GenCollectForAllocation
[872.281s][info ][gc,start     ] GC(442) Pause Young (Allocation Failure)
[872.281s][info ][gc,task      ] GC(442) Using 4 workers of 4 for evacuation
[872.288s][debug][gc,ref       ] GC(442) Skipped phase1 of Reference Processing due to unavailable references
[872.288s][debug][gc,ref       ] GC(442) Skipped phase2 of Reference Processing due to unavailable references
[872.288s][debug][gc,ref       ] GC(442) Skipped phase3 of Reference Processing due to unavailable references
[872.288s][debug][gc,ref       ] GC(442) Skipped phase4 of Reference Processing due to unavailable references
[872.288s][debug][gc,age       ] GC(442) Desired survivor size 15400960 bytes, new threshold 6 (max threshold 6)
[872.288s][info ][gc,heap      ] GC(442) ParNew: 253462K->13122K(270976K)
[872.288s][info ][gc,heap      ] GC(442) CMS: 385351K->385693K(602112K)
[872.288s][info ][gc,metaspace ] GC(442) Metaspace: 57625K->57625K(1101824K)
[872.288s][info ][gc           ] GC(442) Pause Young (Allocation Failure) 623M->389M(852M) 6.884ms
[872.288s][info ][gc,cpu       ] GC(442) User=0.02s Sys=0.01s Real=0.01s
[872.288s][info ][safepoint    ] Leaving safepoint region
[872.288s][info ][safepoint    ] Total time for which application threads were stopped: 0.0070312 seconds, Stopping threads took: 0.0000180 seconds
[873.288s][info ][safepoint    ] Application time: 1.0000956 seconds
[873.288s][info ][safepoint    ] Entering safepoint region: Cleanup
[873.289s][info ][safepoint    ] Leaving safepoint region
[873.289s][info ][safepoint    ] Total time for which application threads were stopped: 0.0000865 seconds, Stopping threads took: 0.0000280 seconds
[874.888s][info ][safepoint    ] Application time: 1.5992855 seconds
[874.888s][info ][safepoint    ] Entering safepoint region: GenCollectForAllocation
[874.888s][info ][gc,start     ] GC(443) Pause Young (Allocation Failure)
[874.888s][info ][gc,task      ] GC(443) Using 4 workers of 4 for evacuation
[874.895s][debug][gc,ref       ] GC(443) Skipped phase1 of Reference Processing due to unavailable references
[874.895s][debug][gc,ref       ] GC(443) Skipped phase2 of Reference Processing due to unavailable references
[874.895s][debug][gc,ref       ] GC(443) Skipped phase3 of Reference Processing due to unavailable references
[874.895s][debug][gc,ref       ] GC(443) Skipped phase4 of Reference Processing due to unavailable references
[874.895s][debug][gc,age       ] GC(443) Desired survivor size 15400960 bytes, new threshold 6 (max threshold 6)
[874.895s][info ][gc,heap      ] GC(443) ParNew: 254018K->13152K(270976K)
[874.895s][info ][gc,heap      ] GC(443) CMS: 385693K->385897K(602112K)
[874.895s][info ][gc,metaspace ] GC(443) Metaspace: 57625K->57625K(1101824K)
[874.895s][info ][gc           ] GC(443) Pause Young (Allocation Failure) 624M->389M(852M) 6.845ms
[874.895s][info ][gc,cpu       ] GC(443) User=0.02s Sys=0.00s Real=0.00s
[874.895s][info ][safepoint    ] Leaving safepoint region
[874.895s][info ][safepoint    ] Total time for which application threads were stopped: 0.0069907 seconds, Stopping threads took: 0.0000172 seconds
[876.895s][info ][safepoint    ] Application time: 2.0001335 seconds
[876.895s][info ][safepoint    ] Entering safepoint region: Cleanup
[876.895s][info ][safepoint    ] Leaving safepoint region
[876.895s][info ][safepoint    ] Total time for which application threads were stopped: 0.0000884 seconds, Stopping threads took: 0.0000165 seconds
[877.578s][info ][safepoint    ] Application time: 0.6831508 seconds
[877.578s][info ][safepoint    ] Entering safepoint region: GenCollectForAllocation
[877.578s][info ][gc,start     ] GC(444) Pause Young (Allocation Failure)
[877.578s][info ][gc,task      ] GC(444) Using 4 workers of 4 for evacuation
[877.586s][debug][gc,ref       ] GC(444) Skipped phase1 of Reference Processing due to unavailable references
[877.586s][debug][gc,ref       ] GC(444) Skipped phase2 of Reference Processing due to unavailable references
[877.586s][debug][gc,ref       ] GC(444) Skipped phase3 of Reference Processing due to unavailable references
[877.586s][debug][gc,ref       ] GC(444) Skipped phase4 of Reference Processing due to unavailable references
[877.586s][debug][gc,age       ] GC(444) Desired survivor size 15400960 bytes, new threshold 6 (max threshold 6)
[877.586s][info ][gc,heap      ] GC(444) ParNew: 254048K->10969K(270976K)
[877.586s][info ][gc,heap      ] GC(444) CMS: 385897K->387308K(602112K)
[877.586s][info ][gc,metaspace ] GC(444) Metaspace: 57626K->57626K(1101824K)
[877.586s][info ][gc           ] GC(444) Pause Young (Allocation Failure) 624M->388M(852M) 7.434ms
[877.586s][info ][gc,cpu       ] GC(444) User=0.03s Sys=0.00s Real=0.01s
[877.586s][info ][safepoint    ] Leaving safepoint region
[877.586s][info ][safepoint    ] Total time for which application threads were stopped: 0.0076197 seconds, Stopping threads took: 0.0000287 seconds
[878.586s][info ][safepoint    ] Application time: 1.0001266 seconds
[878.590s][info ][safepoint    ] Entering safepoint region: Cleanup
[878.590s][info ][safepoint    ] Leaving safepoint region
[878.590s][info ][safepoint    ] Total time for which application threads were stopped: 0.0042845 seconds, Stopping threads took: 0.0042099 seconds
[880.242s][info ][safepoint    ] Application time: 1.6515189 seconds
[880.242s][info ][safepoint    ] Entering safepoint region: GenCollectForAllocation
[880.242s][info ][gc,start     ] GC(445) Pause Young (Allocation Failure)
[880.242s][info ][gc,task      ] GC(445) Using 4 workers of 4 for evacuation
[880.247s][debug][gc,ref       ] GC(445) Skipped phase1 of Reference Processing due to unavailable references
[880.247s][debug][gc,ref       ] GC(445) Skipped phase3 of Reference Processing due to unavailable references
[880.248s][debug][gc,age       ] GC(445) Desired survivor size 15400960 bytes, new threshold 6 (max threshold 6)
[880.248s][info ][gc,heap      ] GC(445) ParNew: 251865K->10037K(270976K)
[880.248s][info ][gc,heap      ] GC(445) CMS: 387308K->387486K(602112K)
[880.248s][info ][gc,metaspace ] GC(445) Metaspace: 57632K->57632K(1101824K)
[880.248s][info ][gc           ] GC(445) Pause Young (Allocation Failure) 624M->388M(852M) 5.553ms
[880.248s][info ][gc,cpu       ] GC(445) User=0.02s Sys=0.00s Real=0.01s
[880.248s][info ][safepoint    ] Leaving safepoint region
[880.248s][info ][safepoint    ] Total time for which application threads were stopped: 0.0057435 seconds, Stopping threads took: 0.0000195 seconds
[881.248s][info ][safepoint    ] Application time: 1.0001155 seconds
[881.248s][info ][safepoint    ] Entering safepoint region: Cleanup
[881.248s][info ][safepoint    ] Leaving safepoint region
[881.248s][info ][safepoint    ] Total time for which application threads were stopped: 0.0000861 seconds, Stopping threads took: 0.0000181 seconds
[882.248s][info ][safepoint    ] Application time: 1.0001137 seconds
[882.248s][info ][safepoint    ] Entering safepoint region: Cleanup
[882.248s][info ][safepoint    ] Leaving safepoint region
[882.248s][info ][safepoint    ] Total time for which application threads were stopped: 0.0001459 seconds, Stopping threads took: 0.0000179 seconds
[882.884s][info ][safepoint    ] Application time: 0.6360836 seconds
[882.884s][info ][safepoint    ] Entering safepoint region: GenCollectForAllocation
[882.885s][info ][gc,start     ] GC(446) Pause Young (Allocation Failure)
[882.885s][info ][gc,task      ] GC(446) Using 4 workers of 4 for evacuation
[882.890s][debug][gc,ref       ] GC(446) Skipped phase1 of Reference Processing due to unavailable references
[882.890s][debug][gc,ref       ] GC(446) Skipped phase3 of Reference Processing due to unavailable references
[882.890s][debug][gc,ref       ] GC(446) Skipped phase4 of Reference Processing due to unavailable references
[882.891s][debug][gc,age       ] GC(446) Desired survivor size 15400960 bytes, new threshold 6 (max threshold 6)
[882.891s][info ][gc,heap      ] GC(446) ParNew: 250933K->9768K(270976K)
[882.891s][info ][gc,heap      ] GC(446) CMS: 387486K->387827K(602112K)
[882.891s][info ][gc,metaspace ] GC(446) Metaspace: 57633K->57633K(1101824K)
[882.891s][info ][gc           ] GC(446) Pause Young (Allocation Failure) 623M->388M(852M) 6.117ms
[882.891s][info ][gc,cpu       ] GC(446) User=0.02s Sys=0.00s Real=0.00s
[882.891s][info ][safepoint    ] Leaving safepoint region
[882.891s][info ][safepoint    ] Total time for which application threads were stopped: 0.0062813 seconds, Stopping threads took: 0.0000179 seconds
[884.891s][info ][safepoint    ] Application time: 2.0001523 seconds
[884.891s][info ][safepoint    ] Entering safepoint region: Cleanup
[884.891s][info ][safepoint    ] Leaving safepoint region
[884.891s][info ][safepoint    ] Total time for which application threads were stopped: 0.0001242 seconds, Stopping threads took: 0.0000342 seconds
[885.385s][info ][safepoint    ] Application time: 0.4943755 seconds
[885.385s][info ][safepoint    ] Entering safepoint region: GenCollectForAllocation
[885.386s][info ][gc,start     ] GC(447) Pause Young (Allocation Failure)
[885.386s][info ][gc,task      ] GC(447) Using 4 workers of 4 for evacuation
[885.394s][debug][gc,ref       ] GC(447) Skipped phase1 of Reference Processing due to unavailable references
[885.394s][debug][gc,ref       ] GC(447) Skipped phase3 of Reference Processing due to unavailable references
[885.394s][debug][gc,ref       ] GC(447) Skipped phase4 of Reference Processing due to unavailable references
[885.394s][debug][gc,age       ] GC(447) Desired survivor size 15400960 bytes, new threshold 6 (max threshold 6)
[885.394s][info ][gc,heap      ] GC(447) ParNew: 250664K->7632K(270976K)
[885.394s][info ][gc,heap      ] GC(447) CMS: 387827K->391562K(602112K)
[885.394s][info ][gc,metaspace ] GC(447) Metaspace: 57633K->57633K(1101824K)
[885.394s][info ][gc           ] GC(447) Pause Young (Allocation Failure) 623M->389M(852M) 8.683ms
[885.394s][info ][gc,cpu       ] GC(447) User=0.02s Sys=0.01s Real=0.00s
[885.394s][info ][safepoint    ] Leaving safepoint region
[885.394s][info ][safepoint    ] Total time for which application threads were stopped: 0.0088542 seconds, Stopping threads took: 0.0000155 seconds
[886.394s][info ][safepoint    ] Application time: 1.0001435 seconds
[886.395s][info ][safepoint    ] Entering safepoint region: Cleanup
[886.395s][info ][safepoint    ] Leaving safepoint region
[886.395s][info ][safepoint    ] Total time for which application threads were stopped: 0.0001154 seconds, Stopping threads took: 0.0000394 seconds
[887.880s][info ][safepoint    ] Application time: 1.4851062 seconds
[887.880s][info ][safepoint    ] Entering safepoint region: GenCollectForAllocation
[887.880s][info ][gc,start     ] GC(448) Pause Young (Allocation Failure)
[887.880s][info ][gc,task      ] GC(448) Using 4 workers of 4 for evacuation
[887.884s][debug][gc,ref       ] GC(448) Skipped phase1 of Reference Processing due to unavailable references
[887.884s][debug][gc,ref       ] GC(448) Skipped phase3 of Reference Processing due to unavailable references
[887.884s][debug][gc,ref       ] GC(448) Skipped phase4 of Reference Processing due to unavailable references
[887.884s][debug][gc,age       ] GC(448) Desired survivor size 15400960 bytes, new threshold 6 (max threshold 6)
[887.884s][info ][gc,heap      ] GC(448) ParNew: 248528K->5184K(270976K)
[887.884s][info ][gc,heap      ] GC(448) CMS: 391562K->392102K(602112K)
[887.884s][info ][gc,metaspace ] GC(448) Metaspace: 57633K->57633K(1101824K)
[887.884s][info ][gc           ] GC(448) Pause Young (Allocation Failure) 625M->387M(852M) 4.348ms
[887.884s][info ][gc,cpu       ] GC(448) User=0.01s Sys=0.00s Real=0.01s
[887.884s][info ][safepoint    ] Leaving safepoint region
[887.884s][info ][safepoint    ] Total time for which application threads were stopped: 0.0045135 seconds, Stopping threads took: 0.0000322 seconds
[890.741s][info ][safepoint    ] Application time: 2.8565156 seconds
[890.741s][info ][safepoint    ] Entering safepoint region: GenCollectForAllocation
[890.741s][info ][gc,start     ] GC(449) Pause Young (Allocation Failure)
[890.741s][info ][gc,task      ] GC(449) Using 4 workers of 4 for evacuation
[890.745s][debug][gc,ref       ] GC(449) Skipped phase1 of Reference Processing due to unavailable references
[890.745s][debug][gc,ref       ] GC(449) Skipped phase3 of Reference Processing due to unavailable references
[890.745s][debug][gc,ref       ] GC(449) Skipped phase4 of Reference Processing due to unavailable references
[890.746s][debug][gc,age       ] GC(449) Desired survivor size 15400960 bytes, new threshold 6 (max threshold 6)
[890.746s][info ][gc,heap      ] GC(449) ParNew: 246080K->4547K(270976K)
[890.746s][info ][gc,heap      ] GC(449) CMS: 392102K->392316K(602112K)
[890.746s][info ][gc,metaspace ] GC(449) Metaspace: 57633K->57633K(1101824K)
[890.746s][info ][gc           ] GC(449) Pause Young (Allocation Failure) 623M->387M(852M) 4.692ms
[890.746s][info ][gc,cpu       ] GC(449) User=0.02s Sys=0.00s Real=0.01s
[890.746s][info ][safepoint    ] Leaving safepoint region
[890.746s][info ][safepoint    ] Total time for which application threads were stopped: 0.0048448 seconds, Stopping threads took: 0.0000175 seconds
[892.746s][info ][safepoint    ] Application time: 2.0001776 seconds
[892.746s][info ][safepoint    ] Entering safepoint region: Cleanup
[892.746s][info ][safepoint    ] Leaving safepoint region
[892.746s][info ][safepoint    ] Total time for which application threads were stopped: 0.0001297 seconds, Stopping threads took: 0.0000614 seconds
[893.146s][info ][safepoint    ] Application time: 0.4001559 seconds
[893.146s][info ][safepoint    ] Entering safepoint region: GenCollectForAllocation
[893.146s][info ][gc,start     ] GC(450) Pause Young (Allocation Failure)
[893.146s][info ][gc,task      ] GC(450) Using 4 workers of 4 for evacuation
[893.151s][debug][gc,ref       ] GC(450) Skipped phase1 of Reference Processing due to unavailable references
[893.151s][debug][gc,ref       ] GC(450) Skipped phase3 of Reference Processing due to unavailable references
[893.151s][debug][gc,ref       ] GC(450) Skipped phase4 of Reference Processing due to unavailable references
[893.151s][debug][gc,age       ] GC(450) Desired survivor size 15400960 bytes, new threshold 6 (max threshold 6)
[893.151s][info ][gc,heap      ] GC(450) ParNew: 245433K->4423K(270976K)
[893.151s][info ][gc,heap      ] GC(450) CMS: 392316K->392916K(602112K)
[893.151s][info ][gc,metaspace ] GC(450) Metaspace: 57633K->57633K(1101824K)
[893.151s][info ][gc           ] GC(450) Pause Young (Allocation Failure) 622M->388M(852M) 4.800ms
[893.151s][info ][gc,cpu       ] GC(450) User=0.02s Sys=0.00s Real=0.00s
[893.151s][info ][safepoint    ] Leaving safepoint region
[893.151s][info ][safepoint    ] Total time for which application threads were stopped: 0.0049445 seconds, Stopping threads took: 0.0000151 seconds
[895.151s][info ][safepoint    ] Application time: 2.0002344 seconds
[895.151s][info ][safepoint    ] Entering safepoint region: Cleanup
[895.151s][info ][safepoint    ] Leaving safepoint region
[895.151s][info ][safepoint    ] Total time for which application threads were stopped: 0.0000732 seconds, Stopping threads took: 0.0000174 seconds
[895.823s][info ][safepoint    ] Application time: 0.6711178 seconds
[895.823s][info ][safepoint    ] Entering safepoint region: GenCollectForAllocation
[895.823s][info ][gc,start     ] GC(451) Pause Young (Allocation Failure)
[895.823s][info ][gc,task      ] GC(451) Using 4 workers of 4 for evacuation
[895.827s][debug][gc,ref       ] GC(451) Skipped phase1 of Reference Processing due to unavailable references
[895.827s][debug][gc,ref       ] GC(451) Skipped phase2 of Reference Processing due to unavailable references
[895.827s][debug][gc,ref       ] GC(451) Skipped phase3 of Reference Processing due to unavailable references
[895.827s][debug][gc,ref       ] GC(451) Skipped phase4 of Reference Processing due to unavailable references
[895.827s][debug][gc,age       ] GC(451) Desired survivor size 15400960 bytes, new threshold 6 (max threshold 6)
[895.827s][info ][gc,heap      ] GC(451) ParNew: 245319K->4803K(270976K)
[895.827s][info ][gc,heap      ] GC(451) CMS: 392916K->393187K(602112K)
[895.827s][info ][gc,metaspace ] GC(451) Metaspace: 57637K->57637K(1101824K)
[895.827s][info ][gc           ] GC(451) Pause Young (Allocation Failure) 623M->388M(852M) 3.962ms
[895.827s][info ][gc,cpu       ] GC(451) User=0.01s Sys=0.00s Real=0.01s
[895.827s][info ][safepoint    ] Leaving safepoint region
[895.827s][info ][safepoint    ] Total time for which application threads were stopped: 0.0041436 seconds, Stopping threads took: 0.0000416 seconds
[898.434s][info ][safepoint    ] Application time: 2.6071206 seconds
[898.434s][info ][safepoint    ] Entering safepoint region: GenCollectForAllocation
[898.434s][info ][gc,start     ] GC(452) Pause Young (Allocation Failure)
[898.434s][info ][gc,task      ] GC(452) Using 4 workers of 4 for evacuation
[898.438s][debug][gc,ref       ] GC(452) Skipped phase1 of Reference Processing due to unavailable references
[898.438s][debug][gc,ref       ] GC(452) Skipped phase2 of Reference Processing due to unavailable references
[898.438s][debug][gc,ref       ] GC(452) Skipped phase3 of Reference Processing due to unavailable references
[898.438s][debug][gc,ref       ] GC(452) Skipped phase4 of Reference Processing due to unavailable references
[898.438s][debug][gc,age       ] GC(452) Desired survivor size 15400960 bytes, new threshold 6 (max threshold 6)
[898.438s][info ][gc,heap      ] GC(452) ParNew: 245699K->3855K(270976K)
[898.438s][info ][gc,heap      ] GC(452) CMS: 393187K->393331K(602112K)
[898.438s][info ][gc,metaspace ] GC(452) Metaspace: 57637K->57637K(1101824K)
[898.438s][info ][gc           ] GC(452) Pause Young (Allocation Failure) 623M->387M(852M) 3.659ms
[898.438s][info ][gc,cpu       ] GC(452) User=0.01s Sys=0.00s Real=0.01s
[898.438s][info ][safepoint    ] Leaving safepoint region
[898.438s][info ][safepoint    ] Total time for which application threads were stopped: 0.0038252 seconds, Stopping threads took: 0.0000335 seconds
[900.978s][info ][safepoint    ] Application time: 2.5404245 seconds
[900.978s][info ][safepoint    ] Entering safepoint region: GenCollectForAllocation
[900.978s][info ][gc,start     ] GC(453) Pause Young (Allocation Failure)
[900.978s][info ][gc,task      ] GC(453) Using 4 workers of 4 for evacuation
[900.982s][debug][gc,ref       ] GC(453) Skipped phase1 of Reference Processing due to unavailable references
[900.982s][debug][gc,ref       ] GC(453) Skipped phase2 of Reference Processing due to unavailable references
[900.982s][debug][gc,ref       ] GC(453) Skipped phase3 of Reference Processing due to unavailable references
[900.982s][debug][gc,ref       ] GC(453) Skipped phase4 of Reference Processing due to unavailable references
[900.983s][debug][gc,age       ] GC(453) Desired survivor size 15400960 bytes, new threshold 6 (max threshold 6)
[900.983s][info ][gc,heap      ] GC(453) ParNew: 244751K->2549K(270976K)
[900.983s][info ][gc,heap      ] GC(453) CMS: 393331K->394574K(602112K)
[900.983s][info ][gc,metaspace ] GC(453) Metaspace: 57637K->57637K(1101824K)
[900.983s][info ][gc           ] GC(453) Pause Young (Allocation Failure) 623M->387M(852M) 4.281ms
[900.983s][info ][gc,cpu       ] GC(453) User=0.01s Sys=0.00s Real=0.00s
[900.983s][info ][safepoint    ] Leaving safepoint region
[900.983s][info ][safepoint    ] Total time for which application threads were stopped: 0.0044317 seconds, Stopping threads took: 0.0000168 seconds
[901.983s][info ][safepoint    ] Application time: 1.0001361 seconds
[901.983s][info ][safepoint    ] Entering safepoint region: Cleanup
[901.983s][info ][safepoint    ] Leaving safepoint region
[901.983s][info ][safepoint    ] Total time for which application threads were stopped: 0.0002263 seconds, Stopping threads took: 0.0001438 seconds
[902.983s][info ][safepoint    ] Application time: 1.0000961 seconds
[902.983s][info ][safepoint    ] Entering safepoint region: Cleanup
[902.983s][info ][safepoint    ] Leaving safepoint region
[902.983s][info ][safepoint    ] Total time for which application threads were stopped: 0.0001285 seconds, Stopping threads took: 0.0000384 seconds
[903.523s][info ][safepoint    ] Application time: 0.5394961 seconds
[903.523s][info ][safepoint    ] Entering safepoint region: GenCollectForAllocation
[903.523s][info ][gc,start     ] GC(454) Pause Young (Allocation Failure)
[903.523s][info ][gc,task      ] GC(454) Using 4 workers of 4 for evacuation
[903.527s][debug][gc,ref       ] GC(454) Skipped phase1 of Reference Processing due to unavailable references
[903.527s][debug][gc,ref       ] GC(454) Skipped phase2 of Reference Processing due to unavailable references
[903.527s][debug][gc,ref       ] GC(454) Skipped phase3 of Reference Processing due to unavailable references
[903.527s][debug][gc,ref       ] GC(454) Skipped phase4 of Reference Processing due to unavailable references
[903.527s][debug][gc,age       ] GC(454) Desired survivor size 15400960 bytes, new threshold 6 (max threshold 6)
[903.527s][info ][gc,heap      ] GC(454) ParNew: 243445K->4008K(270976K)
[903.527s][info ][gc,heap      ] GC(454) CMS: 394574K->394639K(602112K)
[903.527s][info ][gc,metaspace ] GC(454) Metaspace: 57637K->57637K(1101824K)
[903.527s][info ][gc           ] GC(454) Pause Young (Allocation Failure) 623M->389M(852M) 3.769ms
[903.527s][info ][gc,cpu       ] GC(454) User=0.01s Sys=0.00s Real=0.01s
[903.527s][info ][safepoint    ] Leaving safepoint region
[903.527s][info ][safepoint    ] Total time for which application threads were stopped: 0.0039885 seconds, Stopping threads took: 0.0000915 seconds
[905.527s][info ][safepoint    ] Application time: 2.0002220 seconds
[905.527s][info ][safepoint    ] Entering safepoint region: Cleanup
[905.527s][info ][safepoint    ] Leaving safepoint region
[905.527s][info ][safepoint    ] Total time for which application threads were stopped: 0.0001165 seconds, Stopping threads took: 0.0000391 seconds
[905.874s][info ][safepoint    ] Application time: 0.3469028 seconds
[905.874s][info ][safepoint    ] Entering safepoint region: GenCollectForAllocation
[905.874s][info ][gc,start     ] GC(455) Pause Young (Allocation Failure)
[905.874s][info ][gc,task      ] GC(455) Using 4 workers of 4 for evacuation
[905.878s][debug][gc,ref       ] GC(455) Skipped phase1 of Reference Processing due to unavailable references
[905.878s][debug][gc,ref       ] GC(455) Skipped phase3 of Reference Processing due to unavailable references
[905.878s][debug][gc,ref       ] GC(455) Skipped phase4 of Reference Processing due to unavailable references
[905.878s][debug][gc,age       ] GC(455) Desired survivor size 15400960 bytes, new threshold 6 (max threshold 6)
[905.878s][info ][gc,heap      ] GC(455) ParNew: 244904K->3110K(270976K)
[905.878s][info ][gc,heap      ] GC(455) CMS: 394639K->394698K(602112K)
[905.878s][info ][gc,metaspace ] GC(455) Metaspace: 57637K->57637K(1101824K)
[905.878s][info ][gc           ] GC(455) Pause Young (Allocation Failure) 624M->388M(852M) 3.865ms
[905.878s][info ][gc,cpu       ] GC(455) User=0.01s Sys=0.00s Real=0.01s
[905.878s][info ][safepoint    ] Leaving safepoint region
[905.878s][info ][safepoint    ] Total time for which application threads were stopped: 0.0040170 seconds, Stopping threads took: 0.0000161 seconds
[907.878s][info ][safepoint    ] Application time: 2.0002047 seconds
[907.879s][info ][safepoint    ] Entering safepoint region: Cleanup
[907.879s][info ][safepoint    ] Leaving safepoint region
[907.879s][info ][safepoint    ] Total time for which application threads were stopped: 0.0001277 seconds, Stopping threads took: 0.0000415 seconds
[908.433s][info ][safepoint    ] Application time: 0.5542912 seconds
[908.433s][info ][safepoint    ] Entering safepoint region: GenCollectForAllocation
[908.433s][info ][gc,start     ] GC(456) Pause Young (Allocation Failure)
[908.433s][info ][gc,task      ] GC(456) Using 4 workers of 4 for evacuation
[908.436s][debug][gc,ref       ] GC(456) Skipped phase1 of Reference Processing due to unavailable references
[908.436s][debug][gc,ref       ] GC(456) Skipped phase3 of Reference Processing due to unavailable references
[908.436s][debug][gc,ref       ] GC(456) Skipped phase4 of Reference Processing due to unavailable references
[908.437s][debug][gc,age       ] GC(456) Desired survivor size 15400960 bytes, new threshold 6 (max threshold 6)
[908.437s][info ][gc,heap      ] GC(456) ParNew: 244006K->4631K(270976K)
[908.437s][info ][gc,heap      ] GC(456) CMS: 394698K->394763K(602112K)
[908.437s][info ][gc,metaspace ] GC(456) Metaspace: 57637K->57637K(1101824K)
[908.437s][info ][gc           ] GC(456) Pause Young (Allocation Failure) 623M->390M(852M) 3.617ms
[908.437s][info ][gc,cpu       ] GC(456) User=0.01s Sys=0.00s Real=0.01s
[908.437s][info ][safepoint    ] Leaving safepoint region
[908.437s][info ][safepoint    ] Total time for which application threads were stopped: 0.0037583 seconds, Stopping threads took: 0.0000151 seconds
[909.437s][info ][safepoint    ] Application time: 1.0000955 seconds
[909.437s][info ][safepoint    ] Entering safepoint region: Cleanup
[909.437s][info ][safepoint    ] Leaving safepoint region
[909.437s][info ][safepoint    ] Total time for which application threads were stopped: 0.0000762 seconds, Stopping threads took: 0.0000182 seconds
[911.043s][info ][safepoint    ] Application time: 1.6058577 seconds
[911.043s][info ][safepoint    ] Entering safepoint region: GenCollectForAllocation
[911.043s][info ][gc,start     ] GC(457) Pause Young (Allocation Failure)
[911.043s][info ][gc,task      ] GC(457) Using 4 workers of 4 for evacuation
[911.047s][debug][gc,ref       ] GC(457) Skipped phase1 of Reference Processing due to unavailable references
[911.047s][debug][gc,ref       ] GC(457) Skipped phase3 of Reference Processing due to unavailable references
[911.047s][debug][gc,ref       ] GC(457) Skipped phase4 of Reference Processing due to unavailable references
[911.047s][debug][gc,age       ] GC(457) Desired survivor size 15400960 bytes, new threshold 6 (max threshold 6)
[911.047s][info ][gc,heap      ] GC(457) ParNew: 245527K->4095K(270976K)
[911.047s][info ][gc,heap      ] GC(457) CMS: 394763K->394801K(602112K)
[911.047s][info ][gc,metaspace ] GC(457) Metaspace: 57637K->57637K(1101824K)
[911.047s][info ][gc           ] GC(457) Pause Young (Allocation Failure) 625M->389M(852M) 3.847ms
[911.047s][info ][gc,cpu       ] GC(457) User=0.01s Sys=0.00s Real=0.01s
[911.047s][info ][safepoint    ] Leaving safepoint region
[911.047s][info ][safepoint    ] Total time for which application threads were stopped: 0.0039844 seconds, Stopping threads took: 0.0000247 seconds
[912.047s][info ][safepoint    ] Application time: 1.0000391 seconds
[912.047s][info ][safepoint    ] Entering safepoint region: Cleanup
[912.047s][info ][safepoint    ] Leaving safepoint region
[912.047s][info ][safepoint    ] Total time for which application threads were stopped: 0.0000786 seconds, Stopping threads took: 0.0000181 seconds
[912.884s][info ][safepoint    ] Application time: 0.8369861 seconds
[912.884s][info ][safepoint    ] Entering safepoint region: GenCollectForAllocation
[912.884s][info ][gc,start     ] GC(458) Pause Young (Allocation Failure)
[912.884s][info ][gc,task      ] GC(458) Using 4 workers of 4 for evacuation
[912.890s][debug][gc,ref       ] GC(458) Skipped phase1 of Reference Processing due to unavailable references
[912.890s][debug][gc,ref       ] GC(458) Skipped phase3 of Reference Processing due to unavailable references
[912.890s][debug][gc,ref       ] GC(458) Skipped phase4 of Reference Processing due to unavailable references
[912.890s][debug][gc,age       ] GC(458) Desired survivor size 15400960 bytes, new threshold 6 (max threshold 6)
[912.890s][info ][gc,heap      ] GC(458) ParNew: 244991K->9615K(270976K)
[912.890s][info ][gc,heap      ] GC(458) CMS: 394801K->394979K(602112K)
[912.890s][info ][gc,metaspace ] GC(458) Metaspace: 57637K->57637K(1101824K)
[912.890s][info ][gc           ] GC(458) Pause Young (Allocation Failure) 624M->395M(852M) 5.639ms
[912.890s][info ][gc,cpu       ] GC(458) User=0.02s Sys=0.00s Real=0.00s
[912.890s][info ][safepoint    ] Leaving safepoint region
[912.890s][info ][safepoint    ] Total time for which application threads were stopped: 0.0057831 seconds, Stopping threads took: 0.0000173 seconds
[913.890s][info ][safepoint    ] Application time: 1.0001006 seconds
[913.890s][info ][safepoint    ] Entering safepoint region: Cleanup
[913.890s][info ][safepoint    ] Leaving safepoint region
[913.890s][info ][safepoint    ] Total time for which application threads were stopped: 0.0001106 seconds, Stopping threads took: 0.0000407 seconds
[914.890s][info ][safepoint    ] Application time: 1.0001009 seconds
[914.890s][info ][safepoint    ] Entering safepoint region: Cleanup
[914.890s][info ][safepoint    ] Leaving safepoint region
[914.890s][info ][safepoint    ] Total time for which application threads were stopped: 0.0000739 seconds, Stopping threads took: 0.0000194 seconds
[915.142s][info ][safepoint    ] Application time: 0.2518264 seconds
[915.142s][info ][safepoint    ] Entering safepoint region: GenCollectForAllocation
[915.142s][info ][gc,start     ] GC(459) Pause Young (Allocation Failure)
[915.142s][info ][gc,task      ] GC(459) Using 4 workers of 4 for evacuation
[915.149s][debug][gc,ref       ] GC(459) Skipped phase1 of Reference Processing due to unavailable references
[915.149s][debug][gc,ref       ] GC(459) Skipped phase3 of Reference Processing due to unavailable references
[915.149s][debug][gc,ref       ] GC(459) Skipped phase4 of Reference Processing due to unavailable references
[915.149s][debug][gc,age       ] GC(459) Desired survivor size 15400960 bytes, new threshold 6 (max threshold 6)
[915.149s][info ][gc,heap      ] GC(459) ParNew: 250467K->12263K(270976K)
[915.149s][info ][gc,heap      ] GC(459) CMS: 394979K->395102K(602112K)
[915.149s][info ][gc,metaspace ] GC(459) Metaspace: 57640K->57640K(1101824K)
[915.149s][info ][gc           ] GC(459) Pause Young (Allocation Failure) 630M->397M(852M) 6.607ms
[915.149s][info ][gc,cpu       ] GC(459) User=0.02s Sys=0.00s Real=0.01s
[915.149s][info ][safepoint    ] Leaving safepoint region
[915.149s][info ][safepoint    ] Total time for which application threads were stopped: 0.0067573 seconds, Stopping threads took: 0.0000300 seconds
[916.149s][info ][safepoint    ] Application time: 1.0000923 seconds
[916.149s][info ][safepoint    ] Entering safepoint region: Cleanup
[916.149s][info ][safepoint    ] Leaving safepoint region
[916.149s][info ][safepoint    ] Total time for which application threads were stopped: 0.0000772 seconds, Stopping threads took: 0.0000177 seconds
[917.149s][info ][safepoint    ] Application time: 1.0000941 seconds
[917.149s][info ][safepoint    ] Entering safepoint region: Cleanup
[917.149s][info ][safepoint    ] Leaving safepoint region
[917.149s][info ][safepoint    ] Total time for which application threads were stopped: 0.0001107 seconds, Stopping threads took: 0.0000502 seconds
[917.240s][info ][safepoint    ] Application time: 0.0901915 seconds
[917.240s][info ][safepoint    ] Entering safepoint region: GenCollectForAllocation
[917.240s][info ][gc,start     ] GC(460) Pause Young (Allocation Failure)
[917.240s][info ][gc,task      ] GC(460) Using 4 workers of 4 for evacuation
[917.246s][debug][gc,ref       ] GC(460) Skipped phase1 of Reference Processing due to unavailable references
[917.246s][debug][gc,ref       ] GC(460) Skipped phase3 of Reference Processing due to unavailable references
[917.246s][debug][gc,ref       ] GC(460) Skipped phase4 of Reference Processing due to unavailable references
[917.246s][debug][gc,age       ] GC(460) Desired survivor size 15400960 bytes, new threshold 6 (max threshold 6)
[917.246s][info ][gc,heap      ] GC(460) ParNew: 253135K->13328K(270976K)
[917.246s][info ][gc,heap      ] GC(460) CMS: 395102K->395449K(602112K)
[917.246s][info ][gc,metaspace ] GC(460) Metaspace: 57641K->57641K(1101824K)
[917.246s][info ][gc           ] GC(460) Pause Young (Allocation Failure) 633M->399M(852M) 6.461ms
[917.246s][info ][gc,cpu       ] GC(460) User=0.03s Sys=0.00s Real=0.01s
[917.246s][info ][safepoint    ] Leaving safepoint region
[917.246s][info ][safepoint    ] Total time for which application threads were stopped: 0.0066393 seconds, Stopping threads took: 0.0000329 seconds
[918.246s][info ][safepoint    ] Application time: 1.0001152 seconds
[918.246s][info ][safepoint    ] Entering safepoint region: Cleanup
[918.247s][info ][safepoint    ] Leaving safepoint region
[918.247s][info ][safepoint    ] Total time for which application threads were stopped: 0.0001437 seconds, Stopping threads took: 0.0000641 seconds
[919.247s][info ][safepoint    ] Application time: 1.0001040 seconds
[919.247s][info ][safepoint    ] Entering safepoint region: Cleanup
[919.247s][info ][safepoint    ] Leaving safepoint region
[919.247s][info ][safepoint    ] Total time for which application threads were stopped: 0.0000667 seconds, Stopping threads took: 0.0000161 seconds
[919.346s][info ][safepoint    ] Application time: 0.0987900 seconds
[919.346s][info ][safepoint    ] Entering safepoint region: GenCollectForAllocation
[919.346s][info ][gc,start     ] GC(461) Pause Young (Allocation Failure)
[919.346s][info ][gc,task      ] GC(461) Using 4 workers of 4 for evacuation
[919.354s][debug][gc,ref       ] GC(461) Skipped phase1 of Reference Processing due to unavailable references
[919.354s][debug][gc,ref       ] GC(461) Skipped phase2 of Reference Processing due to unavailable references
[919.354s][debug][gc,ref       ] GC(461) Skipped phase3 of Reference Processing due to unavailable references
[919.354s][debug][gc,ref       ] GC(461) Skipped phase4 of Reference Processing due to unavailable references
[919.355s][debug][gc,age       ] GC(461) Desired survivor size 15400960 bytes, new threshold 6 (max threshold 6)
[919.355s][info ][gc,heap      ] GC(461) ParNew: 254224K->11975K(270976K)
[919.355s][info ][gc,heap      ] GC(461) CMS: 395449K->395764K(602112K)
[919.355s][info ][gc,metaspace ] GC(461) Metaspace: 57641K->57641K(1101824K)
[919.355s][info ][gc           ] GC(461) Pause Young (Allocation Failure) 634M->398M(852M) 8.939ms
[919.355s][info ][gc,cpu       ] GC(461) User=0.02s Sys=0.00s Real=0.00s
[919.355s][info ][safepoint    ] Leaving safepoint region
[919.355s][info ][safepoint    ] Total time for which application threads were stopped: 0.0091065 seconds, Stopping threads took: 0.0000173 seconds
[920.355s][info ][safepoint    ] Application time: 1.0001448 seconds
[920.355s][info ][safepoint    ] Entering safepoint region: Cleanup
[920.355s][info ][safepoint    ] Leaving safepoint region
[920.355s][info ][safepoint    ] Total time for which application threads were stopped: 0.0000737 seconds, Stopping threads took: 0.0000182 seconds
[921.355s][info ][safepoint    ] Application time: 1.0000994 seconds
[921.355s][info ][safepoint    ] Entering safepoint region: Cleanup
[921.355s][info ][safepoint    ] Leaving safepoint region
[921.355s][info ][safepoint    ] Total time for which application threads were stopped: 0.0000999 seconds, Stopping threads took: 0.0000202 seconds
[921.583s][info ][safepoint    ] Application time: 0.2274273 seconds
[921.583s][info ][safepoint    ] Entering safepoint region: GenCollectForAllocation
[921.583s][info ][gc,start     ] GC(462) Pause Young (Allocation Failure)
[921.583s][info ][gc,task      ] GC(462) Using 4 workers of 4 for evacuation
[921.589s][debug][gc,ref       ] GC(462) Skipped phase1 of Reference Processing due to unavailable references
[921.589s][debug][gc,ref       ] GC(462) Skipped phase2 of Reference Processing due to unavailable references
[921.589s][debug][gc,ref       ] GC(462) Skipped phase3 of Reference Processing due to unavailable references
[921.589s][debug][gc,ref       ] GC(462) Skipped phase4 of Reference Processing due to unavailable references
[921.589s][debug][gc,age       ] GC(462) Desired survivor size 15400960 bytes, new threshold 6 (max threshold 6)
[921.589s][info ][gc,heap      ] GC(462) ParNew: 252871K->15317K(270976K)
[921.589s][info ][gc,heap      ] GC(462) CMS: 395764K->396125K(602112K)
[921.589s][info ][gc,metaspace ] GC(462) Metaspace: 57641K->57641K(1101824K)
[921.589s][info ][gc           ] GC(462) Pause Young (Allocation Failure) 633M->401M(852M) 6.742ms
[921.589s][info ][gc,cpu       ] GC(462) User=0.02s Sys=0.00s Real=0.01s
[921.590s][info ][safepoint    ] Leaving safepoint region
[921.590s][info ][safepoint    ] Total time for which application threads were stopped: 0.0068932 seconds, Stopping threads took: 0.0000179 seconds
[922.590s][info ][safepoint    ] Application time: 1.0000913 seconds
[922.590s][info ][safepoint    ] Entering safepoint region: Cleanup
[922.590s][info ][safepoint    ] Leaving safepoint region
[922.590s][info ][safepoint    ] Total time for which application threads were stopped: 0.0001030 seconds, Stopping threads took: 0.0000399 seconds
[923.590s][info ][safepoint    ] Application time: 1.0000940 seconds
[923.590s][info ][safepoint    ] Entering safepoint region: Cleanup
[923.590s][info ][safepoint    ] Leaving safepoint region
[923.590s][info ][safepoint    ] Total time for which application threads were stopped: 0.0001340 seconds, Stopping threads took: 0.0000491 seconds
[923.623s][info ][safepoint    ] Application time: 0.0330072 seconds
[923.623s][info ][safepoint    ] Entering safepoint region: GenCollectForAllocation
[923.623s][info ][gc,start     ] GC(463) Pause Young (Allocation Failure)
[923.623s][info ][gc,task      ] GC(463) Using 4 workers of 4 for evacuation
[923.631s][debug][gc,ref       ] GC(463) Skipped phase1 of Reference Processing due to unavailable references
[923.631s][debug][gc,ref       ] GC(463) Skipped phase2 of Reference Processing due to unavailable references
[923.631s][debug][gc,ref       ] GC(463) Skipped phase3 of Reference Processing due to unavailable references
[923.631s][debug][gc,ref       ] GC(463) Skipped phase4 of Reference Processing due to unavailable references
[923.631s][debug][gc,age       ] GC(463) Desired survivor size 15400960 bytes, new threshold 6 (max threshold 6)
[923.631s][info ][gc,heap      ] GC(463) ParNew: 256213K->16438K(270976K)
[923.631s][info ][gc,heap      ] GC(463) CMS: 396125K->396370K(602112K)
[923.631s][info ][gc,metaspace ] GC(463) Metaspace: 57641K->57641K(1101824K)
[923.631s][info ][gc           ] GC(463) Pause Young (Allocation Failure) 637M->403M(852M) 7.600ms
[923.631s][info ][gc,cpu       ] GC(463) User=0.03s Sys=0.00s Real=0.01s
[923.631s][info ][safepoint    ] Leaving safepoint region
[923.631s][info ][safepoint    ] Total time for which application threads were stopped: 0.0077673 seconds, Stopping threads took: 0.0000355 seconds
[924.631s][info ][safepoint    ] Application time: 1.0001031 seconds
[924.631s][info ][safepoint    ] Entering safepoint region: Cleanup
[924.631s][info ][safepoint    ] Leaving safepoint region
[924.631s][info ][safepoint    ] Total time for which application threads were stopped: 0.0001147 seconds, Stopping threads took: 0.0000508 seconds
[925.631s][info ][safepoint    ] Application time: 1.0000975 seconds
[925.631s][info ][safepoint    ] Entering safepoint region: Cleanup
[925.631s][info ][safepoint    ] Leaving safepoint region
[925.631s][info ][safepoint    ] Total time for which application threads were stopped: 0.0000999 seconds, Stopping threads took: 0.0000382 seconds
[925.784s][info ][safepoint    ] Application time: 0.1526471 seconds
[925.784s][info ][safepoint    ] Entering safepoint region: GenCollectForAllocation
[925.784s][info ][gc,start     ] GC(464) Pause Young (Allocation Failure)
[925.784s][info ][gc,task      ] GC(464) Using 4 workers of 4 for evacuation
[925.792s][debug][gc,ref       ] GC(464) Skipped phase1 of Reference Processing due to unavailable references
[925.792s][debug][gc,ref       ] GC(464) Skipped phase2 of Reference Processing due to unavailable references
[925.792s][debug][gc,ref       ] GC(464) Skipped phase3 of Reference Processing due to unavailable references
[925.792s][debug][gc,ref       ] GC(464) Skipped phase4 of Reference Processing due to unavailable references
[925.792s][debug][gc,age       ] GC(464) Desired survivor size 15400960 bytes, new threshold 6 (max threshold 6)
[925.792s][info ][gc,heap      ] GC(464) ParNew: 257334K->15071K(270976K)
[925.792s][info ][gc,heap      ] GC(464) CMS: 396370K->398470K(602112K)
[925.792s][info ][gc,metaspace ] GC(464) Metaspace: 57641K->57641K(1101824K)
[925.792s][info ][gc           ] GC(464) Pause Young (Allocation Failure) 638M->403M(852M) 8.088ms
[925.792s][info ][gc,cpu       ] GC(464) User=0.03s Sys=0.00s Real=0.00s
[925.792s][info ][safepoint    ] Leaving safepoint region
[925.792s][info ][safepoint    ] Total time for which application threads were stopped: 0.0082317 seconds, Stopping threads took: 0.0000160 seconds
[926.792s][info ][safepoint    ] Application time: 1.0001184 seconds
[926.792s][info ][safepoint    ] Entering safepoint region: Cleanup
[926.793s][info ][safepoint    ] Leaving safepoint region
[926.793s][info ][safepoint    ] Total time for which application threads were stopped: 0.0001079 seconds, Stopping threads took: 0.0000424 seconds
[927.793s][info ][safepoint    ] Application time: 1.0001048 seconds
[927.793s][info ][safepoint    ] Entering safepoint region: Cleanup
[927.793s][info ][safepoint    ] Leaving safepoint region
[927.793s][info ][safepoint    ] Total time for which application threads were stopped: 0.0001924 seconds, Stopping threads took: 0.0001219 seconds
[927.992s][info ][safepoint    ] Application time: 0.1996046 seconds
[927.993s][info ][safepoint    ] Entering safepoint region: GenCollectForAllocation
[927.993s][info ][gc,start     ] GC(465) Pause Young (Allocation Failure)
[927.993s][info ][gc,task      ] GC(465) Using 4 workers of 4 for evacuation
[928.001s][debug][gc,ref       ] GC(465) Skipped phase1 of Reference Processing due to unavailable references
[928.001s][debug][gc,ref       ] GC(465) Skipped phase2 of Reference Processing due to unavailable references
[928.001s][debug][gc,ref       ] GC(465) Skipped phase3 of Reference Processing due to unavailable references
[928.001s][debug][gc,ref       ] GC(465) Skipped phase4 of Reference Processing due to unavailable references
[928.001s][debug][gc,age       ] GC(465) Desired survivor size 15400960 bytes, new threshold 6 (max threshold 6)
[928.001s][info ][gc,heap      ] GC(465) ParNew: 255967K->14531K(270976K)
[928.001s][info ][gc,heap      ] GC(465) CMS: 398470K->400264K(602112K)
[928.001s][info ][gc,metaspace ] GC(465) Metaspace: 57642K->57642K(1101824K)
[928.001s][info ][gc           ] GC(465) Pause Young (Allocation Failure) 639M->405M(852M) 8.134ms
[928.001s][info ][gc,cpu       ] GC(465) User=0.04s Sys=0.00s Real=0.01s
[928.001s][info ][safepoint    ] Leaving safepoint region
[928.001s][info ][safepoint    ] Total time for which application threads were stopped: 0.0082851 seconds, Stopping threads took: 0.0000181 seconds
[929.001s][info ][safepoint    ] Application time: 1.0000931 seconds
[929.001s][info ][safepoint    ] Entering safepoint region: Cleanup
[929.001s][info ][safepoint    ] Leaving safepoint region
[929.001s][info ][safepoint    ] Total time for which application threads were stopped: 0.0001154 seconds, Stopping threads took: 0.0000429 seconds
[929.923s][info ][safepoint    ] Application time: 0.9221368 seconds
[929.923s][info ][safepoint    ] Entering safepoint region: GenCollectForAllocation
[929.923s][info ][gc,start     ] GC(466) Pause Young (Allocation Failure)
[929.923s][info ][gc,task      ] GC(466) Using 4 workers of 4 for evacuation
[929.931s][debug][gc,ref       ] GC(466) Skipped phase1 of Reference Processing due to unavailable references
[929.931s][debug][gc,ref       ] GC(466) Skipped phase2 of Reference Processing due to unavailable references
[929.931s][debug][gc,ref       ] GC(466) Skipped phase3 of Reference Processing due to unavailable references
[929.931s][debug][gc,ref       ] GC(466) Skipped phase4 of Reference Processing due to unavailable references
[929.931s][debug][gc,age       ] GC(466) Desired survivor size 15400960 bytes, new threshold 6 (max threshold 6)
[929.931s][info ][gc,heap      ] GC(466) ParNew: 255427K->13766K(270976K)
[929.931s][info ][gc,heap      ] GC(466) CMS: 400264K->401452K(602112K)
[929.931s][info ][gc,metaspace ] GC(466) Metaspace: 57642K->57642K(1101824K)
[929.931s][info ][gc           ] GC(466) Pause Young (Allocation Failure) 640M->405M(852M) 7.930ms
[929.931s][info ][gc,cpu       ] GC(466) User=0.03s Sys=0.00s Real=0.01s
[929.931s][info ][safepoint    ] Leaving safepoint region
[929.931s][info ][safepoint    ] Total time for which application threads were stopped: 0.0080901 seconds, Stopping threads took: 0.0000186 seconds
[930.931s][info ][safepoint    ] Application time: 1.0000597 seconds
[930.932s][info ][safepoint    ] Entering safepoint region: Cleanup
[930.932s][info ][safepoint    ] Leaving safepoint region
[930.932s][info ][safepoint    ] Total time for which application threads were stopped: 0.0001355 seconds, Stopping threads took: 0.0000669 seconds
[931.932s][info ][safepoint    ] Application time: 1.0000909 seconds
[931.934s][info ][safepoint    ] Entering safepoint region: Cleanup
[931.934s][info ][safepoint    ] Leaving safepoint region
[931.934s][info ][safepoint    ] Total time for which application threads were stopped: 0.0020050 seconds, Stopping threads took: 0.0019213 seconds
[932.039s][info ][safepoint    ] Application time: 0.1049736 seconds
[932.039s][info ][safepoint    ] Entering safepoint region: GenCollectForAllocation
[932.039s][info ][gc,start     ] GC(467) Pause Young (Allocation Failure)
[932.039s][info ][gc,task      ] GC(467) Using 4 workers of 4 for evacuation
[932.046s][debug][gc,ref       ] GC(467) Skipped phase1 of Reference Processing due to unavailable references
[932.046s][debug][gc,ref       ] GC(467) Skipped phase2 of Reference Processing due to unavailable references
[932.046s][debug][gc,ref       ] GC(467) Skipped phase3 of Reference Processing due to unavailable references
[932.046s][debug][gc,ref       ] GC(467) Skipped phase4 of Reference Processing due to unavailable references
[932.046s][debug][gc,age       ] GC(467) Desired survivor size 15400960 bytes, new threshold 6 (max threshold 6)
[932.046s][info ][gc,heap      ] GC(467) ParNew: 254662K->16394K(270976K)
[932.046s][info ][gc,heap      ] GC(467) CMS: 401452K->402866K(602112K)
[932.046s][info ][gc,metaspace ] GC(467) Metaspace: 57642K->57642K(1101824K)
[932.046s][info ][gc           ] GC(467) Pause Young (Allocation Failure) 640M->409M(852M) 7.602ms
[932.046s][info ][gc,cpu       ] GC(467) User=0.03s Sys=0.00s Real=0.01s
[932.046s][info ][safepoint    ] Leaving safepoint region
[932.046s][info ][safepoint    ] Total time for which application threads were stopped: 0.0077481 seconds, Stopping threads took: 0.0000174 seconds
[933.047s][info ][safepoint    ] Application time: 1.0000924 seconds
[933.047s][info ][safepoint    ] Entering safepoint region: Cleanup
[933.047s][info ][safepoint    ] Leaving safepoint region
[933.047s][info ][safepoint    ] Total time for which application threads were stopped: 0.0000882 seconds, Stopping threads took: 0.0000177 seconds
[934.047s][info ][safepoint    ] Application time: 1.0002509 seconds
[934.047s][info ][safepoint    ] Entering safepoint region: Cleanup
[934.047s][info ][safepoint    ] Leaving safepoint region
[934.047s][info ][safepoint    ] Total time for which application threads were stopped: 0.0000733 seconds, Stopping threads took: 0.0000188 seconds
[934.527s][info ][safepoint    ] Application time: 0.4798845 seconds
[934.527s][info ][safepoint    ] Entering safepoint region: GenCollectForAllocation
[934.527s][info ][gc,start     ] GC(468) Pause Young (Allocation Failure)
[934.527s][info ][gc,task      ] GC(468) Using 4 workers of 4 for evacuation
[934.533s][debug][gc,ref       ] GC(468) Skipped phase1 of Reference Processing due to unavailable references
[934.533s][debug][gc,ref       ] GC(468) Skipped phase2 of Reference Processing due to unavailable references
[934.533s][debug][gc,ref       ] GC(468) Skipped phase3 of Reference Processing due to unavailable references
[934.534s][debug][gc,ref       ] GC(468) Skipped phase4 of Reference Processing due to unavailable references
[934.534s][debug][gc,age       ] GC(468) Desired survivor size 15400960 bytes, new threshold 6 (max threshold 6)
[934.534s][info ][gc,heap      ] GC(468) ParNew: 257290K->13325K(270976K)
[934.534s][info ][gc,heap      ] GC(468) CMS: 402866K->403888K(602112K)
[934.534s][info ][gc,metaspace ] GC(468) Metaspace: 57642K->57642K(1101824K)
[934.534s][info ][gc           ] GC(468) Pause Young (Allocation Failure) 644M->407M(852M) 6.549ms
[934.534s][info ][gc,cpu       ] GC(468) User=0.02s Sys=0.00s Real=0.00s
[934.534s][info ][safepoint    ] Leaving safepoint region
[934.534s][info ][safepoint    ] Total time for which application threads were stopped: 0.0066987 seconds, Stopping threads took: 0.0000169 seconds
[935.534s][info ][safepoint    ] Application time: 1.0001020 seconds
[935.534s][info ][safepoint    ] Entering safepoint region: Cleanup
[935.534s][info ][safepoint    ] Leaving safepoint region
[935.534s][info ][safepoint    ] Total time for which application threads were stopped: 0.0001172 seconds, Stopping threads took: 0.0000425 seconds
[936.534s][info ][safepoint    ] Application time: 1.0000629 seconds
[936.534s][info ][safepoint    ] Entering safepoint region: Cleanup
[936.534s][info ][safepoint    ] Leaving safepoint region
[936.534s][info ][safepoint    ] Total time for which application threads were stopped: 0.0001054 seconds, Stopping threads took: 0.0000425 seconds
[936.941s][info ][safepoint    ] Application time: 0.4071659 seconds
[936.941s][info ][safepoint    ] Entering safepoint region: GenCollectForAllocation
[936.942s][info ][gc,start     ] GC(469) Pause Young (Allocation Failure)
[936.942s][info ][gc,task      ] GC(469) Using 4 workers of 4 for evacuation
[936.948s][debug][gc,ref       ] GC(469) Skipped phase1 of Reference Processing due to unavailable references
[936.948s][debug][gc,ref       ] GC(469) Skipped phase2 of Reference Processing due to unavailable references
[936.948s][debug][gc,ref       ] GC(469) Skipped phase3 of Reference Processing due to unavailable references
[936.948s][debug][gc,ref       ] GC(469) Skipped phase4 of Reference Processing due to unavailable references
[936.948s][debug][gc,age       ] GC(469) Desired survivor size 15400960 bytes, new threshold 6 (max threshold 6)
[936.948s][info ][gc,heap      ] GC(469) ParNew: 254221K->12390K(270976K)
[936.948s][info ][gc,heap      ] GC(469) CMS: 403888K->405290K(602112K)
[936.948s][info ][gc,metaspace ] GC(469) Metaspace: 57642K->57642K(1101824K)
[936.948s][info ][gc           ] GC(469) Pause Young (Allocation Failure) 642M->407M(852M) 6.958ms
[936.948s][info ][gc,cpu       ] GC(469) User=0.03s Sys=0.00s Real=0.01s
[936.949s][info ][safepoint    ] Leaving safepoint region
[936.949s][info ][safepoint    ] Total time for which application threads were stopped: 0.0071157 seconds, Stopping threads took: 0.0000164 seconds
[937.949s][info ][safepoint    ] Application time: 1.0000920 seconds
[937.949s][info ][safepoint    ] Entering safepoint region: Cleanup
[937.949s][info ][safepoint    ] Leaving safepoint region
[937.949s][info ][safepoint    ] Total time for which application threads were stopped: 0.0000895 seconds, Stopping threads took: 0.0000191 seconds
[938.949s][info ][safepoint    ] Application time: 1.0002017 seconds
[938.949s][info ][safepoint    ] Entering safepoint region: Cleanup
[938.949s][info ][safepoint    ] Leaving safepoint region
[938.949s][info ][safepoint    ] Total time for which application threads were stopped: 0.0000853 seconds, Stopping threads took: 0.0000176 seconds
[939.429s][info ][safepoint    ] Application time: 0.4797709 seconds
[939.429s][info ][safepoint    ] Entering safepoint region: GenCollectForAllocation
[939.429s][info ][gc,start     ] GC(470) Pause Young (Allocation Failure)
[939.429s][info ][gc,task      ] GC(470) Using 4 workers of 4 for evacuation
[939.438s][debug][gc,ref       ] GC(470) Skipped phase1 of Reference Processing due to unavailable references
[939.438s][debug][gc,ref       ] GC(470) Skipped phase2 of Reference Processing due to unavailable references
[939.438s][debug][gc,ref       ] GC(470) Skipped phase3 of Reference Processing due to unavailable references
[939.438s][debug][gc,ref       ] GC(470) Skipped phase4 of Reference Processing due to unavailable references
[939.438s][debug][gc,age       ] GC(470) Desired survivor size 15400960 bytes, new threshold 6 (max threshold 6)
[939.438s][info ][gc,heap      ] GC(470) ParNew: 253286K->13035K(270976K)
[939.438s][info ][gc,heap      ] GC(470) CMS: 405290K->406604K(602112K)
[939.438s][info ][gc,metaspace ] GC(470) Metaspace: 57642K->57642K(1101824K)
[939.438s][info ][gc           ] GC(470) Pause Young (Allocation Failure) 643M->409M(852M) 9.150ms
[939.438s][info ][gc,cpu       ] GC(470) User=0.03s Sys=0.01s Real=0.01s
[939.438s][info ][safepoint    ] Leaving safepoint region
[939.438s][info ][safepoint    ] Total time for which application threads were stopped: 0.0093091 seconds, Stopping threads took: 0.0000173 seconds
[940.438s][info ][safepoint    ] Application time: 1.0001400 seconds
[940.438s][info ][safepoint    ] Entering safepoint region: Cleanup
[940.438s][info ][safepoint    ] Leaving safepoint region
[940.438s][info ][safepoint    ] Total time for which application threads were stopped: 0.0000688 seconds, Stopping threads took: 0.0000171 seconds
[941.439s][info ][safepoint    ] Application time: 1.0000920 seconds
[941.439s][info ][safepoint    ] Entering safepoint region: Cleanup
[941.439s][info ][safepoint    ] Leaving safepoint region
[941.439s][info ][safepoint    ] Total time for which application threads were stopped: 0.0000745 seconds, Stopping threads took: 0.0000174 seconds
[941.923s][info ][safepoint    ] Application time: 0.4846029 seconds
[941.923s][info ][safepoint    ] Entering safepoint region: GenCollectForAllocation
[941.923s][info ][gc,start     ] GC(471) Pause Young (Allocation Failure)
[941.923s][info ][gc,task      ] GC(471) Using 4 workers of 4 for evacuation
[941.929s][debug][gc,ref       ] GC(471) Skipped phase1 of Reference Processing due to unavailable references
[941.929s][debug][gc,ref       ] GC(471) Skipped phase2 of Reference Processing due to unavailable references
[941.929s][debug][gc,ref       ] GC(471) Skipped phase3 of Reference Processing due to unavailable references
[941.929s][debug][gc,ref       ] GC(471) Skipped phase4 of Reference Processing due to unavailable references
[941.929s][debug][gc,age       ] GC(471) Desired survivor size 15400960 bytes, new threshold 6 (max threshold 6)
[941.929s][info ][gc,heap      ] GC(471) ParNew: 253931K->8405K(270976K)
[941.929s][info ][gc,heap      ] GC(471) CMS: 406604K->408037K(602112K)
[941.929s][info ][gc,metaspace ] GC(471) Metaspace: 57645K->57645K(1101824K)
[941.929s][info ][gc           ] GC(471) Pause Young (Allocation Failure) 645M->406M(852M) 5.989ms
[941.929s][info ][gc,cpu       ] GC(471) User=0.02s Sys=0.01s Real=0.01s
[941.929s][info ][safepoint    ] Leaving safepoint region
[941.929s][info ][safepoint    ] Total time for which application threads were stopped: 0.0061531 seconds, Stopping threads took: 0.0000415 seconds
[942.930s][info ][safepoint    ] Application time: 1.0001040 seconds
[942.930s][info ][safepoint    ] Entering safepoint region: Cleanup
[942.930s][info ][safepoint    ] Leaving safepoint region
[942.930s][info ][safepoint    ] Total time for which application threads were stopped: 0.0001148 seconds, Stopping threads took: 0.0000499 seconds
[943.930s][info ][safepoint    ] Application time: 1.0000523 seconds
[943.930s][info ][safepoint    ] Entering safepoint region: Cleanup
[943.930s][info ][safepoint    ] Leaving safepoint region
[943.930s][info ][safepoint    ] Total time for which application threads were stopped: 0.0001240 seconds, Stopping threads took: 0.0000543 seconds
[944.605s][info ][safepoint    ] Application time: 0.6750884 seconds
[944.605s][info ][safepoint    ] Entering safepoint region: GenCollectForAllocation
[944.605s][info ][gc,start     ] GC(472) Pause Young (Allocation Failure)
[944.605s][info ][gc,task      ] GC(472) Using 4 workers of 4 for evacuation
[944.610s][debug][gc,ref       ] GC(472) Skipped phase1 of Reference Processing due to unavailable references
[944.610s][debug][gc,ref       ] GC(472) Skipped phase2 of Reference Processing due to unavailable references
[944.610s][debug][gc,ref       ] GC(472) Skipped phase3 of Reference Processing due to unavailable references
[944.610s][debug][gc,ref       ] GC(472) Skipped phase4 of Reference Processing due to unavailable references
[944.610s][debug][gc,age       ] GC(472) Desired survivor size 15400960 bytes, new threshold 6 (max threshold 6)
[944.610s][info ][gc,heap      ] GC(472) ParNew: 249301K->8263K(270976K)
[944.610s][info ][gc,heap      ] GC(472) CMS: 408037K->409287K(602112K)
[944.610s][info ][gc,metaspace ] GC(472) Metaspace: 57645K->57645K(1101824K)
[944.610s][info ][gc           ] GC(472) Pause Young (Allocation Failure) 641M->407M(852M) 4.849ms
[944.610s][info ][gc,cpu       ] GC(472) User=0.02s Sys=0.00s Real=0.00s
[944.610s][info ][safepoint    ] Leaving safepoint region
[944.610s][info ][safepoint    ] Total time for which application threads were stopped: 0.0050134 seconds, Stopping threads took: 0.0000184 seconds
[945.610s][info ][safepoint    ] Application time: 1.0001439 seconds
[945.610s][info ][safepoint    ] Entering safepoint region: Cleanup
[945.610s][info ][safepoint    ] Leaving safepoint region
[945.610s][info ][safepoint    ] Total time for which application threads were stopped: 0.0000693 seconds, Stopping threads took: 0.0000156 seconds
[946.610s][info ][safepoint    ] Application time: 1.0001020 seconds
[946.610s][info ][safepoint    ] Entering safepoint region: Cleanup
[946.611s][info ][safepoint    ] Leaving safepoint region
[946.611s][info ][safepoint    ] Total time for which application threads were stopped: 0.0000791 seconds, Stopping threads took: 0.0000157 seconds
[947.173s][info ][safepoint    ] Application time: 0.5626616 seconds
[947.173s][info ][safepoint    ] Entering safepoint region: GenCollectForAllocation
[947.173s][info ][gc,start     ] GC(473) Pause Young (Allocation Failure)
[947.173s][info ][gc,task      ] GC(473) Using 4 workers of 4 for evacuation
[947.179s][debug][gc,ref       ] GC(473) Skipped phase1 of Reference Processing due to unavailable references
[947.179s][debug][gc,ref       ] GC(473) Skipped phase2 of Reference Processing due to unavailable references
[947.179s][debug][gc,ref       ] GC(473) Skipped phase3 of Reference Processing due to unavailable references
[947.179s][debug][gc,ref       ] GC(473) Skipped phase4 of Reference Processing due to unavailable references
[947.179s][debug][gc,age       ] GC(473) Desired survivor size 15400960 bytes, new threshold 6 (max threshold 6)
[947.179s][info ][gc,heap      ] GC(473) ParNew: 249159K->3087K(270976K)
[947.179s][info ][gc,heap      ] GC(473) CMS: 409287K->412766K(602112K)
[947.179s][info ][gc,metaspace ] GC(473) Metaspace: 57645K->57645K(1101824K)
[947.179s][info ][gc           ] GC(473) Pause Young (Allocation Failure) 643M->406M(852M) 5.594ms
[947.179s][info ][gc,cpu       ] GC(473) User=0.02s Sys=0.00s Real=0.01s
[947.179s][info ][safepoint    ] Leaving safepoint region
[947.179s][info ][safepoint    ] Total time for which application threads were stopped: 0.0057632 seconds, Stopping threads took: 0.0000393 seconds
[948.179s][info ][safepoint    ] Application time: 1.0000792 seconds
[948.179s][info ][safepoint    ] Entering safepoint region: Cleanup
[948.179s][info ][safepoint    ] Leaving safepoint region
[948.179s][info ][safepoint    ] Total time for which application threads were stopped: 0.0001406 seconds, Stopping threads took: 0.0000698 seconds
[949.179s][info ][safepoint    ] Application time: 1.0001308 seconds
[949.180s][info ][safepoint    ] Entering safepoint region: Cleanup
[949.180s][info ][safepoint    ] Leaving safepoint region
[949.180s][info ][safepoint    ] Total time for which application threads were stopped: 0.0001200 seconds, Stopping threads took: 0.0000557 seconds
[949.492s][info ][safepoint    ] Application time: 0.3125701 seconds
[949.492s][info ][safepoint    ] Entering safepoint region: GenCollectForAllocation
[949.492s][info ][gc,start     ] GC(474) Pause Young (Allocation Failure)
[949.492s][info ][gc,task      ] GC(474) Using 4 workers of 4 for evacuation
[949.495s][debug][gc,ref       ] GC(474) Skipped phase1 of Reference Processing due to unavailable references
[949.495s][debug][gc,ref       ] GC(474) Skipped phase2 of Reference Processing due to unavailable references
[949.495s][debug][gc,ref       ] GC(474) Skipped phase3 of Reference Processing due to unavailable references
[949.495s][debug][gc,ref       ] GC(474) Skipped phase4 of Reference Processing due to unavailable references
[949.495s][debug][gc,age       ] GC(474) Desired survivor size 15400960 bytes, new threshold 6 (max threshold 6)
[949.495s][info ][gc,heap      ] GC(474) ParNew: 243983K->1850K(270976K)
[949.495s][info ][gc,heap      ] GC(474) CMS: 412766K->412842K(602112K)
[949.495s][info ][gc,metaspace ] GC(474) Metaspace: 57645K->57645K(1101824K)
[949.495s][info ][gc           ] GC(474) Pause Young (Allocation Failure) 641M->404M(852M) 2.670ms
[949.495s][info ][gc,cpu       ] GC(474) User=0.01s Sys=0.00s Real=0.00s
[949.495s][info ][safepoint    ] Leaving safepoint region
[949.495s][info ][safepoint    ] Total time for which application threads were stopped: 0.0028217 seconds, Stopping threads took: 0.0000207 seconds
[950.495s][info ][safepoint    ] Application time: 1.0001034 seconds
[950.495s][info ][safepoint    ] Entering safepoint region: Cleanup
[950.495s][info ][safepoint    ] Leaving safepoint region
[950.495s][info ][safepoint    ] Total time for which application threads were stopped: 0.0001142 seconds, Stopping threads took: 0.0000417 seconds
[951.495s][info ][safepoint    ] Application time: 1.0001272 seconds
[951.496s][info ][safepoint    ] Entering safepoint region: Cleanup
[951.496s][info ][safepoint    ] Leaving safepoint region
[951.496s][info ][safepoint    ] Total time for which application threads were stopped: 0.0001063 seconds, Stopping threads took: 0.0000405 seconds
[951.881s][info ][safepoint    ] Application time: 0.3857787 seconds
[951.881s][info ][safepoint    ] Entering safepoint region: GenCollectForAllocation
[951.882s][info ][gc,start     ] GC(475) Pause Young (Allocation Failure)
[951.882s][info ][gc,task      ] GC(475) Using 4 workers of 4 for evacuation
[951.884s][debug][gc,ref       ] GC(475) Skipped phase1 of Reference Processing due to unavailable references
[951.884s][debug][gc,ref       ] GC(475) Skipped phase2 of Reference Processing due to unavailable references
[951.884s][debug][gc,ref       ] GC(475) Skipped phase3 of Reference Processing due to unavailable references
[951.884s][debug][gc,ref       ] GC(475) Skipped phase4 of Reference Processing due to unavailable references
[951.884s][debug][gc,age       ] GC(475) Desired survivor size 15400960 bytes, new threshold 6 (max threshold 6)
[951.884s][info ][gc,heap      ] GC(475) ParNew: 242746K->1132K(270976K)
[951.884s][info ][gc,heap      ] GC(475) CMS: 412842K->412916K(602112K)
[951.884s][info ][gc,metaspace ] GC(475) Metaspace: 57645K->57645K(1101824K)
[951.884s][info ][gc           ] GC(475) Pause Young (Allocation Failure) 640M->404M(852M) 2.740ms
[951.884s][info ][gc,cpu       ] GC(475) User=0.01s Sys=0.00s Real=0.01s
[951.884s][info ][safepoint    ] Leaving safepoint region
[951.884s][info ][safepoint    ] Total time for which application threads were stopped: 0.0028846 seconds, Stopping threads took: 0.0000169 seconds
[952.884s][info ][safepoint    ] Application time: 1.0000861 seconds
[952.884s][info ][safepoint    ] Entering safepoint region: Cleanup
[952.885s][info ][safepoint    ] Leaving safepoint region
[952.885s][info ][safepoint    ] Total time for which application threads were stopped: 0.0001331 seconds, Stopping threads took: 0.0000556 seconds
[953.087s][info ][safepoint    ] Application time: 0.2029085 seconds
[953.088s][info ][safepoint    ] Entering safepoint region: GenCollectForAllocation
[953.088s][info ][gc,start     ] GC(476) Pause Young (Allocation Failure)
[953.088s][info ][gc,task      ] GC(476) Using 4 workers of 4 for evacuation
[953.091s][debug][gc,ref       ] GC(476) Skipped phase1 of Reference Processing due to unavailable references
[953.091s][debug][gc,ref       ] GC(476) Skipped phase2 of Reference Processing due to unavailable references
[953.091s][debug][gc,ref       ] GC(476) Skipped phase3 of Reference Processing due to unavailable references
[953.091s][debug][gc,ref       ] GC(476) Skipped phase4 of Reference Processing due to unavailable references
[953.091s][debug][gc,age       ] GC(476) Desired survivor size 15400960 bytes, new threshold 6 (max threshold 6)
[953.091s][info ][gc,heap      ] GC(476) ParNew: 242028K->1616K(270976K)
[953.091s][info ][gc,heap      ] GC(476) CMS: 412916K->412935K(602112K)
[953.091s][info ][gc,metaspace ] GC(476) Metaspace: 57649K->57649K(1101824K)
[953.091s][info ][gc           ] GC(476) Pause Young (Allocation Failure) 639M->404M(852M) 3.032ms
[953.091s][info ][gc,cpu       ] GC(476) User=0.01s Sys=0.00s Real=0.00s
[953.091s][info ][safepoint    ] Leaving safepoint region
[953.091s][info ][safepoint    ] Total time for which application threads were stopped: 0.0032180 seconds, Stopping threads took: 0.0000260 seconds
[954.091s][info ][safepoint    ] Application time: 1.0001024 seconds
[954.091s][info ][safepoint    ] Entering safepoint region: Cleanup
[954.091s][info ][safepoint    ] Leaving safepoint region
[954.091s][info ][safepoint    ] Total time for which application threads were stopped: 0.0000705 seconds, Stopping threads took: 0.0000174 seconds
[955.091s][info ][safepoint    ] Application time: 1.0000919 seconds
[955.091s][info ][safepoint    ] Entering safepoint region: Cleanup
[955.091s][info ][safepoint    ] Leaving safepoint region
[955.091s][info ][safepoint    ] Total time for which application threads were stopped: 0.0002504 seconds, Stopping threads took: 0.0000525 seconds
[955.633s][info ][safepoint    ] Application time: 0.5421163 seconds
[955.633s][info ][safepoint    ] Entering safepoint region: GenCollectForAllocation
[955.634s][info ][gc,start     ] GC(477) Pause Young (Allocation Failure)
[955.634s][info ][gc,task      ] GC(477) Using 4 workers of 4 for evacuation
[955.636s][debug][gc,ref       ] GC(477) Skipped phase1 of Reference Processing due to unavailable references
[955.636s][debug][gc,ref       ] GC(477) Skipped phase2 of Reference Processing due to unavailable references
[955.636s][debug][gc,ref       ] GC(477) Skipped phase3 of Reference Processing due to unavailable references
[955.636s][debug][gc,ref       ] GC(477) Skipped phase4 of Reference Processing due to unavailable references
[955.636s][debug][gc,age       ] GC(477) Desired survivor size 15400960 bytes, new threshold 6 (max threshold 6)
[955.637s][info ][gc,heap      ] GC(477) ParNew: 242512K->1353K(270976K)
[955.637s][info ][gc,heap      ] GC(477) CMS: 412935K->413055K(602112K)
[955.637s][info ][gc,metaspace ] GC(477) Metaspace: 57649K->57649K(1101824K)
[955.637s][info ][gc           ] GC(477) Pause Young (Allocation Failure) 640M->404M(852M) 2.925ms
[955.637s][info ][gc,cpu       ] GC(477) User=0.00s Sys=0.00s Real=0.01s
[955.637s][info ][safepoint    ] Leaving safepoint region
[955.637s][info ][safepoint    ] Total time for which application threads were stopped: 0.0030902 seconds, Stopping threads took: 0.0000176 seconds
[956.637s][info ][safepoint    ] Application time: 1.0000847 seconds
[956.637s][info ][safepoint    ] Entering safepoint region: Cleanup
[956.637s][info ][safepoint    ] Leaving safepoint region
[956.637s][info ][safepoint    ] Total time for which application threads were stopped: 0.0000837 seconds, Stopping threads took: 0.0000175 seconds
[957.637s][info ][safepoint    ] Application time: 1.0001375 seconds
[957.637s][info ][safepoint    ] Entering safepoint region: Cleanup
[957.637s][info ][safepoint    ] Leaving safepoint region
[957.637s][info ][safepoint    ] Total time for which application threads were stopped: 0.0000670 seconds, Stopping threads took: 0.0000167 seconds
[958.118s][info ][safepoint    ] Application time: 0.4804895 seconds
[958.118s][info ][safepoint    ] Entering safepoint region: GenCollectForAllocation
[958.118s][info ][gc,start     ] GC(478) Pause Young (Allocation Failure)
[958.118s][info ][gc,task      ] GC(478) Using 4 workers of 4 for evacuation
[958.120s][debug][gc,ref       ] GC(478) Skipped phase1 of Reference Processing due to unavailable references
[958.120s][debug][gc,ref       ] GC(478) Skipped phase2 of Reference Processing due to unavailable references
[958.120s][debug][gc,ref       ] GC(478) Skipped phase3 of Reference Processing due to unavailable references
[958.120s][debug][gc,ref       ] GC(478) Skipped phase4 of Reference Processing due to unavailable references
[958.120s][debug][gc,age       ] GC(478) Desired survivor size 15400960 bytes, new threshold 6 (max threshold 6)
[958.121s][info ][gc,heap      ] GC(478) ParNew: 242249K->1841K(270976K)
[958.121s][info ][gc,heap      ] GC(478) CMS: 413055K->413077K(602112K)
[958.121s][info ][gc,metaspace ] GC(478) Metaspace: 57649K->57649K(1101824K)
[958.121s][info ][gc           ] GC(478) Pause Young (Allocation Failure) 639M->405M(852M) 2.869ms
[958.121s][info ][gc,cpu       ] GC(478) User=0.01s Sys=0.00s Real=0.00s
[958.121s][info ][safepoint    ] Leaving safepoint region
[958.121s][info ][safepoint    ] Total time for which application threads were stopped: 0.0030157 seconds, Stopping threads took: 0.0000162 seconds
[959.121s][info ][safepoint    ] Application time: 1.0001328 seconds
[959.121s][info ][safepoint    ] Entering safepoint region: Cleanup
[959.121s][info ][safepoint    ] Leaving safepoint region
[959.121s][info ][safepoint    ] Total time for which application threads were stopped: 0.0000721 seconds, Stopping threads took: 0.0000181 seconds
[960.121s][info ][safepoint    ] Application time: 1.0000833 seconds
[960.121s][info ][safepoint    ] Entering safepoint region: Cleanup
[960.121s][info ][safepoint    ] Leaving safepoint region
[960.121s][info ][safepoint    ] Total time for which application threads were stopped: 0.0000918 seconds, Stopping threads took: 0.0000178 seconds
[960.523s][info ][safepoint    ] Application time: 0.4017976 seconds
[960.523s][info ][safepoint    ] Entering safepoint region: GenCollectForAllocation
[960.523s][info ][gc,start     ] GC(479) Pause Young (Allocation Failure)
[960.523s][info ][gc,task      ] GC(479) Using 4 workers of 4 for evacuation
[960.526s][debug][gc,ref       ] GC(479) Skipped phase1 of Reference Processing due to unavailable references
[960.526s][debug][gc,ref       ] GC(479) Skipped phase2 of Reference Processing due to unavailable references
[960.526s][debug][gc,ref       ] GC(479) Skipped phase3 of Reference Processing due to unavailable references
[960.526s][debug][gc,ref       ] GC(479) Skipped phase4 of Reference Processing due to unavailable references
[960.526s][debug][gc,age       ] GC(479) Desired survivor size 15400960 bytes, new threshold 6 (max threshold 6)
[960.526s][info ][gc,heap      ] GC(479) ParNew: 242737K->1676K(270976K)
[960.526s][info ][gc,heap      ] GC(479) CMS: 413077K->413078K(602112K)
[960.526s][info ][gc,metaspace ] GC(479) Metaspace: 57650K->57650K(1101824K)
[960.527s][info ][gc           ] GC(479) Pause Young (Allocation Failure) 640M->405M(852M) 3.431ms
[960.527s][info ][gc,cpu       ] GC(479) User=0.01s Sys=0.00s Real=0.01s
[960.527s][info ][safepoint    ] Leaving safepoint region
[960.527s][info ][safepoint    ] Total time for which application threads were stopped: 0.0036142 seconds, Stopping threads took: 0.0000560 seconds
[961.527s][info ][safepoint    ] Application time: 1.0001104 seconds
[961.527s][info ][safepoint    ] Entering safepoint region: Cleanup
[961.527s][info ][safepoint    ] Leaving safepoint region
[961.527s][info ][safepoint    ] Total time for which application threads were stopped: 0.0001431 seconds, Stopping threads took: 0.0000745 seconds
[962.527s][info ][safepoint    ] Application time: 1.0000880 seconds
[962.527s][info ][safepoint    ] Entering safepoint region: Cleanup
[962.527s][info ][safepoint    ] Leaving safepoint region
[962.527s][info ][safepoint    ] Total time for which application threads were stopped: 0.0001403 seconds, Stopping threads took: 0.0000730 seconds
[963.166s][info ][safepoint    ] Application time: 0.6385046 seconds
[963.166s][info ][safepoint    ] Entering safepoint region: GenCollectForAllocation
[963.166s][info ][gc,start     ] GC(480) Pause Young (Allocation Failure)
[963.166s][info ][gc,task      ] GC(480) Using 4 workers of 4 for evacuation
[963.169s][debug][gc,ref       ] GC(480) Skipped phase1 of Reference Processing due to unavailable references
[963.169s][debug][gc,ref       ] GC(480) Skipped phase2 of Reference Processing due to unavailable references
[963.169s][debug][gc,ref       ] GC(480) Skipped phase3 of Reference Processing due to unavailable references
[963.169s][debug][gc,ref       ] GC(480) Skipped phase4 of Reference Processing due to unavailable references
[963.169s][debug][gc,age       ] GC(480) Desired survivor size 15400960 bytes, new threshold 6 (max threshold 6)
[963.169s][info ][gc,heap      ] GC(480) ParNew: 242572K->2006K(270976K)
[963.169s][info ][gc,heap      ] GC(480) CMS: 413078K->413140K(602112K)
[963.169s][info ][gc,metaspace ] GC(480) Metaspace: 57650K->57650K(1101824K)
[963.169s][info ][gc           ] GC(480) Pause Young (Allocation Failure) 640M->405M(852M) 2.973ms
[963.169s][info ][gc,cpu       ] GC(480) User=0.01s Sys=0.00s Real=0.00s
[963.169s][info ][safepoint    ] Leaving safepoint region
[963.169s][info ][safepoint    ] Total time for which application threads were stopped: 0.0031200 seconds, Stopping threads took: 0.0000189 seconds
[964.169s][info ][safepoint    ] Application time: 1.0001036 seconds
[964.169s][info ][safepoint    ] Entering safepoint region: Cleanup
[964.169s][info ][safepoint    ] Leaving safepoint region
[964.169s][info ][safepoint    ] Total time for which application threads were stopped: 0.0000706 seconds, Stopping threads took: 0.0000171 seconds
[965.169s][info ][safepoint    ] Application time: 1.0001281 seconds
[965.169s][info ][safepoint    ] Entering safepoint region: Cleanup
[965.169s][info ][safepoint    ] Leaving safepoint region
[965.169s][info ][safepoint    ] Total time for which application threads were stopped: 0.0000770 seconds, Stopping threads took: 0.0000189 seconds
[965.501s][info ][safepoint    ] Application time: 0.3321649 seconds
[965.501s][info ][safepoint    ] Entering safepoint region: GenCollectForAllocation
[965.502s][info ][gc,start     ] GC(481) Pause Young (Allocation Failure)
[965.502s][info ][gc,task      ] GC(481) Using 4 workers of 4 for evacuation
[965.504s][debug][gc,ref       ] GC(481) Skipped phase1 of Reference Processing due to unavailable references
[965.504s][debug][gc,ref       ] GC(481) Skipped phase2 of Reference Processing due to unavailable references
[965.504s][debug][gc,ref       ] GC(481) Skipped phase3 of Reference Processing due to unavailable references
[965.504s][debug][gc,ref       ] GC(481) Skipped phase4 of Reference Processing due to unavailable references
[965.505s][debug][gc,age       ] GC(481) Desired survivor size 15400960 bytes, new threshold 6 (max threshold 6)
[965.505s][info ][gc,heap      ] GC(481) ParNew: 242902K->1644K(270976K)
[965.505s][info ][gc,heap      ] GC(481) CMS: 413140K->413146K(602112K)
[965.505s][info ][gc,metaspace ] GC(481) Metaspace: 57650K->57650K(1101824K)
[965.505s][info ][gc           ] GC(481) Pause Young (Allocation Failure) 640M->405M(852M) 3.013ms
[965.505s][info ][gc,cpu       ] GC(481) User=0.02s Sys=0.00s Real=0.01s
[965.505s][info ][safepoint    ] Leaving safepoint region
[965.505s][info ][safepoint    ] Total time for which application threads were stopped: 0.0031646 seconds, Stopping threads took: 0.0000172 seconds
[966.505s][info ][safepoint    ] Application time: 1.0001684 seconds
[966.505s][info ][safepoint    ] Entering safepoint region: Cleanup
[966.505s][info ][safepoint    ] Leaving safepoint region
[966.505s][info ][safepoint    ] Total time for which application threads were stopped: 0.0000755 seconds, Stopping threads took: 0.0000187 seconds
[967.505s][info ][safepoint    ] Application time: 1.0001085 seconds
[967.505s][info ][safepoint    ] Entering safepoint region: Cleanup
[967.505s][info ][safepoint    ] Leaving safepoint region
[967.505s][info ][safepoint    ] Total time for which application threads were stopped: 0.0000723 seconds, Stopping threads took: 0.0000180 seconds
[968.030s][info ][safepoint    ] Application time: 0.5244780 seconds
[968.030s][info ][safepoint    ] Entering safepoint region: GenCollectForAllocation
[968.030s][info ][gc,start     ] GC(482) Pause Young (Allocation Failure)
[968.030s][info ][gc,task      ] GC(482) Using 4 workers of 4 for evacuation
[968.033s][debug][gc,ref       ] GC(482) Skipped phase1 of Reference Processing due to unavailable references
[968.033s][debug][gc,ref       ] GC(482) Skipped phase2 of Reference Processing due to unavailable references
[968.033s][debug][gc,ref       ] GC(482) Skipped phase3 of Reference Processing due to unavailable references
[968.033s][debug][gc,ref       ] GC(482) Skipped phase4 of Reference Processing due to unavailable references
[968.033s][debug][gc,age       ] GC(482) Desired survivor size 15400960 bytes, new threshold 6 (max threshold 6)
[968.033s][info ][gc,heap      ] GC(482) ParNew: 242540K->1771K(270976K)
[968.033s][info ][gc,heap      ] GC(482) CMS: 413146K->413231K(602112K)
[968.033s][info ][gc,metaspace ] GC(482) Metaspace: 57650K->57650K(1101824K)
[968.033s][info ][gc           ] GC(482) Pause Young (Allocation Failure) 640M->405M(852M) 3.343ms
[968.033s][info ][gc,cpu       ] GC(482) User=0.02s Sys=0.00s Real=0.00s
[968.033s][info ][safepoint    ] Leaving safepoint region
[968.033s][info ][safepoint    ] Total time for which application threads were stopped: 0.0034844 seconds, Stopping threads took: 0.0000178 seconds
[969.033s][info ][safepoint    ] Application time: 1.0001069 seconds
[969.033s][info ][safepoint    ] Entering safepoint region: Cleanup
[969.033s][info ][safepoint    ] Leaving safepoint region
[969.033s][info ][safepoint    ] Total time for which application threads were stopped: 0.0001013 seconds, Stopping threads took: 0.0000439 seconds
[970.034s][info ][safepoint    ] Application time: 1.0001090 seconds
[970.034s][info ][safepoint    ] Entering safepoint region: Cleanup
[970.034s][info ][safepoint    ] Leaving safepoint region
[970.034s][info ][safepoint    ] Total time for which application threads were stopped: 0.0001050 seconds, Stopping threads took: 0.0000441 seconds
[970.523s][info ][safepoint    ] Application time: 0.4894231 seconds
[970.523s][info ][safepoint    ] Entering safepoint region: GenCollectForAllocation
[970.523s][info ][gc,start     ] GC(483) Pause Young (Allocation Failure)
[970.523s][info ][gc,task      ] GC(483) Using 4 workers of 4 for evacuation
[970.526s][debug][gc,ref       ] GC(483) Skipped phase1 of Reference Processing due to unavailable references
[970.526s][debug][gc,ref       ] GC(483) Skipped phase2 of Reference Processing due to unavailable references
[970.526s][debug][gc,ref       ] GC(483) Skipped phase3 of Reference Processing due to unavailable references
[970.526s][debug][gc,ref       ] GC(483) Skipped phase4 of Reference Processing due to unavailable references
[970.526s][debug][gc,age       ] GC(483) Desired survivor size 15400960 bytes, new threshold 6 (max threshold 6)
[970.526s][info ][gc,heap      ] GC(483) ParNew: 242667K->2213K(270976K)
[970.526s][info ][gc,heap      ] GC(483) CMS: 413231K->413258K(602112K)
[970.526s][info ][gc,metaspace ] GC(483) Metaspace: 57650K->57650K(1101824K)
[970.526s][info ][gc           ] GC(483) Pause Young (Allocation Failure) 640M->405M(852M) 2.999ms
[970.526s][info ][gc,cpu       ] GC(483) User=0.01s Sys=0.00s Real=0.01s
[970.526s][info ][safepoint    ] Leaving safepoint region
[970.526s][info ][safepoint    ] Total time for which application threads were stopped: 0.0031834 seconds, Stopping threads took: 0.0000645 seconds
[971.526s][info ][safepoint    ] Application time: 1.0000953 seconds
[971.526s][info ][safepoint    ] Entering safepoint region: Cleanup
[971.527s][info ][safepoint    ] Leaving safepoint region
[971.527s][info ][safepoint    ] Total time for which application threads were stopped: 0.0001353 seconds, Stopping threads took: 0.0000508 seconds
[972.527s][info ][safepoint    ] Application time: 1.0000995 seconds
[972.527s][info ][safepoint    ] Entering safepoint region: Cleanup
[972.527s][info ][safepoint    ] Leaving safepoint region
[972.527s][info ][safepoint    ] Total time for which application threads were stopped: 0.0001201 seconds, Stopping threads took: 0.0000384 seconds
[972.937s][info ][safepoint    ] Application time: 0.4098262 seconds
[972.937s][info ][safepoint    ] Entering safepoint region: GenCollectForAllocation
[972.937s][info ][gc,start     ] GC(484) Pause Young (Allocation Failure)
[972.937s][info ][gc,task      ] GC(484) Using 4 workers of 4 for evacuation
[972.940s][debug][gc,ref       ] GC(484) Skipped phase1 of Reference Processing due to unavailable references
[972.940s][debug][gc,ref       ] GC(484) Skipped phase2 of Reference Processing due to unavailable references
[972.940s][debug][gc,ref       ] GC(484) Skipped phase3 of Reference Processing due to unavailable references
[972.940s][debug][gc,ref       ] GC(484) Skipped phase4 of Reference Processing due to unavailable references
[972.940s][debug][gc,age       ] GC(484) Desired survivor size 15400960 bytes, new threshold 6 (max threshold 6)
[972.940s][info ][gc,heap      ] GC(484) ParNew: 243109K->2557K(270976K)
[972.940s][info ][gc,heap      ] GC(484) CMS: 413258K->413335K(602112K)
[972.940s][info ][gc,metaspace ] GC(484) Metaspace: 57650K->57650K(1101824K)
[972.940s][info ][gc           ] GC(484) Pause Young (Allocation Failure) 640M->406M(852M) 3.128ms
[972.940s][info ][gc,cpu       ] GC(484) User=0.01s Sys=0.00s Real=0.00s
[972.940s][info ][safepoint    ] Leaving safepoint region
[972.940s][info ][safepoint    ] Total time for which application threads were stopped: 0.0032754 seconds, Stopping threads took: 0.0000160 seconds
[973.940s][info ][safepoint    ] Application time: 1.0001049 seconds
[973.940s][info ][safepoint    ] Entering safepoint region: Cleanup
[973.940s][info ][safepoint    ] Leaving safepoint region
[973.940s][info ][safepoint    ] Total time for which application threads were stopped: 0.0001541 seconds, Stopping threads took: 0.0000862 seconds
[974.940s][info ][safepoint    ] Application time: 1.0000851 seconds
[974.940s][info ][safepoint    ] Entering safepoint region: Cleanup
[974.940s][info ][safepoint    ] Leaving safepoint region
[974.941s][info ][safepoint    ] Total time for which application threads were stopped: 0.0001386 seconds, Stopping threads took: 0.0000691 seconds
[975.479s][info ][safepoint    ] Application time: 0.5385669 seconds
[975.479s][info ][safepoint    ] Entering safepoint region: GenCollectForAllocation
[975.479s][info ][gc,start     ] GC(485) Pause Young (Allocation Failure)
[975.479s][info ][gc,task      ] GC(485) Using 4 workers of 4 for evacuation
[975.482s][debug][gc,ref       ] GC(485) Skipped phase1 of Reference Processing due to unavailable references
[975.482s][debug][gc,ref       ] GC(485) Skipped phase2 of Reference Processing due to unavailable references
[975.482s][debug][gc,ref       ] GC(485) Skipped phase3 of Reference Processing due to unavailable references
[975.482s][debug][gc,ref       ] GC(485) Skipped phase4 of Reference Processing due to unavailable references
[975.482s][debug][gc,age       ] GC(485) Desired survivor size 15400960 bytes, new threshold 6 (max threshold 6)
[975.482s][info ][gc,heap      ] GC(485) ParNew: 243453K->2756K(270976K)
[975.482s][info ][gc,heap      ] GC(485) CMS: 413335K->413386K(602112K)
[975.482s][info ][gc,metaspace ] GC(485) Metaspace: 57650K->57650K(1101824K)
[975.482s][info ][gc           ] GC(485) Pause Young (Allocation Failure) 641M->406M(852M) 2.959ms
[975.482s][info ][gc,cpu       ] GC(485) User=0.01s Sys=0.00s Real=0.00s
[975.482s][info ][safepoint    ] Leaving safepoint region
[975.482s][info ][safepoint    ] Total time for which application threads were stopped: 0.0030982 seconds, Stopping threads took: 0.0000164 seconds
[976.482s][info ][safepoint    ] Application time: 1.0001362 seconds
[976.482s][info ][safepoint    ] Entering safepoint region: Cleanup
[976.482s][info ][safepoint    ] Leaving safepoint region
[976.483s][info ][safepoint    ] Total time for which application threads were stopped: 0.0001220 seconds, Stopping threads took: 0.0000503 seconds
[977.484s][info ][safepoint    ] Application time: 1.0017320 seconds
[977.484s][info ][safepoint    ] Entering safepoint region: Cleanup
[977.484s][info ][safepoint    ] Leaving safepoint region
[977.484s][info ][safepoint    ] Total time for which application threads were stopped: 0.0001027 seconds, Stopping threads took: 0.0000382 seconds
[978.036s][info ][safepoint    ] Application time: 0.5517038 seconds
[978.036s][info ][safepoint    ] Entering safepoint region: GenCollectForAllocation
[978.036s][info ][gc,start     ] GC(486) Pause Young (Allocation Failure)
[978.036s][info ][gc,task      ] GC(486) Using 4 workers of 4 for evacuation
[978.039s][debug][gc,ref       ] GC(486) Skipped phase1 of Reference Processing due to unavailable references
[978.039s][debug][gc,ref       ] GC(486) Skipped phase2 of Reference Processing due to unavailable references
[978.039s][debug][gc,ref       ] GC(486) Skipped phase3 of Reference Processing due to unavailable references
[978.039s][debug][gc,ref       ] GC(486) Skipped phase4 of Reference Processing due to unavailable references
[978.039s][debug][gc,age       ] GC(486) Desired survivor size 15400960 bytes, new threshold 6 (max threshold 6)
[978.039s][info ][gc,heap      ] GC(486) ParNew: 243652K->2234K(270976K)
[978.039s][info ][gc,heap      ] GC(486) CMS: 413386K->413453K(602112K)
[978.039s][info ][gc,metaspace ] GC(486) Metaspace: 57650K->57650K(1101824K)
[978.039s][info ][gc           ] GC(486) Pause Young (Allocation Failure) 641M->405M(852M) 3.059ms
[978.039s][info ][gc,cpu       ] GC(486) User=0.01s Sys=0.00s Real=0.00s
[978.039s][info ][safepoint    ] Leaving safepoint region
[978.039s][info ][safepoint    ] Total time for which application threads were stopped: 0.0031950 seconds, Stopping threads took: 0.0000169 seconds
[979.039s][info ][safepoint    ] Application time: 1.0000891 seconds
[979.039s][info ][safepoint    ] Entering safepoint region: Cleanup
[979.040s][info ][safepoint    ] Leaving safepoint region
[979.040s][info ][safepoint    ] Total time for which application threads were stopped: 0.0000757 seconds, Stopping threads took: 0.0000181 seconds
[980.040s][info ][safepoint    ] Application time: 1.0000907 seconds
[980.040s][info ][safepoint    ] Entering safepoint region: Cleanup
[980.040s][info ][safepoint    ] Leaving safepoint region
[980.040s][info ][safepoint    ] Total time for which application threads were stopped: 0.0000732 seconds, Stopping threads took: 0.0000202 seconds
[980.484s][info ][safepoint    ] Application time: 0.4438429 seconds
[980.484s][info ][safepoint    ] Entering safepoint region: GenCollectForAllocation
[980.484s][info ][gc,start     ] GC(487) Pause Young (Allocation Failure)
[980.484s][info ][gc,task      ] GC(487) Using 4 workers of 4 for evacuation
[980.487s][debug][gc,ref       ] GC(487) Skipped phase1 of Reference Processing due to unavailable references
[980.487s][debug][gc,ref       ] GC(487) Skipped phase2 of Reference Processing due to unavailable references
[980.487s][debug][gc,ref       ] GC(487) Skipped phase3 of Reference Processing due to unavailable references
[980.487s][debug][gc,ref       ] GC(487) Skipped phase4 of Reference Processing due to unavailable references
[980.487s][debug][gc,age       ] GC(487) Desired survivor size 15400960 bytes, new threshold 6 (max threshold 6)
[980.487s][info ][gc,heap      ] GC(487) ParNew: 243130K->2144K(270976K)
[980.487s][info ][gc,heap      ] GC(487) CMS: 413453K->413614K(602112K)
[980.487s][info ][gc,metaspace ] GC(487) Metaspace: 57656K->57656K(1101824K)
[980.487s][info ][gc           ] GC(487) Pause Young (Allocation Failure) 641M->406M(852M) 3.628ms
[980.487s][info ][gc,cpu       ] GC(487) User=0.01s Sys=0.00s Real=0.00s
[980.487s][info ][safepoint    ] Leaving safepoint region
[980.487s][info ][safepoint    ] Total time for which application threads were stopped: 0.0037946 seconds, Stopping threads took: 0.0000175 seconds
[981.488s][info ][safepoint    ] Application time: 1.0001015 seconds
[981.488s][info ][safepoint    ] Entering safepoint region: Cleanup
[981.488s][info ][safepoint    ] Leaving safepoint region
[981.488s][info ][safepoint    ] Total time for which application threads were stopped: 0.0001557 seconds, Stopping threads took: 0.0000750 seconds
[982.488s][info ][safepoint    ] Application time: 1.0002840 seconds
[982.488s][info ][safepoint    ] Entering safepoint region: Cleanup
[982.488s][info ][safepoint    ] Leaving safepoint region
[982.488s][info ][safepoint    ] Total time for which application threads were stopped: 0.0001150 seconds, Stopping threads took: 0.0000421 seconds
[983.143s][info ][safepoint    ] Application time: 0.6547969 seconds
[983.143s][info ][safepoint    ] Entering safepoint region: GenCollectForAllocation
[983.143s][info ][gc,start     ] GC(488) Pause Young (Allocation Failure)
[983.143s][info ][gc,task      ] GC(488) Using 4 workers of 4 for evacuation
[983.146s][debug][gc,ref       ] GC(488) Skipped phase1 of Reference Processing due to unavailable references
[983.146s][debug][gc,ref       ] GC(488) Skipped phase2 of Reference Processing due to unavailable references
[983.146s][debug][gc,ref       ] GC(488) Skipped phase3 of Reference Processing due to unavailable references
[983.146s][debug][gc,ref       ] GC(488) Skipped phase4 of Reference Processing due to unavailable references
[983.146s][debug][gc,age       ] GC(488) Desired survivor size 15400960 bytes, new threshold 6 (max threshold 6)
[983.146s][info ][gc,heap      ] GC(488) ParNew: 243040K->3206K(270976K)
[983.146s][info ][gc,heap      ] GC(488) CMS: 413614K->413638K(602112K)
[983.146s][info ][gc,metaspace ] GC(488) Metaspace: 57656K->57656K(1101824K)
[983.146s][info ][gc           ] GC(488) Pause Young (Allocation Failure) 641M->407M(852M) 3.202ms
[983.146s][info ][gc,cpu       ] GC(488) User=0.01s Sys=0.00s Real=0.01s
[983.146s][info ][safepoint    ] Leaving safepoint region
[983.146s][info ][safepoint    ] Total time for which application threads were stopped: 0.0033647 seconds, Stopping threads took: 0.0000310 seconds
[984.146s][info ][safepoint    ] Application time: 1.0000973 seconds
[984.147s][info ][safepoint    ] Entering safepoint region: Cleanup
[984.147s][info ][safepoint    ] Leaving safepoint region
[984.147s][info ][safepoint    ] Total time for which application threads were stopped: 0.0000703 seconds, Stopping threads took: 0.0000178 seconds
[985.147s][info ][safepoint    ] Application time: 1.0000976 seconds
[985.147s][info ][safepoint    ] Entering safepoint region: Cleanup
[985.147s][info ][safepoint    ] Leaving safepoint region
[985.147s][info ][safepoint    ] Total time for which application threads were stopped: 0.0000850 seconds, Stopping threads took: 0.0000207 seconds
[985.575s][info ][safepoint    ] Application time: 0.4276884 seconds
[985.575s][info ][safepoint    ] Entering safepoint region: GenCollectForAllocation
[985.575s][info ][gc,start     ] GC(489) Pause Young (Allocation Failure)
[985.575s][info ][gc,task      ] GC(489) Using 4 workers of 4 for evacuation
[985.579s][debug][gc,ref       ] GC(489) Skipped phase1 of Reference Processing due to unavailable references
[985.579s][debug][gc,ref       ] GC(489) Skipped phase2 of Reference Processing due to unavailable references
[985.579s][debug][gc,ref       ] GC(489) Skipped phase3 of Reference Processing due to unavailable references
[985.579s][debug][gc,ref       ] GC(489) Skipped phase4 of Reference Processing due to unavailable references
[985.579s][debug][gc,age       ] GC(489) Desired survivor size 15400960 bytes, new threshold 6 (max threshold 6)
[985.579s][info ][gc,heap      ] GC(489) ParNew: 244102K->1799K(270976K)
[985.579s][info ][gc,heap      ] GC(489) CMS: 413638K->413904K(602112K)
[985.579s][info ][gc,metaspace ] GC(489) Metaspace: 57656K->57656K(1101824K)
[985.579s][info ][gc           ] GC(489) Pause Young (Allocation Failure) 642M->405M(852M) 4.239ms
[985.579s][info ][gc,cpu       ] GC(489) User=0.02s Sys=0.00s Real=0.01s
[985.579s][info ][safepoint    ] Leaving safepoint region
[985.579s][info ][safepoint    ] Total time for which application threads were stopped: 0.0043778 seconds, Stopping threads took: 0.0000174 seconds
[986.579s][info ][safepoint    ] Application time: 1.0000904 seconds
[986.579s][info ][safepoint    ] Entering safepoint region: Cleanup
[986.579s][info ][safepoint    ] Leaving safepoint region
[986.579s][info ][safepoint    ] Total time for which application threads were stopped: 0.0001854 seconds, Stopping threads took: 0.0001101 seconds
[987.579s][info ][safepoint    ] Application time: 1.0001262 seconds
[987.579s][info ][safepoint    ] Entering safepoint region: Cleanup
[987.580s][info ][safepoint    ] Leaving safepoint region
[987.580s][info ][safepoint    ] Total time for which application threads were stopped: 0.0001043 seconds, Stopping threads took: 0.0000388 seconds
[988.123s][info ][safepoint    ] Application time: 0.5432959 seconds
[988.123s][info ][safepoint    ] Entering safepoint region: GenCollectForAllocation
[988.123s][info ][gc,start     ] GC(490) Pause Young (Allocation Failure)
[988.123s][info ][gc,task      ] GC(490) Using 4 workers of 4 for evacuation
[988.126s][debug][gc,ref       ] GC(490) Skipped phase1 of Reference Processing due to unavailable references
[988.126s][debug][gc,ref       ] GC(490) Skipped phase2 of Reference Processing due to unavailable references
[988.126s][debug][gc,ref       ] GC(490) Skipped phase3 of Reference Processing due to unavailable references
[988.126s][debug][gc,ref       ] GC(490) Skipped phase4 of Reference Processing due to unavailable references
[988.126s][debug][gc,age       ] GC(490) Desired survivor size 15400960 bytes, new threshold 6 (max threshold 6)
[988.126s][info ][gc,heap      ] GC(490) ParNew: 242695K->2119K(270976K)
[988.126s][info ][gc,heap      ] GC(490) CMS: 413904K->414089K(602112K)
[988.126s][info ][gc,metaspace ] GC(490) Metaspace: 57656K->57656K(1101824K)
[988.126s][info ][gc           ] GC(490) Pause Young (Allocation Failure) 641M->406M(852M) 3.409ms
[988.126s][info ][gc,cpu       ] GC(490) User=0.01s Sys=0.00s Real=0.01s
[988.126s][info ][safepoint    ] Leaving safepoint region
[988.126s][info ][safepoint    ] Total time for which application threads were stopped: 0.0035400 seconds, Stopping threads took: 0.0000166 seconds
[989.126s][info ][safepoint    ] Application time: 1.0000858 seconds
[989.127s][info ][safepoint    ] Entering safepoint region: Cleanup
[989.127s][info ][safepoint    ] Leaving safepoint region
[989.127s][info ][safepoint    ] Total time for which application threads were stopped: 0.0001112 seconds, Stopping threads took: 0.0000496 seconds
[990.127s][info ][safepoint    ] Application time: 1.0001469 seconds
[990.127s][info ][safepoint    ] Entering safepoint region: Cleanup
[990.127s][info ][safepoint    ] Leaving safepoint region
[990.127s][info ][safepoint    ] Total time for which application threads were stopped: 0.0001675 seconds, Stopping threads took: 0.0000944 seconds
[990.593s][info ][safepoint    ] Application time: 0.4664802 seconds
[990.594s][info ][safepoint    ] Entering safepoint region: GenCollectForAllocation
[990.594s][info ][gc,start     ] GC(491) Pause Young (Allocation Failure)
[990.594s][info ][gc,task      ] GC(491) Using 4 workers of 4 for evacuation
[990.597s][debug][gc,ref       ] GC(491) Skipped phase1 of Reference Processing due to unavailable references
[990.597s][debug][gc,ref       ] GC(491) Skipped phase2 of Reference Processing due to unavailable references
[990.597s][debug][gc,ref       ] GC(491) Skipped phase3 of Reference Processing due to unavailable references
[990.597s][debug][gc,ref       ] GC(491) Skipped phase4 of Reference Processing due to unavailable references
[990.597s][debug][gc,age       ] GC(491) Desired survivor size 15400960 bytes, new threshold 6 (max threshold 6)
[990.597s][info ][gc,heap      ] GC(491) ParNew: 243015K->2143K(270976K)
[990.597s][info ][gc,heap      ] GC(491) CMS: 414089K->414159K(602112K)
[990.597s][info ][gc,metaspace ] GC(491) Metaspace: 57656K->57656K(1101824K)
[990.597s][info ][gc           ] GC(491) Pause Young (Allocation Failure) 641M->406M(852M) 3.253ms
[990.597s][info ][gc,cpu       ] GC(491) User=0.01s Sys=0.00s Real=0.01s
[990.597s][info ][safepoint    ] Leaving safepoint region
[990.597s][info ][safepoint    ] Total time for which application threads were stopped: 0.0034110 seconds, Stopping threads took: 0.0000332 seconds
[991.220s][info ][safepoint    ] Application time: 0.6227793 seconds
[991.220s][info ][safepoint    ] Entering safepoint region: RevokeBias
[991.220s][info ][safepoint    ] Leaving safepoint region
[991.220s][info ][safepoint    ] Total time for which application threads were stopped: 0.0000731 seconds, Stopping threads took: 0.0000160 seconds
[993.122s][info ][safepoint    ] Application time: 1.9024647 seconds
[993.122s][info ][safepoint    ] Entering safepoint region: GenCollectForAllocation
[993.122s][info ][gc,start     ] GC(492) Pause Young (Allocation Failure)
[993.122s][info ][gc,task      ] GC(492) Using 4 workers of 4 for evacuation
[993.125s][debug][gc,ref       ] GC(492) Skipped phase1 of Reference Processing due to unavailable references
[993.125s][debug][gc,ref       ] GC(492) Skipped phase2 of Reference Processing due to unavailable references
[993.125s][debug][gc,ref       ] GC(492) Skipped phase3 of Reference Processing due to unavailable references
[993.125s][debug][gc,ref       ] GC(492) Skipped phase4 of Reference Processing due to unavailable references
[993.125s][debug][gc,age       ] GC(492) Desired survivor size 15400960 bytes, new threshold 6 (max threshold 6)
[993.125s][info ][gc,heap      ] GC(492) ParNew: 243039K->2424K(270976K)
[993.125s][info ][gc,heap      ] GC(492) CMS: 414159K->414165K(602112K)
[993.125s][info ][gc,metaspace ] GC(492) Metaspace: 57656K->57656K(1101824K)
[993.125s][info ][gc           ] GC(492) Pause Young (Allocation Failure) 641M->406M(852M) 2.718ms
[993.125s][info ][gc,cpu       ] GC(492) User=0.01s Sys=0.00s Real=0.01s
[993.125s][info ][safepoint    ] Leaving safepoint region
[993.125s][info ][safepoint    ] Total time for which application threads were stopped: 0.0028548 seconds, Stopping threads took: 0.0000181 seconds
[995.702s][info ][safepoint    ] Application time: 2.5766492 seconds
[995.702s][info ][safepoint    ] Entering safepoint region: GenCollectForAllocation
[995.702s][info ][gc,start     ] GC(493) Pause Young (Allocation Failure)
[995.702s][info ][gc,task      ] GC(493) Using 4 workers of 4 for evacuation
[995.705s][debug][gc,ref       ] GC(493) Skipped phase1 of Reference Processing due to unavailable references
[995.705s][debug][gc,ref       ] GC(493) Skipped phase2 of Reference Processing due to unavailable references
[995.705s][debug][gc,ref       ] GC(493) Skipped phase3 of Reference Processing due to unavailable references
[995.705s][debug][gc,ref       ] GC(493) Skipped phase4 of Reference Processing due to unavailable references
[995.705s][debug][gc,age       ] GC(493) Desired survivor size 15400960 bytes, new threshold 6 (max threshold 6)
[995.705s][info ][gc,heap      ] GC(493) ParNew: 243320K->1696K(270976K)
[995.705s][info ][gc,heap      ] GC(493) CMS: 414165K->414375K(602112K)
[995.705s][info ][gc,metaspace ] GC(493) Metaspace: 57656K->57656K(1101824K)
[995.705s][info ][gc           ] GC(493) Pause Young (Allocation Failure) 642M->406M(852M) 3.166ms
[995.705s][info ][gc,cpu       ] GC(493) User=0.01s Sys=0.00s Real=0.01s
[995.705s][info ][safepoint    ] Leaving safepoint region
[995.705s][info ][safepoint    ] Total time for which application threads were stopped: 0.0033247 seconds, Stopping threads took: 0.0000319 seconds
[997.705s][info ][safepoint    ] Application time: 2.0001897 seconds
[997.705s][info ][safepoint    ] Entering safepoint region: Cleanup
[997.705s][info ][safepoint    ] Leaving safepoint region
[997.706s][info ][safepoint    ] Total time for which application threads were stopped: 0.0001047 seconds, Stopping threads took: 0.0000404 seconds
[998.127s][info ][safepoint    ] Application time: 0.4216001 seconds
[998.127s][info ][safepoint    ] Entering safepoint region: GenCollectForAllocation
[998.127s][info ][gc,start     ] GC(494) Pause Young (Allocation Failure)
[998.127s][info ][gc,task      ] GC(494) Using 4 workers of 4 for evacuation
[998.130s][debug][gc,ref       ] GC(494) Skipped phase1 of Reference Processing due to unavailable references
[998.130s][debug][gc,ref       ] GC(494) Skipped phase2 of Reference Processing due to unavailable references
[998.130s][debug][gc,ref       ] GC(494) Skipped phase3 of Reference Processing due to unavailable references
[998.130s][debug][gc,ref       ] GC(494) Skipped phase4 of Reference Processing due to unavailable references
[998.131s][debug][gc,age       ] GC(494) Desired survivor size 15400960 bytes, new threshold 6 (max threshold 6)
[998.131s][info ][gc,heap      ] GC(494) ParNew: 242592K->1693K(270976K)
[998.131s][info ][gc,heap      ] GC(494) CMS: 414375K->414538K(602112K)
[998.131s][info ][gc,metaspace ] GC(494) Metaspace: 57656K->57656K(1101824K)
[998.131s][info ][gc           ] GC(494) Pause Young (Allocation Failure) 641M->406M(852M) 3.324ms
[998.131s][info ][gc,cpu       ] GC(494) User=0.02s Sys=0.00s Real=0.00s
[998.131s][info ][safepoint    ] Leaving safepoint region
[998.131s][info ][safepoint    ] Total time for which application threads were stopped: 0.0035163 seconds, Stopping threads took: 0.0000695 seconds
[999.131s][info ][safepoint    ] Application time: 1.0001318 seconds
[999.131s][info ][safepoint    ] Entering safepoint region: Cleanup
[999.131s][info ][safepoint    ] Leaving safepoint region
[999.131s][info ][safepoint    ] Total time for which application threads were stopped: 0.0001095 seconds, Stopping threads took: 0.0000408 seconds
[1000.579s][info ][safepoint    ] Application time: 1.4475204 seconds
[1000.579s][info ][safepoint    ] Entering safepoint region: GenCollectForAllocation
[1000.579s][info ][gc,start     ] GC(495) Pause Young (Allocation Failure)
[1000.579s][info ][gc,task      ] GC(495) Using 4 workers of 4 for evacuation
[1000.581s][debug][gc,ref       ] GC(495) Skipped phase1 of Reference Processing due to unavailable references
[1000.581s][debug][gc,ref       ] GC(495) Skipped phase2 of Reference Processing due to unavailable references
[1000.581s][debug][gc,ref       ] GC(495) Skipped phase3 of Reference Processing due to unavailable references
[1000.581s][debug][gc,ref       ] GC(495) Skipped phase4 of Reference Processing due to unavailable references
[1000.581s][debug][gc,age       ] GC(495) Desired survivor size 15400960 bytes, new threshold 6 (max threshold 6)
[1000.581s][info ][gc,heap      ] GC(495) ParNew: 242589K->2080K(270976K)
[1000.581s][info ][gc,heap      ] GC(495) CMS: 414538K->414602K(602112K)
[1000.581s][info ][gc,metaspace ] GC(495) Metaspace: 57657K->57657K(1101824K)
[1000.582s][info ][gc           ] GC(495) Pause Young (Allocation Failure) 641M->406M(852M) 2.855ms
[1000.582s][info ][gc,cpu       ] GC(495) User=0.01s Sys=0.00s Real=0.00s
[1000.582s][info ][safepoint    ] Leaving safepoint region
[1000.582s][info ][safepoint    ] Total time for which application threads were stopped: 0.0029994 seconds, Stopping threads took: 0.0000171 seconds
[1003.088s][info ][safepoint    ] Application time: 2.5069469 seconds
[1003.089s][info ][safepoint    ] Entering safepoint region: GenCollectForAllocation
[1003.089s][info ][gc,start     ] GC(496) Pause Young (Allocation Failure)
[1003.089s][info ][gc,task      ] GC(496) Using 4 workers of 4 for evacuation
[1003.092s][debug][gc,ref       ] GC(496) Skipped phase1 of Reference Processing due to unavailable references
[1003.092s][debug][gc,ref       ] GC(496) Skipped phase2 of Reference Processing due to unavailable references
[1003.092s][debug][gc,ref       ] GC(496) Skipped phase3 of Reference Processing due to unavailable references
[1003.092s][debug][gc,ref       ] GC(496) Skipped phase4 of Reference Processing due to unavailable references
[1003.092s][debug][gc,age       ] GC(496) Desired survivor size 15400960 bytes, new threshold 6 (max threshold 6)
[1003.092s][info ][gc,heap      ] GC(496) ParNew: 242976K->1542K(270976K)
[1003.092s][info ][gc,heap      ] GC(496) CMS: 414602K->414690K(602112K)
[1003.092s][info ][gc,metaspace ] GC(496) Metaspace: 57657K->57657K(1101824K)
[1003.092s][info ][gc           ] GC(496) Pause Young (Allocation Failure) 642M->406M(852M) 3.183ms
[1003.092s][info ][gc,cpu       ] GC(496) User=0.01s Sys=0.00s Real=0.00s
[1003.092s][info ][safepoint    ] Leaving safepoint region
[1003.092s][info ][safepoint    ] Total time for which application threads were stopped: 0.0033352 seconds, Stopping threads took: 0.0000301 seconds
[1005.536s][info ][safepoint    ] Application time: 2.4445181 seconds
[1005.536s][info ][safepoint    ] Entering safepoint region: GenCollectForAllocation
[1005.537s][info ][gc,start     ] GC(497) Pause Young (Allocation Failure)
[1005.537s][info ][gc,task      ] GC(497) Using 4 workers of 4 for evacuation
[1005.539s][debug][gc,ref       ] GC(497) Skipped phase1 of Reference Processing due to unavailable references
[1005.539s][debug][gc,ref       ] GC(497) Skipped phase2 of Reference Processing due to unavailable references
[1005.539s][debug][gc,ref       ] GC(497) Skipped phase3 of Reference Processing due to unavailable references
[1005.539s][debug][gc,ref       ] GC(497) Skipped phase4 of Reference Processing due to unavailable references
[1005.539s][debug][gc,age       ] GC(497) Desired survivor size 15400960 bytes, new threshold 6 (max threshold 6)
[1005.539s][info ][gc,heap      ] GC(497) ParNew: 242438K->2106K(270976K)
[1005.539s][info ][gc,heap      ] GC(497) CMS: 414690K->414712K(602112K)
[1005.539s][info ][gc,metaspace ] GC(497) Metaspace: 57657K->57657K(1101824K)
[1005.539s][info ][gc           ] GC(497) Pause Young (Allocation Failure) 641M->407M(852M) 2.740ms
[1005.539s][info ][gc,cpu       ] GC(497) User=0.01s Sys=0.00s Real=0.00s
[1005.539s][info ][safepoint    ] Leaving safepoint region
[1005.539s][info ][safepoint    ] Total time for which application threads were stopped: 0.0028852 seconds, Stopping threads took: 0.0000170 seconds
[1007.539s][info ][safepoint    ] Application time: 2.0001526 seconds
[1007.540s][info ][safepoint    ] Entering safepoint region: Cleanup
[1007.540s][info ][safepoint    ] Leaving safepoint region
[1007.540s][info ][safepoint    ] Total time for which application threads were stopped: 0.0000711 seconds, Stopping threads took: 0.0000169 seconds
[1008.091s][info ][safepoint    ] Application time: 0.5515945 seconds
[1008.091s][info ][safepoint    ] Entering safepoint region: GenCollectForAllocation
[1008.091s][info ][gc,start     ] GC(498) Pause Young (Allocation Failure)
[1008.091s][info ][gc,task      ] GC(498) Using 4 workers of 4 for evacuation
[1008.094s][debug][gc,ref       ] GC(498) Skipped phase1 of Reference Processing due to unavailable references
[1008.094s][debug][gc,ref       ] GC(498) Skipped phase2 of Reference Processing due to unavailable references
[1008.094s][debug][gc,ref       ] GC(498) Skipped phase3 of Reference Processing due to unavailable references
[1008.094s][debug][gc,ref       ] GC(498) Skipped phase4 of Reference Processing due to unavailable references
[1008.094s][debug][gc,age       ] GC(498) Desired survivor size 15400960 bytes, new threshold 6 (max threshold 6)
[1008.094s][info ][gc,heap      ] GC(498) ParNew: 243002K->1716K(270976K)
[1008.094s][info ][gc,heap      ] GC(498) CMS: 414712K->414752K(602112K)
[1008.094s][info ][gc,metaspace ] GC(498) Metaspace: 57657K->57657K(1101824K)
[1008.094s][info ][gc           ] GC(498) Pause Young (Allocation Failure) 642M->406M(852M) 3.016ms
[1008.094s][info ][gc,cpu       ] GC(498) User=0.01s Sys=0.00s Real=0.00s
[1008.094s][info ][safepoint    ] Leaving safepoint region
[1008.094s][info ][safepoint    ] Total time for which application threads were stopped: 0.0031503 seconds, Stopping threads took: 0.0000158 seconds
[1010.576s][info ][safepoint    ] Application time: 2.4811770 seconds
[1010.576s][info ][safepoint    ] Entering safepoint region: GenCollectForAllocation
[1010.576s][info ][gc,start     ] GC(499) Pause Young (Allocation Failure)
[1010.576s][info ][gc,task      ] GC(499) Using 4 workers of 4 for evacuation
[1010.578s][debug][gc,ref       ] GC(499) Skipped phase1 of Reference Processing due to unavailable references
[1010.578s][debug][gc,ref       ] GC(499) Skipped phase2 of Reference Processing due to unavailable references
[1010.578s][debug][gc,ref       ] GC(499) Skipped phase3 of Reference Processing due to unavailable references
[1010.578s][debug][gc,ref       ] GC(499) Skipped phase4 of Reference Processing due to unavailable references
[1010.580s][debug][gc,age       ] GC(499) Desired survivor size 15400960 bytes, new threshold 6 (max threshold 6)
[1010.580s][info ][gc,heap      ] GC(499) ParNew: 242612K->1807K(270976K)
[1010.580s][info ][gc,heap      ] GC(499) CMS: 414752K->414798K(602112K)
[1010.580s][info ][gc,metaspace ] GC(499) Metaspace: 57657K->57657K(1101824K)
[1010.580s][info ][gc           ] GC(499) Pause Young (Allocation Failure) 641M->406M(852M) 4.131ms
[1010.580s][info ][gc,cpu       ] GC(499) User=0.01s Sys=0.00s Real=0.00s
[1010.580s][info ][safepoint    ] Leaving safepoint region
[1010.580s][info ][safepoint    ] Total time for which application threads were stopped: 0.0042995 seconds, Stopping threads took: 0.0000186 seconds
[1012.998s][info ][safepoint    ] Application time: 2.4180250 seconds
[1012.998s][info ][safepoint    ] Entering safepoint region: GenCollectForAllocation
[1012.998s][info ][gc,start     ] GC(500) Pause Young (Allocation Failure)
[1012.998s][info ][gc,task      ] GC(500) Using 4 workers of 4 for evacuation
[1013.001s][debug][gc,ref       ] GC(500) Skipped phase1 of Reference Processing due to unavailable references
[1013.001s][debug][gc,ref       ] GC(500) Skipped phase2 of Reference Processing due to unavailable references
[1013.001s][debug][gc,ref       ] GC(500) Skipped phase3 of Reference Processing due to unavailable references
[1013.001s][debug][gc,ref       ] GC(500) Skipped phase4 of Reference Processing due to unavailable references
[1013.001s][debug][gc,age       ] GC(500) Desired survivor size 15400960 bytes, new threshold 6 (max threshold 6)
[1013.001s][info ][gc,heap      ] GC(500) ParNew: 242703K->1892K(270976K)
[1013.001s][info ][gc,heap      ] GC(500) CMS: 414798K->414900K(602112K)
[1013.001s][info ][gc,metaspace ] GC(500) Metaspace: 57657K->57657K(1101824K)
[1013.001s][info ][gc           ] GC(500) Pause Young (Allocation Failure) 642M->407M(852M) 3.098ms
[1013.001s][info ][gc,cpu       ] GC(500) User=0.01s Sys=0.00s Real=0.00s
[1013.001s][info ][safepoint    ] Leaving safepoint region
[1013.001s][info ][safepoint    ] Total time for which application threads were stopped: 0.0032506 seconds, Stopping threads took: 0.0000180 seconds
[1015.537s][info ][safepoint    ] Application time: 2.5355272 seconds
[1015.537s][info ][safepoint    ] Entering safepoint region: GenCollectForAllocation
[1015.537s][info ][gc,start     ] GC(501) Pause Young (Allocation Failure)
[1015.537s][info ][gc,task      ] GC(501) Using 4 workers of 4 for evacuation
[1015.540s][debug][gc,ref       ] GC(501) Skipped phase1 of Reference Processing due to unavailable references
[1015.540s][debug][gc,ref       ] GC(501) Skipped phase2 of Reference Processing due to unavailable references
[1015.540s][debug][gc,ref       ] GC(501) Skipped phase3 of Reference Processing due to unavailable references
[1015.540s][debug][gc,ref       ] GC(501) Skipped phase4 of Reference Processing due to unavailable references
[1015.540s][debug][gc,age       ] GC(501) Desired survivor size 15400960 bytes, new threshold 6 (max threshold 6)
[1015.540s][info ][gc,heap      ] GC(501) ParNew: 242788K->1570K(270976K)
[1015.540s][info ][gc,heap      ] GC(501) CMS: 414900K->415002K(602112K)
[1015.540s][info ][gc,metaspace ] GC(501) Metaspace: 57657K->57657K(1101824K)
[1015.540s][info ][gc           ] GC(501) Pause Young (Allocation Failure) 642M->406M(852M) 2.985ms
[1015.540s][info ][gc,cpu       ] GC(501) User=0.01s Sys=0.00s Real=0.00s
[1015.540s][info ][safepoint    ] Leaving safepoint region
[1015.540s][info ][safepoint    ] Total time for which application threads were stopped: 0.0031216 seconds, Stopping threads took: 0.0000164 seconds
[1017.540s][info ][safepoint    ] Application time: 2.0002152 seconds
[1017.540s][info ][safepoint    ] Entering safepoint region: Cleanup
[1017.540s][info ][safepoint    ] Leaving safepoint region
[1017.540s][info ][safepoint    ] Total time for which application threads were stopped: 0.0001189 seconds, Stopping threads took: 0.0000530 seconds
[1018.184s][info ][safepoint    ] Application time: 0.6438885 seconds
[1018.184s][info ][safepoint    ] Entering safepoint region: GenCollectForAllocation
[1018.184s][info ][gc,start     ] GC(502) Pause Young (Allocation Failure)
[1018.184s][info ][gc,task      ] GC(502) Using 4 workers of 4 for evacuation
[1018.187s][debug][gc,ref       ] GC(502) Skipped phase1 of Reference Processing due to unavailable references
[1018.187s][debug][gc,ref       ] GC(502) Skipped phase2 of Reference Processing due to unavailable references
[1018.187s][debug][gc,ref       ] GC(502) Skipped phase3 of Reference Processing due to unavailable references
[1018.187s][debug][gc,ref       ] GC(502) Skipped phase4 of Reference Processing due to unavailable references
[1018.187s][debug][gc,age       ] GC(502) Desired survivor size 15400960 bytes, new threshold 6 (max threshold 6)
[1018.187s][info ][gc,heap      ] GC(502) ParNew: 242466K->1560K(270976K)
[1018.187s][info ][gc,heap      ] GC(502) CMS: 415002K->415043K(602112K)
[1018.187s][info ][gc,metaspace ] GC(502) Metaspace: 57657K->57657K(1101824K)
[1018.187s][info ][gc           ] GC(502) Pause Young (Allocation Failure) 642M->406M(852M) 2.572ms
[1018.187s][info ][gc,cpu       ] GC(502) User=0.01s Sys=0.00s Real=0.00s
[1018.187s][info ][safepoint    ] Leaving safepoint region
[1018.187s][info ][safepoint    ] Total time for which application threads were stopped: 0.0027164 seconds, Stopping threads took: 0.0000297 seconds
[1020.692s][info ][safepoint    ] Application time: 2.5053268 seconds
[1020.692s][info ][safepoint    ] Entering safepoint region: GenCollectForAllocation
[1020.692s][info ][gc,start     ] GC(503) Pause Young (Allocation Failure)
[1020.692s][info ][gc,task      ] GC(503) Using 4 workers of 4 for evacuation
[1020.695s][debug][gc,ref       ] GC(503) Skipped phase1 of Reference Processing due to unavailable references
[1020.695s][debug][gc,ref       ] GC(503) Skipped phase2 of Reference Processing due to unavailable references
[1020.695s][debug][gc,ref       ] GC(503) Skipped phase3 of Reference Processing due to unavailable references
[1020.695s][debug][gc,ref       ] GC(503) Skipped phase4 of Reference Processing due to unavailable references
[1020.695s][debug][gc,age       ] GC(503) Desired survivor size 15400960 bytes, new threshold 6 (max threshold 6)
[1020.695s][info ][gc,heap      ] GC(503) ParNew: 242456K->1505K(270976K)
[1020.695s][info ][gc,heap      ] GC(503) CMS: 415043K->415125K(602112K)
[1020.695s][info ][gc,metaspace ] GC(503) Metaspace: 57658K->57658K(1101824K)
[1020.695s][info ][gc           ] GC(503) Pause Young (Allocation Failure) 642M->406M(852M) 2.872ms
[1020.695s][info ][gc,cpu       ] GC(503) User=0.01s Sys=0.00s Real=0.00s
[1020.695s][info ][safepoint    ] Leaving safepoint region
[1020.695s][info ][safepoint    ] Total time for which application threads were stopped: 0.0030172 seconds, Stopping threads took: 0.0000181 seconds
[1023.224s][info ][safepoint    ] Application time: 2.5290625 seconds
[1023.224s][info ][safepoint    ] Entering safepoint region: GenCollectForAllocation
[1023.224s][info ][gc,start     ] GC(504) Pause Young (Allocation Failure)
[1023.224s][info ][gc,task      ] GC(504) Using 4 workers of 4 for evacuation
[1023.227s][debug][gc,ref       ] GC(504) Skipped phase1 of Reference Processing due to unavailable references
[1023.227s][debug][gc,ref       ] GC(504) Skipped phase2 of Reference Processing due to unavailable references
[1023.227s][debug][gc,ref       ] GC(504) Skipped phase3 of Reference Processing due to unavailable references
[1023.227s][debug][gc,ref       ] GC(504) Skipped phase4 of Reference Processing due to unavailable references
[1023.228s][debug][gc,age       ] GC(504) Desired survivor size 15400960 bytes, new threshold 6 (max threshold 6)
[1023.228s][info ][gc,heap      ] GC(504) ParNew: 242401K->1752K(270976K)
[1023.228s][info ][gc,heap      ] GC(504) CMS: 415125K->415299K(602112K)
[1023.228s][info ][gc,metaspace ] GC(504) Metaspace: 57658K->57658K(1101824K)
[1023.228s][info ][gc           ] GC(504) Pause Young (Allocation Failure) 642M->407M(852M) 3.173ms
[1023.228s][info ][gc,cpu       ] GC(504) User=0.01s Sys=0.00s Real=0.00s
[1023.228s][info ][safepoint    ] Leaving safepoint region
[1023.228s][info ][safepoint    ] Total time for which application threads were stopped: 0.0033162 seconds, Stopping threads took: 0.0000174 seconds
[1025.676s][info ][safepoint    ] Application time: 2.4479260 seconds
[1025.676s][info ][safepoint    ] Entering safepoint region: GenCollectForAllocation
[1025.676s][info ][gc,start     ] GC(505) Pause Young (Allocation Failure)
[1025.676s][info ][gc,task      ] GC(505) Using 4 workers of 4 for evacuation
[1025.679s][debug][gc,ref       ] GC(505) Skipped phase1 of Reference Processing due to unavailable references
[1025.679s][debug][gc,ref       ] GC(505) Skipped phase2 of Reference Processing due to unavailable references
[1025.679s][debug][gc,ref       ] GC(505) Skipped phase3 of Reference Processing due to unavailable references
[1025.679s][debug][gc,ref       ] GC(505) Skipped phase4 of Reference Processing due to unavailable references
[1025.679s][debug][gc,age       ] GC(505) Desired survivor size 15400960 bytes, new threshold 6 (max threshold 6)
[1025.679s][info ][gc,heap      ] GC(505) ParNew: 242648K->1693K(270976K)
[1025.679s][info ][gc,heap      ] GC(505) CMS: 415299K->415313K(602112K)
[1025.679s][info ][gc,metaspace ] GC(505) Metaspace: 57658K->57658K(1101824K)
[1025.679s][info ][gc           ] GC(505) Pause Young (Allocation Failure) 642M->407M(852M) 3.320ms
[1025.679s][info ][gc,cpu       ] GC(505) User=0.01s Sys=0.01s Real=0.00s
[1025.679s][info ][safepoint    ] Leaving safepoint region
[1025.679s][info ][safepoint    ] Total time for which application threads were stopped: 0.0034729 seconds, Stopping threads took: 0.0000196 seconds
[1028.326s][info ][safepoint    ] Application time: 2.6469789 seconds
[1028.326s][info ][safepoint    ] Entering safepoint region: GenCollectForAllocation
[1028.326s][info ][gc,start     ] GC(506) Pause Young (Allocation Failure)
[1028.326s][info ][gc,task      ] GC(506) Using 4 workers of 4 for evacuation
[1028.329s][debug][gc,ref       ] GC(506) Skipped phase1 of Reference Processing due to unavailable references
[1028.329s][debug][gc,ref       ] GC(506) Skipped phase2 of Reference Processing due to unavailable references
[1028.329s][debug][gc,ref       ] GC(506) Skipped phase3 of Reference Processing due to unavailable references
[1028.329s][debug][gc,ref       ] GC(506) Skipped phase4 of Reference Processing due to unavailable references
[1028.329s][debug][gc,age       ] GC(506) Desired survivor size 15400960 bytes, new threshold 6 (max threshold 6)
[1028.329s][info ][gc,heap      ] GC(506) ParNew: 242589K->1736K(270976K)
[1028.329s][info ][gc,heap      ] GC(506) CMS: 415313K->415325K(602112K)
[1028.329s][info ][gc,metaspace ] GC(506) Metaspace: 57658K->57658K(1101824K)
[1028.329s][info ][gc           ] GC(506) Pause Young (Allocation Failure) 642M->407M(852M) 3.004ms
[1028.329s][info ][gc,cpu       ] GC(506) User=0.01s Sys=0.00s Real=0.00s
[1028.329s][info ][safepoint    ] Leaving safepoint region
[1028.329s][info ][safepoint    ] Total time for which application threads were stopped: 0.0031577 seconds, Stopping threads took: 0.0000217 seconds
[1030.932s][info ][safepoint    ] Application time: 2.6028051 seconds
[1030.932s][info ][safepoint    ] Entering safepoint region: GenCollectForAllocation
[1030.932s][info ][gc,start     ] GC(507) Pause Young (Allocation Failure)
[1030.932s][info ][gc,task      ] GC(507) Using 4 workers of 4 for evacuation
[1030.935s][debug][gc,ref       ] GC(507) Skipped phase1 of Reference Processing due to unavailable references
[1030.935s][debug][gc,ref       ] GC(507) Skipped phase2 of Reference Processing due to unavailable references
[1030.935s][debug][gc,ref       ] GC(507) Skipped phase3 of Reference Processing due to unavailable references
[1030.935s][debug][gc,ref       ] GC(507) Skipped phase4 of Reference Processing due to unavailable references
[1030.935s][debug][gc,age       ] GC(507) Desired survivor size 15400960 bytes, new threshold 6 (max threshold 6)
[1030.935s][info ][gc,heap      ] GC(507) ParNew: 242632K->1813K(270976K)
[1030.935s][info ][gc,heap      ] GC(507) CMS: 415325K->415419K(602112K)
[1030.935s][info ][gc,metaspace ] GC(507) Metaspace: 57658K->57658K(1101824K)
[1030.935s][info ][gc           ] GC(507) Pause Young (Allocation Failure) 642M->407M(852M) 2.925ms
[1030.935s][info ][gc,cpu       ] GC(507) User=0.01s Sys=0.00s Real=0.00s
[1030.935s][info ][safepoint    ] Leaving safepoint region
[1030.935s][info ][safepoint    ] Total time for which application threads were stopped: 0.0030817 seconds, Stopping threads took: 0.0000170 seconds
[1033.484s][info ][safepoint    ] Application time: 2.5489978 seconds
[1033.484s][info ][safepoint    ] Entering safepoint region: GenCollectForAllocation
[1033.484s][info ][gc,start     ] GC(508) Pause Young (Allocation Failure)
[1033.484s][info ][gc,task      ] GC(508) Using 4 workers of 4 for evacuation
[1033.487s][debug][gc,ref       ] GC(508) Skipped phase1 of Reference Processing due to unavailable references
[1033.487s][debug][gc,ref       ] GC(508) Skipped phase2 of Reference Processing due to unavailable references
[1033.487s][debug][gc,ref       ] GC(508) Skipped phase3 of Reference Processing due to unavailable references
[1033.487s][debug][gc,ref       ] GC(508) Skipped phase4 of Reference Processing due to unavailable references
[1033.487s][debug][gc,age       ] GC(508) Desired survivor size 15400960 bytes, new threshold 6 (max threshold 6)
[1033.487s][info ][gc,heap      ] GC(508) ParNew: 242709K->1750K(270976K)
[1033.487s][info ][gc,heap      ] GC(508) CMS: 415419K->415421K(602112K)
[1033.487s][info ][gc,metaspace ] GC(508) Metaspace: 57658K->57658K(1101824K)
[1033.487s][info ][gc           ] GC(508) Pause Young (Allocation Failure) 642M->407M(852M) 2.918ms
[1033.487s][info ][gc,cpu       ] GC(508) User=0.01s Sys=0.00s Real=0.00s
[1033.487s][info ][safepoint    ] Leaving safepoint region
[1033.487s][info ][safepoint    ] Total time for which application threads were stopped: 0.0030641 seconds, Stopping threads took: 0.0000191 seconds
[1035.941s][info ][safepoint    ] Application time: 2.4533459 seconds
[1035.941s][info ][safepoint    ] Entering safepoint region: GenCollectForAllocation
[1035.941s][info ][gc,start     ] GC(509) Pause Young (Allocation Failure)
[1035.941s][info ][gc,task      ] GC(509) Using 4 workers of 4 for evacuation
[1035.944s][debug][gc,ref       ] GC(509) Skipped phase1 of Reference Processing due to unavailable references
[1035.944s][debug][gc,ref       ] GC(509) Skipped phase2 of Reference Processing due to unavailable references
[1035.944s][debug][gc,ref       ] GC(509) Skipped phase3 of Reference Processing due to unavailable references
[1035.944s][debug][gc,ref       ] GC(509) Skipped phase4 of Reference Processing due to unavailable references
[1035.944s][debug][gc,age       ] GC(509) Desired survivor size 15400960 bytes, new threshold 6 (max threshold 6)
[1035.944s][info ][gc,heap      ] GC(509) ParNew: 242646K->2050K(270976K)
[1035.944s][info ][gc,heap      ] GC(509) CMS: 415421K->415490K(602112K)
[1035.944s][info ][gc,metaspace ] GC(509) Metaspace: 57658K->57658K(1101824K)
[1035.944s][info ][gc           ] GC(509) Pause Young (Allocation Failure) 642M->407M(852M) 2.990ms
[1035.944s][info ][gc,cpu       ] GC(509) User=0.01s Sys=0.01s Real=0.01s
[1035.944s][info ][safepoint    ] Leaving safepoint region
[1035.944s][info ][safepoint    ] Total time for which application threads were stopped: 0.0031563 seconds, Stopping threads took: 0.0000180 seconds
[1038.425s][info ][safepoint    ] Application time: 2.4808042 seconds
[1038.425s][info ][safepoint    ] Entering safepoint region: GenCollectForAllocation
[1038.425s][info ][gc,start     ] GC(510) Pause Young (Allocation Failure)
[1038.425s][info ][gc,task      ] GC(510) Using 4 workers of 4 for evacuation
[1038.428s][debug][gc,ref       ] GC(510) Skipped phase1 of Reference Processing due to unavailable references
[1038.428s][debug][gc,ref       ] GC(510) Skipped phase2 of Reference Processing due to unavailable references
[1038.428s][debug][gc,ref       ] GC(510) Skipped phase3 of Reference Processing due to unavailable references
[1038.428s][debug][gc,ref       ] GC(510) Skipped phase4 of Reference Processing due to unavailable references
[1038.428s][debug][gc,age       ] GC(510) Desired survivor size 15400960 bytes, new threshold 6 (max threshold 6)
[1038.428s][info ][gc,heap      ] GC(510) ParNew: 242946K->1521K(270976K)
[1038.428s][info ][gc,heap      ] GC(510) CMS: 415490K->415633K(602112K)
[1038.428s][info ][gc,metaspace ] GC(510) Metaspace: 57658K->57658K(1101824K)
[1038.428s][info ][gc           ] GC(510) Pause Young (Allocation Failure) 643M->407M(852M) 2.994ms
[1038.428s][info ][gc,cpu       ] GC(510) User=0.01s Sys=0.00s Real=0.00s
[1038.428s][info ][safepoint    ] Leaving safepoint region
[1038.428s][info ][safepoint    ] Total time for which application threads were stopped: 0.0031397 seconds, Stopping threads took: 0.0000193 seconds
[1040.428s][info ][safepoint    ] Application time: 2.0002018 seconds
[1040.428s][info ][safepoint    ] Entering safepoint region: Cleanup
[1040.428s][info ][safepoint    ] Leaving safepoint region
[1040.428s][info ][safepoint    ] Total time for which application threads were stopped: 0.0001352 seconds, Stopping threads took: 0.0000595 seconds
[1040.883s][info ][safepoint    ] Application time: 0.4544430 seconds
[1040.883s][info ][safepoint    ] Entering safepoint region: GenCollectForAllocation
[1040.883s][info ][gc,start     ] GC(511) Pause Young (Allocation Failure)
[1040.883s][info ][gc,task      ] GC(511) Using 4 workers of 4 for evacuation
[1040.886s][debug][gc,ref       ] GC(511) Skipped phase1 of Reference Processing due to unavailable references
[1040.886s][debug][gc,ref       ] GC(511) Skipped phase2 of Reference Processing due to unavailable references
[1040.886s][debug][gc,ref       ] GC(511) Skipped phase3 of Reference Processing due to unavailable references
[1040.886s][debug][gc,ref       ] GC(511) Skipped phase4 of Reference Processing due to unavailable references
[1040.886s][debug][gc,age       ] GC(511) Desired survivor size 15400960 bytes, new threshold 6 (max threshold 6)
[1040.886s][info ][gc,heap      ] GC(511) ParNew: 242417K->1803K(270976K)
[1040.886s][info ][gc,heap      ] GC(511) CMS: 415633K->415655K(602112K)
[1040.886s][info ][gc,metaspace ] GC(511) Metaspace: 57658K->57658K(1101824K)
[1040.886s][info ][gc           ] GC(511) Pause Young (Allocation Failure) 642M->407M(852M) 2.924ms
[1040.886s][info ][gc,cpu       ] GC(511) User=0.01s Sys=0.00s Real=0.01s
[1040.886s][info ][safepoint    ] Leaving safepoint region
[1040.886s][info ][safepoint    ] Total time for which application threads were stopped: 0.0030790 seconds, Stopping threads took: 0.0000187 seconds
[1042.886s][info ][safepoint    ] Application time: 2.0002179 seconds
[1042.886s][info ][safepoint    ] Entering safepoint region: Cleanup
[1042.886s][info ][safepoint    ] Leaving safepoint region
[1042.886s][info ][safepoint    ] Total time for which application threads were stopped: 0.0000984 seconds, Stopping threads took: 0.0000401 seconds
[1043.425s][info ][safepoint    ] Application time: 0.5385663 seconds
[1043.425s][info ][safepoint    ] Entering safepoint region: GenCollectForAllocation
[1043.425s][info ][gc,start     ] GC(512) Pause Young (Allocation Failure)
[1043.425s][info ][gc,task      ] GC(512) Using 4 workers of 4 for evacuation
[1043.428s][debug][gc,ref       ] GC(512) Skipped phase1 of Reference Processing due to unavailable references
[1043.428s][debug][gc,ref       ] GC(512) Skipped phase2 of Reference Processing due to unavailable references
[1043.428s][debug][gc,ref       ] GC(512) Skipped phase3 of Reference Processing due to unavailable references
[1043.428s][debug][gc,ref       ] GC(512) Skipped phase4 of Reference Processing due to unavailable references
[1043.428s][debug][gc,age       ] GC(512) Desired survivor size 15400960 bytes, new threshold 6 (max threshold 6)
[1043.428s][info ][gc,heap      ] GC(512) ParNew: 242699K->1852K(270976K)
[1043.428s][info ][gc,heap      ] GC(512) CMS: 415655K->415740K(602112K)
[1043.428s][info ][gc,metaspace ] GC(512) Metaspace: 57659K->57659K(1101824K)
[1043.428s][info ][gc           ] GC(512) Pause Young (Allocation Failure) 642M->407M(852M) 2.773ms
[1043.428s][info ][gc,cpu       ] GC(512) User=0.01s Sys=0.00s Real=0.00s
[1043.428s][info ][safepoint    ] Leaving safepoint region
[1043.428s][info ][safepoint    ] Total time for which application threads were stopped: 0.0029260 seconds, Stopping threads took: 0.0000175 seconds
[1045.991s][info ][safepoint    ] Application time: 2.5628902 seconds
[1045.991s][info ][safepoint    ] Entering safepoint region: GenCollectForAllocation
[1045.991s][info ][gc,start     ] GC(513) Pause Young (Allocation Failure)
[1045.991s][info ][gc,task      ] GC(513) Using 4 workers of 4 for evacuation
[1045.993s][debug][gc,ref       ] GC(513) Skipped phase1 of Reference Processing due to unavailable references
[1045.993s][debug][gc,ref       ] GC(513) Skipped phase2 of Reference Processing due to unavailable references
[1045.993s][debug][gc,ref       ] GC(513) Skipped phase3 of Reference Processing due to unavailable references
[1045.993s][debug][gc,ref       ] GC(513) Skipped phase4 of Reference Processing due to unavailable references
[1045.994s][debug][gc,age       ] GC(513) Desired survivor size 15400960 bytes, new threshold 6 (max threshold 6)
[1045.994s][info ][gc,heap      ] GC(513) ParNew: 242748K->1783K(270976K)
[1045.994s][info ][gc,heap      ] GC(513) CMS: 415740K->415745K(602112K)
[1045.994s][info ][gc,metaspace ] GC(513) Metaspace: 57659K->57659K(1101824K)
[1045.994s][info ][gc           ] GC(513) Pause Young (Allocation Failure) 643M->407M(852M) 2.762ms
[1045.994s][info ][gc,cpu       ] GC(513) User=0.01s Sys=0.00s Real=0.00s
[1045.994s][info ][safepoint    ] Leaving safepoint region
[1045.994s][info ][safepoint    ] Total time for which application threads were stopped: 0.0029089 seconds, Stopping threads took: 0.0000193 seconds
[1048.528s][info ][safepoint    ] Application time: 2.5339994 seconds
[1048.528s][info ][safepoint    ] Entering safepoint region: GenCollectForAllocation
[1048.528s][info ][gc,start     ] GC(514) Pause Young (Allocation Failure)
[1048.528s][info ][gc,task      ] GC(514) Using 4 workers of 4 for evacuation
[1048.531s][debug][gc,ref       ] GC(514) Skipped phase1 of Reference Processing due to unavailable references
[1048.531s][debug][gc,ref       ] GC(514) Skipped phase2 of Reference Processing due to unavailable references
[1048.531s][debug][gc,ref       ] GC(514) Skipped phase3 of Reference Processing due to unavailable references
[1048.531s][debug][gc,ref       ] GC(514) Skipped phase4 of Reference Processing due to unavailable references
[1048.531s][debug][gc,age       ] GC(514) Desired survivor size 15400960 bytes, new threshold 6 (max threshold 6)
[1048.531s][info ][gc,heap      ] GC(514) ParNew: 242679K->2062K(270976K)
[1048.531s][info ][gc,heap      ] GC(514) CMS: 415745K->415779K(602112K)
[1048.531s][info ][gc,metaspace ] GC(514) Metaspace: 57659K->57659K(1101824K)
[1048.531s][info ][gc           ] GC(514) Pause Young (Allocation Failure) 642M->408M(852M) 3.030ms
[1048.531s][info ][gc,cpu       ] GC(514) User=0.01s Sys=0.00s Real=0.00s
[1048.531s][info ][safepoint    ] Leaving safepoint region
[1048.531s][info ][safepoint    ] Total time for which application threads were stopped: 0.0032131 seconds, Stopping threads took: 0.0000429 seconds
[1051.029s][info ][safepoint    ] Application time: 2.4980699 seconds
[1051.029s][info ][safepoint    ] Entering safepoint region: GenCollectForAllocation
[1051.029s][info ][gc,start     ] GC(515) Pause Young (Allocation Failure)
[1051.029s][info ][gc,task      ] GC(515) Using 4 workers of 4 for evacuation
[1051.032s][debug][gc,ref       ] GC(515) Skipped phase1 of Reference Processing due to unavailable references
[1051.032s][debug][gc,ref       ] GC(515) Skipped phase2 of Reference Processing due to unavailable references
[1051.032s][debug][gc,ref       ] GC(515) Skipped phase3 of Reference Processing due to unavailable references
[1051.032s][debug][gc,ref       ] GC(515) Skipped phase4 of Reference Processing due to unavailable references
[1051.032s][debug][gc,age       ] GC(515) Desired survivor size 15400960 bytes, new threshold 6 (max threshold 6)
[1051.032s][info ][gc,heap      ] GC(515) ParNew: 242958K->1930K(270976K)
[1051.033s][info ][gc,heap      ] GC(515) CMS: 415779K->415879K(602112K)
[1051.033s][info ][gc,metaspace ] GC(515) Metaspace: 57659K->57659K(1101824K)
[1051.033s][info ][gc           ] GC(515) Pause Young (Allocation Failure) 643M->408M(852M) 3.409ms
[1051.033s][info ][gc,cpu       ] GC(515) User=0.01s Sys=0.00s Real=0.00s
[1051.033s][info ][safepoint    ] Leaving safepoint region
[1051.033s][info ][safepoint    ] Total time for which application threads were stopped: 0.0035521 seconds, Stopping threads took: 0.0000169 seconds
[1051.220s][info ][safepoint    ] Application time: 0.1870533 seconds
[1051.220s][info ][safepoint    ] Entering safepoint region: RevokeBias
[1051.220s][info ][safepoint    ] Leaving safepoint region
[1051.220s][info ][safepoint    ] Total time for which application threads were stopped: 0.0001101 seconds, Stopping threads took: 0.0000455 seconds
[1053.639s][info ][safepoint    ] Application time: 2.4191689 seconds
[1053.639s][info ][safepoint    ] Entering safepoint region: GenCollectForAllocation
[1053.639s][info ][gc,start     ] GC(516) Pause Young (Allocation Failure)
[1053.639s][info ][gc,task      ] GC(516) Using 4 workers of 4 for evacuation
[1053.642s][debug][gc,ref       ] GC(516) Skipped phase1 of Reference Processing due to unavailable references
[1053.642s][debug][gc,ref       ] GC(516) Skipped phase2 of Reference Processing due to unavailable references
[1053.642s][debug][gc,ref       ] GC(516) Skipped phase3 of Reference Processing due to unavailable references
[1053.642s][debug][gc,ref       ] GC(516) Skipped phase4 of Reference Processing due to unavailable references
[1053.642s][debug][gc,age       ] GC(516) Desired survivor size 15400960 bytes, new threshold 6 (max threshold 6)
[1053.642s][info ][gc,heap      ] GC(516) ParNew: 242826K->1888K(270976K)
[1053.642s][info ][gc,heap      ] GC(516) CMS: 415879K->415943K(602112K)
[1053.642s][info ][gc,metaspace ] GC(516) Metaspace: 57659K->57659K(1101824K)
[1053.642s][info ][gc           ] GC(516) Pause Young (Allocation Failure) 643M->408M(852M) 2.909ms
[1053.642s][info ][gc,cpu       ] GC(516) User=0.02s Sys=0.00s Real=0.00s
[1053.642s][info ][safepoint    ] Leaving safepoint region
[1053.642s][info ][safepoint    ] Total time for which application threads were stopped: 0.0030696 seconds, Stopping threads took: 0.0000186 seconds
[1056.126s][info ][safepoint    ] Application time: 2.4837317 seconds
[1056.126s][info ][safepoint    ] Entering safepoint region: GenCollectForAllocation
[1056.126s][info ][gc,start     ] GC(517) Pause Young (Allocation Failure)
[1056.126s][info ][gc,task      ] GC(517) Using 4 workers of 4 for evacuation
[1056.129s][debug][gc,ref       ] GC(517) Skipped phase1 of Reference Processing due to unavailable references
[1056.129s][debug][gc,ref       ] GC(517) Skipped phase2 of Reference Processing due to unavailable references
[1056.129s][debug][gc,ref       ] GC(517) Skipped phase3 of Reference Processing due to unavailable references
[1056.129s][debug][gc,ref       ] GC(517) Skipped phase4 of Reference Processing due to unavailable references
[1056.129s][debug][gc,age       ] GC(517) Desired survivor size 15400960 bytes, new threshold 6 (max threshold 6)
[1056.129s][info ][gc,heap      ] GC(517) ParNew: 242784K->1805K(270976K)
[1056.129s][info ][gc,heap      ] GC(517) CMS: 415943K->416062K(602112K)
[1056.129s][info ][gc,metaspace ] GC(517) Metaspace: 57659K->57659K(1101824K)
[1056.129s][info ][gc           ] GC(517) Pause Young (Allocation Failure) 643M->408M(852M) 3.099ms
[1056.129s][info ][gc,cpu       ] GC(517) User=0.01s Sys=0.00s Real=0.00s
[1056.129s][info ][safepoint    ] Leaving safepoint region
[1056.129s][info ][safepoint    ] Total time for which application threads were stopped: 0.0032404 seconds, Stopping threads took: 0.0000179 seconds
[1058.726s][info ][safepoint    ] Application time: 2.5968086 seconds
[1058.726s][info ][safepoint    ] Entering safepoint region: GenCollectForAllocation
[1058.726s][info ][gc,start     ] GC(518) Pause Young (Allocation Failure)
[1058.726s][info ][gc,task      ] GC(518) Using 4 workers of 4 for evacuation
[1058.728s][debug][gc,ref       ] GC(518) Skipped phase1 of Reference Processing due to unavailable references
[1058.729s][debug][gc,ref       ] GC(518) Skipped phase2 of Reference Processing due to unavailable references
[1058.729s][debug][gc,ref       ] GC(518) Skipped phase3 of Reference Processing due to unavailable references
[1058.729s][debug][gc,ref       ] GC(518) Skipped phase4 of Reference Processing due to unavailable references
[1058.729s][debug][gc,age       ] GC(518) Desired survivor size 15400960 bytes, new threshold 6 (max threshold 6)
[1058.729s][info ][gc,heap      ] GC(518) ParNew: 242701K->2045K(270976K)
[1058.729s][info ][gc,heap      ] GC(518) CMS: 416062K->416087K(602112K)
[1058.729s][info ][gc,metaspace ] GC(518) Metaspace: 57659K->57659K(1101824K)
[1058.729s][info ][gc           ] GC(518) Pause Young (Allocation Failure) 643M->408M(852M) 2.636ms
[1058.729s][info ][gc,cpu       ] GC(518) User=0.01s Sys=0.00s Real=0.00s
[1058.729s][info ][safepoint    ] Leaving safepoint region
[1058.729s][info ][safepoint    ] Total time for which application threads were stopped: 0.0027839 seconds, Stopping threads took: 0.0000306 seconds
[1061.126s][info ][safepoint    ] Application time: 2.3977437 seconds
[1061.126s][info ][safepoint    ] Entering safepoint region: GenCollectForAllocation
[1061.127s][info ][gc,start     ] GC(519) Pause Young (Allocation Failure)
[1061.127s][info ][gc,task      ] GC(519) Using 4 workers of 4 for evacuation
[1061.129s][debug][gc,ref       ] GC(519) Skipped phase1 of Reference Processing due to unavailable references
[1061.129s][debug][gc,ref       ] GC(519) Skipped phase2 of Reference Processing due to unavailable references
[1061.129s][debug][gc,ref       ] GC(519) Skipped phase3 of Reference Processing due to unavailable references
[1061.129s][debug][gc,ref       ] GC(519) Skipped phase4 of Reference Processing due to unavailable references
[1061.130s][debug][gc,age       ] GC(519) Desired survivor size 15400960 bytes, new threshold 6 (max threshold 6)
[1061.130s][info ][gc,heap      ] GC(519) ParNew: 242941K->1661K(270976K)
[1061.130s][info ][gc,heap      ] GC(519) CMS: 416087K->416117K(602112K)
[1061.130s][info ][gc,metaspace ] GC(519) Metaspace: 57659K->57659K(1101824K)
[1061.130s][info ][gc           ] GC(519) Pause Young (Allocation Failure) 643M->407M(852M) 2.964ms
[1061.130s][info ][gc,cpu       ] GC(519) User=0.01s Sys=0.00s Real=0.00s
[1061.130s][info ][safepoint    ] Leaving safepoint region
[1061.130s][info ][safepoint    ] Total time for which application threads were stopped: 0.0031275 seconds, Stopping threads took: 0.0000170 seconds
[1063.634s][info ][safepoint    ] Application time: 2.5044813 seconds
[1063.634s][info ][safepoint    ] Entering safepoint region: GenCollectForAllocation
[1063.634s][info ][gc,start     ] GC(520) Pause Young (Allocation Failure)
[1063.634s][info ][gc,task      ] GC(520) Using 4 workers of 4 for evacuation
[1063.638s][debug][gc,ref       ] GC(520) Skipped phase1 of Reference Processing due to unavailable references
[1063.638s][debug][gc,ref       ] GC(520) Skipped phase2 of Reference Processing due to unavailable references
[1063.638s][debug][gc,ref       ] GC(520) Skipped phase3 of Reference Processing due to unavailable references
[1063.638s][debug][gc,ref       ] GC(520) Skipped phase4 of Reference Processing due to unavailable references
[1063.638s][debug][gc,age       ] GC(520) Desired survivor size 15400960 bytes, new threshold 6 (max threshold 6)
[1063.638s][info ][gc,heap      ] GC(520) ParNew: 242557K->2044K(270976K)
[1063.638s][info ][gc,heap      ] GC(520) CMS: 416117K->416264K(602112K)
[1063.638s][info ][gc,metaspace ] GC(520) Metaspace: 57659K->57659K(1101824K)
[1063.638s][info ][gc           ] GC(520) Pause Young (Allocation Failure) 643M->408M(852M) 3.514ms
[1063.638s][info ][gc,cpu       ] GC(520) User=0.01s Sys=0.00s Real=0.01s
[1063.638s][info ][safepoint    ] Leaving safepoint region
[1063.638s][info ][safepoint    ] Total time for which application threads were stopped: 0.0036620 seconds, Stopping threads took: 0.0000169 seconds
[1066.129s][info ][safepoint    ] Application time: 2.4911915 seconds
[1066.129s][info ][safepoint    ] Entering safepoint region: GenCollectForAllocation
[1066.129s][info ][gc,start     ] GC(521) Pause Young (Allocation Failure)
[1066.129s][info ][gc,task      ] GC(521) Using 4 workers of 4 for evacuation
[1066.132s][debug][gc,ref       ] GC(521) Skipped phase1 of Reference Processing due to unavailable references
[1066.132s][debug][gc,ref       ] GC(521) Skipped phase2 of Reference Processing due to unavailable references
[1066.132s][debug][gc,ref       ] GC(521) Skipped phase3 of Reference Processing due to unavailable references
[1066.132s][debug][gc,ref       ] GC(521) Skipped phase4 of Reference Processing due to unavailable references
[1066.132s][debug][gc,age       ] GC(521) Desired survivor size 15400960 bytes, new threshold 6 (max threshold 6)
[1066.132s][info ][gc,heap      ] GC(521) ParNew: 242940K->1837K(270976K)
[1066.132s][info ][gc,heap      ] GC(521) CMS: 416264K->416267K(602112K)
[1066.132s][info ][gc,metaspace ] GC(521) Metaspace: 57659K->57659K(1101824K)
[1066.132s][info ][gc           ] GC(521) Pause Young (Allocation Failure) 643M->408M(852M) 3.011ms
[1066.132s][info ][gc,cpu       ] GC(521) User=0.01s Sys=0.01s Real=0.00s
[1066.132s][info ][safepoint    ] Leaving safepoint region
[1066.132s][info ][safepoint    ] Total time for which application threads were stopped: 0.0031540 seconds, Stopping threads took: 0.0000188 seconds
[1068.677s][info ][safepoint    ] Application time: 2.5450351 seconds
[1068.677s][info ][safepoint    ] Entering safepoint region: GenCollectForAllocation
[1068.677s][info ][gc,start     ] GC(522) Pause Young (Allocation Failure)
[1068.677s][info ][gc,task      ] GC(522) Using 4 workers of 4 for evacuation
[1068.680s][debug][gc,ref       ] GC(522) Skipped phase1 of Reference Processing due to unavailable references
[1068.680s][debug][gc,ref       ] GC(522) Skipped phase2 of Reference Processing due to unavailable references
[1068.680s][debug][gc,ref       ] GC(522) Skipped phase3 of Reference Processing due to unavailable references
[1068.680s][debug][gc,ref       ] GC(522) Skipped phase4 of Reference Processing due to unavailable references
[1068.680s][debug][gc,age       ] GC(522) Desired survivor size 15400960 bytes, new threshold 6 (max threshold 6)
[1068.680s][info ][gc,heap      ] GC(522) ParNew: 242733K->2409K(270976K)
[1068.680s][info ][gc,heap      ] GC(522) CMS: 416267K->416269K(602112K)
[1068.680s][info ][gc,metaspace ] GC(522) Metaspace: 57659K->57659K(1101824K)
[1068.680s][info ][gc           ] GC(522) Pause Young (Allocation Failure) 643M->408M(852M) 2.820ms
[1068.680s][info ][gc,cpu       ] GC(522) User=0.01s Sys=0.00s Real=0.00s
[1068.680s][info ][safepoint    ] Leaving safepoint region
[1068.680s][info ][safepoint    ] Total time for which application threads were stopped: 0.0029790 seconds, Stopping threads took: 0.0000167 seconds
[1071.089s][info ][safepoint    ] Application time: 2.4088047 seconds
[1071.089s][info ][safepoint    ] Entering safepoint region: GenCollectForAllocation
[1071.089s][info ][gc,start     ] GC(523) Pause Young (Allocation Failure)
[1071.089s][info ][gc,task      ] GC(523) Using 4 workers of 4 for evacuation
[1071.093s][debug][gc,ref       ] GC(523) Skipped phase1 of Reference Processing due to unavailable references
[1071.093s][debug][gc,ref       ] GC(523) Skipped phase2 of Reference Processing due to unavailable references
[1071.093s][debug][gc,ref       ] GC(523) Skipped phase3 of Reference Processing due to unavailable references
[1071.093s][debug][gc,ref       ] GC(523) Skipped phase4 of Reference Processing due to unavailable references
[1071.093s][debug][gc,age       ] GC(523) Desired survivor size 15400960 bytes, new threshold 6 (max threshold 6)
[1071.093s][info ][gc,heap      ] GC(523) ParNew: 243305K->1753K(270976K)
[1071.093s][info ][gc,heap      ] GC(523) CMS: 416269K->416401K(602112K)
[1071.093s][info ][gc,metaspace ] GC(523) Metaspace: 57659K->57659K(1101824K)
[1071.093s][info ][gc           ] GC(523) Pause Young (Allocation Failure) 644M->408M(852M) 4.133ms
[1071.093s][info ][gc,cpu       ] GC(523) User=0.01s Sys=0.01s Real=0.00s
[1071.093s][info ][safepoint    ] Leaving safepoint region
[1071.093s][info ][safepoint    ] Total time for which application threads were stopped: 0.0043022 seconds, Stopping threads took: 0.0000322 seconds
[1073.637s][info ][safepoint    ] Application time: 2.5440696 seconds
[1073.638s][info ][safepoint    ] Entering safepoint region: GenCollectForAllocation
[1073.638s][info ][gc,start     ] GC(524) Pause Young (Allocation Failure)
[1073.638s][info ][gc,task      ] GC(524) Using 4 workers of 4 for evacuation
[1073.653s][debug][gc,ref       ] GC(524) Skipped phase1 of Reference Processing due to unavailable references
[1073.653s][debug][gc,ref       ] GC(524) Skipped phase2 of Reference Processing due to unavailable references
[1073.653s][debug][gc,ref       ] GC(524) Skipped phase3 of Reference Processing due to unavailable references
[1073.653s][debug][gc,ref       ] GC(524) Skipped phase4 of Reference Processing due to unavailable references
[1073.654s][debug][gc,age       ] GC(524) Desired survivor size 15400960 bytes, new threshold 6 (max threshold 6)
[1073.654s][info ][gc,heap      ] GC(524) ParNew: 242649K->2129K(270976K)
[1073.654s][info ][gc,heap      ] GC(524) CMS: 416401K->416455K(602112K)
[1073.654s][info ][gc,metaspace ] GC(524) Metaspace: 57659K->57659K(1101824K)
[1073.654s][info ][gc           ] GC(524) Pause Young (Allocation Failure) 643M->408M(852M) 15.966ms
[1073.654s][info ][gc,cpu       ] GC(524) User=0.05s Sys=0.00s Real=0.01s
[1073.654s][info ][safepoint    ] Leaving safepoint region
[1073.654s][info ][safepoint    ] Total time for which application threads were stopped: 0.0161143 seconds, Stopping threads took: 0.0000175 seconds
[1076.127s][info ][safepoint    ] Application time: 2.4735814 seconds
[1076.127s][info ][safepoint    ] Entering safepoint region: GenCollectForAllocation
[1076.127s][info ][gc,start     ] GC(525) Pause Young (Allocation Failure)
[1076.127s][info ][gc,task      ] GC(525) Using 4 workers of 4 for evacuation
[1076.130s][debug][gc,ref       ] GC(525) Skipped phase1 of Reference Processing due to unavailable references
[1076.130s][debug][gc,ref       ] GC(525) Skipped phase2 of Reference Processing due to unavailable references
[1076.130s][debug][gc,ref       ] GC(525) Skipped phase3 of Reference Processing due to unavailable references
[1076.130s][debug][gc,ref       ] GC(525) Skipped phase4 of Reference Processing due to unavailable references
[1076.130s][debug][gc,age       ] GC(525) Desired survivor size 15400960 bytes, new threshold 6 (max threshold 6)
[1076.130s][info ][gc,heap      ] GC(525) ParNew: 243025K->1770K(270976K)
[1076.130s][info ][gc,heap      ] GC(525) CMS: 416455K->416588K(602112K)
[1076.130s][info ][gc,metaspace ] GC(525) Metaspace: 57660K->57660K(1101824K)
[1076.130s][info ][gc           ] GC(525) Pause Young (Allocation Failure) 644M->408M(852M) 3.057ms
[1076.130s][info ][gc,cpu       ] GC(525) User=0.01s Sys=0.00s Real=0.00s
[1076.130s][info ][safepoint    ] Leaving safepoint region
[1076.130s][info ][safepoint    ] Total time for which application threads were stopped: 0.0031962 seconds, Stopping threads took: 0.0000186 seconds
[1078.486s][info ][safepoint    ] Application time: 2.3551091 seconds
[1078.486s][info ][safepoint    ] Entering safepoint region: GenCollectForAllocation
[1078.486s][info ][gc,start     ] GC(526) Pause Young (Allocation Failure)
[1078.486s][info ][gc,task      ] GC(526) Using 4 workers of 4 for evacuation
[1078.492s][debug][gc,ref       ] GC(526) Skipped phase1 of Reference Processing due to unavailable references
[1078.492s][debug][gc,ref       ] GC(526) Skipped phase2 of Reference Processing due to unavailable references
[1078.492s][debug][gc,ref       ] GC(526) Skipped phase3 of Reference Processing due to unavailable references
[1078.492s][debug][gc,ref       ] GC(526) Skipped phase4 of Reference Processing due to unavailable references
[1078.492s][debug][gc,age       ] GC(526) Desired survivor size 15400960 bytes, new threshold 6 (max threshold 6)
[1078.492s][info ][gc,heap      ] GC(526) ParNew: 242666K->1719K(270976K)
[1078.492s][info ][gc,heap      ] GC(526) CMS: 416588K->416660K(602112K)
[1078.492s][info ][gc,metaspace ] GC(526) Metaspace: 57660K->57660K(1101824K)
[1078.492s][info ][gc           ] GC(526) Pause Young (Allocation Failure) 643M->408M(852M) 6.247ms
[1078.492s][info ][gc,cpu       ] GC(526) User=0.01s Sys=0.00s Real=0.00s
[1078.492s][info ][safepoint    ] Leaving safepoint region
[1078.492s][info ][safepoint    ] Total time for which application threads were stopped: 0.0064231 seconds, Stopping threads took: 0.0000528 seconds
[1080.903s][info ][safepoint    ] Application time: 2.4109192 seconds
[1080.903s][info ][safepoint    ] Entering safepoint region: GenCollectForAllocation
[1080.903s][info ][gc,start     ] GC(527) Pause Young (Allocation Failure)
[1080.903s][info ][gc,task      ] GC(527) Using 4 workers of 4 for evacuation
[1080.911s][debug][gc,ref       ] GC(527) Skipped phase1 of Reference Processing due to unavailable references
[1080.911s][debug][gc,ref       ] GC(527) Skipped phase2 of Reference Processing due to unavailable references
[1080.911s][debug][gc,ref       ] GC(527) Skipped phase3 of Reference Processing due to unavailable references
[1080.911s][debug][gc,ref       ] GC(527) Skipped phase4 of Reference Processing due to unavailable references
[1080.911s][debug][gc,age       ] GC(527) Desired survivor size 15400960 bytes, new threshold 6 (max threshold 6)
[1080.911s][info ][gc,heap      ] GC(527) ParNew: 242615K->1648K(270976K)
[1080.911s][info ][gc,heap      ] GC(527) CMS: 416660K->416794K(602112K)
[1080.911s][info ][gc,metaspace ] GC(527) Metaspace: 57660K->57660K(1101824K)
[1080.911s][info ][gc           ] GC(527) Pause Young (Allocation Failure) 643M->408M(852M) 8.341ms
[1080.911s][info ][gc,cpu       ] GC(527) User=0.02s Sys=0.00s Real=0.01s
[1080.911s][info ][safepoint    ] Leaving safepoint region
[1080.911s][info ][safepoint    ] Total time for which application threads were stopped: 0.0085105 seconds, Stopping threads took: 0.0000268 seconds
[1083.433s][info ][safepoint    ] Application time: 2.5212034 seconds
[1083.433s][info ][safepoint    ] Entering safepoint region: GenCollectForAllocation
[1083.433s][info ][gc,start     ] GC(528) Pause Young (Allocation Failure)
[1083.433s][info ][gc,task      ] GC(528) Using 4 workers of 4 for evacuation
[1083.435s][debug][gc,ref       ] GC(528) Skipped phase1 of Reference Processing due to unavailable references
[1083.435s][debug][gc,ref       ] GC(528) Skipped phase2 of Reference Processing due to unavailable references
[1083.435s][debug][gc,ref       ] GC(528) Skipped phase3 of Reference Processing due to unavailable references
[1083.435s][debug][gc,ref       ] GC(528) Skipped phase4 of Reference Processing due to unavailable references
[1083.436s][debug][gc,age       ] GC(528) Desired survivor size 15400960 bytes, new threshold 6 (max threshold 6)
[1083.436s][info ][gc,heap      ] GC(528) ParNew: 242544K->1805K(270976K)
[1083.436s][info ][gc,heap      ] GC(528) CMS: 416794K->416808K(602112K)
[1083.436s][info ][gc,metaspace ] GC(528) Metaspace: 57660K->57660K(1101824K)
[1083.436s][info ][gc           ] GC(528) Pause Young (Allocation Failure) 643M->408M(852M) 2.791ms
[1083.436s][info ][gc,cpu       ] GC(528) User=0.01s Sys=0.00s Real=0.00s
[1083.436s][info ][safepoint    ] Leaving safepoint region
[1083.436s][info ][safepoint    ] Total time for which application threads were stopped: 0.0029527 seconds, Stopping threads took: 0.0000226 seconds
[1085.878s][info ][safepoint    ] Application time: 2.4425172 seconds
[1085.878s][info ][safepoint    ] Entering safepoint region: GenCollectForAllocation
[1085.878s][info ][gc,start     ] GC(529) Pause Young (Allocation Failure)
[1085.878s][info ][gc,task      ] GC(529) Using 4 workers of 4 for evacuation
[1085.881s][debug][gc,ref       ] GC(529) Skipped phase1 of Reference Processing due to unavailable references
[1085.881s][debug][gc,ref       ] GC(529) Skipped phase2 of Reference Processing due to unavailable references
[1085.881s][debug][gc,ref       ] GC(529) Skipped phase3 of Reference Processing due to unavailable references
[1085.881s][debug][gc,ref       ] GC(529) Skipped phase4 of Reference Processing due to unavailable references
[1085.881s][debug][gc,age       ] GC(529) Desired survivor size 15400960 bytes, new threshold 6 (max threshold 6)
[1085.881s][info ][gc,heap      ] GC(529) ParNew: 242701K->1232K(270976K)
[1085.881s][info ][gc,heap      ] GC(529) CMS: 416808K->416863K(602112K)
[1085.881s][info ][gc,metaspace ] GC(529) Metaspace: 57660K->57660K(1101824K)
[1085.881s][info ][gc           ] GC(529) Pause Young (Allocation Failure) 644M->408M(852M) 2.811ms
[1085.881s][info ][gc,cpu       ] GC(529) User=0.01s Sys=0.00s Real=0.00s
[1085.881s][info ][safepoint    ] Leaving safepoint region
[1085.881s][info ][safepoint    ] Total time for which application threads were stopped: 0.0029941 seconds, Stopping threads took: 0.0000373 seconds
[1088.243s][info ][safepoint    ] Application time: 2.3618599 seconds
[1088.244s][info ][safepoint    ] Entering safepoint region: GenCollectForAllocation
[1088.244s][info ][gc,start     ] GC(530) Pause Young (Allocation Failure)
[1088.244s][info ][gc,task      ] GC(530) Using 4 workers of 4 for evacuation
[1088.248s][debug][gc,ref       ] GC(530) Skipped phase1 of Reference Processing due to unavailable references
[1088.248s][debug][gc,ref       ] GC(530) Skipped phase2 of Reference Processing due to unavailable references
[1088.248s][debug][gc,ref       ] GC(530) Skipped phase3 of Reference Processing due to unavailable references
[1088.248s][debug][gc,ref       ] GC(530) Skipped phase4 of Reference Processing due to unavailable references
[1088.249s][debug][gc,age       ] GC(530) Desired survivor size 15400960 bytes, new threshold 6 (max threshold 6)
[1088.249s][info ][gc,heap      ] GC(530) ParNew: 242128K->1475K(270976K)
[1088.249s][info ][gc,heap      ] GC(530) CMS: 416863K->417059K(602112K)
[1088.249s][info ][gc,metaspace ] GC(530) Metaspace: 57660K->57660K(1101824K)
[1088.249s][info ][gc           ] GC(530) Pause Young (Allocation Failure) 643M->408M(852M) 4.204ms
[1088.249s][info ][gc,cpu       ] GC(530) User=0.02s Sys=0.00s Real=0.00s
[1088.249s][info ][safepoint    ] Leaving safepoint region
[1088.249s][info ][safepoint    ] Total time for which application threads were stopped: 0.0055393 seconds, Stopping threads took: 0.0011822 seconds
[1090.594s][info ][safepoint    ] Application time: 2.3453274 seconds
[1090.594s][info ][safepoint    ] Entering safepoint region: GenCollectForAllocation
[1090.594s][info ][gc,start     ] GC(531) Pause Young (Allocation Failure)
[1090.594s][info ][gc,task      ] GC(531) Using 4 workers of 4 for evacuation
[1090.597s][debug][gc,ref       ] GC(531) Skipped phase1 of Reference Processing due to unavailable references
[1090.597s][debug][gc,ref       ] GC(531) Skipped phase2 of Reference Processing due to unavailable references
[1090.597s][debug][gc,ref       ] GC(531) Skipped phase3 of Reference Processing due to unavailable references
[1090.597s][debug][gc,ref       ] GC(531) Skipped phase4 of Reference Processing due to unavailable references
[1090.597s][debug][gc,age       ] GC(531) Desired survivor size 15400960 bytes, new threshold 6 (max threshold 6)
[1090.597s][info ][gc,heap      ] GC(531) ParNew: 242371K->1957K(270976K)
[1090.597s][info ][gc,heap      ] GC(531) CMS: 417059K->417071K(602112K)
[1090.597s][info ][gc,metaspace ] GC(531) Metaspace: 57660K->57660K(1101824K)
[1090.597s][info ][gc           ] GC(531) Pause Young (Allocation Failure) 643M->409M(852M) 2.893ms
[1090.597s][info ][gc,cpu       ] GC(531) User=0.02s Sys=0.00s Real=0.01s
[1090.597s][info ][safepoint    ] Leaving safepoint region
[1090.597s][info ][safepoint    ] Total time for which application threads were stopped: 0.0030481 seconds, Stopping threads took: 0.0000168 seconds
[1092.597s][info ][safepoint    ] Application time: 2.0001686 seconds
[1092.597s][info ][safepoint    ] Entering safepoint region: Cleanup
[1092.597s][info ][safepoint    ] Leaving safepoint region
[1092.597s][info ][safepoint    ] Total time for which application threads were stopped: 0.0001268 seconds, Stopping threads took: 0.0000447 seconds
[1093.182s][info ][safepoint    ] Application time: 0.5842248 seconds
[1093.182s][info ][safepoint    ] Entering safepoint region: GenCollectForAllocation
[1093.182s][info ][gc,start     ] GC(532) Pause Young (Allocation Failure)
[1093.182s][info ][gc,task      ] GC(532) Using 4 workers of 4 for evacuation
[1093.184s][debug][gc,ref       ] GC(532) Skipped phase1 of Reference Processing due to unavailable references
[1093.184s][debug][gc,ref       ] GC(532) Skipped phase2 of Reference Processing due to unavailable references
[1093.184s][debug][gc,ref       ] GC(532) Skipped phase3 of Reference Processing due to unavailable references
[1093.184s][debug][gc,ref       ] GC(532) Skipped phase4 of Reference Processing due to unavailable references
[1093.184s][debug][gc,age       ] GC(532) Desired survivor size 15400960 bytes, new threshold 6 (max threshold 6)
[1093.184s][info ][gc,heap      ] GC(532) ParNew: 242853K->1411K(270976K)
[1093.184s][info ][gc,heap      ] GC(532) CMS: 417071K->417094K(602112K)
[1093.184s][info ][gc,metaspace ] GC(532) Metaspace: 57660K->57660K(1101824K)
[1093.184s][info ][gc           ] GC(532) Pause Young (Allocation Failure) 644M->408M(852M) 2.619ms
[1093.184s][info ][gc,cpu       ] GC(532) User=0.01s Sys=0.00s Real=0.01s
[1093.184s][info ][safepoint    ] Leaving safepoint region
[1093.184s][info ][safepoint    ] Total time for which application threads were stopped: 0.0028105 seconds, Stopping threads took: 0.0000166 seconds
[1095.741s][info ][safepoint    ] Application time: 2.5561923 seconds
[1095.741s][info ][safepoint    ] Entering safepoint region: GenCollectForAllocation
[1095.741s][info ][gc,start     ] GC(533) Pause Young (Allocation Failure)
[1095.741s][info ][gc,task      ] GC(533) Using 4 workers of 4 for evacuation
[1095.743s][debug][gc,ref       ] GC(533) Skipped phase1 of Reference Processing due to unavailable references
[1095.743s][debug][gc,ref       ] GC(533) Skipped phase2 of Reference Processing due to unavailable references
[1095.743s][debug][gc,ref       ] GC(533) Skipped phase3 of Reference Processing due to unavailable references
[1095.743s][debug][gc,ref       ] GC(533) Skipped phase4 of Reference Processing due to unavailable references
[1095.744s][debug][gc,age       ] GC(533) Desired survivor size 15400960 bytes, new threshold 6 (max threshold 6)
[1095.744s][info ][gc,heap      ] GC(533) ParNew: 242307K->1840K(270976K)
[1095.744s][info ][gc,heap      ] GC(533) CMS: 417094K->417121K(602112K)
[1095.744s][info ][gc,metaspace ] GC(533) Metaspace: 57660K->57660K(1101824K)
[1095.744s][info ][gc           ] GC(533) Pause Young (Allocation Failure) 643M->409M(852M) 2.809ms
[1095.744s][info ][gc,cpu       ] GC(533) User=0.00s Sys=0.00s Real=0.01s
[1095.744s][info ][safepoint    ] Leaving safepoint region
[1095.744s][info ][safepoint    ] Total time for which application threads were stopped: 0.0033278 seconds, Stopping threads took: 0.0000170 seconds
[1098.373s][info ][safepoint    ] Application time: 2.6287964 seconds
[1098.373s][info ][safepoint    ] Entering safepoint region: GenCollectForAllocation
[1098.373s][info ][gc,start     ] GC(534) Pause Young (Allocation Failure)
[1098.373s][info ][gc,task      ] GC(534) Using 4 workers of 4 for evacuation
[1098.376s][debug][gc,ref       ] GC(534) Skipped phase1 of Reference Processing due to unavailable references
[1098.376s][debug][gc,ref       ] GC(534) Skipped phase2 of Reference Processing due to unavailable references
[1098.376s][debug][gc,ref       ] GC(534) Skipped phase3 of Reference Processing due to unavailable references
[1098.376s][debug][gc,ref       ] GC(534) Skipped phase4 of Reference Processing due to unavailable references
[1098.376s][debug][gc,age       ] GC(534) Desired survivor size 15400960 bytes, new threshold 6 (max threshold 6)
[1098.376s][info ][gc,heap      ] GC(534) ParNew: 242736K->2160K(270976K)
[1098.376s][info ][gc,heap      ] GC(534) CMS: 417121K->417198K(602112K)
[1098.376s][info ][gc,metaspace ] GC(534) Metaspace: 57660K->57660K(1101824K)
[1098.376s][info ][gc           ] GC(534) Pause Young (Allocation Failure) 644M->409M(852M) 3.127ms
[1098.376s][info ][gc,cpu       ] GC(534) User=0.02s Sys=0.00s Real=0.01s
[1098.376s][info ][safepoint    ] Leaving safepoint region
[1098.376s][info ][safepoint    ] Total time for which application threads were stopped: 0.0032608 seconds, Stopping threads took: 0.0000180 seconds
[1100.893s][info ][safepoint    ] Application time: 2.5165945 seconds
[1100.893s][info ][safepoint    ] Entering safepoint region: GenCollectForAllocation
[1100.893s][info ][gc,start     ] GC(535) Pause Young (Allocation Failure)
[1100.893s][info ][gc,task      ] GC(535) Using 4 workers of 4 for evacuation
[1100.896s][debug][gc,ref       ] GC(535) Skipped phase1 of Reference Processing due to unavailable references
[1100.896s][debug][gc,ref       ] GC(535) Skipped phase2 of Reference Processing due to unavailable references
[1100.896s][debug][gc,ref       ] GC(535) Skipped phase3 of Reference Processing due to unavailable references
[1100.896s][debug][gc,ref       ] GC(535) Skipped phase4 of Reference Processing due to unavailable references
[1100.896s][debug][gc,age       ] GC(535) Desired survivor size 15400960 bytes, new threshold 6 (max threshold 6)
[1100.896s][info ][gc,heap      ] GC(535) ParNew: 243056K->1967K(270976K)
[1100.896s][info ][gc,heap      ] GC(535) CMS: 417198K->417201K(602112K)
[1100.896s][info ][gc,metaspace ] GC(535) Metaspace: 57660K->57660K(1101824K)
[1100.896s][info ][gc           ] GC(535) Pause Young (Allocation Failure) 644M->409M(852M) 2.873ms
[1100.896s][info ][gc,cpu       ] GC(535) User=0.01s Sys=0.01s Real=0.01s
[1100.896s][info ][safepoint    ] Leaving safepoint region
[1100.896s][info ][safepoint    ] Total time for which application threads were stopped: 0.0030135 seconds, Stopping threads took: 0.0000176 seconds
[1103.526s][info ][safepoint    ] Application time: 2.6300313 seconds
[1103.526s][info ][safepoint    ] Entering safepoint region: GenCollectForAllocation
[1103.526s][info ][gc,start     ] GC(536) Pause Young (Allocation Failure)
[1103.526s][info ][gc,task      ] GC(536) Using 4 workers of 4 for evacuation
[1103.529s][debug][gc,ref       ] GC(536) Skipped phase1 of Reference Processing due to unavailable references
[1103.529s][debug][gc,ref       ] GC(536) Skipped phase2 of Reference Processing due to unavailable references
[1103.529s][debug][gc,ref       ] GC(536) Skipped phase3 of Reference Processing due to unavailable references
[1103.529s][debug][gc,ref       ] GC(536) Skipped phase4 of Reference Processing due to unavailable references
[1103.529s][debug][gc,age       ] GC(536) Desired survivor size 15400960 bytes, new threshold 6 (max threshold 6)
[1103.529s][info ][gc,heap      ] GC(536) ParNew: 242863K->2030K(270976K)
[1103.529s][info ][gc,heap      ] GC(536) CMS: 417201K->417326K(602112K)
[1103.529s][info ][gc,metaspace ] GC(536) Metaspace: 57660K->57660K(1101824K)
[1103.529s][info ][gc           ] GC(536) Pause Young (Allocation Failure) 644M->409M(852M) 3.182ms
[1103.529s][info ][gc,cpu       ] GC(536) User=0.01s Sys=0.00s Real=0.00s
[1103.529s][info ][safepoint    ] Leaving safepoint region
[1103.529s][info ][safepoint    ] Total time for which application threads were stopped: 0.0033547 seconds, Stopping threads took: 0.0000166 seconds
[1104.529s][info ][safepoint    ] Application time: 1.0000978 seconds
[1104.529s][info ][safepoint    ] Entering safepoint region: Cleanup
[1104.530s][info ][safepoint    ] Leaving safepoint region
[1104.530s][info ][safepoint    ] Total time for which application threads were stopped: 0.0001893 seconds, Stopping threads took: 0.0000825 seconds
[1105.530s][info ][safepoint    ] Application time: 1.0001858 seconds
[1105.530s][info ][safepoint    ] Entering safepoint region: Cleanup
[1105.530s][info ][safepoint    ] Leaving safepoint region
[1105.530s][info ][safepoint    ] Total time for which application threads were stopped: 0.0001264 seconds, Stopping threads took: 0.0000551 seconds
[1106.092s][info ][safepoint    ] Application time: 0.5622641 seconds
[1106.092s][info ][safepoint    ] Entering safepoint region: GenCollectForAllocation
[1106.092s][info ][gc,start     ] GC(537) Pause Young (Allocation Failure)
[1106.092s][info ][gc,task      ] GC(537) Using 4 workers of 4 for evacuation
[1106.095s][debug][gc,ref       ] GC(537) Skipped phase1 of Reference Processing due to unavailable references
[1106.095s][debug][gc,ref       ] GC(537) Skipped phase2 of Reference Processing due to unavailable references
[1106.095s][debug][gc,ref       ] GC(537) Skipped phase3 of Reference Processing due to unavailable references
[1106.095s][debug][gc,ref       ] GC(537) Skipped phase4 of Reference Processing due to unavailable references
[1106.095s][debug][gc,age       ] GC(537) Desired survivor size 15400960 bytes, new threshold 6 (max threshold 6)
[1106.095s][info ][gc,heap      ] GC(537) ParNew: 242926K->2140K(270976K)
[1106.095s][info ][gc,heap      ] GC(537) CMS: 417326K->417405K(602112K)
[1106.095s][info ][gc,metaspace ] GC(537) Metaspace: 57660K->57660K(1101824K)
[1106.095s][info ][gc           ] GC(537) Pause Young (Allocation Failure) 644M->409M(852M) 3.089ms
[1106.095s][info ][gc,cpu       ] GC(537) User=0.01s Sys=0.00s Real=0.00s
[1106.095s][info ][safepoint    ] Leaving safepoint region
[1106.095s][info ][safepoint    ] Total time for which application threads were stopped: 0.0032315 seconds, Stopping threads took: 0.0000164 seconds
[1107.096s][info ][safepoint    ] Application time: 1.0001029 seconds
[1107.096s][info ][safepoint    ] Entering safepoint region: Cleanup
[1107.096s][info ][safepoint    ] Leaving safepoint region
[1107.096s][info ][safepoint    ] Total time for which application threads were stopped: 0.0000874 seconds, Stopping threads took: 0.0000306 seconds
[1108.778s][info ][safepoint    ] Application time: 1.6825736 seconds
[1108.778s][info ][safepoint    ] Entering safepoint region: GenCollectForAllocation
[1108.778s][info ][gc,start     ] GC(538) Pause Young (Allocation Failure)
[1108.778s][info ][gc,task      ] GC(538) Using 4 workers of 4 for evacuation
[1108.781s][debug][gc,ref       ] GC(538) Skipped phase1 of Reference Processing due to unavailable references
[1108.781s][debug][gc,ref       ] GC(538) Skipped phase2 of Reference Processing due to unavailable references
[1108.781s][debug][gc,ref       ] GC(538) Skipped phase3 of Reference Processing due to unavailable references
[1108.781s][debug][gc,ref       ] GC(538) Skipped phase4 of Reference Processing due to unavailable references
[1108.781s][debug][gc,age       ] GC(538) Desired survivor size 15400960 bytes, new threshold 6 (max threshold 6)
[1108.781s][info ][gc,heap      ] GC(538) ParNew: 243036K->1776K(270976K)
[1108.781s][info ][gc,heap      ] GC(538) CMS: 417405K->417486K(602112K)
[1108.781s][info ][gc,metaspace ] GC(538) Metaspace: 57660K->57660K(1101824K)
[1108.781s][info ][gc           ] GC(538) Pause Young (Allocation Failure) 644M->409M(852M) 2.938ms
[1108.781s][info ][gc,cpu       ] GC(538) User=0.01s Sys=0.00s Real=0.00s
[1108.781s][info ][safepoint    ] Leaving safepoint region
[1108.781s][info ][safepoint    ] Total time for which application threads were stopped: 0.0030795 seconds, Stopping threads took: 0.0000179 seconds
[1111.220s][info ][safepoint    ] Application time: 2.4383412 seconds
[1111.220s][info ][safepoint    ] Entering safepoint region: RevokeBias
[1111.220s][info ][safepoint    ] Leaving safepoint region
[1111.220s][info ][safepoint    ] Total time for which application threads were stopped: 0.0000987 seconds, Stopping threads took: 0.0000173 seconds
[1111.373s][info ][safepoint    ] Application time: 0.1535503 seconds
[1111.373s][info ][safepoint    ] Entering safepoint region: GenCollectForAllocation
[1111.374s][info ][gc,start     ] GC(539) Pause Young (Allocation Failure)
[1111.374s][info ][gc,task      ] GC(539) Using 4 workers of 4 for evacuation
[1111.376s][debug][gc,ref       ] GC(539) Skipped phase1 of Reference Processing due to unavailable references
[1111.376s][debug][gc,ref       ] GC(539) Skipped phase2 of Reference Processing due to unavailable references
[1111.377s][debug][gc,ref       ] GC(539) Skipped phase3 of Reference Processing due to unavailable references
[1111.377s][debug][gc,ref       ] GC(539) Skipped phase4 of Reference Processing due to unavailable references
[1111.377s][debug][gc,age       ] GC(539) Desired survivor size 15400960 bytes, new threshold 6 (max threshold 6)
[1111.377s][info ][gc,heap      ] GC(539) ParNew: 242672K->1682K(270976K)
[1111.377s][info ][gc,heap      ] GC(539) CMS: 417486K->417622K(602112K)
[1111.377s][info ][gc,metaspace ] GC(539) Metaspace: 57660K->57660K(1101824K)
[1111.377s][info ][gc           ] GC(539) Pause Young (Allocation Failure) 644M->409M(852M) 3.165ms
[1111.377s][info ][gc,cpu       ] GC(539) User=0.01s Sys=0.00s Real=0.01s
[1111.377s][info ][safepoint    ] Leaving safepoint region
[1111.377s][info ][safepoint    ] Total time for which application threads were stopped: 0.0032992 seconds, Stopping threads took: 0.0000164 seconds
[1113.939s][info ][safepoint    ] Application time: 2.5620518 seconds
[1113.939s][info ][safepoint    ] Entering safepoint region: GenCollectForAllocation
[1113.939s][info ][gc,start     ] GC(540) Pause Young (Allocation Failure)
[1113.939s][info ][gc,task      ] GC(540) Using 4 workers of 4 for evacuation
[1113.942s][debug][gc,ref       ] GC(540) Skipped phase1 of Reference Processing due to unavailable references
[1113.942s][debug][gc,ref       ] GC(540) Skipped phase2 of Reference Processing due to unavailable references
[1113.942s][debug][gc,ref       ] GC(540) Skipped phase3 of Reference Processing due to unavailable references
[1113.942s][debug][gc,ref       ] GC(540) Skipped phase4 of Reference Processing due to unavailable references
[1113.942s][debug][gc,age       ] GC(540) Desired survivor size 15400960 bytes, new threshold 6 (max threshold 6)
[1113.942s][info ][gc,heap      ] GC(540) ParNew: 242578K->1911K(270976K)
[1113.942s][info ][gc,heap      ] GC(540) CMS: 417622K->417714K(602112K)
[1113.942s][info ][gc,metaspace ] GC(540) Metaspace: 57660K->57660K(1101824K)
[1113.942s][info ][gc           ] GC(540) Pause Young (Allocation Failure) 644M->409M(852M) 2.984ms
[1113.942s][info ][gc,cpu       ] GC(540) User=0.01s Sys=0.00s Real=0.00s
[1113.942s][info ][safepoint    ] Leaving safepoint region
[1113.942s][info ][safepoint    ] Total time for which application threads were stopped: 0.0031387 seconds, Stopping threads took: 0.0000174 seconds
[1116.453s][info ][safepoint    ] Application time: 2.5114788 seconds
[1116.453s][info ][safepoint    ] Entering safepoint region: GenCollectForAllocation
[1116.454s][info ][gc,start     ] GC(541) Pause Young (Allocation Failure)
[1116.454s][info ][gc,task      ] GC(541) Using 4 workers of 4 for evacuation
[1116.456s][debug][gc,ref       ] GC(541) Skipped phase1 of Reference Processing due to unavailable references
[1116.456s][debug][gc,ref       ] GC(541) Skipped phase2 of Reference Processing due to unavailable references
[1116.456s][debug][gc,ref       ] GC(541) Skipped phase3 of Reference Processing due to unavailable references
[1116.456s][debug][gc,ref       ] GC(541) Skipped phase4 of Reference Processing due to unavailable references
[1116.457s][debug][gc,age       ] GC(541) Desired survivor size 15400960 bytes, new threshold 6 (max threshold 6)
[1116.457s][info ][gc,heap      ] GC(541) ParNew: 242807K->2196K(270976K)
[1116.457s][info ][gc,heap      ] GC(541) CMS: 417714K->417740K(602112K)
[1116.457s][info ][gc,metaspace ] GC(541) Metaspace: 57660K->57660K(1101824K)
[1116.457s][info ][gc           ] GC(541) Pause Young (Allocation Failure) 645M->410M(852M) 3.033ms
[1116.457s][info ][gc,cpu       ] GC(541) User=0.01s Sys=0.00s Real=0.01s
[1116.457s][info ][safepoint    ] Leaving safepoint region
[1116.457s][info ][safepoint    ] Total time for which application threads were stopped: 0.0031762 seconds, Stopping threads took: 0.0000153 seconds
[1118.457s][info ][safepoint    ] Application time: 2.0001943 seconds
[1118.457s][info ][safepoint    ] Entering safepoint region: Cleanup
[1118.457s][info ][safepoint    ] Leaving safepoint region
[1118.457s][info ][safepoint    ] Total time for which application threads were stopped: 0.0000903 seconds, Stopping threads took: 0.0000314 seconds
[1118.794s][info ][safepoint    ] Application time: 0.3370191 seconds
[1118.794s][info ][safepoint    ] Entering safepoint region: GenCollectForAllocation
[1118.794s][info ][gc,start     ] GC(542) Pause Young (Allocation Failure)
[1118.794s][info ][gc,task      ] GC(542) Using 4 workers of 4 for evacuation
[1118.797s][debug][gc,ref       ] GC(542) Skipped phase1 of Reference Processing due to unavailable references
[1118.797s][debug][gc,ref       ] GC(542) Skipped phase2 of Reference Processing due to unavailable references
[1118.797s][debug][gc,ref       ] GC(542) Skipped phase3 of Reference Processing due to unavailable references
[1118.797s][debug][gc,ref       ] GC(542) Skipped phase4 of Reference Processing due to unavailable references
[1118.798s][debug][gc,age       ] GC(542) Desired survivor size 15400960 bytes, new threshold 6 (max threshold 6)
[1118.798s][info ][gc,heap      ] GC(542) ParNew: 243092K->1681K(270976K)
[1118.798s][info ][gc,heap      ] GC(542) CMS: 417740K->417957K(602112K)
[1118.798s][info ][gc,metaspace ] GC(542) Metaspace: 57660K->57660K(1101824K)
[1118.798s][info ][gc           ] GC(542) Pause Young (Allocation Failure) 645M->409M(852M) 3.493ms
[1118.798s][info ][gc,cpu       ] GC(542) User=0.00s Sys=0.00s Real=0.01s
[1118.798s][info ][safepoint    ] Leaving safepoint region
[1118.798s][info ][safepoint    ] Total time for which application threads were stopped: 0.0036478 seconds, Stopping threads took: 0.0000163 seconds
[1121.243s][info ][safepoint    ] Application time: 2.4456758 seconds
[1121.243s][info ][safepoint    ] Entering safepoint region: GenCollectForAllocation
[1121.244s][info ][gc,start     ] GC(543) Pause Young (Allocation Failure)
[1121.244s][info ][gc,task      ] GC(543) Using 4 workers of 4 for evacuation
[1121.246s][debug][gc,ref       ] GC(543) Skipped phase1 of Reference Processing due to unavailable references
[1121.246s][debug][gc,ref       ] GC(543) Skipped phase2 of Reference Processing due to unavailable references
[1121.246s][debug][gc,ref       ] GC(543) Skipped phase3 of Reference Processing due to unavailable references
[1121.246s][debug][gc,ref       ] GC(543) Skipped phase4 of Reference Processing due to unavailable references
[1121.246s][debug][gc,age       ] GC(543) Desired survivor size 15400960 bytes, new threshold 6 (max threshold 6)
[1121.246s][info ][gc,heap      ] GC(543) ParNew: 242577K->1932K(270976K)
[1121.246s][info ][gc,heap      ] GC(543) CMS: 417957K->417993K(602112K)
[1121.246s][info ][gc,metaspace ] GC(543) Metaspace: 57661K->57661K(1101824K)
[1121.246s][info ][gc           ] GC(543) Pause Young (Allocation Failure) 645M->410M(852M) 2.787ms
[1121.246s][info ][gc,cpu       ] GC(543) User=0.02s Sys=0.00s Real=0.01s
[1121.246s][info ][safepoint    ] Leaving safepoint region
[1121.246s][info ][safepoint    ] Total time for which application threads were stopped: 0.0029498 seconds, Stopping threads took: 0.0000290 seconds
[1123.673s][info ][safepoint    ] Application time: 2.4269012 seconds
[1123.673s][info ][safepoint    ] Entering safepoint region: GenCollectForAllocation
[1123.673s][info ][gc,start     ] GC(544) Pause Young (Allocation Failure)
[1123.673s][info ][gc,task      ] GC(544) Using 4 workers of 4 for evacuation
[1123.676s][debug][gc,ref       ] GC(544) Skipped phase1 of Reference Processing due to unavailable references
[1123.676s][debug][gc,ref       ] GC(544) Skipped phase2 of Reference Processing due to unavailable references
[1123.676s][debug][gc,ref       ] GC(544) Skipped phase3 of Reference Processing due to unavailable references
[1123.676s][debug][gc,ref       ] GC(544) Skipped phase4 of Reference Processing due to unavailable references
[1123.676s][debug][gc,age       ] GC(544) Desired survivor size 15400960 bytes, new threshold 6 (max threshold 6)
[1123.676s][info ][gc,heap      ] GC(544) ParNew: 242828K->2213K(270976K)
[1123.676s][info ][gc,heap      ] GC(544) CMS: 417993K->418001K(602112K)
[1123.676s][info ][gc,metaspace ] GC(544) Metaspace: 57661K->57661K(1101824K)
[1123.676s][info ][gc           ] GC(544) Pause Young (Allocation Failure) 645M->410M(852M) 2.944ms
[1123.676s][info ][gc,cpu       ] GC(544) User=0.01s Sys=0.00s Real=0.01s
[1123.676s][info ][safepoint    ] Leaving safepoint region
[1123.676s][info ][safepoint    ] Total time for which application threads were stopped: 0.0030847 seconds, Stopping threads took: 0.0000187 seconds
[1126.183s][info ][safepoint    ] Application time: 2.5063102 seconds
[1126.183s][info ][safepoint    ] Entering safepoint region: GenCollectForAllocation
[1126.183s][info ][gc,start     ] GC(545) Pause Young (Allocation Failure)
[1126.183s][info ][gc,task      ] GC(545) Using 4 workers of 4 for evacuation
[1126.186s][debug][gc,ref       ] GC(545) Skipped phase1 of Reference Processing due to unavailable references
[1126.186s][debug][gc,ref       ] GC(545) Skipped phase2 of Reference Processing due to unavailable references
[1126.186s][debug][gc,ref       ] GC(545) Skipped phase3 of Reference Processing due to unavailable references
[1126.186s][debug][gc,ref       ] GC(545) Skipped phase4 of Reference Processing due to unavailable references
[1126.186s][debug][gc,age       ] GC(545) Desired survivor size 15400960 bytes, new threshold 6 (max threshold 6)
[1126.186s][info ][gc,heap      ] GC(545) ParNew: 243109K->2354K(270976K)
[1126.186s][info ][gc,heap      ] GC(545) CMS: 418001K->418048K(602112K)
[1126.186s][info ][gc,metaspace ] GC(545) Metaspace: 57661K->57661K(1101824K)
[1126.186s][info ][gc           ] GC(545) Pause Young (Allocation Failure) 645M->410M(852M) 2.930ms
[1126.186s][info ][gc,cpu       ] GC(545) User=0.01s Sys=0.01s Real=0.01s
[1126.186s][info ][safepoint    ] Leaving safepoint region
[1126.186s][info ][safepoint    ] Total time for which application threads were stopped: 0.0030707 seconds, Stopping threads took: 0.0000168 seconds
[1127.186s][info ][safepoint    ] Application time: 1.0001035 seconds
[1127.186s][info ][safepoint    ] Entering safepoint region: Cleanup
[1127.186s][info ][safepoint    ] Leaving safepoint region
[1127.186s][info ][safepoint    ] Total time for which application threads were stopped: 0.0001060 seconds, Stopping threads took: 0.0000399 seconds
[1128.186s][info ][safepoint    ] Application time: 1.0001050 seconds
[1128.186s][info ][safepoint    ] Entering safepoint region: Cleanup
[1128.186s][info ][safepoint    ] Leaving safepoint region
[1128.186s][info ][safepoint    ] Total time for which application threads were stopped: 0.0001389 seconds, Stopping threads took: 0.0000686 seconds
[1128.435s][info ][safepoint    ] Application time: 0.2489195 seconds
[1128.435s][info ][safepoint    ] Entering safepoint region: GenCollectForAllocation
[1128.435s][info ][gc,start     ] GC(546) Pause Young (Allocation Failure)
[1128.435s][info ][gc,task      ] GC(546) Using 4 workers of 4 for evacuation
[1128.438s][debug][gc,ref       ] GC(546) Skipped phase1 of Reference Processing due to unavailable references
[1128.438s][debug][gc,ref       ] GC(546) Skipped phase2 of Reference Processing due to unavailable references
[1128.438s][debug][gc,ref       ] GC(546) Skipped phase3 of Reference Processing due to unavailable references
[1128.438s][debug][gc,ref       ] GC(546) Skipped phase4 of Reference Processing due to unavailable references
[1128.439s][debug][gc,age       ] GC(546) Desired survivor size 15400960 bytes, new threshold 6 (max threshold 6)
[1128.439s][info ][gc,heap      ] GC(546) ParNew: 243250K->1701K(270976K)
[1128.439s][info ][gc,heap      ] GC(546) CMS: 418048K->418124K(602112K)
[1128.439s][info ][gc,metaspace ] GC(546) Metaspace: 57661K->57661K(1101824K)
[1128.439s][info ][gc           ] GC(546) Pause Young (Allocation Failure) 645M->409M(852M) 3.246ms
[1128.439s][info ][gc,cpu       ] GC(546) User=0.01s Sys=0.01s Real=0.01s
[1128.439s][info ][safepoint    ] Leaving safepoint region
[1128.439s][info ][safepoint    ] Total time for which application threads were stopped: 0.0033910 seconds, Stopping threads took: 0.0000173 seconds
[1129.445s][info ][safepoint    ] Application time: 1.0061963 seconds
[1129.445s][info ][safepoint    ] Entering safepoint region: Cleanup
[1129.445s][info ][safepoint    ] Leaving safepoint region
[1129.445s][info ][safepoint    ] Total time for which application threads were stopped: 0.0001111 seconds, Stopping threads took: 0.0000407 seconds
[1130.925s][info ][safepoint    ] Application time: 1.4799275 seconds
[1130.925s][info ][safepoint    ] Entering safepoint region: GenCollectForAllocation
[1130.925s][info ][gc,start     ] GC(547) Pause Young (Allocation Failure)
[1130.925s][info ][gc,task      ] GC(547) Using 4 workers of 4 for evacuation
[1130.928s][debug][gc,ref       ] GC(547) Skipped phase1 of Reference Processing due to unavailable references
[1130.928s][debug][gc,ref       ] GC(547) Skipped phase2 of Reference Processing due to unavailable references
[1130.928s][debug][gc,ref       ] GC(547) Skipped phase3 of Reference Processing due to unavailable references
[1130.928s][debug][gc,ref       ] GC(547) Skipped phase4 of Reference Processing due to unavailable references
[1130.928s][debug][gc,age       ] GC(547) Desired survivor size 15400960 bytes, new threshold 6 (max threshold 6)
[1130.928s][info ][gc,heap      ] GC(547) ParNew: 242597K->1644K(270976K)
[1130.928s][info ][gc,heap      ] GC(547) CMS: 418124K->418298K(602112K)
[1130.928s][info ][gc,metaspace ] GC(547) Metaspace: 57661K->57661K(1101824K)
[1130.928s][info ][gc           ] GC(547) Pause Young (Allocation Failure) 645M->410M(852M) 3.336ms
[1130.928s][info ][gc,cpu       ] GC(547) User=0.01s Sys=0.00s Real=0.00s
[1130.928s][info ][safepoint    ] Leaving safepoint region
[1130.929s][info ][safepoint    ] Total time for which application threads were stopped: 0.0035370 seconds, Stopping threads took: 0.0000175 seconds
[1133.379s][info ][safepoint    ] Application time: 2.4505497 seconds
[1133.379s][info ][safepoint    ] Entering safepoint region: GenCollectForAllocation
[1133.379s][info ][gc,start     ] GC(548) Pause Young (Allocation Failure)
[1133.379s][info ][gc,task      ] GC(548) Using 4 workers of 4 for evacuation
[1133.382s][debug][gc,ref       ] GC(548) Skipped phase1 of Reference Processing due to unavailable references
[1133.382s][debug][gc,ref       ] GC(548) Skipped phase2 of Reference Processing due to unavailable references
[1133.382s][debug][gc,ref       ] GC(548) Skipped phase3 of Reference Processing due to unavailable references
[1133.382s][debug][gc,ref       ] GC(548) Skipped phase4 of Reference Processing due to unavailable references
[1133.382s][debug][gc,age       ] GC(548) Desired survivor size 15400960 bytes, new threshold 6 (max threshold 6)
[1133.382s][info ][gc,heap      ] GC(548) ParNew: 242540K->1590K(270976K)
[1133.382s][info ][gc,heap      ] GC(548) CMS: 418298K->418413K(602112K)
[1133.382s][info ][gc,metaspace ] GC(548) Metaspace: 57661K->57661K(1101824K)
[1133.382s][info ][gc           ] GC(548) Pause Young (Allocation Failure) 645M->410M(852M) 2.990ms
[1133.382s][info ][gc,cpu       ] GC(548) User=0.01s Sys=0.00s Real=0.00s
[1133.382s][info ][safepoint    ] Leaving safepoint region
[1133.382s][info ][safepoint    ] Total time for which application threads were stopped: 0.0031468 seconds, Stopping threads took: 0.0000326 seconds
[1135.845s][info ][safepoint    ] Application time: 2.4632254 seconds
[1135.846s][info ][safepoint    ] Entering safepoint region: GenCollectForAllocation
[1135.846s][info ][gc,start     ] GC(549) Pause Young (Allocation Failure)
[1135.846s][info ][gc,task      ] GC(549) Using 4 workers of 4 for evacuation
[1135.848s][debug][gc,ref       ] GC(549) Skipped phase1 of Reference Processing due to unavailable references
[1135.848s][debug][gc,ref       ] GC(549) Skipped phase2 of Reference Processing due to unavailable references
[1135.848s][debug][gc,ref       ] GC(549) Skipped phase3 of Reference Processing due to unavailable references
[1135.848s][debug][gc,ref       ] GC(549) Skipped phase4 of Reference Processing due to unavailable references
[1135.848s][debug][gc,age       ] GC(549) Desired survivor size 15400960 bytes, new threshold 6 (max threshold 6)
[1135.848s][info ][gc,heap      ] GC(549) ParNew: 242486K->1804K(270976K)
[1135.848s][info ][gc,heap      ] GC(549) CMS: 418413K->418425K(602112K)
[1135.848s][info ][gc,metaspace ] GC(549) Metaspace: 57661K->57661K(1101824K)
[1135.848s][info ][gc           ] GC(549) Pause Young (Allocation Failure) 645M->410M(852M) 2.752ms
[1135.848s][info ][gc,cpu       ] GC(549) User=0.01s Sys=0.00s Real=0.00s
[1135.848s][info ][safepoint    ] Leaving safepoint region
[1135.848s][info ][safepoint    ] Total time for which application threads were stopped: 0.0029131 seconds, Stopping threads took: 0.0000323 seconds
[1137.849s][info ][safepoint    ] Application time: 2.0001697 seconds
[1137.849s][info ][safepoint    ] Entering safepoint region: Cleanup
[1137.849s][info ][safepoint    ] Leaving safepoint region
[1137.849s][info ][safepoint    ] Total time for which application threads were stopped: 0.0000820 seconds, Stopping threads took: 0.0000184 seconds
[1138.432s][info ][safepoint    ] Application time: 0.5837291 seconds
[1138.432s][info ][safepoint    ] Entering safepoint region: GenCollectForAllocation
[1138.433s][info ][gc,start     ] GC(550) Pause Young (Allocation Failure)
[1138.433s][info ][gc,task      ] GC(550) Using 4 workers of 4 for evacuation
[1138.440s][debug][gc,ref       ] GC(550) Skipped phase1 of Reference Processing due to unavailable references
[1138.440s][debug][gc,ref       ] GC(550) Skipped phase2 of Reference Processing due to unavailable references
[1138.440s][debug][gc,ref       ] GC(550) Skipped phase3 of Reference Processing due to unavailable references
[1138.440s][debug][gc,ref       ] GC(550) Skipped phase4 of Reference Processing due to unavailable references
[1138.440s][debug][gc,age       ] GC(550) Desired survivor size 15400960 bytes, new threshold 6 (max threshold 6)
[1138.440s][info ][gc,heap      ] GC(550) ParNew: 242700K->1882K(270976K)
[1138.440s][info ][gc,heap      ] GC(550) CMS: 418425K->418504K(602112K)
[1138.440s][info ][gc,metaspace ] GC(550) Metaspace: 57661K->57661K(1101824K)
[1138.440s][info ][gc           ] GC(550) Pause Young (Allocation Failure) 645M->410M(852M) 7.332ms
[1138.440s][info ][gc,cpu       ] GC(550) User=0.01s Sys=0.00s Real=0.01s
[1138.440s][info ][safepoint    ] Leaving safepoint region
[1138.440s][info ][safepoint    ] Total time for which application threads were stopped: 0.0075268 seconds, Stopping threads took: 0.0000170 seconds
[1140.978s][info ][safepoint    ] Application time: 2.5376102 seconds
[1140.978s][info ][safepoint    ] Entering safepoint region: GenCollectForAllocation
[1140.978s][info ][gc,start     ] GC(551) Pause Young (Allocation Failure)
[1140.978s][info ][gc,task      ] GC(551) Using 4 workers of 4 for evacuation
[1140.981s][debug][gc,ref       ] GC(551) Skipped phase1 of Reference Processing due to unavailable references
[1140.981s][debug][gc,ref       ] GC(551) Skipped phase2 of Reference Processing due to unavailable references
[1140.981s][debug][gc,ref       ] GC(551) Skipped phase3 of Reference Processing due to unavailable references
[1140.981s][debug][gc,ref       ] GC(551) Skipped phase4 of Reference Processing due to unavailable references
[1140.981s][debug][gc,age       ] GC(551) Desired survivor size 15400960 bytes, new threshold 6 (max threshold 6)
[1140.981s][info ][gc,heap      ] GC(551) ParNew: 242778K->2218K(270976K)
[1140.981s][info ][gc,heap      ] GC(551) CMS: 418504K->418537K(602112K)
[1140.981s][info ][gc,metaspace ] GC(551) Metaspace: 57661K->57661K(1101824K)
[1140.981s][info ][gc           ] GC(551) Pause Young (Allocation Failure) 645M->410M(852M) 3.153ms
[1140.981s][info ][gc,cpu       ] GC(551) User=0.01s Sys=0.00s Real=0.00s
[1140.981s][info ][safepoint    ] Leaving safepoint region
[1140.981s][info ][safepoint    ] Total time for which application threads were stopped: 0.0033125 seconds, Stopping threads took: 0.0000172 seconds
[1143.377s][info ][safepoint    ] Application time: 2.3962350 seconds
[1143.377s][info ][safepoint    ] Entering safepoint region: GenCollectForAllocation
[1143.377s][info ][gc,start     ] GC(552) Pause Young (Allocation Failure)
[1143.377s][info ][gc,task      ] GC(552) Using 4 workers of 4 for evacuation
[1143.381s][debug][gc,ref       ] GC(552) Skipped phase1 of Reference Processing due to unavailable references
[1143.381s][debug][gc,ref       ] GC(552) Skipped phase2 of Reference Processing due to unavailable references
[1143.381s][debug][gc,ref       ] GC(552) Skipped phase3 of Reference Processing due to unavailable references
[1143.381s][debug][gc,ref       ] GC(552) Skipped phase4 of Reference Processing due to unavailable references
[1143.382s][debug][gc,age       ] GC(552) Desired survivor size 15400960 bytes, new threshold 6 (max threshold 6)
[1143.382s][info ][gc,heap      ] GC(552) ParNew: 243114K->1589K(270976K)
[1143.382s][info ][gc,heap      ] GC(552) CMS: 418537K->418663K(602112K)
[1143.382s][info ][gc,metaspace ] GC(552) Metaspace: 57663K->57663K(1101824K)
[1143.382s][info ][gc           ] GC(552) Pause Young (Allocation Failure) 646M->410M(852M) 4.160ms
[1143.382s][info ][gc,cpu       ] GC(552) User=0.01s Sys=0.00s Real=0.00s
[1143.382s][info ][safepoint    ] Leaving safepoint region
[1143.382s][info ][safepoint    ] Total time for which application threads were stopped: 0.0043461 seconds, Stopping threads took: 0.0000183 seconds
[1144.382s][info ][safepoint    ] Application time: 1.0000992 seconds
[1144.382s][info ][safepoint    ] Entering safepoint region: Cleanup
[1144.382s][info ][safepoint    ] Leaving safepoint region
[1144.382s][info ][safepoint    ] Total time for which application threads were stopped: 0.0001154 seconds, Stopping threads took: 0.0000411 seconds
[1145.787s][info ][safepoint    ] Application time: 1.4048982 seconds
[1145.787s][info ][safepoint    ] Entering safepoint region: GenCollectForAllocation
[1145.787s][info ][gc,start     ] GC(553) Pause Young (Allocation Failure)
[1145.787s][info ][gc,task      ] GC(553) Using 4 workers of 4 for evacuation
[1145.796s][debug][gc,ref       ] GC(553) Skipped phase1 of Reference Processing due to unavailable references
[1145.796s][debug][gc,ref       ] GC(553) Skipped phase2 of Reference Processing due to unavailable references
[1145.796s][debug][gc,ref       ] GC(553) Skipped phase3 of Reference Processing due to unavailable references
[1145.796s][debug][gc,ref       ] GC(553) Skipped phase4 of Reference Processing due to unavailable references
[1145.796s][debug][gc,age       ] GC(553) Desired survivor size 15400960 bytes, new threshold 6 (max threshold 6)
[1145.796s][info ][gc,heap      ] GC(553) ParNew: 242485K->1967K(270976K)
[1145.796s][info ][gc,heap      ] GC(553) CMS: 418663K->418670K(602112K)
[1145.796s][info ][gc,metaspace ] GC(553) Metaspace: 57663K->57663K(1101824K)
[1145.796s][info ][gc           ] GC(553) Pause Young (Allocation Failure) 645M->410M(852M) 8.987ms
[1145.796s][info ][gc,cpu       ] GC(553) User=0.01s Sys=0.00s Real=0.01s
[1145.796s][info ][safepoint    ] Leaving safepoint region
[1145.796s][info ][safepoint    ] Total time for which application threads were stopped: 0.0091447 seconds, Stopping threads took: 0.0000183 seconds
[1148.225s][info ][safepoint    ] Application time: 2.4292194 seconds
[1148.225s][info ][safepoint    ] Entering safepoint region: GenCollectForAllocation
[1148.225s][info ][gc,start     ] GC(554) Pause Young (Allocation Failure)
[1148.225s][info ][gc,task      ] GC(554) Using 4 workers of 4 for evacuation
[1148.228s][debug][gc,ref       ] GC(554) Skipped phase1 of Reference Processing due to unavailable references
[1148.228s][debug][gc,ref       ] GC(554) Skipped phase2 of Reference Processing due to unavailable references
[1148.228s][debug][gc,ref       ] GC(554) Skipped phase3 of Reference Processing due to unavailable references
[1148.228s][debug][gc,ref       ] GC(554) Skipped phase4 of Reference Processing due to unavailable references
[1148.228s][debug][gc,age       ] GC(554) Desired survivor size 15400960 bytes, new threshold 6 (max threshold 6)
[1148.228s][info ][gc,heap      ] GC(554) ParNew: 242863K->1967K(270976K)
[1148.228s][info ][gc,heap      ] GC(554) CMS: 418670K->418689K(602112K)
[1148.228s][info ][gc,metaspace ] GC(554) Metaspace: 57663K->57663K(1101824K)
[1148.228s][info ][gc           ] GC(554) Pause Young (Allocation Failure) 646M->410M(852M) 2.912ms
[1148.228s][info ][gc,cpu       ] GC(554) User=0.01s Sys=0.00s Real=0.00s
[1148.228s][info ][safepoint    ] Leaving safepoint region
[1148.228s][info ][safepoint    ] Total time for which application threads were stopped: 0.0030498 seconds, Stopping threads took: 0.0000187 seconds
[1150.631s][info ][safepoint    ] Application time: 2.4022356 seconds
[1150.631s][info ][safepoint    ] Entering safepoint region: GenCollectForAllocation
[1150.631s][info ][gc,start     ] GC(555) Pause Young (Allocation Failure)
[1150.631s][info ][gc,task      ] GC(555) Using 4 workers of 4 for evacuation
[1150.634s][debug][gc,ref       ] GC(555) Skipped phase1 of Reference Processing due to unavailable references
[1150.634s][debug][gc,ref       ] GC(555) Skipped phase2 of Reference Processing due to unavailable references
[1150.634s][debug][gc,ref       ] GC(555) Skipped phase3 of Reference Processing due to unavailable references
[1150.634s][debug][gc,ref       ] GC(555) Skipped phase4 of Reference Processing due to unavailable references
[1150.634s][debug][gc,age       ] GC(555) Desired survivor size 15400960 bytes, new threshold 6 (max threshold 6)
[1150.634s][info ][gc,heap      ] GC(555) ParNew: 242863K->2379K(270976K)
[1150.634s][info ][gc,heap      ] GC(555) CMS: 418689K->418822K(602112K)
[1150.634s][info ][gc,metaspace ] GC(555) Metaspace: 57663K->57663K(1101824K)
[1150.634s][info ][gc           ] GC(555) Pause Young (Allocation Failure) 646M->411M(852M) 3.315ms
[1150.634s][info ][gc,cpu       ] GC(555) User=0.01s Sys=0.00s Real=0.00s
[1150.634s][info ][safepoint    ] Leaving safepoint region
[1150.634s][info ][safepoint    ] Total time for which application threads were stopped: 0.0034863 seconds, Stopping threads took: 0.0000472 seconds
[1153.100s][info ][safepoint    ] Application time: 2.4654991 seconds
[1153.100s][info ][safepoint    ] Entering safepoint region: GenCollectForAllocation
[1153.100s][info ][gc,start     ] GC(556) Pause Young (Allocation Failure)
[1153.100s][info ][gc,task      ] GC(556) Using 4 workers of 4 for evacuation
[1153.102s][debug][gc,ref       ] GC(556) Skipped phase1 of Reference Processing due to unavailable references
[1153.102s][debug][gc,ref       ] GC(556) Skipped phase2 of Reference Processing due to unavailable references
[1153.102s][debug][gc,ref       ] GC(556) Skipped phase3 of Reference Processing due to unavailable references
[1153.102s][debug][gc,ref       ] GC(556) Skipped phase4 of Reference Processing due to unavailable references
[1153.103s][debug][gc,age       ] GC(556) Desired survivor size 15400960 bytes, new threshold 6 (max threshold 6)
[1153.103s][info ][gc,heap      ] GC(556) ParNew: 243275K->1652K(270976K)
[1153.103s][info ][gc,heap      ] GC(556) CMS: 418822K->418888K(602112K)
[1153.103s][info ][gc,metaspace ] GC(556) Metaspace: 57663K->57663K(1101824K)
[1153.103s][info ][gc           ] GC(556) Pause Young (Allocation Failure) 646M->410M(852M) 2.860ms
[1153.103s][info ][gc,cpu       ] GC(556) User=0.01s Sys=0.00s Real=0.00s
[1153.103s][info ][safepoint    ] Leaving safepoint region
[1153.103s][info ][safepoint    ] Total time for which application threads were stopped: 0.0030251 seconds, Stopping threads took: 0.0000167 seconds
[1155.574s][info ][safepoint    ] Application time: 2.4718453 seconds
[1155.575s][info ][safepoint    ] Entering safepoint region: GenCollectForAllocation
[1155.575s][info ][gc,start     ] GC(557) Pause Young (Allocation Failure)
[1155.575s][info ][gc,task      ] GC(557) Using 4 workers of 4 for evacuation
[1155.577s][debug][gc,ref       ] GC(557) Skipped phase1 of Reference Processing due to unavailable references
[1155.577s][debug][gc,ref       ] GC(557) Skipped phase2 of Reference Processing due to unavailable references
[1155.577s][debug][gc,ref       ] GC(557) Skipped phase3 of Reference Processing due to unavailable references
[1155.577s][debug][gc,ref       ] GC(557) Skipped phase4 of Reference Processing due to unavailable references
[1155.578s][debug][gc,age       ] GC(557) Desired survivor size 15400960 bytes, new threshold 6 (max threshold 6)
[1155.578s][info ][gc,heap      ] GC(557) ParNew: 242548K->2184K(270976K)
[1155.578s][info ][gc,heap      ] GC(557) CMS: 418888K->418907K(602112K)
[1155.578s][info ][gc,metaspace ] GC(557) Metaspace: 57663K->57663K(1101824K)
[1155.578s][info ][gc           ] GC(557) Pause Young (Allocation Failure) 645M->411M(852M) 3.033ms
[1155.578s][info ][gc,cpu       ] GC(557) User=0.01s Sys=0.00s Real=0.01s
[1155.578s][info ][safepoint    ] Leaving safepoint region
[1155.578s][info ][safepoint    ] Total time for which application threads were stopped: 0.0032057 seconds, Stopping threads took: 0.0000163 seconds
[1158.081s][info ][safepoint    ] Application time: 2.5030576 seconds
[1158.081s][info ][safepoint    ] Entering safepoint region: GenCollectForAllocation
[1158.081s][info ][gc,start     ] GC(558) Pause Young (Allocation Failure)
[1158.081s][info ][gc,task      ] GC(558) Using 4 workers of 4 for evacuation
[1158.084s][debug][gc,ref       ] GC(558) Skipped phase1 of Reference Processing due to unavailable references
[1158.084s][debug][gc,ref       ] GC(558) Skipped phase2 of Reference Processing due to unavailable references
[1158.084s][debug][gc,ref       ] GC(558) Skipped phase3 of Reference Processing due to unavailable references
[1158.084s][debug][gc,ref       ] GC(558) Skipped phase4 of Reference Processing due to unavailable references
[1158.084s][debug][gc,age       ] GC(558) Desired survivor size 15400960 bytes, new threshold 6 (max threshold 6)
[1158.084s][info ][gc,heap      ] GC(558) ParNew: 243080K->2396K(270976K)
[1158.084s][info ][gc,heap      ] GC(558) CMS: 418907K->419055K(602112K)
[1158.084s][info ][gc,metaspace ] GC(558) Metaspace: 57664K->57664K(1101824K)
[1158.084s][info ][gc           ] GC(558) Pause Young (Allocation Failure) 646M->411M(852M) 3.462ms
[1158.084s][info ][gc,cpu       ] GC(558) User=0.01s Sys=0.00s Real=0.01s
[1158.084s][info ][safepoint    ] Leaving safepoint region
[1158.084s][info ][safepoint    ] Total time for which application threads were stopped: 0.0036083 seconds, Stopping threads took: 0.0000169 seconds
[1160.829s][info ][safepoint    ] Application time: 2.7445927 seconds
[1160.829s][info ][safepoint    ] Entering safepoint region: GenCollectForAllocation
[1160.829s][info ][gc,start     ] GC(559) Pause Young (Allocation Failure)
[1160.829s][info ][gc,task      ] GC(559) Using 4 workers of 4 for evacuation
[1160.832s][debug][gc,ref       ] GC(559) Skipped phase1 of Reference Processing due to unavailable references
[1160.832s][debug][gc,ref       ] GC(559) Skipped phase2 of Reference Processing due to unavailable references
[1160.832s][debug][gc,ref       ] GC(559) Skipped phase3 of Reference Processing due to unavailable references
[1160.832s][debug][gc,ref       ] GC(559) Skipped phase4 of Reference Processing due to unavailable references
[1160.832s][debug][gc,age       ] GC(559) Desired survivor size 15400960 bytes, new threshold 6 (max threshold 6)
[1160.832s][info ][gc,heap      ] GC(559) ParNew: 243292K->1751K(270976K)
[1160.832s][info ][gc,heap      ] GC(559) CMS: 419055K->419159K(602112K)
[1160.832s][info ][gc,metaspace ] GC(559) Metaspace: 57665K->57665K(1101824K)
[1160.832s][info ][gc           ] GC(559) Pause Young (Allocation Failure) 646M->411M(852M) 3.216ms
[1160.832s][info ][gc,cpu       ] GC(559) User=0.01s Sys=0.00s Real=0.00s
[1160.832s][info ][safepoint    ] Leaving safepoint region
[1160.832s][info ][safepoint    ] Total time for which application threads were stopped: 0.0033821 seconds, Stopping threads took: 0.0000174 seconds
[1162.833s][info ][safepoint    ] Application time: 2.0002031 seconds
[1162.833s][info ][safepoint    ] Entering safepoint region: Cleanup
[1162.833s][info ][safepoint    ] Leaving safepoint region
[1162.833s][info ][safepoint    ] Total time for which application threads were stopped: 0.0001436 seconds, Stopping threads took: 0.0000420 seconds
[1163.382s][info ][safepoint    ] Application time: 0.5488498 seconds
[1163.382s][info ][safepoint    ] Entering safepoint region: GenCollectForAllocation
[1163.382s][info ][gc,start     ] GC(560) Pause Young (Allocation Failure)
[1163.382s][info ][gc,task      ] GC(560) Using 4 workers of 4 for evacuation
[1163.385s][debug][gc,ref       ] GC(560) Skipped phase1 of Reference Processing due to unavailable references
[1163.385s][debug][gc,ref       ] GC(560) Skipped phase2 of Reference Processing due to unavailable references
[1163.385s][debug][gc,ref       ] GC(560) Skipped phase3 of Reference Processing due to unavailable references
[1163.385s][debug][gc,ref       ] GC(560) Skipped phase4 of Reference Processing due to unavailable references
[1163.385s][debug][gc,age       ] GC(560) Desired survivor size 15400960 bytes, new threshold 6 (max threshold 6)
[1163.385s][info ][gc,heap      ] GC(560) ParNew: 242647K->1766K(270976K)
[1163.385s][info ][gc,heap      ] GC(560) CMS: 419159K->419181K(602112K)
[1163.385s][info ][gc,metaspace ] GC(560) Metaspace: 57665K->57665K(1101824K)
[1163.385s][info ][gc           ] GC(560) Pause Young (Allocation Failure) 646M->411M(852M) 3.247ms
[1163.385s][info ][gc,cpu       ] GC(560) User=0.01s Sys=0.00s Real=0.01s
[1163.385s][info ][safepoint    ] Leaving safepoint region
[1163.385s][info ][safepoint    ] Total time for which application threads were stopped: 0.0033951 seconds, Stopping threads took: 0.0000170 seconds
[1165.924s][info ][safepoint    ] Application time: 2.5384992 seconds
[1165.924s][info ][safepoint    ] Entering safepoint region: GenCollectForAllocation
[1165.924s][info ][gc,start     ] GC(561) Pause Young (Allocation Failure)
[1165.924s][info ][gc,task      ] GC(561) Using 4 workers of 4 for evacuation
[1165.927s][debug][gc,ref       ] GC(561) Skipped phase1 of Reference Processing due to unavailable references
[1165.927s][debug][gc,ref       ] GC(561) Skipped phase2 of Reference Processing due to unavailable references
[1165.927s][debug][gc,ref       ] GC(561) Skipped phase3 of Reference Processing due to unavailable references
[1165.927s][debug][gc,ref       ] GC(561) Skipped phase4 of Reference Processing due to unavailable references
[1165.927s][debug][gc,age       ] GC(561) Desired survivor size 15400960 bytes, new threshold 6 (max threshold 6)
[1165.927s][info ][gc,heap      ] GC(561) ParNew: 242662K->2354K(270976K)
[1165.927s][info ][gc,heap      ] GC(561) CMS: 419181K->419297K(602112K)
[1165.927s][info ][gc,metaspace ] GC(561) Metaspace: 57665K->57665K(1101824K)
[1165.927s][info ][gc           ] GC(561) Pause Young (Allocation Failure) 646M->411M(852M) 3.075ms
[1165.927s][info ][gc,cpu       ] GC(561) User=0.01s Sys=0.01s Real=0.00s
[1165.927s][info ][safepoint    ] Leaving safepoint region
[1165.927s][info ][safepoint    ] Total time for which application threads were stopped: 0.0032905 seconds, Stopping threads took: 0.0000157 seconds
[1168.492s][info ][safepoint    ] Application time: 2.5649935 seconds
[1168.492s][info ][safepoint    ] Entering safepoint region: GenCollectForAllocation
[1168.492s][info ][gc,start     ] GC(562) Pause Young (Allocation Failure)
[1168.492s][info ][gc,task      ] GC(562) Using 4 workers of 4 for evacuation
[1168.495s][debug][gc,ref       ] GC(562) Skipped phase1 of Reference Processing due to unavailable references
[1168.495s][debug][gc,ref       ] GC(562) Skipped phase2 of Reference Processing due to unavailable references
[1168.495s][debug][gc,ref       ] GC(562) Skipped phase3 of Reference Processing due to unavailable references
[1168.495s][debug][gc,ref       ] GC(562) Skipped phase4 of Reference Processing due to unavailable references
[1168.495s][debug][gc,age       ] GC(562) Desired survivor size 15400960 bytes, new threshold 6 (max threshold 6)
[1168.495s][info ][gc,heap      ] GC(562) ParNew: 243250K->1610K(270976K)
[1168.495s][info ][gc,heap      ] GC(562) CMS: 419297K->419440K(602112K)
[1168.495s][info ][gc,metaspace ] GC(562) Metaspace: 57666K->57666K(1101824K)
[1168.495s][info ][gc           ] GC(562) Pause Young (Allocation Failure) 647M->411M(852M) 3.012ms
[1168.495s][info ][gc,cpu       ] GC(562) User=0.01s Sys=0.00s Real=0.00s
[1168.495s][info ][safepoint    ] Leaving safepoint region
[1168.495s][info ][safepoint    ] Total time for which application threads were stopped: 0.0031572 seconds, Stopping threads took: 0.0000159 seconds
[1169.495s][info ][safepoint    ] Application time: 1.0000911 seconds
[1169.495s][info ][safepoint    ] Entering safepoint region: Cleanup
[1169.495s][info ][safepoint    ] Leaving safepoint region
[1169.495s][info ][safepoint    ] Total time for which application threads were stopped: 0.0000768 seconds, Stopping threads took: 0.0000159 seconds
[1170.933s][info ][safepoint    ] Application time: 1.4373153 seconds
[1170.933s][info ][safepoint    ] Entering safepoint region: GenCollectForAllocation
[1170.933s][info ][gc,start     ] GC(563) Pause Young (Allocation Failure)
[1170.933s][info ][gc,task      ] GC(563) Using 4 workers of 4 for evacuation
[1170.935s][debug][gc,ref       ] GC(563) Skipped phase1 of Reference Processing due to unavailable references
[1170.935s][debug][gc,ref       ] GC(563) Skipped phase2 of Reference Processing due to unavailable references
[1170.935s][debug][gc,ref       ] GC(563) Skipped phase3 of Reference Processing due to unavailable references
[1170.935s][debug][gc,ref       ] GC(563) Skipped phase4 of Reference Processing due to unavailable references
[1170.935s][debug][gc,age       ] GC(563) Desired survivor size 15400960 bytes, new threshold 6 (max threshold 6)
[1170.935s][info ][gc,heap      ] GC(563) ParNew: 242506K->2386K(270976K)
[1170.936s][info ][gc,heap      ] GC(563) CMS: 419440K->419492K(602112K)
[1170.936s][info ][gc,metaspace ] GC(563) Metaspace: 57666K->57666K(1101824K)
[1170.936s][info ][gc           ] GC(563) Pause Young (Allocation Failure) 646M->411M(852M) 2.744ms
[1170.936s][info ][gc,cpu       ] GC(563) User=0.01s Sys=0.00s Real=0.00s
[1170.936s][info ][safepoint    ] Leaving safepoint region
[1170.936s][info ][safepoint    ] Total time for which application threads were stopped: 0.0028763 seconds, Stopping threads took: 0.0000161 seconds
[1171.220s][info ][safepoint    ] Application time: 0.2840492 seconds
[1171.220s][info ][safepoint    ] Entering safepoint region: RevokeBias
[1171.220s][info ][safepoint    ] Leaving safepoint region
[1171.220s][info ][safepoint    ] Total time for which application threads were stopped: 0.0000883 seconds, Stopping threads took: 0.0000261 seconds
[1173.220s][info ][safepoint    ] Application time: 2.0002411 seconds
[1173.220s][info ][safepoint    ] Entering safepoint region: Cleanup
[1173.220s][info ][safepoint    ] Leaving safepoint region
[1173.220s][info ][safepoint    ] Total time for which application threads were stopped: 0.0000785 seconds, Stopping threads took: 0.0000184 seconds
[1173.278s][info ][safepoint    ] Application time: 0.0576368 seconds
[1173.278s][info ][safepoint    ] Entering safepoint region: GenCollectForAllocation
[1173.278s][info ][gc,start     ] GC(564) Pause Young (Allocation Failure)
[1173.278s][info ][gc,task      ] GC(564) Using 4 workers of 4 for evacuation
[1173.282s][debug][gc,ref       ] GC(564) Skipped phase1 of Reference Processing due to unavailable references
[1173.282s][debug][gc,ref       ] GC(564) Skipped phase2 of Reference Processing due to unavailable references
[1173.282s][debug][gc,ref       ] GC(564) Skipped phase3 of Reference Processing due to unavailable references
[1173.282s][debug][gc,ref       ] GC(564) Skipped phase4 of Reference Processing due to unavailable references
[1173.282s][debug][gc,age       ] GC(564) Desired survivor size 15400960 bytes, new threshold 6 (max threshold 6)
[1173.282s][info ][gc,heap      ] GC(564) ParNew: 243282K->5125K(270976K)
[1173.282s][info ][gc,heap      ] GC(564) CMS: 419492K->419624K(602112K)
[1173.282s][info ][gc,metaspace ] GC(564) Metaspace: 57666K->57666K(1101824K)
[1173.282s][info ][gc           ] GC(564) Pause Young (Allocation Failure) 647M->414M(852M) 4.501ms
[1173.282s][info ][gc,cpu       ] GC(564) User=0.02s Sys=0.00s Real=0.00s
[1173.282s][info ][safepoint    ] Leaving safepoint region
[1173.282s][info ][safepoint    ] Total time for which application threads were stopped: 0.0046536 seconds, Stopping threads took: 0.0000202 seconds
[1175.876s][info ][safepoint    ] Application time: 2.5933965 seconds
[1175.876s][info ][safepoint    ] Entering safepoint region: GenCollectForAllocation
[1175.876s][info ][gc,start     ] GC(565) Pause Young (Allocation Failure)
[1175.876s][info ][gc,task      ] GC(565) Using 4 workers of 4 for evacuation
[1175.880s][debug][gc,ref       ] GC(565) Skipped phase1 of Reference Processing due to unavailable references
[1175.880s][debug][gc,ref       ] GC(565) Skipped phase2 of Reference Processing due to unavailable references
[1175.880s][debug][gc,ref       ] GC(565) Skipped phase3 of Reference Processing due to unavailable references
[1175.880s][debug][gc,ref       ] GC(565) Skipped phase4 of Reference Processing due to unavailable references
[1175.880s][debug][gc,age       ] GC(565) Desired survivor size 15400960 bytes, new threshold 6 (max threshold 6)
[1175.880s][info ][gc,heap      ] GC(565) ParNew: 246021K->6415K(270976K)
[1175.880s][info ][gc,heap      ] GC(565) CMS: 419624K->419649K(602112K)
[1175.880s][info ][gc,metaspace ] GC(565) Metaspace: 57666K->57666K(1101824K)
[1175.880s][info ][gc           ] GC(565) Pause Young (Allocation Failure) 650M->416M(852M) 4.272ms
[1175.880s][info ][gc,cpu       ] GC(565) User=0.02s Sys=0.00s Real=0.00s
[1175.880s][info ][safepoint    ] Leaving safepoint region
[1175.880s][info ][safepoint    ] Total time for which application threads were stopped: 0.0044249 seconds, Stopping threads took: 0.0000191 seconds
[1177.881s][info ][safepoint    ] Application time: 2.0001814 seconds
[1177.881s][info ][safepoint    ] Entering safepoint region: Cleanup
[1177.881s][info ][safepoint    ] Leaving safepoint region
[1177.881s][info ][safepoint    ] Total time for which application threads were stopped: 0.0001279 seconds, Stopping threads took: 0.0000410 seconds
[1178.323s][info ][safepoint    ] Application time: 0.4423357 seconds
[1178.323s][info ][safepoint    ] Entering safepoint region: GenCollectForAllocation
[1178.323s][info ][gc,start     ] GC(566) Pause Young (Allocation Failure)
[1178.323s][info ][gc,task      ] GC(566) Using 4 workers of 4 for evacuation
[1178.327s][debug][gc,ref       ] GC(566) Skipped phase1 of Reference Processing due to unavailable references
[1178.327s][debug][gc,ref       ] GC(566) Skipped phase2 of Reference Processing due to unavailable references
[1178.327s][debug][gc,ref       ] GC(566) Skipped phase3 of Reference Processing due to unavailable references
[1178.327s][debug][gc,ref       ] GC(566) Skipped phase4 of Reference Processing due to unavailable references
[1178.327s][debug][gc,age       ] GC(566) Desired survivor size 15400960 bytes, new threshold 6 (max threshold 6)
[1178.327s][info ][gc,heap      ] GC(566) ParNew: 247311K->7682K(270976K)
[1178.327s][info ][gc,heap      ] GC(566) CMS: 419649K->419670K(602112K)
[1178.327s][info ][gc,metaspace ] GC(566) Metaspace: 57666K->57666K(1101824K)
[1178.327s][info ][gc           ] GC(566) Pause Young (Allocation Failure) 651M->417M(852M) 4.037ms
[1178.327s][info ][gc,cpu       ] GC(566) User=0.01s Sys=0.00s Real=0.01s
[1178.327s][info ][safepoint    ] Leaving safepoint region
[1178.327s][info ][safepoint    ] Total time for which application threads were stopped: 0.0042044 seconds, Stopping threads took: 0.0000405 seconds
[1180.723s][info ][safepoint    ] Application time: 2.3957863 seconds
[1180.723s][info ][safepoint    ] Entering safepoint region: GenCollectForAllocation
[1180.723s][info ][gc,start     ] GC(567) Pause Young (Allocation Failure)
[1180.723s][info ][gc,task      ] GC(567) Using 4 workers of 4 for evacuation
[1180.728s][debug][gc,ref       ] GC(567) Skipped phase1 of Reference Processing due to unavailable references
[1180.728s][debug][gc,ref       ] GC(567) Skipped phase2 of Reference Processing due to unavailable references
[1180.728s][debug][gc,ref       ] GC(567) Skipped phase3 of Reference Processing due to unavailable references
[1180.728s][debug][gc,ref       ] GC(567) Skipped phase4 of Reference Processing due to unavailable references
[1180.728s][debug][gc,age       ] GC(567) Desired survivor size 15400960 bytes, new threshold 6 (max threshold 6)
[1180.728s][info ][gc,heap      ] GC(567) ParNew: 248578K->7073K(270976K)
[1180.728s][info ][gc,heap      ] GC(567) CMS: 419670K->419893K(602112K)
[1180.728s][info ][gc,metaspace ] GC(567) Metaspace: 57667K->57667K(1101824K)
[1180.728s][info ][gc           ] GC(567) Pause Young (Allocation Failure) 652M->416M(852M) 4.461ms
[1180.728s][info ][gc,cpu       ] GC(567) User=0.02s Sys=0.00s Real=0.01s
[1180.728s][info ][safepoint    ] Leaving safepoint region
[1180.728s][info ][safepoint    ] Total time for which application threads were stopped: 0.0046598 seconds, Stopping threads took: 0.0000539 seconds
[1183.292s][info ][safepoint    ] Application time: 2.5641813 seconds
[1183.292s][info ][safepoint    ] Entering safepoint region: GenCollectForAllocation
[1183.292s][info ][gc,start     ] GC(568) Pause Young (Allocation Failure)
[1183.292s][info ][gc,task      ] GC(568) Using 4 workers of 4 for evacuation
[1183.296s][debug][gc,ref       ] GC(568) Skipped phase1 of Reference Processing due to unavailable references
[1183.296s][debug][gc,ref       ] GC(568) Skipped phase2 of Reference Processing due to unavailable references
[1183.296s][debug][gc,ref       ] GC(568) Skipped phase3 of Reference Processing due to unavailable references
[1183.296s][debug][gc,ref       ] GC(568) Skipped phase4 of Reference Processing due to unavailable references
[1183.296s][debug][gc,age       ] GC(568) Desired survivor size 15400960 bytes, new threshold 6 (max threshold 6)
[1183.296s][info ][gc,heap      ] GC(568) ParNew: 247969K->6963K(270976K)
[1183.296s][info ][gc,heap      ] GC(568) CMS: 419893K->419988K(602112K)
[1183.296s][info ][gc,metaspace ] GC(568) Metaspace: 57668K->57668K(1101824K)
[1183.296s][info ][gc           ] GC(568) Pause Young (Allocation Failure) 652M->416M(852M) 4.295ms
[1183.296s][info ][gc,cpu       ] GC(568) User=0.02s Sys=0.00s Real=0.01s
[1183.296s][info ][safepoint    ] Leaving safepoint region
[1183.296s][info ][safepoint    ] Total time for which application threads were stopped: 0.0044715 seconds, Stopping threads took: 0.0000178 seconds
[1185.744s][info ][safepoint    ] Application time: 2.4477012 seconds
[1185.744s][info ][safepoint    ] Entering safepoint region: GenCollectForAllocation
[1185.744s][info ][gc,start     ] GC(569) Pause Young (Allocation Failure)
[1185.744s][info ][gc,task      ] GC(569) Using 4 workers of 4 for evacuation
[1185.748s][debug][gc,ref       ] GC(569) Skipped phase1 of Reference Processing due to unavailable references
[1185.748s][debug][gc,ref       ] GC(569) Skipped phase2 of Reference Processing due to unavailable references
[1185.748s][debug][gc,ref       ] GC(569) Skipped phase3 of Reference Processing due to unavailable references
[1185.748s][debug][gc,ref       ] GC(569) Skipped phase4 of Reference Processing due to unavailable references
[1185.748s][debug][gc,age       ] GC(569) Desired survivor size 15400960 bytes, new threshold 6 (max threshold 6)
[1185.748s][info ][gc,heap      ] GC(569) ParNew: 247859K->6941K(270976K)
[1185.748s][info ][gc,heap      ] GC(569) CMS: 419988K->420067K(602112K)
[1185.748s][info ][gc,metaspace ] GC(569) Metaspace: 57672K->57672K(1101824K)
[1185.748s][info ][gc           ] GC(569) Pause Young (Allocation Failure) 652M->417M(852M) 3.944ms
[1185.748s][info ][gc,cpu       ] GC(569) User=0.01s Sys=0.00s Real=0.00s
[1185.748s][info ][safepoint    ] Leaving safepoint region
[1185.748s][info ][safepoint    ] Total time for which application threads were stopped: 0.0041011 seconds, Stopping threads took: 0.0000252 seconds
[1186.748s][info ][safepoint    ] Application time: 1.0001219 seconds
[1186.748s][info ][safepoint    ] Entering safepoint region: Cleanup
[1186.749s][info ][safepoint    ] Leaving safepoint region
[1186.749s][info ][safepoint    ] Total time for which application threads were stopped: 0.0001068 seconds, Stopping threads took: 0.0000338 seconds
[1187.894s][info ][safepoint    ] Application time: 1.1453382 seconds
[1187.894s][info ][safepoint    ] Entering safepoint region: GenCollectForAllocation
[1187.894s][info ][gc,start     ] GC(570) Pause Young (Allocation Failure)
[1187.894s][info ][gc,task      ] GC(570) Using 4 workers of 4 for evacuation
[1187.903s][debug][gc,ref       ] GC(570) Skipped phase1 of Reference Processing due to unavailable references
[1187.903s][debug][gc,ref       ] GC(570) Skipped phase2 of Reference Processing due to unavailable references
[1187.903s][debug][gc,ref       ] GC(570) Skipped phase3 of Reference Processing due to unavailable references
[1187.903s][debug][gc,ref       ] GC(570) Skipped phase4 of Reference Processing due to unavailable references
[1187.903s][debug][gc,age       ] GC(570) Desired survivor size 15400960 bytes, new threshold 6 (max threshold 6)
[1187.903s][info ][gc,heap      ] GC(570) ParNew: 247837K->5851K(270976K)
[1187.903s][info ][gc,heap      ] GC(570) CMS: 420067K->422515K(602112K)
[1187.903s][info ][gc,metaspace ] GC(570) Metaspace: 57673K->57673K(1101824K)
[1187.903s][info ][gc           ] GC(570) Pause Young (Allocation Failure) 652M->418M(852M) 8.786ms
[1187.903s][info ][gc,cpu       ] GC(570) User=0.03s Sys=0.01s Real=0.01s
[1187.903s][info ][safepoint    ] Leaving safepoint region
[1187.903s][info ][safepoint    ] Total time for which application threads were stopped: 0.0089261 seconds, Stopping threads took: 0.0000163 seconds
[1188.903s][info ][safepoint    ] Application time: 1.0001231 seconds
[1188.903s][info ][safepoint    ] Entering safepoint region: Cleanup
[1188.903s][info ][safepoint    ] Leaving safepoint region
[1188.903s][info ][safepoint    ] Total time for which application threads were stopped: 0.0000955 seconds, Stopping threads took: 0.0000183 seconds
[1190.164s][info ][safepoint    ] Application time: 1.2603860 seconds
[1190.164s][info ][safepoint    ] Entering safepoint region: GenCollectForAllocation
[1190.164s][info ][gc,start     ] GC(571) Pause Young (Allocation Failure)
[1190.164s][info ][gc,task      ] GC(571) Using 4 workers of 4 for evacuation
[1190.168s][debug][gc,ref       ] GC(571) Skipped phase1 of Reference Processing due to unavailable references
[1190.168s][debug][gc,ref       ] GC(571) Skipped phase2 of Reference Processing due to unavailable references
[1190.168s][debug][gc,ref       ] GC(571) Skipped phase3 of Reference Processing due to unavailable references
[1190.168s][debug][gc,ref       ] GC(571) Skipped phase4 of Reference Processing due to unavailable references
[1190.168s][debug][gc,age       ] GC(571) Desired survivor size 15400960 bytes, new threshold 6 (max threshold 6)
[1190.168s][info ][gc,heap      ] GC(571) ParNew: 246747K->6032K(270976K)
[1190.168s][info ][gc,heap      ] GC(571) CMS: 422515K->422669K(602112K)
[1190.168s][info ][gc,metaspace ] GC(571) Metaspace: 57677K->57677K(1101824K)
[1190.168s][info ][gc           ] GC(571) Pause Young (Allocation Failure) 653M->418M(852M) 4.804ms
[1190.168s][info ][gc,cpu       ] GC(571) User=0.01s Sys=0.01s Real=0.01s
[1190.168s][info ][safepoint    ] Leaving safepoint region
[1190.168s][info ][safepoint    ] Total time for which application threads were stopped: 0.0049510 seconds, Stopping threads took: 0.0000164 seconds
[1191.169s][info ][safepoint    ] Application time: 1.0000994 seconds
[1191.169s][info ][safepoint    ] Entering safepoint region: Cleanup
[1191.169s][info ][safepoint    ] Leaving safepoint region
[1191.169s][info ][safepoint    ] Total time for which application threads were stopped: 0.0000894 seconds, Stopping threads took: 0.0000175 seconds
[1192.533s][info ][safepoint    ] Application time: 1.3645904 seconds
[1192.533s][info ][safepoint    ] Entering safepoint region: GenCollectForAllocation
[1192.534s][info ][gc,start     ] GC(572) Pause Young (Allocation Failure)
[1192.534s][info ][gc,task      ] GC(572) Using 4 workers of 4 for evacuation
[1192.538s][debug][gc,ref       ] GC(572) Skipped phase1 of Reference Processing due to unavailable references
[1192.538s][debug][gc,ref       ] GC(572) Skipped phase2 of Reference Processing due to unavailable references
[1192.538s][debug][gc,ref       ] GC(572) Skipped phase3 of Reference Processing due to unavailable references
[1192.538s][debug][gc,ref       ] GC(572) Skipped phase4 of Reference Processing due to unavailable references
[1192.538s][debug][gc,age       ] GC(572) Desired survivor size 15400960 bytes, new threshold 6 (max threshold 6)
[1192.538s][info ][gc,heap      ] GC(572) ParNew: 246928K->7613K(270976K)
[1192.538s][info ][gc,heap      ] GC(572) CMS: 422669K->422694K(602112K)
[1192.538s][info ][gc,metaspace ] GC(572) Metaspace: 57682K->57682K(1101824K)
[1192.538s][info ][gc           ] GC(572) Pause Young (Allocation Failure) 653M->420M(852M) 4.609ms
[1192.538s][info ][gc,cpu       ] GC(572) User=0.02s Sys=0.00s Real=0.01s
[1192.538s][info ][safepoint    ] Leaving safepoint region
[1192.538s][info ][safepoint    ] Total time for which application threads were stopped: 0.0048175 seconds, Stopping threads took: 0.0000165 seconds
[1193.538s][info ][safepoint    ] Application time: 1.0001033 seconds
[1193.538s][info ][safepoint    ] Entering safepoint region: Cleanup
[1193.538s][info ][safepoint    ] Leaving safepoint region
[1193.538s][info ][safepoint    ] Total time for which application threads were stopped: 0.0000825 seconds, Stopping threads took: 0.0000165 seconds
[1194.698s][info ][safepoint    ] Application time: 1.1592958 seconds
[1194.698s][info ][safepoint    ] Entering safepoint region: GenCollectForAllocation
[1194.698s][info ][gc,start     ] GC(573) Pause Young (Allocation Failure)
[1194.698s][info ][gc,task      ] GC(573) Using 4 workers of 4 for evacuation
[1194.703s][debug][gc,ref       ] GC(573) Skipped phase1 of Reference Processing due to unavailable references
[1194.703s][debug][gc,ref       ] GC(573) Skipped phase3 of Reference Processing due to unavailable references
[1194.703s][debug][gc,ref       ] GC(573) Skipped phase4 of Reference Processing due to unavailable references
[1194.703s][debug][gc,age       ] GC(573) Desired survivor size 15400960 bytes, new threshold 6 (max threshold 6)
[1194.703s][info ][gc,heap      ] GC(573) ParNew: 248509K->10275K(270976K)
[1194.703s][info ][gc,heap      ] GC(573) CMS: 422694K->422721K(602112K)
[1194.703s][info ][gc,metaspace ] GC(573) Metaspace: 57683K->57683K(1101824K)
[1194.703s][info ][gc           ] GC(573) Pause Young (Allocation Failure) 655M->422M(852M) 5.304ms
[1194.703s][info ][gc,cpu       ] GC(573) User=0.02s Sys=0.00s Real=0.00s
[1194.703s][info ][safepoint    ] Leaving safepoint region
[1194.703s][info ][safepoint    ] Total time for which application threads were stopped: 0.0054962 seconds, Stopping threads took: 0.0000612 seconds
[1196.703s][info ][safepoint    ] Application time: 2.0002052 seconds
[1196.704s][info ][safepoint    ] Entering safepoint region: Cleanup
[1196.704s][info ][safepoint    ] Leaving safepoint region
[1196.704s][info ][safepoint    ] Total time for which application threads were stopped: 0.0001114 seconds, Stopping threads took: 0.0000389 seconds
[1196.791s][info ][safepoint    ] Application time: 0.0872070 seconds
[1196.791s][info ][safepoint    ] Entering safepoint region: GenCollectForAllocation
[1196.791s][info ][gc,start     ] GC(574) Pause Young (Allocation Failure)
[1196.791s][info ][gc,task      ] GC(574) Using 4 workers of 4 for evacuation
[1196.797s][debug][gc,ref       ] GC(574) Skipped phase1 of Reference Processing due to unavailable references
[1196.797s][debug][gc,ref       ] GC(574) Skipped phase3 of Reference Processing due to unavailable references
[1196.797s][debug][gc,ref       ] GC(574) Skipped phase4 of Reference Processing due to unavailable references
[1196.797s][debug][gc,age       ] GC(574) Desired survivor size 15400960 bytes, new threshold 6 (max threshold 6)
[1196.797s][info ][gc,heap      ] GC(574) ParNew: 251171K->11561K(270976K)
[1196.797s][info ][gc,heap      ] GC(574) CMS: 422721K->422750K(602112K)
[1196.797s][info ][gc,metaspace ] GC(574) Metaspace: 57692K->57692K(1101824K)
[1196.797s][info ][gc           ] GC(574) Pause Young (Allocation Failure) 658M->424M(852M) 6.437ms
[1196.797s][info ][gc,cpu       ] GC(574) User=0.02s Sys=0.01s Real=0.01s
[1196.797s][info ][safepoint    ] Leaving safepoint region
[1196.797s][info ][safepoint    ] Total time for which application threads were stopped: 0.0065971 seconds, Stopping threads took: 0.0000179 seconds
[1198.798s][info ][safepoint    ] Application time: 2.0002189 seconds
[1198.798s][info ][safepoint    ] Entering safepoint region: Cleanup
[1198.798s][info ][safepoint    ] Leaving safepoint region
[1198.798s][info ][safepoint    ] Total time for which application threads were stopped: 0.0000799 seconds, Stopping threads took: 0.0000166 seconds
[1198.881s][info ][safepoint    ] Application time: 0.0827329 seconds
[1198.881s][info ][safepoint    ] Entering safepoint region: GenCollectForAllocation
[1198.881s][info ][gc,start     ] GC(575) Pause Young (Allocation Failure)
[1198.881s][info ][gc,task      ] GC(575) Using 4 workers of 4 for evacuation
[1198.886s][debug][gc,ref       ] GC(575) Skipped phase1 of Reference Processing due to unavailable references
[1198.886s][debug][gc,ref       ] GC(575) Skipped phase3 of Reference Processing due to unavailable references
[1198.886s][debug][gc,ref       ] GC(575) Skipped phase4 of Reference Processing due to unavailable references
[1198.887s][debug][gc,age       ] GC(575) Desired survivor size 15400960 bytes, new threshold 6 (max threshold 6)
[1198.887s][info ][gc,heap      ] GC(575) ParNew: 252457K->13728K(270976K)
[1198.887s][info ][gc,heap      ] GC(575) CMS: 422750K->422860K(602112K)
[1198.887s][info ][gc,metaspace ] GC(575) Metaspace: 57695K->57695K(1101824K)
[1198.887s][info ][gc           ] GC(575) Pause Young (Allocation Failure) 659M->426M(852M) 6.112ms
[1198.887s][info ][gc,cpu       ] GC(575) User=0.02s Sys=0.00s Real=0.01s
[1198.887s][info ][safepoint    ] Leaving safepoint region
[1198.887s][info ][safepoint    ] Total time for which application threads were stopped: 0.0062785 seconds, Stopping threads took: 0.0000174 seconds
[1200.887s][info ][safepoint    ] Application time: 2.0001636 seconds
[1200.887s][info ][safepoint    ] Entering safepoint region: Cleanup
[1200.887s][info ][safepoint    ] Leaving safepoint region
[1200.887s][info ][safepoint    ] Total time for which application threads were stopped: 0.0000882 seconds, Stopping threads took: 0.0000173 seconds
[1201.085s][info ][safepoint    ] Application time: 0.1976516 seconds
[1201.085s][info ][safepoint    ] Entering safepoint region: GenCollectForAllocation
[1201.085s][info ][gc,start     ] GC(576) Pause Young (Allocation Failure)
[1201.085s][info ][gc,task      ] GC(576) Using 4 workers of 4 for evacuation
[1201.092s][debug][gc,ref       ] GC(576) Skipped phase1 of Reference Processing due to unavailable references
[1201.092s][debug][gc,ref       ] GC(576) Skipped phase3 of Reference Processing due to unavailable references
[1201.092s][debug][gc,ref       ] GC(576) Skipped phase4 of Reference Processing due to unavailable references
[1201.092s][debug][gc,age       ] GC(576) Desired survivor size 15400960 bytes, new threshold 6 (max threshold 6)
[1201.092s][info ][gc,heap      ] GC(576) ParNew: 254624K->11370K(270976K)
[1201.092s][info ][gc,heap      ] GC(576) CMS: 422860K->423674K(602112K)
[1201.092s][info ][gc,metaspace ] GC(576) Metaspace: 57700K->57700K(1101824K)
[1201.092s][info ][gc           ] GC(576) Pause Young (Allocation Failure) 661M->424M(852M) 7.144ms
[1201.092s][info ][gc,cpu       ] GC(576) User=0.03s Sys=0.00s Real=0.00s
[1201.092s][info ][safepoint    ] Leaving safepoint region
[1201.092s][info ][safepoint    ] Total time for which application threads were stopped: 0.0073041 seconds, Stopping threads took: 0.0000284 seconds
[1203.092s][info ][safepoint    ] Application time: 2.0001640 seconds
[1203.093s][info ][safepoint    ] Entering safepoint region: Cleanup
[1203.093s][info ][safepoint    ] Leaving safepoint region
[1203.093s][info ][safepoint    ] Total time for which application threads were stopped: 0.0006104 seconds, Stopping threads took: 0.0005465 seconds
[1203.375s][info ][safepoint    ] Application time: 0.2819937 seconds
[1203.375s][info ][safepoint    ] Entering safepoint region: GenCollectForAllocation
[1203.375s][info ][gc,start     ] GC(577) Pause Young (Allocation Failure)
[1203.375s][info ][gc,task      ] GC(577) Using 4 workers of 4 for evacuation
[1203.383s][debug][gc,ref       ] GC(577) Skipped phase1 of Reference Processing due to unavailable references
[1203.383s][debug][gc,ref       ] GC(577) Skipped phase3 of Reference Processing due to unavailable references
[1203.383s][debug][gc,ref       ] GC(577) Skipped phase4 of Reference Processing due to unavailable references
[1203.383s][debug][gc,age       ] GC(577) Desired survivor size 15400960 bytes, new threshold 6 (max threshold 6)
[1203.383s][info ][gc,heap      ] GC(577) ParNew: 252266K->16807K(270976K)
[1203.383s][info ][gc,heap      ] GC(577) CMS: 423674K->424384K(602112K)
[1203.383s][info ][gc,metaspace ] GC(577) Metaspace: 57717K->57717K(1101824K)
[1203.383s][info ][gc           ] GC(577) Pause Young (Allocation Failure) 660M->430M(852M) 7.949ms
[1203.383s][info ][gc,cpu       ] GC(577) User=0.03s Sys=0.00s Real=0.01s
[1203.383s][info ][safepoint    ] Leaving safepoint region
[1203.383s][info ][safepoint    ] Total time for which application threads were stopped: 0.0081098 seconds, Stopping threads took: 0.0000185 seconds
[1205.383s][info ][safepoint    ] Application time: 2.0001603 seconds
[1205.383s][info ][safepoint    ] Entering safepoint region: Cleanup
[1205.383s][info ][safepoint    ] Leaving safepoint region
[1205.383s][info ][safepoint    ] Total time for which application threads were stopped: 0.0001178 seconds, Stopping threads took: 0.0000405 seconds
[1205.523s][info ][safepoint    ] Application time: 0.1395359 seconds
[1205.523s][info ][safepoint    ] Entering safepoint region: GenCollectForAllocation
[1205.523s][info ][gc,start     ] GC(578) Pause Young (Allocation Failure)
[1205.523s][info ][gc,task      ] GC(578) Using 4 workers of 4 for evacuation
[1205.531s][debug][gc,ref       ] GC(578) Skipped phase1 of Reference Processing due to unavailable references
[1205.531s][debug][gc,ref       ] GC(578) Skipped phase3 of Reference Processing due to unavailable references
[1205.531s][debug][gc,ref       ] GC(578) Skipped phase4 of Reference Processing due to unavailable references
[1205.531s][debug][gc,age       ] GC(578) Desired survivor size 15400960 bytes, new threshold 6 (max threshold 6)
[1205.531s][info ][gc,heap      ] GC(578) ParNew: 257703K->15444K(270976K)
[1205.531s][info ][gc,heap      ] GC(578) CMS: 424384K->425299K(602112K)
[1205.531s][info ][gc,metaspace ] GC(578) Metaspace: 57720K->57720K(1101824K)
[1205.531s][info ][gc           ] GC(578) Pause Young (Allocation Failure) 666M->430M(852M) 7.911ms
[1205.531s][info ][gc,cpu       ] GC(578) User=0.04s Sys=0.00s Real=0.01s
[1205.531s][info ][safepoint    ] Leaving safepoint region
[1205.531s][info ][safepoint    ] Total time for which application threads were stopped: 0.0080964 seconds, Stopping threads took: 0.0000403 seconds
[1206.531s][info ][safepoint    ] Application time: 1.0001127 seconds
[1206.531s][info ][safepoint    ] Entering safepoint region: Cleanup
[1206.531s][info ][safepoint    ] Leaving safepoint region
[1206.531s][info ][safepoint    ] Total time for which application threads were stopped: 0.0001151 seconds, Stopping threads took: 0.0000412 seconds
[1207.531s][info ][safepoint    ] Application time: 1.0001022 seconds
[1207.532s][info ][safepoint    ] Entering safepoint region: Cleanup
[1207.532s][info ][safepoint    ] Leaving safepoint region
[1207.532s][info ][safepoint    ] Total time for which application threads were stopped: 0.0001462 seconds, Stopping threads took: 0.0000716 seconds
[1207.808s][info ][safepoint    ] Application time: 0.2764011 seconds
[1207.808s][info ][safepoint    ] Entering safepoint region: GenCollectForAllocation
[1207.808s][info ][gc,start     ] GC(579) Pause Young (Allocation Failure)
[1207.808s][info ][gc,task      ] GC(579) Using 4 workers of 4 for evacuation
[1207.816s][debug][gc,ref       ] GC(579) Skipped phase1 of Reference Processing due to unavailable references
[1207.816s][debug][gc,ref       ] GC(579) Skipped phase2 of Reference Processing due to unavailable references
[1207.816s][debug][gc,ref       ] GC(579) Skipped phase3 of Reference Processing due to unavailable references
[1207.816s][debug][gc,ref       ] GC(579) Skipped phase4 of Reference Processing due to unavailable references
[1207.816s][debug][gc,age       ] GC(579) Desired survivor size 15400960 bytes, new threshold 6 (max threshold 6)
[1207.816s][info ][gc,heap      ] GC(579) ParNew: 256340K->15905K(270976K)
[1207.816s][info ][gc,heap      ] GC(579) CMS: 425299K->426455K(602112K)
[1207.816s][info ][gc,metaspace ] GC(579) Metaspace: 57720K->57720K(1101824K)
[1207.817s][info ][gc           ] GC(579) Pause Young (Allocation Failure) 665M->431M(852M) 8.310ms
[1207.817s][info ][gc,cpu       ] GC(579) User=0.03s Sys=0.00s Real=0.01s
[1207.817s][info ][safepoint    ] Leaving safepoint region
[1207.817s][info ][safepoint    ] Total time for which application threads were stopped: 0.0084677 seconds, Stopping threads took: 0.0000181 seconds
[1208.817s][info ][safepoint    ] Application time: 1.0001235 seconds
[1208.817s][info ][safepoint    ] Entering safepoint region: Cleanup
[1208.817s][info ][safepoint    ] Leaving safepoint region
[1208.817s][info ][safepoint    ] Total time for which application threads were stopped: 0.0002186 seconds, Stopping threads took: 0.0001471 seconds
[1209.990s][info ][safepoint    ] Application time: 1.1727275 seconds
[1209.990s][info ][safepoint    ] Entering safepoint region: GenCollectForAllocation
[1209.990s][info ][gc,start     ] GC(580) Pause Young (Allocation Failure)
[1209.990s][info ][gc,task      ] GC(580) Using 4 workers of 4 for evacuation
[1209.998s][debug][gc,ref       ] GC(580) Skipped phase1 of Reference Processing due to unavailable references
[1209.998s][debug][gc,ref       ] GC(580) Skipped phase3 of Reference Processing due to unavailable references
[1209.998s][debug][gc,ref       ] GC(580) Skipped phase4 of Reference Processing due to unavailable references
[1209.998s][debug][gc,age       ] GC(580) Desired survivor size 15400960 bytes, new threshold 6 (max threshold 6)
[1209.998s][info ][gc,heap      ] GC(580) ParNew: 256801K->13375K(270976K)
[1209.998s][info ][gc,heap      ] GC(580) CMS: 426455K->427781K(602112K)
[1209.998s][info ][gc,metaspace ] GC(580) Metaspace: 57721K->57721K(1101824K)
[1209.998s][info ][gc           ] GC(580) Pause Young (Allocation Failure) 667M->430M(852M) 8.024ms
[1209.998s][info ][gc,cpu       ] GC(580) User=0.02s Sys=0.01s Real=0.01s
[1209.998s][info ][safepoint    ] Leaving safepoint region
[1209.998s][info ][safepoint    ] Total time for which application threads were stopped: 0.0081752 seconds, Stopping threads took: 0.0000192 seconds
[1210.998s][info ][safepoint    ] Application time: 1.0001045 seconds
[1210.998s][info ][safepoint    ] Entering safepoint region: Cleanup
[1210.998s][info ][safepoint    ] Leaving safepoint region
[1210.998s][info ][safepoint    ] Total time for which application threads were stopped: 0.0000860 seconds, Stopping threads took: 0.0000164 seconds
[1212.153s][info ][safepoint    ] Application time: 1.1548952 seconds
[1212.153s][info ][safepoint    ] Entering safepoint region: GenCollectForAllocation
[1212.153s][info ][gc,start     ] GC(581) Pause Young (Allocation Failure)
[1212.153s][info ][gc,task      ] GC(581) Using 4 workers of 4 for evacuation
[1212.172s][debug][gc,ref       ] GC(581) Skipped phase1 of Reference Processing due to unavailable references
[1212.172s][debug][gc,ref       ] GC(581) Skipped phase3 of Reference Processing due to unavailable references
[1212.172s][debug][gc,age       ] GC(581) Desired survivor size 15400960 bytes, new threshold 6 (max threshold 6)
[1212.172s][info ][gc,heap      ] GC(581) ParNew: 254271K->16211K(270976K)
[1212.172s][info ][gc,heap      ] GC(581) CMS: 427781K->428932K(602112K)
[1212.173s][info ][gc,metaspace ] GC(581) Metaspace: 57730K->57730K(1101824K)
[1212.173s][info ][gc           ] GC(581) Pause Young (Allocation Failure) 666M->434M(852M) 19.876ms
[1212.173s][info ][gc,cpu       ] GC(581) User=0.05s Sys=0.00s Real=0.02s
[1212.173s][info ][safepoint    ] Leaving safepoint region
[1212.173s][info ][safepoint    ] Total time for which application threads were stopped: 0.0200521 seconds, Stopping threads took: 0.0000304 seconds
[1213.173s][info ][safepoint    ] Application time: 1.0001284 seconds
[1213.173s][info ][safepoint    ] Entering safepoint region: Cleanup
[1213.173s][info ][safepoint    ] Leaving safepoint region
[1213.173s][info ][safepoint    ] Total time for which application threads were stopped: 0.0001490 seconds, Stopping threads took: 0.0000416 seconds
[1214.274s][info ][safepoint    ] Application time: 1.1003557 seconds
[1214.274s][info ][safepoint    ] Entering safepoint region: GenCollectForAllocation
[1214.274s][info ][gc,start     ] GC(582) Pause Young (Allocation Failure)
[1214.274s][info ][gc,task      ] GC(582) Using 4 workers of 4 for evacuation
[1214.281s][debug][gc,ref       ] GC(582) Skipped phase1 of Reference Processing due to unavailable references
[1214.282s][debug][gc,ref       ] GC(582) Skipped phase3 of Reference Processing due to unavailable references
[1214.282s][debug][gc,ref       ] GC(582) Skipped phase4 of Reference Processing due to unavailable references
[1214.282s][debug][gc,age       ] GC(582) Desired survivor size 15400960 bytes, new threshold 6 (max threshold 6)
[1214.282s][info ][gc,heap      ] GC(582) ParNew: 257107K->16432K(270976K)
[1214.282s][info ][gc,heap      ] GC(582) CMS: 428932K->430150K(602112K)
[1214.282s][info ][gc,metaspace ] GC(582) Metaspace: 57734K->57734K(1101824K)
[1214.282s][info ][gc           ] GC(582) Pause Young (Allocation Failure) 669M->436M(852M) 7.797ms
[1214.282s][info ][gc,cpu       ] GC(582) User=0.03s Sys=0.00s Real=0.01s
[1214.282s][info ][safepoint    ] Leaving safepoint region
[1214.282s][info ][safepoint    ] Total time for which application threads were stopped: 0.0079843 seconds, Stopping threads took: 0.0000179 seconds
[1215.282s][info ][safepoint    ] Application time: 1.0001150 seconds
[1215.282s][info ][safepoint    ] Entering safepoint region: Cleanup
[1215.282s][info ][safepoint    ] Leaving safepoint region
[1215.282s][info ][safepoint    ] Total time for which application threads were stopped: 0.0001336 seconds, Stopping threads took: 0.0000433 seconds
[1216.476s][info ][safepoint    ] Application time: 1.1938548 seconds
[1216.476s][info ][safepoint    ] Entering safepoint region: GenCollectForAllocation
[1216.476s][info ][gc,start     ] GC(583) Pause Young (Allocation Failure)
[1216.476s][info ][gc,task      ] GC(583) Using 4 workers of 4 for evacuation
[1216.483s][debug][gc,ref       ] GC(583) Skipped phase1 of Reference Processing due to unavailable references
[1216.483s][debug][gc,ref       ] GC(583) Skipped phase3 of Reference Processing due to unavailable references
[1216.483s][debug][gc,ref       ] GC(583) Skipped phase4 of Reference Processing due to unavailable references
[1216.484s][debug][gc,age       ] GC(583) Desired survivor size 15400960 bytes, new threshold 6 (max threshold 6)
[1216.484s][info ][gc,heap      ] GC(583) ParNew: 257328K->13598K(270976K)
[1216.484s][info ][gc,heap      ] GC(583) CMS: 430150K->431395K(602112K)
[1216.484s][info ][gc,metaspace ] GC(583) Metaspace: 57740K->57740K(1101824K)
[1216.484s][info ][gc           ] GC(583) Pause Young (Allocation Failure) 671M->434M(852M) 7.556ms
[1216.484s][info ][gc,cpu       ] GC(583) User=0.03s Sys=0.00s Real=0.00s
[1216.484s][info ][safepoint    ] Leaving safepoint region
[1216.484s][info ][safepoint    ] Total time for which application threads were stopped: 0.0077282 seconds, Stopping threads took: 0.0000297 seconds
[1217.484s][info ][safepoint    ] Application time: 1.0000953 seconds
[1217.484s][info ][safepoint    ] Entering safepoint region: Cleanup
[1217.484s][info ][safepoint    ] Leaving safepoint region
[1217.484s][info ][safepoint    ] Total time for which application threads were stopped: 0.0001113 seconds, Stopping threads took: 0.0000460 seconds
[1218.484s][info ][safepoint    ] Application time: 1.0000584 seconds
[1218.484s][info ][safepoint    ] Entering safepoint region: Cleanup
[1218.484s][info ][safepoint    ] Leaving safepoint region
[1218.484s][info ][safepoint    ] Total time for which application threads were stopped: 0.0000788 seconds, Stopping threads took: 0.0000190 seconds
[1218.574s][info ][safepoint    ] Application time: 0.0901496 seconds
[1218.574s][info ][safepoint    ] Entering safepoint region: GenCollectForAllocation
[1218.574s][info ][gc,start     ] GC(584) Pause Young (Allocation Failure)
[1218.574s][info ][gc,task      ] GC(584) Using 4 workers of 4 for evacuation
[1218.582s][debug][gc,ref       ] GC(584) Skipped phase1 of Reference Processing due to unavailable references
[1218.582s][debug][gc,ref       ] GC(584) Skipped phase3 of Reference Processing due to unavailable references
[1218.582s][debug][gc,ref       ] GC(584) Skipped phase4 of Reference Processing due to unavailable references
[1218.583s][debug][gc,age       ] GC(584) Desired survivor size 15400960 bytes, new threshold 6 (max threshold 6)
[1218.583s][info ][gc,heap      ] GC(584) ParNew: 254494K->13469K(270976K)
[1218.583s][info ][gc,heap      ] GC(584) CMS: 431395K->432636K(602112K)
[1218.583s][info ][gc,metaspace ] GC(584) Metaspace: 57740K->57740K(1101824K)
[1218.583s][info ][gc           ] GC(584) Pause Young (Allocation Failure) 669M->435M(852M) 8.190ms
[1218.583s][info ][gc,cpu       ] GC(584) User=0.03s Sys=0.00s Real=0.01s
[1218.583s][info ][safepoint    ] Leaving safepoint region
[1218.583s][info ][safepoint    ] Total time for which application threads were stopped: 0.0083517 seconds, Stopping threads took: 0.0000179 seconds
[1219.583s][info ][safepoint    ] Application time: 1.0001219 seconds
[1219.583s][info ][safepoint    ] Entering safepoint region: Cleanup
[1219.583s][info ][safepoint    ] Leaving safepoint region
[1219.583s][info ][safepoint    ] Total time for which application threads were stopped: 0.0001374 seconds, Stopping threads took: 0.0000429 seconds
[1220.583s][info ][safepoint    ] Application time: 1.0000503 seconds
[1220.583s][info ][safepoint    ] Entering safepoint region: Cleanup
[1220.583s][info ][safepoint    ] Leaving safepoint region
[1220.583s][info ][safepoint    ] Total time for which application threads were stopped: 0.0001170 seconds, Stopping threads took: 0.0000527 seconds
[1220.658s][info ][safepoint    ] Application time: 0.0744373 seconds
[1220.658s][info ][safepoint    ] Entering safepoint region: GenCollectForAllocation
[1220.658s][info ][gc,start     ] GC(585) Pause Young (Allocation Failure)
[1220.658s][info ][gc,task      ] GC(585) Using 4 workers of 4 for evacuation
[1220.665s][debug][gc,ref       ] GC(585) Skipped phase1 of Reference Processing due to unavailable references
[1220.665s][debug][gc,ref       ] GC(585) Skipped phase3 of Reference Processing due to unavailable references
[1220.665s][debug][gc,ref       ] GC(585) Skipped phase4 of Reference Processing due to unavailable references
[1220.665s][debug][gc,age       ] GC(585) Desired survivor size 15400960 bytes, new threshold 6 (max threshold 6)
[1220.665s][info ][gc,heap      ] GC(585) ParNew: 254365K->16297K(270976K)
[1220.665s][info ][gc,heap      ] GC(585) CMS: 432636K->433695K(602112K)
[1220.665s][info ][gc,metaspace ] GC(585) Metaspace: 57741K->57741K(1101824K)
[1220.665s][info ][gc           ] GC(585) Pause Young (Allocation Failure) 670M->439M(852M) 7.473ms
[1220.665s][info ][gc,cpu       ] GC(585) User=0.02s Sys=0.01s Real=0.01s
[1220.665s][info ][safepoint    ] Leaving safepoint region
[1220.665s][info ][safepoint    ] Total time for which application threads were stopped: 0.0076390 seconds, Stopping threads took: 0.0000372 seconds
[1222.698s][info ][safepoint    ] Application time: 2.0325232 seconds
[1222.698s][info ][safepoint    ] Entering safepoint region: GenCollectForAllocation
[1222.698s][info ][safepoint    ] Leaving safepoint region
[1222.698s][info ][safepoint    ] Total time for which application threads were stopped: 0.0001166 seconds, Stopping threads took: 0.0000383 seconds
[1222.698s][info ][safepoint    ] Application time: 0.0001404 seconds
[1222.698s][info ][safepoint    ] Entering safepoint region: GenCollectForAllocation
[1222.698s][info ][gc,start     ] GC(586) Pause Young (Allocation Failure)
[1222.698s][info ][gc,task      ] GC(586) Using 4 workers of 4 for evacuation
[1222.707s][debug][gc,ref       ] GC(586) Skipped phase1 of Reference Processing due to unavailable references
[1222.707s][debug][gc,ref       ] GC(586) Skipped phase3 of Reference Processing due to unavailable references
[1222.707s][debug][gc,ref       ] GC(586) Skipped phase4 of Reference Processing due to unavailable references
[1222.707s][debug][gc,age       ] GC(586) Desired survivor size 15400960 bytes, new threshold 6 (max threshold 6)
[1222.707s][info ][gc,heap      ] GC(586) ParNew: 257449K->22258K(270976K)
[1222.707s][info ][gc,heap      ] GC(586) CMS: 433695K->434932K(602112K)
[1222.707s][info ][gc,metaspace ] GC(586) Metaspace: 57741K->57741K(1101824K)
[1222.707s][info ][gc           ] GC(586) Pause Young (Allocation Failure) 674M->446M(852M) 8.812ms
[1222.707s][info ][gc,cpu       ] GC(586) User=0.03s Sys=0.01s Real=0.01s
[1222.707s][info ][safepoint    ] Leaving safepoint region
[1222.707s][info ][safepoint    ] Total time for which application threads were stopped: 0.0089509 seconds, Stopping threads took: 0.0000104 seconds
[1222.707s][info ][safepoint    ] Application time: 0.0001077 seconds
[1222.707s][info ][safepoint    ] Entering safepoint region: GenCollectFull
[1222.707s][info ][gc,start     ] GC(587) Pause Young (GCLocker Initiated GC)
[1222.707s][info ][gc,task      ] GC(587) Using 4 workers of 4 for evacuation
[1222.714s][debug][gc,ref       ] GC(587) Skipped phase1 of Reference Processing due to unavailable references
[1222.714s][debug][gc,ref       ] GC(587) Skipped phase2 of Reference Processing due to unavailable references
[1222.714s][debug][gc,ref       ] GC(587) Skipped phase3 of Reference Processing due to unavailable references
[1222.714s][debug][gc,ref       ] GC(587) Skipped phase4 of Reference Processing due to unavailable references
[1222.714s][debug][gc,age       ] GC(587) Desired survivor size 15400960 bytes, new threshold 6 (max threshold 6)
[1222.714s][info ][gc,heap      ] GC(587) ParNew: 26841K->15494K(270976K)
[1222.714s][info ][gc,heap      ] GC(587) CMS: 434932K->436137K(602112K)
[1222.714s][info ][gc,metaspace ] GC(587) Metaspace: 57741K->57741K(1101824K)
[1222.714s][info ][gc           ] GC(587) Pause Young (GCLocker Initiated GC) 450M->441M(852M) 6.795ms
[1222.714s][info ][gc,cpu       ] GC(587) User=0.03s Sys=0.00s Real=0.00s
[1222.714s][info ][safepoint    ] Leaving safepoint region
[1222.714s][info ][safepoint    ] Total time for which application threads were stopped: 0.0069819 seconds, Stopping threads took: 0.0000646 seconds
[1224.714s][info ][safepoint    ] Application time: 2.0001800 seconds
[1224.715s][info ][safepoint    ] Entering safepoint region: Cleanup
[1224.715s][info ][safepoint    ] Leaving safepoint region
[1224.715s][info ][safepoint    ] Total time for which application threads were stopped: 0.0001418 seconds, Stopping threads took: 0.0000407 seconds
[1224.726s][info ][safepoint    ] Application time: 0.0116209 seconds
[1224.726s][info ][safepoint    ] Entering safepoint region: GenCollectForAllocation
[1224.726s][info ][gc,start     ] GC(588) Pause Young (Allocation Failure)
[1224.726s][info ][gc,task      ] GC(588) Using 4 workers of 4 for evacuation
[1224.734s][debug][gc,ref       ] GC(588) Skipped phase1 of Reference Processing due to unavailable references
[1224.734s][debug][gc,ref       ] GC(588) Skipped phase2 of Reference Processing due to unavailable references
[1224.734s][debug][gc,ref       ] GC(588) Skipped phase3 of Reference Processing due to unavailable references
[1224.735s][debug][gc,age       ] GC(588) Desired survivor size 15400960 bytes, new threshold 6 (max threshold 6)
[1224.735s][info ][gc,heap      ] GC(588) ParNew: 256390K->18897K(270976K)
[1224.735s][info ][gc,heap      ] GC(588) CMS: 436137K->437487K(602112K)
[1224.735s][info ][gc,metaspace ] GC(588) Metaspace: 57743K->57743K(1101824K)
[1224.735s][info ][gc           ] GC(588) Pause Young (Allocation Failure) 676M->445M(852M) 8.272ms
[1224.735s][info ][gc,cpu       ] GC(588) User=0.03s Sys=0.00s Real=0.00s
[1224.735s][info ][safepoint    ] Leaving safepoint region
[1224.735s][info ][safepoint    ] Total time for which application threads were stopped: 0.0083991 seconds, Stopping threads took: 0.0000115 seconds
[1226.707s][info ][safepoint    ] Application time: 1.9722659 seconds
[1226.707s][info ][safepoint    ] Entering safepoint region: GenCollectForAllocation
[1226.707s][info ][gc,start     ] GC(589) Pause Young (Allocation Failure)
[1226.707s][info ][gc,task      ] GC(589) Using 4 workers of 4 for evacuation
[1226.715s][debug][gc,ref       ] GC(589) Skipped phase1 of Reference Processing due to unavailable references
[1226.715s][debug][gc,ref       ] GC(589) Skipped phase2 of Reference Processing due to unavailable references
[1226.715s][debug][gc,ref       ] GC(589) Skipped phase3 of Reference Processing due to unavailable references
[1226.715s][debug][gc,ref       ] GC(589) Skipped phase4 of Reference Processing due to unavailable references
[1226.715s][debug][gc,age       ] GC(589) Desired survivor size 15400960 bytes, new threshold 6 (max threshold 6)
[1226.715s][info ][gc,heap      ] GC(589) ParNew: 259793K->19931K(270976K)
[1226.715s][info ][gc,heap      ] GC(589) CMS: 437487K->438808K(602112K)
[1226.715s][info ][gc,metaspace ] GC(589) Metaspace: 57743K->57743K(1101824K)
[1226.715s][info ][gc           ] GC(589) Pause Young (Allocation Failure) 680M->447M(852M) 8.297ms
[1226.715s][info ][gc,cpu       ] GC(589) User=0.03s Sys=0.00s Real=0.00s
[1226.715s][info ][safepoint    ] Leaving safepoint region
[1226.715s][info ][safepoint    ] Total time for which application threads were stopped: 0.0084845 seconds, Stopping threads took: 0.0000481 seconds
[1227.716s][info ][safepoint    ] Application time: 1.0000985 seconds
[1227.716s][info ][safepoint    ] Entering safepoint region: Cleanup
[1227.716s][info ][safepoint    ] Leaving safepoint region
[1227.716s][info ][safepoint    ] Total time for which application threads were stopped: 0.0000806 seconds, Stopping threads took: 0.0000190 seconds
[1228.681s][info ][safepoint    ] Application time: 0.9649249 seconds
[1228.681s][info ][safepoint    ] Entering safepoint region: GenCollectForAllocation
[1228.681s][info ][gc,start     ] GC(590) Pause Young (Allocation Failure)
[1228.681s][info ][gc,task      ] GC(590) Using 4 workers of 4 for evacuation
[1228.688s][debug][gc,ref       ] GC(590) Skipped phase1 of Reference Processing due to unavailable references
[1228.688s][debug][gc,ref       ] GC(590) Skipped phase2 of Reference Processing due to unavailable references
[1228.688s][debug][gc,ref       ] GC(590) Skipped phase3 of Reference Processing due to unavailable references
[1228.688s][debug][gc,age       ] GC(590) Desired survivor size 15400960 bytes, new threshold 6 (max threshold 6)
[1228.688s][info ][gc,heap      ] GC(590) ParNew: 260827K->16287K(270976K)
[1228.688s][info ][gc,heap      ] GC(590) CMS: 438808K->440106K(602112K)
[1228.688s][info ][gc,metaspace ] GC(590) Metaspace: 57746K->57746K(1101824K)
[1228.688s][info ][gc           ] GC(590) Pause Young (Allocation Failure) 683M->445M(852M) 7.452ms
[1228.688s][info ][gc,cpu       ] GC(590) User=0.04s Sys=0.00s Real=0.01s
[1228.688s][info ][safepoint    ] Leaving safepoint region
[1228.688s][info ][safepoint    ] Total time for which application threads were stopped: 0.0076167 seconds, Stopping threads took: 0.0000159 seconds
[1229.688s][info ][safepoint    ] Application time: 1.0001381 seconds
[1229.688s][info ][safepoint    ] Entering safepoint region: Cleanup
[1229.689s][info ][safepoint    ] Leaving safepoint region
[1229.689s][info ][safepoint    ] Total time for which application threads were stopped: 0.0001209 seconds, Stopping threads took: 0.0000569 seconds
[1230.689s][info ][safepoint    ] Application time: 1.0001297 seconds
[1230.689s][info ][safepoint    ] Entering safepoint region: Cleanup
[1230.689s][info ][safepoint    ] Leaving safepoint region
[1230.689s][info ][safepoint    ] Total time for which application threads were stopped: 0.0002328 seconds, Stopping threads took: 0.0001539 seconds
[1230.719s][info ][safepoint    ] Application time: 0.0305113 seconds
[1230.719s][info ][safepoint    ] Entering safepoint region: GenCollectForAllocation
[1230.720s][info ][gc,start     ] GC(591) Pause Young (Allocation Failure)
[1230.720s][info ][gc,task      ] GC(591) Using 4 workers of 4 for evacuation
[1230.728s][debug][gc,ref       ] GC(591) Skipped phase1 of Reference Processing due to unavailable references
[1230.728s][debug][gc,ref       ] GC(591) Skipped phase3 of Reference Processing due to unavailable references
[1230.728s][debug][gc,age       ] GC(591) Desired survivor size 15400960 bytes, new threshold 6 (max threshold 6)
[1230.728s][info ][gc,heap      ] GC(591) ParNew: 257183K->17223K(270976K)
[1230.728s][info ][gc,heap      ] GC(591) CMS: 440106K->441384K(602112K)
[1230.728s][info ][gc,metaspace ] GC(591) Metaspace: 57852K->57852K(1101824K)
[1230.728s][info ][gc           ] GC(591) Pause Young (Allocation Failure) 680M->447M(852M) 8.605ms
[1230.728s][info ][gc,cpu       ] GC(591) User=0.03s Sys=0.00s Real=0.01s
[1230.728s][info ][safepoint    ] Leaving safepoint region
[1230.728s][info ][safepoint    ] Total time for which application threads were stopped: 0.0087562 seconds, Stopping threads took: 0.0000147 seconds
[1231.728s][info ][safepoint    ] Application time: 1.0001469 seconds
[1231.728s][info ][safepoint    ] Entering safepoint region: Cleanup
[1231.729s][info ][safepoint    ] Leaving safepoint region
[1231.729s][info ][safepoint    ] Total time for which application threads were stopped: 0.0001037 seconds, Stopping threads took: 0.0000411 seconds
[1232.692s][info ][safepoint    ] Application time: 0.9637836 seconds
[1232.692s][info ][safepoint    ] Entering safepoint region: GenCollectForAllocation
[1232.692s][info ][gc,start     ] GC(592) Pause Young (Allocation Failure)
[1232.692s][info ][gc,task      ] GC(592) Using 4 workers of 4 for evacuation
[1232.701s][debug][gc,ref       ] GC(592) Skipped phase1 of Reference Processing due to unavailable references
[1232.701s][debug][gc,ref       ] GC(592) Skipped phase3 of Reference Processing due to unavailable references
[1232.701s][debug][gc,age       ] GC(592) Desired survivor size 15400960 bytes, new threshold 6 (max threshold 6)
[1232.701s][info ][gc,heap      ] GC(592) ParNew: 258119K->18027K(270976K)
[1232.701s][info ][gc,heap      ] GC(592) CMS: 441384K->443292K(602112K)
[1232.701s][info ][gc,metaspace ] GC(592) Metaspace: 57862K->57862K(1101824K)
[1232.701s][info ][gc           ] GC(592) Pause Young (Allocation Failure) 683M->450M(852M) 8.547ms
[1232.701s][info ][gc,cpu       ] GC(592) User=0.03s Sys=0.00s Real=0.01s
[1232.701s][info ][safepoint    ] Leaving safepoint region
[1232.701s][info ][safepoint    ] Total time for which application threads were stopped: 0.0087303 seconds, Stopping threads took: 0.0000486 seconds
[1234.701s][info ][safepoint    ] Application time: 2.0001472 seconds
[1234.701s][info ][safepoint    ] Entering safepoint region: Cleanup
[1234.701s][info ][safepoint    ] Leaving safepoint region
[1234.701s][info ][safepoint    ] Total time for which application threads were stopped: 0.0001658 seconds, Stopping threads took: 0.0000846 seconds
[1234.738s][info ][safepoint    ] Application time: 0.0366474 seconds
[1234.738s][info ][safepoint    ] Entering safepoint region: GenCollectForAllocation
[1234.738s][info ][gc,start     ] GC(593) Pause Young (Allocation Failure)
[1234.738s][info ][gc,task      ] GC(593) Using 4 workers of 4 for evacuation
[1234.745s][debug][gc,ref       ] GC(593) Skipped phase1 of Reference Processing due to unavailable references
[1234.746s][debug][gc,ref       ] GC(593) Skipped phase3 of Reference Processing due to unavailable references
[1234.746s][debug][gc,age       ] GC(593) Desired survivor size 15400960 bytes, new threshold 6 (max threshold 6)
[1234.746s][info ][gc,heap      ] GC(593) ParNew: 258923K->25355K(270976K)
[1234.746s][info ][gc,heap      ] GC(593) CMS: 443292K->443292K(602112K)
[1234.746s][info ][gc,metaspace ] GC(593) Metaspace: 57870K->57870K(1101824K)
[1234.746s][info ][gc           ] GC(593) Pause Young (Allocation Failure) 685M->457M(852M) 7.507ms
[1234.746s][info ][gc,cpu       ] GC(593) User=0.03s Sys=0.00s Real=0.01s
[1234.746s][info ][safepoint    ] Leaving safepoint region
[1234.746s][info ][safepoint    ] Total time for which application threads were stopped: 0.0076505 seconds, Stopping threads took: 0.0000142 seconds
[1235.746s][info ][safepoint    ] Application time: 1.0000951 seconds
[1235.746s][info ][safepoint    ] Entering safepoint region: Cleanup
[1235.746s][info ][safepoint    ] Leaving safepoint region
[1235.746s][info ][safepoint    ] Total time for which application threads were stopped: 0.0000750 seconds, Stopping threads took: 0.0000182 seconds
[1236.719s][info ][safepoint    ] Application time: 0.9733318 seconds
[1236.719s][info ][safepoint    ] Entering safepoint region: GenCollectForAllocation
[1236.720s][info ][gc,start     ] GC(594) Pause Young (Allocation Failure)
[1236.720s][info ][gc,task      ] GC(594) Using 4 workers of 4 for evacuation
[1236.728s][debug][gc,ref       ] GC(594) Skipped phase1 of Reference Processing due to unavailable references
[1236.728s][debug][gc,ref       ] GC(594) Skipped phase3 of Reference Processing due to unavailable references
[1236.728s][debug][gc,age       ] GC(594) Desired survivor size 15400960 bytes, new threshold 6 (max threshold 6)
[1236.728s][info ][gc,heap      ] GC(594) ParNew: 266039K->19304K(270976K)
[1236.728s][info ][gc,heap      ] GC(594) CMS: 443292K->444541K(602112K)
[1236.728s][info ][gc,metaspace ] GC(594) Metaspace: 57874K->57874K(1101824K)
[1236.728s][info ][gc           ] GC(594) Pause Young (Allocation Failure) 692M->452M(852M) 8.320ms
[1236.728s][info ][gc,cpu       ] GC(594) User=0.03s Sys=0.00s Real=0.01s
[1236.728s][info ][safepoint    ] Leaving safepoint region
[1236.728s][info ][safepoint    ] Total time for which application threads were stopped: 0.0086419 seconds, Stopping threads took: 0.0001652 seconds
[1238.691s][info ][safepoint    ] Application time: 1.9625256 seconds
[1238.691s][info ][safepoint    ] Entering safepoint region: GenCollectForAllocation
[1238.691s][info ][gc,start     ] GC(595) Pause Young (Allocation Failure)
[1238.691s][info ][gc,task      ] GC(595) Using 4 workers of 4 for evacuation
[1238.699s][debug][gc,ref       ] GC(595) Skipped phase1 of Reference Processing due to unavailable references
[1238.699s][debug][gc,ref       ] GC(595) Skipped phase3 of Reference Processing due to unavailable references
[1238.699s][debug][gc,age       ] GC(595) Desired survivor size 15400960 bytes, new threshold 6 (max threshold 6)
[1238.699s][info ][gc,heap      ] GC(595) ParNew: 260200K->21673K(270976K)
[1238.699s][info ][gc,heap      ] GC(595) CMS: 444541K->446098K(602112K)
[1238.699s][info ][gc,metaspace ] GC(595) Metaspace: 57874K->57874K(1101824K)
[1238.699s][info ][gc           ] GC(595) Pause Young (Allocation Failure) 688M->456M(852M) 8.449ms
[1238.699s][info ][gc,cpu       ] GC(595) User=0.03s Sys=0.00s Real=0.01s
[1238.699s][info ][safepoint    ] Leaving safepoint region
[1238.699s][info ][safepoint    ] Total time for which application threads were stopped: 0.0086811 seconds, Stopping threads took: 0.0000965 seconds
[1239.699s][info ][safepoint    ] Application time: 1.0001390 seconds
[1239.699s][info ][safepoint    ] Entering safepoint region: Cleanup
[1239.699s][info ][safepoint    ] Leaving safepoint region
[1239.699s][info ][safepoint    ] Total time for which application threads were stopped: 0.0000735 seconds, Stopping threads took: 0.0000156 seconds
[1240.695s][info ][safepoint    ] Application time: 0.9957243 seconds
[1240.695s][info ][safepoint    ] Entering safepoint region: GenCollectForAllocation
[1240.695s][info ][gc,start     ] GC(596) Pause Young (Allocation Failure)
[1240.695s][info ][gc,task      ] GC(596) Using 4 workers of 4 for evacuation
[1240.704s][debug][gc,ref       ] GC(596) Skipped phase1 of Reference Processing due to unavailable references
[1240.704s][debug][gc,ref       ] GC(596) Skipped phase3 of Reference Processing due to unavailable references
[1240.704s][debug][gc,age       ] GC(596) Desired survivor size 15400960 bytes, new threshold 6 (max threshold 6)
[1240.704s][info ][gc,heap      ] GC(596) ParNew: 262569K->16540K(270976K)
[1240.704s][info ][gc,heap      ] GC(596) CMS: 446098K->447517K(602112K)
[1240.704s][info ][gc,metaspace ] GC(596) Metaspace: 57874K->57874K(1101824K)
[1240.704s][info ][gc           ] GC(596) Pause Young (Allocation Failure) 692M->453M(852M) 8.777ms
[1240.704s][info ][gc,cpu       ] GC(596) User=0.02s Sys=0.00s Real=0.02s
[1240.704s][info ][safepoint    ] Leaving safepoint region
[1240.704s][info ][safepoint    ] Total time for which application threads were stopped: 0.0090288 seconds, Stopping threads took: 0.0000835 seconds
[1242.723s][info ][safepoint    ] Application time: 2.0182137 seconds
[1242.723s][info ][safepoint    ] Entering safepoint region: GenCollectForAllocation
[1242.723s][info ][gc,start     ] GC(597) Pause Young (Allocation Failure)
[1242.723s][info ][gc,task      ] GC(597) Using 4 workers of 4 for evacuation
[1242.731s][debug][gc,ref       ] GC(597) Skipped phase1 of Reference Processing due to unavailable references
[1242.731s][debug][gc,ref       ] GC(597) Skipped phase2 of Reference Processing due to unavailable references
[1242.731s][debug][gc,ref       ] GC(597) Skipped phase3 of Reference Processing due to unavailable references
[1242.731s][debug][gc,ref       ] GC(597) Skipped phase4 of Reference Processing due to unavailable references
[1242.731s][debug][gc,age       ] GC(597) Desired survivor size 15400960 bytes, new threshold 6 (max threshold 6)
[1242.731s][info ][gc,heap      ] GC(597) ParNew: 257384K->18872K(270976K)
[1242.731s][info ][gc,heap      ] GC(597) CMS: 447517K->450403K(602112K)
[1242.731s][info ][gc,metaspace ] GC(597) Metaspace: 57874K->57874K(1101824K)
[1242.731s][info ][gc           ] GC(597) Pause Young (Allocation Failure) 688M->458M(852M) 8.566ms
[1242.731s][info ][gc,cpu       ] GC(597) User=0.03s Sys=0.00s Real=0.01s
[1242.731s][info ][safepoint    ] Leaving safepoint region
[1242.731s][info ][safepoint    ] Total time for which application threads were stopped: 0.0087502 seconds, Stopping threads took: 0.0000404 seconds
[1244.701s][info ][safepoint    ] Application time: 1.9693465 seconds
[1244.701s][info ][safepoint    ] Entering safepoint region: GenCollectForAllocation
[1244.701s][info ][gc,start     ] GC(598) Pause Young (Allocation Failure)
[1244.701s][info ][gc,task      ] GC(598) Using 4 workers of 4 for evacuation
[1244.708s][debug][gc,ref       ] GC(598) Skipped phase1 of Reference Processing due to unavailable references
[1244.708s][debug][gc,ref       ] GC(598) Skipped phase3 of Reference Processing due to unavailable references
[1244.708s][debug][gc,age       ] GC(598) Desired survivor size 15400960 bytes, new threshold 6 (max threshold 6)
[1244.708s][info ][gc,heap      ] GC(598) ParNew: 259768K->14599K(270976K)
[1244.708s][info ][gc,heap      ] GC(598) CMS: 450403K->451653K(602112K)
[1244.708s][info ][gc,metaspace ] GC(598) Metaspace: 57888K->57888K(1101824K)
[1244.708s][info ][gc           ] GC(598) Pause Young (Allocation Failure) 693M->455M(852M) 7.699ms
[1244.708s][info ][gc,cpu       ] GC(598) User=0.04s Sys=0.00s Real=0.01s
[1244.709s][info ][safepoint    ] Leaving safepoint region
[1244.709s][info ][safepoint    ] Total time for which application threads were stopped: 0.0078572 seconds, Stopping threads took: 0.0000158 seconds
[1245.709s][info ][safepoint    ] Application time: 1.0001081 seconds
[1245.709s][info ][safepoint    ] Entering safepoint region: Cleanup
[1245.709s][info ][safepoint    ] Leaving safepoint region
[1245.709s][info ][safepoint    ] Total time for which application threads were stopped: 0.0001070 seconds, Stopping threads took: 0.0000410 seconds
[1246.580s][info ][safepoint    ] Application time: 0.8708786 seconds
[1246.580s][info ][safepoint    ] Entering safepoint region: GenCollectForAllocation
[1246.580s][info ][gc,start     ] GC(599) Pause Young (Allocation Failure)
[1246.580s][info ][gc,task      ] GC(599) Using 4 workers of 4 for evacuation
[1246.587s][debug][gc,ref       ] GC(599) Skipped phase1 of Reference Processing due to unavailable references
[1246.587s][debug][gc,ref       ] GC(599) Skipped phase2 of Reference Processing due to unavailable references
[1246.587s][debug][gc,ref       ] GC(599) Skipped phase3 of Reference Processing due to unavailable references
[1246.587s][debug][gc,ref       ] GC(599) Skipped phase4 of Reference Processing due to unavailable references
[1246.587s][debug][gc,age       ] GC(599) Desired survivor size 15400960 bytes, new threshold 6 (max threshold 6)
[1246.587s][info ][gc,heap      ] GC(599) ParNew: 255495K->12447K(270976K)
[1246.587s][info ][gc,heap      ] GC(599) CMS: 451653K->453026K(602112K)
[1246.587s][info ][gc,metaspace ] GC(599) Metaspace: 57892K->57892K(1101824K)
[1246.587s][info ][gc           ] GC(599) Pause Young (Allocation Failure) 690M->454M(852M) 7.209ms
[1246.587s][info ][gc,cpu       ] GC(599) User=0.03s Sys=0.00s Real=0.01s
[1246.587s][info ][safepoint    ] Leaving safepoint region
[1246.587s][info ][safepoint    ] Total time for which application threads were stopped: 0.0073597 seconds, Stopping threads took: 0.0000178 seconds
[1247.587s][info ][safepoint    ] Application time: 1.0000523 seconds
[1247.587s][info ][safepoint    ] Entering safepoint region: Cleanup
[1247.587s][info ][safepoint    ] Leaving safepoint region
[1247.587s][info ][safepoint    ] Total time for which application threads were stopped: 0.0001272 seconds, Stopping threads took: 0.0000469 seconds
[1248.678s][info ][safepoint    ] Application time: 1.0907035 seconds
[1248.678s][info ][safepoint    ] Entering safepoint region: GenCollectForAllocation
[1248.678s][info ][gc,start     ] GC(600) Pause Young (Allocation Failure)
[1248.678s][info ][gc,task      ] GC(600) Using 4 workers of 4 for evacuation
[1248.685s][debug][gc,ref       ] GC(600) Skipped phase1 of Reference Processing due to unavailable references
[1248.685s][debug][gc,ref       ] GC(600) Skipped phase2 of Reference Processing due to unavailable references
[1248.685s][debug][gc,ref       ] GC(600) Skipped phase3 of Reference Processing due to unavailable references
[1248.685s][debug][gc,age       ] GC(600) Desired survivor size 15400960 bytes, new threshold 6 (max threshold 6)
[1248.685s][info ][gc,heap      ] GC(600) ParNew: 253343K->14991K(270976K)
[1248.685s][info ][gc,heap      ] GC(600) CMS: 453026K->454244K(602112K)
[1248.685s][info ][gc,metaspace ] GC(600) Metaspace: 57892K->57892K(1101824K)
[1248.685s][info ][gc           ] GC(600) Pause Young (Allocation Failure) 689M->458M(852M) 7.048ms
[1248.685s][info ][gc,cpu       ] GC(600) User=0.02s Sys=0.00s Real=0.01s
[1248.685s][info ][safepoint    ] Leaving safepoint region
[1248.685s][info ][safepoint    ] Total time for which application threads were stopped: 0.0071911 seconds, Stopping threads took: 0.0000153 seconds
[1249.685s][info ][safepoint    ] Application time: 1.0000895 seconds
[1249.685s][info ][safepoint    ] Entering safepoint region: Cleanup
[1249.686s][info ][safepoint    ] Leaving safepoint region
[1249.686s][info ][safepoint    ] Total time for which application threads were stopped: 0.0001988 seconds, Stopping threads took: 0.0001031 seconds
[1250.686s][info ][safepoint    ] Application time: 1.0001889 seconds
[1250.686s][info ][safepoint    ] Entering safepoint region: GenCollectForAllocation
[1250.686s][info ][gc,start     ] GC(601) Pause Young (Allocation Failure)
[1250.686s][info ][gc,task      ] GC(601) Using 4 workers of 4 for evacuation
[1250.693s][debug][gc,ref       ] GC(601) Skipped phase1 of Reference Processing due to unavailable references
[1250.693s][debug][gc,ref       ] GC(601) Skipped phase2 of Reference Processing due to unavailable references
[1250.693s][debug][gc,ref       ] GC(601) Skipped phase3 of Reference Processing due to unavailable references
[1250.693s][debug][gc,age       ] GC(601) Desired survivor size 15400960 bytes, new threshold 6 (max threshold 6)
[1250.693s][info ][gc,heap      ] GC(601) ParNew: 255887K->15600K(270976K)
[1250.693s][info ][gc,heap      ] GC(601) CMS: 454244K->455285K(602112K)
[1250.693s][info ][gc,metaspace ] GC(601) Metaspace: 57892K->57892K(1101824K)
[1250.693s][info ][gc           ] GC(601) Pause Young (Allocation Failure) 693M->459M(852M) 7.528ms
[1250.693s][info ][gc,cpu       ] GC(601) User=0.03s Sys=0.00s Real=0.00s
[1250.693s][info ][safepoint    ] Leaving safepoint region
[1250.693s][info ][safepoint    ] Total time for which application threads were stopped: 0.0076658 seconds, Stopping threads took: 0.0000157 seconds
[1251.694s][info ][safepoint    ] Application time: 1.0001088 seconds
[1251.694s][info ][safepoint    ] Entering safepoint region: Cleanup
[1251.694s][info ][safepoint    ] Leaving safepoint region
[1251.694s][info ][safepoint    ] Total time for which application threads were stopped: 0.0000985 seconds, Stopping threads took: 0.0000180 seconds
[1252.419s][info ][safepoint    ] Application time: 0.7256036 seconds
[1252.419s][info ][safepoint    ] Entering safepoint region: GenCollectForAllocation
[1252.420s][info ][gc,start     ] GC(602) Pause Young (Allocation Failure)
[1252.420s][info ][gc,task      ] GC(602) Using 4 workers of 4 for evacuation
[1252.430s][debug][gc,ref       ] GC(602) Skipped phase1 of Reference Processing due to unavailable references
[1252.430s][debug][gc,ref       ] GC(602) Skipped phase2 of Reference Processing due to unavailable references
[1252.430s][debug][gc,ref       ] GC(602) Skipped phase3 of Reference Processing due to unavailable references
[1252.430s][debug][gc,ref       ] GC(602) Skipped phase4 of Reference Processing due to unavailable references
[1252.430s][debug][gc,age       ] GC(602) Desired survivor size 15400960 bytes, new threshold 5 (max threshold 6)
[1252.430s][info ][gc,heap      ] GC(602) ParNew: 256496K->23692K(270976K)
[1252.430s][info ][gc,heap      ] GC(602) CMS: 455285K->456575K(602112K)
[1252.430s][info ][gc,metaspace ] GC(602) Metaspace: 57894K->57894K(1101824K)
[1252.430s][info ][gc           ] GC(602) Pause Young (Allocation Failure) 695M->469M(852M) 10.542ms
[1252.430s][info ][gc,cpu       ] GC(602) User=0.03s Sys=0.01s Real=0.01s
[1252.430s][info ][safepoint    ] Leaving safepoint region
[1252.430s][info ][safepoint    ] Total time for which application threads were stopped: 0.0107893 seconds, Stopping threads took: 0.0001017 seconds
[1253.430s][info ][safepoint    ] Application time: 1.0001432 seconds
[1253.430s][info ][safepoint    ] Entering safepoint region: Cleanup
[1253.430s][info ][safepoint    ] Leaving safepoint region
[1253.430s][info ][safepoint    ] Total time for which application threads were stopped: 0.0001185 seconds, Stopping threads took: 0.0000414 seconds
[1253.784s][info ][safepoint    ] Application time: 0.3534927 seconds
[1253.784s][info ][safepoint    ] Entering safepoint region: GenCollectForAllocation
[1253.784s][info ][gc,start     ] GC(603) Pause Young (Allocation Failure)
[1253.784s][info ][gc,task      ] GC(603) Using 4 workers of 4 for evacuation
[1253.793s][debug][gc,ref       ] GC(603) Skipped phase1 of Reference Processing due to unavailable references
[1253.793s][debug][gc,ref       ] GC(603) Skipped phase2 of Reference Processing due to unavailable references
[1253.794s][debug][gc,ref       ] GC(603) Skipped phase3 of Reference Processing due to unavailable references
[1253.794s][debug][gc,ref       ] GC(603) Skipped phase4 of Reference Processing due to unavailable references
[1253.794s][debug][gc,age       ] GC(603) Desired survivor size 15400960 bytes, new threshold 6 (max threshold 6)
[1253.794s][info ][gc,heap      ] GC(603) ParNew: 264588K->15127K(270976K)
[1253.794s][info ][gc,heap      ] GC(603) CMS: 456575K->458859K(602112K)
[1253.794s][info ][gc,metaspace ] GC(603) Metaspace: 57900K->57900K(1101824K)
[1253.794s][info ][gc           ] GC(603) Pause Young (Allocation Failure) 704M->462M(852M) 9.593ms
[1253.794s][info ][gc,cpu       ] GC(603) User=0.03s Sys=0.00s Real=0.00s
[1253.794s][info ][safepoint    ] Leaving safepoint region
[1253.794s][info ][safepoint    ] Total time for which application threads were stopped: 0.0097461 seconds, Stopping threads took: 0.0000172 seconds
[1254.794s][info ][safepoint    ] Application time: 1.0001489 seconds
[1254.794s][info ][safepoint    ] Entering safepoint region: Cleanup
[1254.794s][info ][safepoint    ] Leaving safepoint region
[1254.794s][info ][safepoint    ] Total time for which application threads were stopped: 0.0000940 seconds, Stopping threads took: 0.0000321 seconds
[1255.794s][info ][safepoint    ] Application time: 1.0000983 seconds
[1255.794s][info ][safepoint    ] Entering safepoint region: Cleanup
[1255.794s][info ][safepoint    ] Leaving safepoint region
[1255.794s][info ][safepoint    ] Total time for which application threads were stopped: 0.0000870 seconds, Stopping threads took: 0.0000169 seconds
[1255.930s][info ][safepoint    ] Application time: 0.1360628 seconds
[1255.930s][info ][safepoint    ] Entering safepoint region: GenCollectForAllocation
[1255.930s][info ][gc,start     ] GC(604) Pause Young (Allocation Failure)
[1255.931s][info ][gc,task      ] GC(604) Using 4 workers of 4 for evacuation
[1255.937s][debug][gc,ref       ] GC(604) Skipped phase1 of Reference Processing due to unavailable references
[1255.937s][debug][gc,ref       ] GC(604) Skipped phase2 of Reference Processing due to unavailable references
[1255.937s][debug][gc,ref       ] GC(604) Skipped phase3 of Reference Processing due to unavailable references
[1255.937s][debug][gc,ref       ] GC(604) Skipped phase4 of Reference Processing due to unavailable references
[1255.937s][debug][gc,age       ] GC(604) Desired survivor size 15400960 bytes, new threshold 6 (max threshold 6)
[1255.937s][info ][gc,heap      ] GC(604) ParNew: 256023K->14297K(270976K)
[1255.937s][info ][gc,heap      ] GC(604) CMS: 458859K->458859K(602112K)
[1255.937s][info ][gc,metaspace ] GC(604) Metaspace: 57900K->57900K(1101824K)
[1255.937s][info ][gc           ] GC(604) Pause Young (Allocation Failure) 698M->462M(852M) 6.528ms
[1255.937s][info ][gc,cpu       ] GC(604) User=0.02s Sys=0.00s Real=0.01s
[1255.937s][info ][safepoint    ] Leaving safepoint region
[1255.937s][info ][safepoint    ] Total time for which application threads were stopped: 0.0066807 seconds, Stopping threads took: 0.0000193 seconds
[1256.937s][info ][safepoint    ] Application time: 1.0001332 seconds
[1256.937s][info ][safepoint    ] Entering safepoint region: Cleanup
[1256.937s][info ][safepoint    ] Leaving safepoint region
[1256.937s][info ][safepoint    ] Total time for which application threads were stopped: 0.0001248 seconds, Stopping threads took: 0.0000525 seconds
[1257.937s][info ][safepoint    ] Application time: 1.0000879 seconds
[1257.937s][info ][safepoint    ] Entering safepoint region: Cleanup
[1257.938s][info ][safepoint    ] Leaving safepoint region
[1257.938s][info ][safepoint    ] Total time for which application threads were stopped: 0.0000830 seconds, Stopping threads took: 0.0000181 seconds
[1258.115s][info ][safepoint    ] Application time: 0.1777278 seconds
[1258.115s][info ][safepoint    ] Entering safepoint region: GenCollectForAllocation
[1258.115s][info ][gc,start     ] GC(605) Pause Young (Allocation Failure)
[1258.115s][info ][gc,task      ] GC(605) Using 4 workers of 4 for evacuation
[1258.123s][debug][gc,ref       ] GC(605) Skipped phase1 of Reference Processing due to unavailable references
[1258.123s][debug][gc,ref       ] GC(605) Skipped phase2 of Reference Processing due to unavailable references
[1258.123s][debug][gc,ref       ] GC(605) Skipped phase3 of Reference Processing due to unavailable references
[1258.123s][debug][gc,ref       ] GC(605) Skipped phase4 of Reference Processing due to unavailable references
[1258.123s][debug][gc,age       ] GC(605) Desired survivor size 15400960 bytes, new threshold 6 (max threshold 6)
[1258.123s][info ][gc,heap      ] GC(605) ParNew: 255193K->14483K(270976K)
[1258.123s][info ][gc,heap      ] GC(605) CMS: 458859K->459611K(602112K)
[1258.123s][info ][gc,metaspace ] GC(605) Metaspace: 57900K->57900K(1101824K)
[1258.123s][info ][gc           ] GC(605) Pause Young (Allocation Failure) 697M->462M(852M) 7.899ms
[1258.123s][info ][gc,cpu       ] GC(605) User=0.03s Sys=0.00s Real=0.01s
[1258.123s][info ][safepoint    ] Leaving safepoint region
[1258.123s][info ][safepoint    ] Total time for which application threads were stopped: 0.0080661 seconds, Stopping threads took: 0.0000191 seconds
[1259.124s][info ][safepoint    ] Application time: 1.0001163 seconds
[1259.124s][info ][safepoint    ] Entering safepoint region: Cleanup
[1259.124s][info ][safepoint    ] Leaving safepoint region
[1259.124s][info ][safepoint    ] Total time for which application threads were stopped: 0.0001095 seconds, Stopping threads took: 0.0000410 seconds
[1260.086s][info ][safepoint    ] Application time: 0.9628092 seconds
[1260.086s][info ][safepoint    ] Entering safepoint region: GenCollectForAllocation
[1260.087s][info ][gc,start     ] GC(606) Pause Young (Allocation Failure)
[1260.087s][info ][gc,task      ] GC(606) Using 4 workers of 4 for evacuation
[1260.094s][debug][gc,ref       ] GC(606) Skipped phase1 of Reference Processing due to unavailable references
[1260.094s][debug][gc,ref       ] GC(606) Skipped phase2 of Reference Processing due to unavailable references
[1260.094s][debug][gc,ref       ] GC(606) Skipped phase3 of Reference Processing due to unavailable references
[1260.094s][debug][gc,ref       ] GC(606) Skipped phase4 of Reference Processing due to unavailable references
[1260.094s][debug][gc,age       ] GC(606) Desired survivor size 15400960 bytes, new threshold 6 (max threshold 6)
[1260.094s][info ][gc,heap      ] GC(606) ParNew: 255379K->16404K(270976K)
[1260.094s][info ][gc,heap      ] GC(606) CMS: 459611K->461104K(602112K)
[1260.094s][info ][gc,metaspace ] GC(606) Metaspace: 57900K->57900K(1101824K)
[1260.094s][info ][gc           ] GC(606) Pause Young (Allocation Failure) 698M->466M(852M) 7.695ms
[1260.094s][info ][gc,cpu       ] GC(606) User=0.03s Sys=0.00s Real=0.00s
[1260.094s][info ][safepoint    ] Leaving safepoint region
[1260.094s][info ][safepoint    ] Total time for which application threads were stopped: 0.0078687 seconds, Stopping threads took: 0.0000175 seconds
[1261.094s][info ][safepoint    ] Application time: 1.0001242 seconds
[1261.095s][info ][safepoint    ] Entering safepoint region: Cleanup
[1261.095s][info ][safepoint    ] Leaving safepoint region
[1261.095s][info ][safepoint    ] Total time for which application threads were stopped: 0.0001169 seconds, Stopping threads took: 0.0000419 seconds
[1262.095s][info ][safepoint    ] Application time: 1.0000968 seconds
[1262.095s][info ][safepoint    ] Entering safepoint region: Cleanup
[1262.095s][info ][safepoint    ] Leaving safepoint region
[1262.095s][info ][safepoint    ] Total time for which application threads were stopped: 0.0000716 seconds, Stopping threads took: 0.0000179 seconds
[1262.330s][info ][safepoint    ] Application time: 0.2346753 seconds
[1262.330s][info ][safepoint    ] Entering safepoint region: GenCollectForAllocation
[1262.330s][info ][gc,start     ] GC(607) Pause Young (Allocation Failure)
[1262.330s][info ][gc,task      ] GC(607) Using 4 workers of 4 for evacuation
[1262.337s][debug][gc,ref       ] GC(607) Skipped phase1 of Reference Processing due to unavailable references
[1262.337s][debug][gc,ref       ] GC(607) Skipped phase2 of Reference Processing due to unavailable references
[1262.337s][debug][gc,ref       ] GC(607) Skipped phase3 of Reference Processing due to unavailable references
[1262.337s][debug][gc,ref       ] GC(607) Skipped phase4 of Reference Processing due to unavailable references
[1262.338s][debug][gc,age       ] GC(607) Desired survivor size 15400960 bytes, new threshold 6 (max threshold 6)
[1262.338s][info ][gc,heap      ] GC(607) ParNew: 257300K->14156K(270976K)
[1262.338s][info ][gc,heap      ] GC(607) CMS: 461104K->462513K(602112K)
[1262.338s][info ][gc,metaspace ] GC(607) Metaspace: 57900K->57900K(1101824K)
[1262.338s][info ][gc           ] GC(607) Pause Young (Allocation Failure) 701M->465M(852M) 7.864ms
[1262.338s][info ][gc,cpu       ] GC(607) User=0.03s Sys=0.00s Real=0.01s
[1262.338s][info ][safepoint    ] Leaving safepoint region
[1262.338s][info ][safepoint    ] Total time for which application threads were stopped: 0.0080123 seconds, Stopping threads took: 0.0000173 seconds
[1263.338s][info ][safepoint    ] Application time: 1.0000897 seconds
[1263.338s][info ][safepoint    ] Entering safepoint region: Cleanup
[1263.338s][info ][safepoint    ] Leaving safepoint region
[1263.338s][info ][safepoint    ] Total time for which application threads were stopped: 0.0001739 seconds, Stopping threads took: 0.0000941 seconds
[1264.338s][info ][safepoint    ] Application time: 1.0000892 seconds
[1264.338s][info ][safepoint    ] Entering safepoint region: Cleanup
[1264.338s][info ][safepoint    ] Leaving safepoint region
[1264.338s][info ][safepoint    ] Total time for which application threads were stopped: 0.0000716 seconds, Stopping threads took: 0.0000177 seconds
[1264.489s][info ][safepoint    ] Application time: 0.1504389 seconds
[1264.489s][info ][safepoint    ] Entering safepoint region: GenCollectForAllocation
[1264.489s][info ][gc,start     ] GC(608) Pause Young (Allocation Failure)
[1264.489s][info ][gc,task      ] GC(608) Using 4 workers of 4 for evacuation
[1264.497s][debug][gc,ref       ] GC(608) Skipped phase1 of Reference Processing due to unavailable references
[1264.497s][debug][gc,ref       ] GC(608) Skipped phase3 of Reference Processing due to unavailable references
[1264.497s][debug][gc,ref       ] GC(608) Skipped phase4 of Reference Processing due to unavailable references
[1264.497s][debug][gc,age       ] GC(608) Desired survivor size 15400960 bytes, new threshold 6 (max threshold 6)
[1264.497s][info ][gc,heap      ] GC(608) ParNew: 255052K->14240K(270976K)
[1264.497s][info ][gc,heap      ] GC(608) CMS: 462513K->463283K(602112K)
[1264.497s][info ][gc,metaspace ] GC(608) Metaspace: 57900K->57900K(1101824K)
[1264.497s][info ][gc           ] GC(608) Pause Young (Allocation Failure) 700M->466M(852M) 8.356ms
[1264.497s][info ][gc,cpu       ] GC(608) User=0.04s Sys=0.00s Real=0.01s
[1264.497s][info ][safepoint    ] Leaving safepoint region
[1264.497s][info ][safepoint    ] Total time for which application threads were stopped: 0.0085191 seconds, Stopping threads took: 0.0000171 seconds
[1265.497s][info ][safepoint    ] Application time: 1.0001101 seconds
[1265.497s][info ][safepoint    ] Entering safepoint region: Cleanup
[1265.497s][info ][safepoint    ] Leaving safepoint region
[1265.497s][info ][safepoint    ] Total time for which application threads were stopped: 0.0000996 seconds, Stopping threads took: 0.0000197 seconds
[1266.497s][info ][safepoint    ] Application time: 1.0000942 seconds
[1266.498s][info ][safepoint    ] Entering safepoint region: Cleanup
[1266.498s][info ][safepoint    ] Leaving safepoint region
[1266.498s][info ][safepoint    ] Total time for which application threads were stopped: 0.0000704 seconds, Stopping threads took: 0.0000174 seconds
[1266.704s][info ][safepoint    ] Application time: 0.2063606 seconds
[1266.704s][info ][safepoint    ] Entering safepoint region: GenCollectForAllocation
[1266.704s][info ][gc,start     ] GC(609) Pause Young (Allocation Failure)
[1266.704s][info ][gc,task      ] GC(609) Using 4 workers of 4 for evacuation
[1266.713s][debug][gc,ref       ] GC(609) Skipped phase1 of Reference Processing due to unavailable references
[1266.713s][debug][gc,ref       ] GC(609) Skipped phase3 of Reference Processing due to unavailable references
[1266.713s][debug][gc,age       ] GC(609) Desired survivor size 15400960 bytes, new threshold 6 (max threshold 6)
[1266.713s][info ][gc,heap      ] GC(609) ParNew: 255136K->23951K(270976K)
[1266.713s][info ][gc,heap      ] GC(609) CMS: 463283K->464483K(602112K)
[1266.713s][info ][gc,metaspace ] GC(609) Metaspace: 57900K->57900K(1101824K)
[1266.713s][info ][gc           ] GC(609) Pause Young (Allocation Failure) 701M->476M(852M) 8.786ms
[1266.713s][info ][gc,cpu       ] GC(609) User=0.03s Sys=0.01s Real=0.00s
[1266.713s][info ][safepoint    ] Leaving safepoint region
[1266.713s][info ][safepoint    ] Total time for which application threads were stopped: 0.0089412 seconds, Stopping threads took: 0.0000159 seconds
[1267.713s][info ][safepoint    ] Application time: 1.0001065 seconds
[1267.713s][info ][safepoint    ] Entering safepoint region: Cleanup
[1267.713s][info ][safepoint    ] Leaving safepoint region
[1267.713s][info ][safepoint    ] Total time for which application threads were stopped: 0.0001486 seconds, Stopping threads took: 0.0000795 seconds
[1268.713s][info ][safepoint    ] Application time: 1.0000953 seconds
[1268.713s][info ][safepoint    ] Entering safepoint region: Cleanup
[1268.713s][info ][safepoint    ] Leaving safepoint region
[1268.713s][info ][safepoint    ] Total time for which application threads were stopped: 0.0001003 seconds, Stopping threads took: 0.0000395 seconds
[1268.795s][info ][safepoint    ] Application time: 0.0817896 seconds
[1268.795s][info ][safepoint    ] Entering safepoint region: GenCollectForAllocation
[1268.795s][info ][gc,start     ] GC(610) Pause Young (Allocation Failure)
[1268.795s][info ][gc,task      ] GC(610) Using 4 workers of 4 for evacuation
[1268.804s][debug][gc,ref       ] GC(610) Skipped phase1 of Reference Processing due to unavailable references
[1268.804s][debug][gc,ref       ] GC(610) Skipped phase3 of Reference Processing due to unavailable references
[1268.804s][debug][gc,ref       ] GC(610) Skipped phase4 of Reference Processing due to unavailable references
[1268.804s][debug][gc,age       ] GC(610) Desired survivor size 15400960 bytes, new threshold 6 (max threshold 6)
[1268.804s][info ][gc,heap      ] GC(610) ParNew: 264847K->20754K(270976K)
[1268.804s][info ][gc,heap      ] GC(610) CMS: 464483K->465689K(602112K)
[1268.804s][info ][gc,metaspace ] GC(610) Metaspace: 57916K->57916K(1101824K)
[1268.804s][info ][gc           ] GC(610) Pause Young (Allocation Failure) 712M->475M(852M) 8.381ms
[1268.804s][info ][gc,cpu       ] GC(610) User=0.03s Sys=0.00s Real=0.02s
[1268.804s][info ][safepoint    ] Leaving safepoint region
[1268.804s][info ][safepoint    ] Total time for which application threads were stopped: 0.0086014 seconds, Stopping threads took: 0.0000876 seconds
[1269.804s][info ][safepoint    ] Application time: 1.0001484 seconds
[1269.804s][info ][safepoint    ] Entering safepoint region: Cleanup
[1269.804s][info ][safepoint    ] Leaving safepoint region
[1269.804s][info ][safepoint    ] Total time for which application threads were stopped: 0.0000931 seconds, Stopping threads took: 0.0000180 seconds
[1270.804s][info ][safepoint    ] Application time: 1.0000664 seconds
[1270.804s][info ][safepoint    ] Entering safepoint region: Cleanup
[1270.804s][info ][safepoint    ] Leaving safepoint region
[1270.804s][info ][safepoint    ] Total time for which application threads were stopped: 0.0000821 seconds, Stopping threads took: 0.0000192 seconds
[1271.279s][info ][safepoint    ] Application time: 0.4749886 seconds
[1271.279s][info ][safepoint    ] Entering safepoint region: GenCollectForAllocation
[1271.280s][info ][gc,start     ] GC(611) Pause Young (Allocation Failure)
[1271.280s][info ][gc,task      ] GC(611) Using 4 workers of 4 for evacuation
[1271.287s][debug][gc,ref       ] GC(611) Skipped phase1 of Reference Processing due to unavailable references
[1271.287s][debug][gc,ref       ] GC(611) Skipped phase3 of Reference Processing due to unavailable references
[1271.287s][debug][gc,ref       ] GC(611) Skipped phase4 of Reference Processing due to unavailable references
[1271.287s][debug][gc,age       ] GC(611) Desired survivor size 15400960 bytes, new threshold 6 (max threshold 6)
[1271.287s][info ][gc,heap      ] GC(611) ParNew: 261650K->17801K(270976K)
[1271.287s][info ][gc,heap      ] GC(611) CMS: 465689K->467198K(602112K)
[1271.287s][info ][gc,metaspace ] GC(611) Metaspace: 57924K->57924K(1101824K)
[1271.287s][info ][gc           ] GC(611) Pause Young (Allocation Failure) 710M->473M(852M) 7.659ms
[1271.287s][info ][gc,cpu       ] GC(611) User=0.03s Sys=0.00s Real=0.01s
[1271.287s][info ][safepoint    ] Leaving safepoint region
[1271.287s][info ][safepoint    ] Total time for which application threads were stopped: 0.0078313 seconds, Stopping threads took: 0.0000176 seconds
[1272.287s][info ][safepoint    ] Application time: 1.0000959 seconds
[1272.287s][info ][safepoint    ] Entering safepoint region: Cleanup
[1272.288s][info ][safepoint    ] Leaving safepoint region
[1272.288s][info ][safepoint    ] Total time for which application threads were stopped: 0.0001589 seconds, Stopping threads took: 0.0000889 seconds
[1273.288s][info ][safepoint    ] Application time: 1.0000817 seconds
[1273.288s][info ][safepoint    ] Entering safepoint region: Cleanup
[1273.288s][info ][safepoint    ] Leaving safepoint region
[1273.288s][info ][safepoint    ] Total time for which application threads were stopped: 0.0000999 seconds, Stopping threads took: 0.0000479 seconds
[1273.729s][info ][safepoint    ] Application time: 0.4413676 seconds
[1273.729s][info ][safepoint    ] Entering safepoint region: GenCollectForAllocation
[1273.729s][info ][gc,start     ] GC(612) Pause Young (Allocation Failure)
[1273.729s][info ][gc,task      ] GC(612) Using 4 workers of 4 for evacuation
[1273.737s][debug][gc,ref       ] GC(612) Skipped phase1 of Reference Processing due to unavailable references
[1273.737s][debug][gc,ref       ] GC(612) Skipped phase3 of Reference Processing due to unavailable references
[1273.737s][debug][gc,ref       ] GC(612) Skipped phase4 of Reference Processing due to unavailable references
[1273.737s][debug][gc,age       ] GC(612) Desired survivor size 15400960 bytes, new threshold 6 (max threshold 6)
[1273.737s][info ][gc,heap      ] GC(612) ParNew: 258697K->16513K(270976K)
[1273.737s][info ][gc,heap      ] GC(612) CMS: 467198K->468704K(602112K)
[1273.737s][info ][gc,metaspace ] GC(612) Metaspace: 57924K->57924K(1101824K)
[1273.737s][info ][gc           ] GC(612) Pause Young (Allocation Failure) 708M->473M(852M) 7.779ms
[1273.737s][info ][gc,cpu       ] GC(612) User=0.03s Sys=0.00s Real=0.01s
[1273.737s][info ][safepoint    ] Leaving safepoint region
[1273.737s][info ][safepoint    ] Total time for which application threads were stopped: 0.0079360 seconds, Stopping threads took: 0.0000169 seconds
[1274.737s][info ][safepoint    ] Application time: 1.0001373 seconds
[1274.737s][info ][safepoint    ] Entering safepoint region: Cleanup
[1274.737s][info ][safepoint    ] Leaving safepoint region
[1274.737s][info ][safepoint    ] Total time for which application threads were stopped: 0.0000718 seconds, Stopping threads took: 0.0000175 seconds
[1275.737s][info ][safepoint    ] Application time: 1.0000818 seconds
[1275.738s][info ][safepoint    ] Entering safepoint region: Cleanup
[1275.738s][info ][safepoint    ] Leaving safepoint region
[1275.738s][info ][safepoint    ] Total time for which application threads were stopped: 0.0002661 seconds, Stopping threads took: 0.0001592 seconds
[1276.233s][info ][safepoint    ] Application time: 0.4952037 seconds
[1276.233s][info ][safepoint    ] Entering safepoint region: GenCollectForAllocation
[1276.233s][info ][gc,start     ] GC(613) Pause Young (Allocation Failure)
[1276.233s][info ][gc,task      ] GC(613) Using 4 workers of 4 for evacuation
[1276.240s][debug][gc,ref       ] GC(613) Skipped phase1 of Reference Processing due to unavailable references
[1276.240s][debug][gc,ref       ] GC(613) Skipped phase3 of Reference Processing due to unavailable references
[1276.240s][debug][gc,ref       ] GC(613) Skipped phase4 of Reference Processing due to unavailable references
[1276.240s][debug][gc,age       ] GC(613) Desired survivor size 15400960 bytes, new threshold 6 (max threshold 6)
[1276.240s][info ][gc,heap      ] GC(613) ParNew: 257409K->14999K(270976K)
[1276.240s][info ][gc,heap      ] GC(613) CMS: 468704K->470162K(602112K)
[1276.240s][info ][gc,metaspace ] GC(613) Metaspace: 57924K->57924K(1101824K)
[1276.240s][info ][gc           ] GC(613) Pause Young (Allocation Failure) 709M->473M(852M) 7.293ms
[1276.240s][info ][gc,cpu       ] GC(613) User=0.02s Sys=0.00s Real=0.01s
[1276.240s][info ][safepoint    ] Leaving safepoint region
[1276.240s][info ][safepoint    ] Total time for which application threads were stopped: 0.0074628 seconds, Stopping threads took: 0.0000189 seconds
[1277.241s][info ][safepoint    ] Application time: 1.0000939 seconds
[1277.241s][info ][safepoint    ] Entering safepoint region: Cleanup
[1277.241s][info ][safepoint    ] Leaving safepoint region
[1277.241s][info ][safepoint    ] Total time for which application threads were stopped: 0.0001457 seconds, Stopping threads took: 0.0000758 seconds
[1278.241s][info ][safepoint    ] Application time: 1.0003221 seconds
[1278.241s][info ][safepoint    ] Entering safepoint region: Cleanup
[1278.241s][info ][safepoint    ] Leaving safepoint region
[1278.241s][info ][safepoint    ] Total time for which application threads were stopped: 0.0001033 seconds, Stopping threads took: 0.0000409 seconds
[1278.723s][info ][safepoint    ] Application time: 0.4822414 seconds
[1278.723s][info ][safepoint    ] Entering safepoint region: GenCollectForAllocation
[1278.724s][info ][gc,start     ] GC(614) Pause Young (Allocation Failure)
[1278.724s][info ][gc,task      ] GC(614) Using 4 workers of 4 for evacuation
[1278.730s][debug][gc,ref       ] GC(614) Skipped phase1 of Reference Processing due to unavailable references
[1278.730s][debug][gc,ref       ] GC(614) Skipped phase2 of Reference Processing due to unavailable references
[1278.730s][debug][gc,ref       ] GC(614) Skipped phase3 of Reference Processing due to unavailable references
[1278.730s][debug][gc,ref       ] GC(614) Skipped phase4 of Reference Processing due to unavailable references
[1278.730s][debug][gc,age       ] GC(614) Desired survivor size 15400960 bytes, new threshold 6 (max threshold 6)
[1278.730s][info ][gc,heap      ] GC(614) ParNew: 255895K->13224K(270976K)
[1278.730s][info ][gc,heap      ] GC(614) CMS: 470162K->471787K(602112K)
[1278.730s][info ][gc,metaspace ] GC(614) Metaspace: 57924K->57924K(1101824K)
[1278.730s][info ][gc           ] GC(614) Pause Young (Allocation Failure) 709M->473M(852M) 6.913ms
[1278.731s][info ][gc,cpu       ] GC(614) User=0.02s Sys=0.00s Real=0.01s
[1278.731s][info ][safepoint    ] Leaving safepoint region
[1278.731s][info ][safepoint    ] Total time for which application threads were stopped: 0.0070725 seconds, Stopping threads took: 0.0000175 seconds
[1279.731s][info ][safepoint    ] Application time: 1.0000980 seconds
[1279.731s][info ][safepoint    ] Entering safepoint region: Cleanup
[1279.731s][info ][safepoint    ] Leaving safepoint region
[1279.731s][info ][safepoint    ] Total time for which application threads were stopped: 0.0001338 seconds, Stopping threads took: 0.0000531 seconds
[1280.731s][info ][safepoint    ] Application time: 1.0001039 seconds
[1280.731s][info ][safepoint    ] Entering safepoint region: Cleanup
[1280.731s][info ][safepoint    ] Leaving safepoint region
[1280.731s][info ][safepoint    ] Total time for which application threads were stopped: 0.0001227 seconds, Stopping threads took: 0.0000413 seconds
[1281.182s][info ][safepoint    ] Application time: 0.4511430 seconds
[1281.182s][info ][safepoint    ] Entering safepoint region: GenCollectForAllocation
[1281.182s][info ][gc,start     ] GC(615) Pause Young (Allocation Failure)
[1281.182s][info ][gc,task      ] GC(615) Using 4 workers of 4 for evacuation
[1281.189s][debug][gc,ref       ] GC(615) Skipped phase1 of Reference Processing due to unavailable references
[1281.189s][debug][gc,ref       ] GC(615) Skipped phase3 of Reference Processing due to unavailable references
[1281.189s][debug][gc,age       ] GC(615) Desired survivor size 15400960 bytes, new threshold 6 (max threshold 6)
[1281.189s][info ][gc,heap      ] GC(615) ParNew: 254120K->11310K(270976K)
[1281.189s][info ][gc,heap      ] GC(615) CMS: 471787K->474107K(602112K)
[1281.189s][info ][gc,metaspace ] GC(615) Metaspace: 57935K->57935K(1101824K)
[1281.189s][info ][gc           ] GC(615) Pause Young (Allocation Failure) 708M->474M(852M) 6.746ms
[1281.189s][info ][gc,cpu       ] GC(615) User=0.02s Sys=0.00s Real=0.01s
[1281.189s][info ][safepoint    ] Leaving safepoint region
[1281.189s][info ][safepoint    ] Total time for which application threads were stopped: 0.0068974 seconds, Stopping threads took: 0.0000178 seconds
[1282.189s][info ][safepoint    ] Application time: 1.0000875 seconds
[1282.189s][info ][safepoint    ] Entering safepoint region: Cleanup
[1282.189s][info ][safepoint    ] Leaving safepoint region
[1282.189s][info ][safepoint    ] Total time for which application threads were stopped: 0.0000887 seconds, Stopping threads took: 0.0000369 seconds
[1283.145s][info ][safepoint    ] Application time: 0.9553151 seconds
[1283.145s][info ][safepoint    ] Entering safepoint region: GenCollectForAllocation
[1283.145s][info ][gc,start     ] GC(616) Pause Young (Allocation Failure)
[1283.145s][info ][gc,task      ] GC(616) Using 4 workers of 4 for evacuation
[1283.152s][debug][gc,ref       ] GC(616) Skipped phase1 of Reference Processing due to unavailable references
[1283.152s][debug][gc,ref       ] GC(616) Skipped phase3 of Reference Processing due to unavailable references
[1283.152s][debug][gc,ref       ] GC(616) Skipped phase4 of Reference Processing due to unavailable references
[1283.153s][debug][gc,age       ] GC(616) Desired survivor size 15400960 bytes, new threshold 6 (max threshold 6)
[1283.153s][info ][gc,heap      ] GC(616) ParNew: 252206K->9230K(270976K)
[1283.153s][info ][gc,heap      ] GC(616) CMS: 474107K->477090K(602112K)
[1283.153s][info ][gc,metaspace ] GC(616) Metaspace: 57935K->57935K(1101824K)
[1283.153s][info ][gc           ] GC(616) Pause Young (Allocation Failure) 709M->474M(852M) 7.757ms
[1283.153s][info ][gc,cpu       ] GC(616) User=0.02s Sys=0.00s Real=0.00s
[1283.153s][info ][safepoint    ] Leaving safepoint region
[1283.153s][info ][safepoint    ] Total time for which application threads were stopped: 0.0079204 seconds, Stopping threads took: 0.0000265 seconds
[1284.153s][info ][safepoint    ] Application time: 1.0000905 seconds
[1284.153s][info ][safepoint    ] Entering safepoint region: Cleanup
[1284.153s][info ][safepoint    ] Leaving safepoint region
[1284.153s][info ][safepoint    ] Total time for which application threads were stopped: 0.0000937 seconds, Stopping threads took: 0.0000298 seconds
[1285.153s][info ][safepoint    ] Application time: 1.0000829 seconds
[1285.153s][info ][safepoint    ] Entering safepoint region: Cleanup
[1285.153s][info ][safepoint    ] Leaving safepoint region
[1285.153s][info ][safepoint    ] Total time for which application threads were stopped: 0.0000741 seconds, Stopping threads took: 0.0000183 seconds
[1285.182s][info ][safepoint    ] Application time: 0.0286803 seconds
[1285.182s][info ][safepoint    ] Entering safepoint region: GenCollectForAllocation
[1285.182s][info ][gc,start     ] GC(617) Pause Young (Allocation Failure)
[1285.182s][info ][gc,task      ] GC(617) Using 4 workers of 4 for evacuation
[1285.187s][debug][gc,ref       ] GC(617) Skipped phase1 of Reference Processing due to unavailable references
[1285.187s][debug][gc,ref       ] GC(617) Skipped phase3 of Reference Processing due to unavailable references
[1285.187s][debug][gc,ref       ] GC(617) Skipped phase4 of Reference Processing due to unavailable references
[1285.187s][debug][gc,age       ] GC(617) Desired survivor size 15400960 bytes, new threshold 6 (max threshold 6)
[1285.187s][info ][gc,heap      ] GC(617) ParNew: 250126K->10793K(270976K)
[1285.187s][info ][gc,heap      ] GC(617) CMS: 477090K->477351K(602112K)
[1285.187s][info ][gc,metaspace ] GC(617) Metaspace: 57936K->57936K(1101824K)
[1285.187s][info ][gc           ] GC(617) Pause Young (Allocation Failure) 710M->476M(852M) 5.048ms
[1285.187s][info ][gc,cpu       ] GC(617) User=0.02s Sys=0.00s Real=0.01s
[1285.187s][info ][safepoint    ] Leaving safepoint region
[1285.187s][info ][safepoint    ] Total time for which application threads were stopped: 0.0052079 seconds, Stopping threads took: 0.0000179 seconds
[1286.187s][info ][safepoint    ] Application time: 1.0001332 seconds
[1286.187s][info ][safepoint    ] Entering safepoint region: Cleanup
[1286.187s][info ][safepoint    ] Leaving safepoint region
[1286.187s][info ][safepoint    ] Total time for which application threads were stopped: 0.0001004 seconds, Stopping threads took: 0.0000394 seconds
[1287.187s][info ][safepoint    ] Application time: 1.0001167 seconds
[1287.187s][info ][safepoint    ] Entering safepoint region: Cleanup
[1287.188s][info ][safepoint    ] Leaving safepoint region
[1287.188s][info ][safepoint    ] Total time for which application threads were stopped: 0.0001583 seconds, Stopping threads took: 0.0000905 seconds
[1287.490s][info ][safepoint    ] Application time: 0.3028037 seconds
[1287.490s][info ][safepoint    ] Entering safepoint region: GenCollectForAllocation
[1287.491s][info ][gc,start     ] GC(618) Pause Young (Allocation Failure)
[1287.491s][info ][gc,task      ] GC(618) Using 4 workers of 4 for evacuation
[1287.496s][debug][gc,ref       ] GC(618) Skipped phase1 of Reference Processing due to unavailable references
[1287.496s][debug][gc,ref       ] GC(618) Skipped phase3 of Reference Processing due to unavailable references
[1287.496s][debug][gc,ref       ] GC(618) Skipped phase4 of Reference Processing due to unavailable references
[1287.496s][debug][gc,age       ] GC(618) Desired survivor size 15400960 bytes, new threshold 6 (max threshold 6)
[1287.496s][info ][gc,heap      ] GC(618) ParNew: 251689K->11682K(270976K)
[1287.496s][info ][gc,heap      ] GC(618) CMS: 477351K->477581K(602112K)
[1287.496s][info ][gc,metaspace ] GC(618) Metaspace: 57936K->57936K(1101824K)
[1287.496s][info ][gc           ] GC(618) Pause Young (Allocation Failure) 711M->477M(852M) 5.940ms
[1287.496s][info ][gc,cpu       ] GC(618) User=0.02s Sys=0.00s Real=0.01s
[1287.496s][info ][safepoint    ] Leaving safepoint region
[1287.496s][info ][safepoint    ] Total time for which application threads were stopped: 0.0060915 seconds, Stopping threads took: 0.0000172 seconds
[1288.497s][info ][safepoint    ] Application time: 1.0001039 seconds
[1288.497s][info ][safepoint    ] Entering safepoint region: Cleanup
[1288.497s][info ][safepoint    ] Leaving safepoint region
[1288.497s][info ][safepoint    ] Total time for which application threads were stopped: 0.0000832 seconds, Stopping threads took: 0.0000180 seconds
[1289.497s][info ][safepoint    ] Application time: 1.0000945 seconds
[1289.497s][info ][safepoint    ] Entering safepoint region: Cleanup
[1289.497s][info ][safepoint    ] Leaving safepoint region
[1289.497s][info ][safepoint    ] Total time for which application threads were stopped: 0.0000828 seconds, Stopping threads took: 0.0000190 seconds
[1289.574s][info ][safepoint    ] Application time: 0.0766118 seconds
[1289.574s][info ][safepoint    ] Entering safepoint region: GenCollectForAllocation
[1289.574s][info ][gc,start     ] GC(619) Pause Young (Allocation Failure)
[1289.574s][info ][gc,task      ] GC(619) Using 4 workers of 4 for evacuation
[1289.580s][debug][gc,ref       ] GC(619) Skipped phase1 of Reference Processing due to unavailable references
[1289.580s][debug][gc,ref       ] GC(619) Skipped phase3 of Reference Processing due to unavailable references
[1289.580s][debug][gc,ref       ] GC(619) Skipped phase4 of Reference Processing due to unavailable references
[1289.580s][debug][gc,age       ] GC(619) Desired survivor size 15400960 bytes, new threshold 6 (max threshold 6)
[1289.580s][info ][gc,heap      ] GC(619) ParNew: 252578K->13120K(270976K)
[1289.580s][info ][gc,heap      ] GC(619) CMS: 477581K->477619K(602112K)
[1289.580s][info ][gc,metaspace ] GC(619) Metaspace: 57937K->57937K(1101824K)
[1289.580s][info ][gc           ] GC(619) Pause Young (Allocation Failure) 713M->479M(852M) 6.490ms
[1289.580s][info ][gc,cpu       ] GC(619) User=0.03s Sys=0.00s Real=0.01s
[1289.580s][info ][safepoint    ] Leaving safepoint region
[1289.580s][info ][safepoint    ] Total time for which application threads were stopped: 0.0066914 seconds, Stopping threads took: 0.0000221 seconds
[1290.580s][info ][safepoint    ] Application time: 1.0000912 seconds
[1290.580s][info ][safepoint    ] Entering safepoint region: Cleanup
[1290.581s][info ][safepoint    ] Leaving safepoint region
[1290.581s][info ][safepoint    ] Total time for which application threads were stopped: 0.0001274 seconds, Stopping threads took: 0.0000548 seconds
[1291.576s][info ][safepoint    ] Application time: 0.9954388 seconds
[1291.576s][info ][safepoint    ] Entering safepoint region: GenCollectForAllocation
[1291.576s][info ][gc,start     ] GC(620) Pause Young (Allocation Failure)
[1291.576s][info ][gc,task      ] GC(620) Using 4 workers of 4 for evacuation
[1291.583s][debug][gc,ref       ] GC(620) Skipped phase1 of Reference Processing due to unavailable references
[1291.583s][debug][gc,ref       ] GC(620) Skipped phase3 of Reference Processing due to unavailable references
[1291.583s][debug][gc,ref       ] GC(620) Skipped phase4 of Reference Processing due to unavailable references
[1291.583s][debug][gc,age       ] GC(620) Desired survivor size 15400960 bytes, new threshold 6 (max threshold 6)
[1291.583s][info ][gc,heap      ] GC(620) ParNew: 254016K->15066K(270976K)
[1291.583s][info ][gc,heap      ] GC(620) CMS: 477619K->477635K(602112K)
[1291.583s][info ][gc,metaspace ] GC(620) Metaspace: 57937K->57937K(1101824K)
[1291.583s][info ][gc           ] GC(620) Pause Young (Allocation Failure) 714M->481M(852M) 7.030ms
[1291.583s][info ][gc,cpu       ] GC(620) User=0.02s Sys=0.00s Real=0.00s
[1291.583s][info ][safepoint    ] Leaving safepoint region
[1291.583s][info ][safepoint    ] Total time for which application threads were stopped: 0.0071923 seconds, Stopping threads took: 0.0000183 seconds
[1292.583s][info ][safepoint    ] Application time: 1.0000915 seconds
[1292.583s][info ][safepoint    ] Entering safepoint region: Cleanup
[1292.583s][info ][safepoint    ] Leaving safepoint region
[1292.584s][info ][safepoint    ] Total time for which application threads were stopped: 0.0001442 seconds, Stopping threads took: 0.0000806 seconds
[1293.584s][info ][safepoint    ] Application time: 1.0001012 seconds
[1293.584s][info ][safepoint    ] Entering safepoint region: Cleanup
[1293.584s][info ][safepoint    ] Leaving safepoint region
[1293.584s][info ][safepoint    ] Total time for which application threads were stopped: 0.0001298 seconds, Stopping threads took: 0.0000662 seconds
[1293.626s][info ][safepoint    ] Application time: 0.0425586 seconds
[1293.626s][info ][safepoint    ] Entering safepoint region: GenCollectForAllocation
[1293.626s][info ][gc,start     ] GC(621) Pause Young (Allocation Failure)
[1293.627s][info ][gc,task      ] GC(621) Using 4 workers of 4 for evacuation
[1293.633s][debug][gc,ref       ] GC(621) Skipped phase1 of Reference Processing due to unavailable references
[1293.634s][debug][gc,ref       ] GC(621) Skipped phase3 of Reference Processing due to unavailable references
[1293.634s][debug][gc,ref       ] GC(621) Skipped phase4 of Reference Processing due to unavailable references
[1293.634s][debug][gc,age       ] GC(621) Desired survivor size 15400960 bytes, new threshold 6 (max threshold 6)
[1293.634s][info ][gc,heap      ] GC(621) ParNew: 255962K->15061K(270976K)
[1293.634s][info ][gc,heap      ] GC(621) CMS: 477635K->477658K(602112K)
[1293.634s][info ][gc,metaspace ] GC(621) Metaspace: 57941K->57941K(1101824K)
[1293.634s][info ][gc           ] GC(621) Pause Young (Allocation Failure) 716M->481M(852M) 7.268ms
[1293.634s][info ][gc,cpu       ] GC(621) User=0.02s Sys=0.00s Real=0.00s
[1293.634s][info ][safepoint    ] Leaving safepoint region
[1293.634s][info ][safepoint    ] Total time for which application threads were stopped: 0.0074347 seconds, Stopping threads took: 0.0000201 seconds
[1294.634s][info ][safepoint    ] Application time: 1.0000857 seconds
[1294.634s][info ][safepoint    ] Entering safepoint region: Cleanup
[1294.634s][info ][safepoint    ] Leaving safepoint region
[1294.634s][info ][safepoint    ] Total time for which application threads were stopped: 0.0001608 seconds, Stopping threads took: 0.0000974 seconds
[1295.634s][info ][safepoint    ] Application time: 1.0000886 seconds
[1295.634s][info ][safepoint    ] Entering safepoint region: Cleanup
[1295.634s][info ][safepoint    ] Leaving safepoint region
[1295.634s][info ][safepoint    ] Total time for which application threads were stopped: 0.0001223 seconds, Stopping threads took: 0.0000439 seconds
[1295.808s][info ][safepoint    ] Application time: 0.1741151 seconds
[1295.809s][info ][safepoint    ] Entering safepoint region: GenCollectForAllocation
[1295.809s][info ][gc,start     ] GC(622) Pause Young (Allocation Failure)
[1295.809s][info ][gc,task      ] GC(622) Using 4 workers of 4 for evacuation
[1295.818s][debug][gc,ref       ] GC(622) Skipped phase1 of Reference Processing due to unavailable references
[1295.818s][debug][gc,ref       ] GC(622) Skipped phase3 of Reference Processing due to unavailable references
[1295.818s][debug][gc,ref       ] GC(622) Skipped phase4 of Reference Processing due to unavailable references
[1295.818s][debug][gc,age       ] GC(622) Desired survivor size 15400960 bytes, new threshold 6 (max threshold 6)
[1295.818s][info ][gc,heap      ] GC(622) ParNew: 255957K->16943K(270976K)
[1295.818s][info ][gc,heap      ] GC(622) CMS: 477658K->479604K(602112K)
[1295.818s][info ][gc,metaspace ] GC(622) Metaspace: 57942K->57942K(1101824K)
[1295.818s][info ][gc           ] GC(622) Pause Young (Allocation Failure) 716M->484M(852M) 9.713ms
[1295.818s][info ][gc,cpu       ] GC(622) User=0.04s Sys=0.00s Real=0.01s
[1295.818s][info ][safepoint    ] Leaving safepoint region
[1295.818s][info ][safepoint    ] Total time for which application threads were stopped: 0.0098790 seconds, Stopping threads took: 0.0000165 seconds
[1296.818s][info ][safepoint    ] Application time: 1.0000953 seconds
[1296.819s][info ][safepoint    ] Entering safepoint region: Cleanup
[1296.819s][info ][safepoint    ] Leaving safepoint region
[1296.819s][info ][safepoint    ] Total time for which application threads were stopped: 0.0001026 seconds, Stopping threads took: 0.0000185 seconds
[1297.819s][info ][safepoint    ] Application time: 1.0001341 seconds
[1297.819s][info ][safepoint    ] Entering safepoint region: Cleanup
[1297.819s][info ][safepoint    ] Leaving safepoint region
[1297.819s][info ][safepoint    ] Total time for which application threads were stopped: 0.0000901 seconds, Stopping threads took: 0.0000187 seconds
[1297.895s][info ][safepoint    ] Application time: 0.0757638 seconds
[1297.895s][info ][safepoint    ] Entering safepoint region: GenCollectForAllocation
[1297.895s][info ][gc,start     ] GC(623) Pause Young (Allocation Failure)
[1297.895s][info ][gc,task      ] GC(623) Using 4 workers of 4 for evacuation
[1297.902s][debug][gc,ref       ] GC(623) Skipped phase1 of Reference Processing due to unavailable references
[1297.902s][debug][gc,ref       ] GC(623) Skipped phase3 of Reference Processing due to unavailable references
[1297.902s][debug][gc,ref       ] GC(623) Skipped phase4 of Reference Processing due to unavailable references
[1297.902s][debug][gc,age       ] GC(623) Desired survivor size 15400960 bytes, new threshold 6 (max threshold 6)
[1297.902s][info ][gc,heap      ] GC(623) ParNew: 257839K->19673K(270976K)
[1297.902s][info ][gc,heap      ] GC(623) CMS: 479604K->479894K(602112K)
[1297.902s][info ][gc,metaspace ] GC(623) Metaspace: 57942K->57942K(1101824K)
[1297.902s][info ][gc           ] GC(623) Pause Young (Allocation Failure) 720M->487M(852M) 7.358ms
[1297.902s][info ][gc,cpu       ] GC(623) User=0.03s Sys=0.00s Real=0.01s
[1297.902s][info ][safepoint    ] Leaving safepoint region
[1297.902s][info ][safepoint    ] Total time for which application threads were stopped: 0.0075339 seconds, Stopping threads took: 0.0000404 seconds
[1298.902s][info ][safepoint    ] Application time: 1.0001501 seconds
[1298.902s][info ][safepoint    ] Entering safepoint region: Cleanup
[1298.903s][info ][safepoint    ] Leaving safepoint region
[1298.903s][info ][safepoint    ] Total time for which application threads were stopped: 0.0000945 seconds, Stopping threads took: 0.0000180 seconds
[1299.903s][info ][safepoint    ] Application time: 1.0000982 seconds
[1299.903s][info ][safepoint    ] Entering safepoint region: Cleanup
[1299.903s][info ][safepoint    ] Leaving safepoint region
[1299.903s][info ][safepoint    ] Total time for which application threads were stopped: 0.0000818 seconds, Stopping threads took: 0.0000180 seconds
[1299.984s][info ][safepoint    ] Application time: 0.0813495 seconds
[1299.984s][info ][safepoint    ] Entering safepoint region: GenCollectForAllocation
[1299.984s][info ][gc,start     ] GC(624) Pause Young (Allocation Failure)
[1299.984s][info ][gc,task      ] GC(624) Using 4 workers of 4 for evacuation
[1299.992s][debug][gc,ref       ] GC(624) Skipped phase1 of Reference Processing due to unavailable references
[1299.992s][debug][gc,ref       ] GC(624) Skipped phase3 of Reference Processing due to unavailable references
[1299.993s][debug][gc,age       ] GC(624) Desired survivor size 15400960 bytes, new threshold 6 (max threshold 6)
[1299.993s][info ][gc,heap      ] GC(624) ParNew: 260569K->17808K(270976K)
[1299.993s][info ][gc,heap      ] GC(624) CMS: 479894K->480915K(602112K)
[1299.993s][info ][gc,metaspace ] GC(624) Metaspace: 57960K->57960K(1101824K)
[1299.993s][info ][gc           ] GC(624) Pause Young (Allocation Failure) 723M->487M(852M) 8.319ms
[1299.993s][info ][gc,cpu       ] GC(624) User=0.03s Sys=0.00s Real=0.00s
[1299.993s][info ][safepoint    ] Leaving safepoint region
[1299.993s][info ][safepoint    ] Total time for which application threads were stopped: 0.0084807 seconds, Stopping threads took: 0.0000178 seconds
[1300.993s][info ][safepoint    ] Application time: 1.0000969 seconds
[1300.993s][info ][safepoint    ] Entering safepoint region: Cleanup
[1300.993s][info ][safepoint    ] Leaving safepoint region
[1300.993s][info ][safepoint    ] Total time for which application threads were stopped: 0.0001674 seconds, Stopping threads took: 0.0000972 seconds
[1301.993s][info ][safepoint    ] Application time: 1.0000523 seconds
[1301.993s][info ][safepoint    ] Entering safepoint region: Cleanup
[1301.993s][info ][safepoint    ] Leaving safepoint region
[1301.993s][info ][safepoint    ] Total time for which application threads were stopped: 0.0000840 seconds, Stopping threads took: 0.0000190 seconds
[1302.193s][info ][safepoint    ] Application time: 0.1997553 seconds
[1302.193s][info ][safepoint    ] Entering safepoint region: GenCollectForAllocation
[1302.193s][info ][gc,start     ] GC(625) Pause Young (Allocation Failure)
[1302.193s][info ][gc,task      ] GC(625) Using 4 workers of 4 for evacuation
[1302.201s][debug][gc,ref       ] GC(625) Skipped phase1 of Reference Processing due to unavailable references
[1302.201s][debug][gc,ref       ] GC(625) Skipped phase3 of Reference Processing due to unavailable references
[1302.201s][debug][gc,ref       ] GC(625) Skipped phase4 of Reference Processing due to unavailable references
[1302.201s][debug][gc,age       ] GC(625) Desired survivor size 15400960 bytes, new threshold 6 (max threshold 6)
[1302.201s][info ][gc,heap      ] GC(625) ParNew: 258704K->18317K(270976K)
[1302.201s][info ][gc,heap      ] GC(625) CMS: 480915K->482275K(602112K)
[1302.201s][info ][gc,metaspace ] GC(625) Metaspace: 57964K->57964K(1101824K)
[1302.201s][info ][gc           ] GC(625) Pause Young (Allocation Failure) 722M->488M(852M) 8.104ms
[1302.201s][info ][gc,cpu       ] GC(625) User=0.03s Sys=0.00s Real=0.01s
[1302.201s][info ][safepoint    ] Leaving safepoint region
[1302.201s][info ][safepoint    ] Total time for which application threads were stopped: 0.0084224 seconds, Stopping threads took: 0.0000207 seconds
[1303.201s][info ][safepoint    ] Application time: 1.0001314 seconds
[1303.202s][info ][safepoint    ] Entering safepoint region: Cleanup
[1303.202s][info ][safepoint    ] Leaving safepoint region
[1303.202s][info ][safepoint    ] Total time for which application threads were stopped: 0.0001013 seconds, Stopping threads took: 0.0000406 seconds
[1304.202s][info ][safepoint    ] Application time: 1.0001222 seconds
[1304.202s][info ][safepoint    ] Entering safepoint region: Cleanup
[1304.202s][info ][safepoint    ] Leaving safepoint region
[1304.202s][info ][safepoint    ] Total time for which application threads were stopped: 0.0001605 seconds, Stopping threads took: 0.0000868 seconds
[1304.204s][info ][safepoint    ] Application time: 0.0015929 seconds
[1304.204s][info ][safepoint    ] Entering safepoint region: GenCollectForAllocation
[1304.204s][info ][gc,start     ] GC(626) Pause Young (Allocation Failure)
[1304.204s][info ][gc,task      ] GC(626) Using 4 workers of 4 for evacuation
[1304.212s][debug][gc,ref       ] GC(626) Skipped phase1 of Reference Processing due to unavailable references
[1304.212s][debug][gc,ref       ] GC(626) Skipped phase3 of Reference Processing due to unavailable references
[1304.212s][debug][gc,ref       ] GC(626) Skipped phase4 of Reference Processing due to unavailable references
[1304.212s][debug][gc,age       ] GC(626) Desired survivor size 15400960 bytes, new threshold 6 (max threshold 6)
[1304.212s][info ][gc,heap      ] GC(626) ParNew: 259213K->18174K(270976K)
[1304.212s][info ][gc,heap      ] GC(626) CMS: 482275K->483451K(602112K)
[1304.212s][info ][gc,metaspace ] GC(626) Metaspace: 57964K->57964K(1101824K)
[1304.212s][info ][gc           ] GC(626) Pause Young (Allocation Failure) 724M->489M(852M) 8.646ms
[1304.212s][info ][gc,cpu       ] GC(626) User=0.03s Sys=0.00s Real=0.01s
[1304.212s][info ][safepoint    ] Leaving safepoint region
[1304.212s][info ][safepoint    ] Total time for which application threads were stopped: 0.0087869 seconds, Stopping threads took: 0.0000082 seconds
[1305.212s][info ][safepoint    ] Application time: 1.0001009 seconds
[1305.212s][info ][safepoint    ] Entering safepoint region: Cleanup
[1305.213s][info ][safepoint    ] Leaving safepoint region
[1305.213s][info ][safepoint    ] Total time for which application threads were stopped: 0.0000960 seconds, Stopping threads took: 0.0000179 seconds
[1306.213s][info ][safepoint    ] Application time: 1.0000939 seconds
[1306.213s][info ][safepoint    ] Entering safepoint region: Cleanup
[1306.213s][info ][safepoint    ] Leaving safepoint region
[1306.213s][info ][safepoint    ] Total time for which application threads were stopped: 0.0000929 seconds, Stopping threads took: 0.0000311 seconds
[1306.413s][info ][safepoint    ] Application time: 0.2005801 seconds
[1306.413s][info ][safepoint    ] Entering safepoint region: GenCollectForAllocation
[1306.414s][info ][gc,start     ] GC(627) Pause Young (Allocation Failure)
[1306.414s][info ][gc,task      ] GC(627) Using 4 workers of 4 for evacuation
[1306.422s][debug][gc,ref       ] GC(627) Skipped phase1 of Reference Processing due to unavailable references
[1306.422s][debug][gc,ref       ] GC(627) Skipped phase3 of Reference Processing due to unavailable references
[1306.422s][debug][gc,ref       ] GC(627) Skipped phase4 of Reference Processing due to unavailable references
[1306.422s][debug][gc,age       ] GC(627) Desired survivor size 15400960 bytes, new threshold 6 (max threshold 6)
[1306.422s][info ][gc,heap      ] GC(627) ParNew: 259070K->17923K(270976K)
[1306.422s][info ][gc,heap      ] GC(627) CMS: 483451K->484829K(602112K)
[1306.422s][info ][gc,metaspace ] GC(627) Metaspace: 57975K->57975K(1101824K)
[1306.422s][info ][gc           ] GC(627) Pause Young (Allocation Failure) 725M->490M(852M) 8.370ms
[1306.422s][info ][gc,cpu       ] GC(627) User=0.03s Sys=0.00s Real=0.01s
[1306.422s][info ][safepoint    ] Leaving safepoint region
[1306.422s][info ][safepoint    ] Total time for which application threads were stopped: 0.0085250 seconds, Stopping threads took: 0.0000161 seconds
[1307.422s][info ][safepoint    ] Application time: 1.0001050 seconds
[1307.422s][info ][safepoint    ] Entering safepoint region: Cleanup
[1307.422s][info ][safepoint    ] Leaving safepoint region
[1307.422s][info ][safepoint    ] Total time for which application threads were stopped: 0.0001193 seconds, Stopping threads took: 0.0000412 seconds
[1308.422s][info ][safepoint    ] Application time: 1.0000919 seconds
[1308.422s][info ][safepoint    ] Entering safepoint region: Cleanup
[1308.422s][info ][safepoint    ] Leaving safepoint region
[1308.422s][info ][safepoint    ] Total time for which application threads were stopped: 0.0001110 seconds, Stopping threads took: 0.0000407 seconds
[1308.526s][info ][safepoint    ] Application time: 0.1032676 seconds
[1308.526s][info ][safepoint    ] Entering safepoint region: GenCollectForAllocation
[1308.526s][info ][gc,start     ] GC(628) Pause Young (Allocation Failure)
[1308.526s][info ][gc,task      ] GC(628) Using 4 workers of 4 for evacuation
[1308.533s][debug][gc,ref       ] GC(628) Skipped phase1 of Reference Processing due to unavailable references
[1308.533s][debug][gc,ref       ] GC(628) Skipped phase3 of Reference Processing due to unavailable references
[1308.533s][debug][gc,ref       ] GC(628) Skipped phase4 of Reference Processing due to unavailable references
[1308.534s][debug][gc,age       ] GC(628) Desired survivor size 15400960 bytes, new threshold 6 (max threshold 6)
[1308.534s][info ][gc,heap      ] GC(628) ParNew: 258819K->17730K(270976K)
[1308.534s][info ][gc,heap      ] GC(628) CMS: 484829K->486194K(602112K)
[1308.534s][info ][gc,metaspace ] GC(628) Metaspace: 57975K->57975K(1101824K)
[1308.534s][info ][gc           ] GC(628) Pause Young (Allocation Failure) 726M->492M(852M) 7.784ms
[1308.534s][info ][gc,cpu       ] GC(628) User=0.03s Sys=0.00s Real=0.00s
[1308.534s][info ][safepoint    ] Leaving safepoint region
[1308.534s][info ][safepoint    ] Total time for which application threads were stopped: 0.0079515 seconds, Stopping threads took: 0.0000297 seconds
[1309.534s][info ][safepoint    ] Application time: 1.0000982 seconds
[1309.534s][info ][safepoint    ] Entering safepoint region: Cleanup
[1309.534s][info ][safepoint    ] Leaving safepoint region
[1309.534s][info ][safepoint    ] Total time for which application threads were stopped: 0.0001126 seconds, Stopping threads took: 0.0000368 seconds
[1310.534s][info ][safepoint    ] Application time: 1.0000860 seconds
[1310.534s][info ][safepoint    ] Entering safepoint region: Cleanup
[1310.534s][info ][safepoint    ] Leaving safepoint region
[1310.534s][info ][safepoint    ] Total time for which application threads were stopped: 0.0000953 seconds, Stopping threads took: 0.0000377 seconds
[1310.607s][info ][safepoint    ] Application time: 0.0730237 seconds
[1310.607s][info ][safepoint    ] Entering safepoint region: GenCollectForAllocation
[1310.607s][info ][gc,start     ] GC(629) Pause Young (Allocation Failure)
[1310.607s][info ][gc,task      ] GC(629) Using 4 workers of 4 for evacuation
[1310.616s][debug][gc,ref       ] GC(629) Skipped phase1 of Reference Processing due to unavailable references
[1310.616s][debug][gc,ref       ] GC(629) Skipped phase3 of Reference Processing due to unavailable references
[1310.616s][debug][gc,ref       ] GC(629) Skipped phase4 of Reference Processing due to unavailable references
[1310.616s][debug][gc,age       ] GC(629) Desired survivor size 15400960 bytes, new threshold 6 (max threshold 6)
[1310.616s][info ][gc,heap      ] GC(629) ParNew: 258620K->14030K(270976K)
[1310.616s][info ][gc,heap      ] GC(629) CMS: 486194K->487520K(602112K)
[1310.616s][info ][gc,metaspace ] GC(629) Metaspace: 57981K->57981K(1101824K)
[1310.616s][info ][gc           ] GC(629) Pause Young (Allocation Failure) 727M->489M(852M) 8.592ms
[1310.616s][info ][gc,cpu       ] GC(629) User=0.03s Sys=0.00s Real=0.01s
[1310.616s][info ][safepoint    ] Leaving safepoint region
[1310.616s][info ][safepoint    ] Total time for which application threads were stopped: 0.0087636 seconds, Stopping threads took: 0.0000160 seconds
[1311.616s][info ][safepoint    ] Application time: 1.0000984 seconds
[1311.616s][info ][safepoint    ] Entering safepoint region: Cleanup
[1311.616s][info ][safepoint    ] Leaving safepoint region
[1311.616s][info ][safepoint    ] Total time for which application threads were stopped: 0.0000788 seconds, Stopping threads took: 0.0000165 seconds
[1312.616s][info ][safepoint    ] Application time: 1.0000903 seconds
[1312.616s][info ][safepoint    ] Entering safepoint region: Cleanup
[1312.616s][info ][safepoint    ] Leaving safepoint region
[1312.616s][info ][safepoint    ] Total time for which application threads were stopped: 0.0000958 seconds, Stopping threads took: 0.0000161 seconds
[1312.773s][info ][safepoint    ] Application time: 0.1565097 seconds
[1312.773s][info ][safepoint    ] Entering safepoint region: GenCollectForAllocation
[1312.773s][info ][gc,start     ] GC(630) Pause Young (Allocation Failure)
[1312.773s][info ][gc,task      ] GC(630) Using 4 workers of 4 for evacuation
[1312.780s][debug][gc,ref       ] GC(630) Skipped phase1 of Reference Processing due to unavailable references
[1312.780s][debug][gc,ref       ] GC(630) Skipped phase3 of Reference Processing due to unavailable references
[1312.780s][debug][gc,ref       ] GC(630) Skipped phase4 of Reference Processing due to unavailable references
[1312.781s][debug][gc,age       ] GC(630) Desired survivor size 15400960 bytes, new threshold 6 (max threshold 6)
[1312.781s][info ][gc,heap      ] GC(630) ParNew: 254926K->13790K(270976K)
[1312.781s][info ][gc,heap      ] GC(630) CMS: 487520K->488697K(602112K)
[1312.781s][info ][gc,metaspace ] GC(630) Metaspace: 57982K->57982K(1101824K)
[1312.781s][info ][gc           ] GC(630) Pause Young (Allocation Failure) 725M->490M(852M) 7.437ms
[1312.781s][info ][gc,cpu       ] GC(630) User=0.02s Sys=0.00s Real=0.01s
[1312.781s][info ][safepoint    ] Leaving safepoint region
[1312.781s][info ][safepoint    ] Total time for which application threads were stopped: 0.0076316 seconds, Stopping threads took: 0.0000601 seconds
[1313.781s][info ][safepoint    ] Application time: 1.0001653 seconds
[1313.781s][info ][safepoint    ] Entering safepoint region: Cleanup
[1313.781s][info ][safepoint    ] Leaving safepoint region
[1313.781s][info ][safepoint    ] Total time for which application threads were stopped: 0.0000983 seconds, Stopping threads took: 0.0000396 seconds
[1314.782s][info ][safepoint    ] Application time: 1.0004935 seconds
[1314.785s][info ][safepoint    ] Entering safepoint region: Cleanup
[1314.785s][info ][safepoint    ] Leaving safepoint region
[1314.785s][info ][safepoint    ] Total time for which application threads were stopped: 0.0034091 seconds, Stopping threads took: 0.0033341 seconds
[1314.823s][info ][safepoint    ] Application time: 0.0378018 seconds
[1314.823s][info ][safepoint    ] Entering safepoint region: GenCollectForAllocation
[1314.823s][info ][gc,start     ] GC(631) Pause Young (Allocation Failure)
[1314.823s][info ][gc,task      ] GC(631) Using 4 workers of 4 for evacuation
[1314.830s][debug][gc,ref       ] GC(631) Skipped phase1 of Reference Processing due to unavailable references
[1314.831s][debug][gc,ref       ] GC(631) Skipped phase3 of Reference Processing due to unavailable references
[1314.831s][debug][gc,ref       ] GC(631) Skipped phase4 of Reference Processing due to unavailable references
[1314.831s][debug][gc,age       ] GC(631) Desired survivor size 15400960 bytes, new threshold 6 (max threshold 6)
[1314.831s][info ][gc,heap      ] GC(631) ParNew: 254686K->15399K(270976K)
[1314.831s][info ][gc,heap      ] GC(631) CMS: 488697K->489852K(602112K)
[1314.831s][info ][gc,metaspace ] GC(631) Metaspace: 57982K->57982K(1101824K)
[1314.831s][info ][gc           ] GC(631) Pause Young (Allocation Failure) 725M->493M(852M) 7.673ms
[1314.831s][info ][gc,cpu       ] GC(631) User=0.03s Sys=0.00s Real=0.01s
[1314.831s][info ][safepoint    ] Leaving safepoint region
[1314.831s][info ][safepoint    ] Total time for which application threads were stopped: 0.0078780 seconds, Stopping threads took: 0.0000660 seconds
[1315.831s][info ][safepoint    ] Application time: 1.0003313 seconds
[1315.831s][info ][safepoint    ] Entering safepoint region: Cleanup
[1315.831s][info ][safepoint    ] Leaving safepoint region
[1315.831s][info ][safepoint    ] Total time for which application threads were stopped: 0.0002015 seconds, Stopping threads took: 0.0001229 seconds
[1316.831s][info ][safepoint    ] Application time: 1.0001374 seconds
[1316.832s][info ][safepoint    ] Entering safepoint region: Cleanup
[1316.832s][info ][safepoint    ] Leaving safepoint region
[1316.832s][info ][safepoint    ] Total time for which application threads were stopped: 0.0001208 seconds, Stopping threads took: 0.0000426 seconds
[1317.154s][info ][safepoint    ] Application time: 0.3220823 seconds
[1317.154s][info ][safepoint    ] Entering safepoint region: GenCollectForAllocation
[1317.154s][info ][gc,start     ] GC(632) Pause Young (Allocation Failure)
[1317.154s][info ][gc,task      ] GC(632) Using 4 workers of 4 for evacuation
[1317.161s][debug][gc,ref       ] GC(632) Skipped phase1 of Reference Processing due to unavailable references
[1317.161s][debug][gc,ref       ] GC(632) Skipped phase3 of Reference Processing due to unavailable references
[1317.161s][debug][gc,ref       ] GC(632) Skipped phase4 of Reference Processing due to unavailable references
[1317.162s][debug][gc,age       ] GC(632) Desired survivor size 15400960 bytes, new threshold 6 (max threshold 6)
[1317.162s][info ][gc,heap      ] GC(632) ParNew: 256295K->10167K(270976K)
[1317.162s][info ][gc,heap      ] GC(632) CMS: 489852K->492202K(602112K)
[1317.162s][info ][gc,metaspace ] GC(632) Metaspace: 57982K->57982K(1101824K)
[1317.162s][info ][gc           ] GC(632) Pause Young (Allocation Failure) 728M->490M(852M) 7.687ms
[1317.162s][info ][gc,cpu       ] GC(632) User=0.03s Sys=0.00s Real=0.01s
[1317.162s][info ][safepoint    ] Leaving safepoint region
[1317.162s][info ][safepoint    ] Total time for which application threads were stopped: 0.0078543 seconds, Stopping threads took: 0.0000191 seconds
[1318.162s][info ][safepoint    ] Application time: 1.0000933 seconds
[1318.162s][info ][safepoint    ] Entering safepoint region: Cleanup
[1318.162s][info ][safepoint    ] Leaving safepoint region
[1318.162s][info ][safepoint    ] Total time for which application threads were stopped: 0.0000803 seconds, Stopping threads took: 0.0000178 seconds
[1319.162s][info ][safepoint    ] Application time: 1.0000936 seconds
[1319.162s][info ][safepoint    ] Entering safepoint region: Cleanup
[1319.162s][info ][safepoint    ] Leaving safepoint region
[1319.162s][info ][safepoint    ] Total time for which application threads were stopped: 0.0000771 seconds, Stopping threads took: 0.0000170 seconds
[1319.223s][info ][safepoint    ] Application time: 0.0611626 seconds
[1319.223s][info ][safepoint    ] Entering safepoint region: GenCollectForAllocation
[1319.223s][info ][gc,start     ] GC(633) Pause Young (Allocation Failure)
[1319.223s][info ][gc,task      ] GC(633) Using 4 workers of 4 for evacuation
[1319.230s][debug][gc,ref       ] GC(633) Skipped phase1 of Reference Processing due to unavailable references
[1319.230s][debug][gc,ref       ] GC(633) Skipped phase3 of Reference Processing due to unavailable references
[1319.230s][debug][gc,ref       ] GC(633) Skipped phase4 of Reference Processing due to unavailable references
[1319.230s][debug][gc,age       ] GC(633) Desired survivor size 15400960 bytes, new threshold 6 (max threshold 6)
[1319.230s][info ][gc,heap      ] GC(633) ParNew: 251063K->13173K(270976K)
[1319.230s][info ][gc,heap      ] GC(633) CMS: 492202K->493201K(602112K)
[1319.230s][info ][gc,metaspace ] GC(633) Metaspace: 57982K->57982K(1101824K)
[1319.230s][info ][gc           ] GC(633) Pause Young (Allocation Failure) 725M->494M(852M) 6.590ms
[1319.230s][info ][gc,cpu       ] GC(633) User=0.03s Sys=0.00s Real=0.01s
[1319.230s][info ][safepoint    ] Leaving safepoint region
[1319.230s][info ][safepoint    ] Total time for which application threads were stopped: 0.0067800 seconds, Stopping threads took: 0.0000405 seconds
[1320.230s][info ][safepoint    ] Application time: 1.0001200 seconds
[1320.230s][info ][safepoint    ] Entering safepoint region: Cleanup
[1320.230s][info ][safepoint    ] Leaving safepoint region
[1320.230s][info ][safepoint    ] Total time for which application threads were stopped: 0.0001252 seconds, Stopping threads took: 0.0000425 seconds
[1321.181s][info ][safepoint    ] Application time: 0.9504316 seconds
[1321.181s][info ][safepoint    ] Entering safepoint region: GenCollectForAllocation
[1321.181s][info ][gc,start     ] GC(634) Pause Young (Allocation Failure)
[1321.181s][info ][gc,task      ] GC(634) Using 4 workers of 4 for evacuation
[1321.188s][debug][gc,ref       ] GC(634) Skipped phase1 of Reference Processing due to unavailable references
[1321.188s][debug][gc,ref       ] GC(634) Skipped phase3 of Reference Processing due to unavailable references
[1321.188s][debug][gc,ref       ] GC(634) Skipped phase4 of Reference Processing due to unavailable references
[1321.188s][debug][gc,age       ] GC(634) Desired survivor size 15400960 bytes, new threshold 6 (max threshold 6)
[1321.188s][info ][gc,heap      ] GC(634) ParNew: 254069K->15042K(270976K)
[1321.188s][info ][gc,heap      ] GC(634) CMS: 493201K->494188K(602112K)
[1321.188s][info ][gc,metaspace ] GC(634) Metaspace: 57982K->57982K(1101824K)
[1321.188s][info ][gc           ] GC(634) Pause Young (Allocation Failure) 729M->497M(852M) 7.023ms
[1321.188s][info ][gc,cpu       ] GC(634) User=0.02s Sys=0.01s Real=0.01s
[1321.188s][info ][safepoint    ] Leaving safepoint region
[1321.188s][info ][safepoint    ] Total time for which application threads were stopped: 0.0071929 seconds, Stopping threads took: 0.0000186 seconds
[1322.188s][info ][safepoint    ] Application time: 1.0000870 seconds
[1322.188s][info ][safepoint    ] Entering safepoint region: Cleanup
[1322.188s][info ][safepoint    ] Leaving safepoint region
[1322.188s][info ][safepoint    ] Total time for which application threads were stopped: 0.0001175 seconds, Stopping threads took: 0.0000351 seconds
[1323.188s][info ][safepoint    ] Application time: 1.0001148 seconds
[1323.188s][info ][safepoint    ] Entering safepoint region: Cleanup
[1323.188s][info ][safepoint    ] Leaving safepoint region
[1323.189s][info ][safepoint    ] Total time for which application threads were stopped: 0.0001188 seconds, Stopping threads took: 0.0000468 seconds
[1323.206s][info ][safepoint    ] Application time: 0.0172035 seconds
[1323.206s][info ][safepoint    ] Entering safepoint region: GenCollectForAllocation
[1323.206s][info ][gc,start     ] GC(635) Pause Young (Allocation Failure)
[1323.206s][info ][gc,task      ] GC(635) Using 4 workers of 4 for evacuation
[1323.213s][debug][gc,ref       ] GC(635) Skipped phase1 of Reference Processing due to unavailable references
[1323.213s][debug][gc,ref       ] GC(635) Skipped phase3 of Reference Processing due to unavailable references
[1323.213s][debug][gc,age       ] GC(635) Desired survivor size 15400960 bytes, new threshold 6 (max threshold 6)
[1323.213s][info ][gc,heap      ] GC(635) ParNew: 255938K->12296K(270976K)
[1323.213s][info ][gc,heap      ] GC(635) CMS: 494188K->495156K(602112K)
[1323.213s][info ][gc,metaspace ] GC(635) Metaspace: 57985K->57985K(1101824K)
[1323.213s][info ][gc           ] GC(635) Pause Young (Allocation Failure) 732M->495M(852M) 6.851ms
[1323.213s][info ][gc,cpu       ] GC(635) User=0.03s Sys=0.00s Real=0.00s
[1323.213s][info ][safepoint    ] Leaving safepoint region
[1323.213s][info ][safepoint    ] Total time for which application threads were stopped: 0.0070655 seconds, Stopping threads took: 0.0000873 seconds
[1324.213s][info ][safepoint    ] Application time: 1.0001504 seconds
[1324.213s][info ][safepoint    ] Entering safepoint region: Cleanup
[1324.213s][info ][safepoint    ] Leaving safepoint region
[1324.213s][info ][safepoint    ] Total time for which application threads were stopped: 0.0000762 seconds, Stopping threads took: 0.0000179 seconds
[1325.213s][info ][safepoint    ] Application time: 1.0000854 seconds
[1325.213s][info ][safepoint    ] Entering safepoint region: Cleanup
[1325.213s][info ][safepoint    ] Leaving safepoint region
[1325.213s][info ][safepoint    ] Total time for which application threads were stopped: 0.0000914 seconds, Stopping threads took: 0.0000186 seconds
[1325.441s][info ][safepoint    ] Application time: 0.2271793 seconds
[1325.441s][info ][safepoint    ] Entering safepoint region: GenCollectForAllocation
[1325.441s][info ][gc,start     ] GC(636) Pause Young (Allocation Failure)
[1325.441s][info ][gc,task      ] GC(636) Using 4 workers of 4 for evacuation
[1325.447s][debug][gc,ref       ] GC(636) Skipped phase1 of Reference Processing due to unavailable references
[1325.447s][debug][gc,ref       ] GC(636) Skipped phase3 of Reference Processing due to unavailable references
[1325.447s][debug][gc,age       ] GC(636) Desired survivor size 15400960 bytes, new threshold 6 (max threshold 6)
[1325.447s][info ][gc,heap      ] GC(636) ParNew: 253192K->12930K(270976K)
[1325.447s][info ][gc,heap      ] GC(636) CMS: 495156K->495443K(602112K)
[1325.447s][info ][gc,metaspace ] GC(636) Metaspace: 57985K->57985K(1101824K)
[1325.447s][info ][gc           ] GC(636) Pause Young (Allocation Failure) 730M->496M(852M) 6.228ms
[1325.447s][info ][gc,cpu       ] GC(636) User=0.03s Sys=0.00s Real=0.01s
[1325.447s][info ][safepoint    ] Leaving safepoint region
[1325.447s][info ][safepoint    ] Total time for which application threads were stopped: 0.0063902 seconds, Stopping threads took: 0.0000179 seconds
[1326.447s][info ][safepoint    ] Application time: 1.0001078 seconds
[1326.447s][info ][safepoint    ] Entering safepoint region: Cleanup
[1326.447s][info ][safepoint    ] Leaving safepoint region
[1326.447s][info ][safepoint    ] Total time for which application threads were stopped: 0.0000728 seconds, Stopping threads took: 0.0000180 seconds
[1327.313s][info ][safepoint    ] Application time: 0.8662288 seconds
[1327.313s][info ][safepoint    ] Entering safepoint region: GenCollectForAllocation
[1327.314s][info ][safepoint    ] Leaving safepoint region
[1327.314s][info ][safepoint    ] Total time for which application threads were stopped: 0.0001155 seconds, Stopping threads took: 0.0000439 seconds
[1327.314s][info ][safepoint    ] Application time: 0.0002689 seconds
[1327.314s][info ][safepoint    ] Entering safepoint region: GenCollectFull
[1327.314s][info ][gc,start     ] GC(637) Pause Young (GCLocker Initiated GC)
[1327.314s][info ][gc,task      ] GC(637) Using 4 workers of 4 for evacuation
[1327.321s][debug][gc,ref       ] GC(637) Skipped phase1 of Reference Processing due to unavailable references
[1327.321s][debug][gc,ref       ] GC(637) Skipped phase3 of Reference Processing due to unavailable references
[1327.321s][debug][gc,age       ] GC(637) Desired survivor size 15400960 bytes, new threshold 6 (max threshold 6)
[1327.321s][info ][gc,heap      ] GC(637) ParNew: 253981K->16135K(270976K)
[1327.321s][info ][gc,heap      ] GC(637) CMS: 495443K->496569K(602112K)
[1327.321s][info ][gc,metaspace ] GC(637) Metaspace: 57985K->57985K(1101824K)
[1327.321s][info ][gc           ] GC(637) Pause Young (GCLocker Initiated GC) 731M->500M(852M) 7.328ms
[1327.321s][info ][gc,cpu       ] GC(637) User=0.02s Sys=0.00s Real=0.01s
[1327.321s][info ][safepoint    ] Leaving safepoint region
[1327.321s][info ][safepoint    ] Total time for which application threads were stopped: 0.0075648 seconds, Stopping threads took: 0.0001214 seconds
[1329.382s][info ][safepoint    ] Application time: 2.0608115 seconds
[1329.382s][info ][safepoint    ] Entering safepoint region: GenCollectForAllocation
[1329.382s][info ][gc,start     ] GC(638) Pause Young (Allocation Failure)
[1329.382s][info ][gc,task      ] GC(638) Using 4 workers of 4 for evacuation
[1329.389s][debug][gc,ref       ] GC(638) Skipped phase1 of Reference Processing due to unavailable references
[1329.389s][debug][gc,ref       ] GC(638) Skipped phase3 of Reference Processing due to unavailable references
[1329.389s][debug][gc,age       ] GC(638) Desired survivor size 15400960 bytes, new threshold 6 (max threshold 6)
[1329.389s][info ][gc,heap      ] GC(638) ParNew: 257031K->12324K(270976K)
[1329.389s][info ][gc,heap      ] GC(638) CMS: 496569K->497171K(602112K)
[1329.389s][info ][gc,metaspace ] GC(638) Metaspace: 57985K->57985K(1101824K)
[1329.389s][info ][gc           ] GC(638) Pause Young (Allocation Failure) 735M->497M(852M) 6.614ms
[1329.389s][info ][gc,cpu       ] GC(638) User=0.03s Sys=0.00s Real=0.01s
[1329.389s][info ][safepoint    ] Leaving safepoint region
[1329.389s][info ][safepoint    ] Total time for which application threads were stopped: 0.0067651 seconds, Stopping threads took: 0.0000183 seconds
[1330.389s][info ][safepoint    ] Application time: 1.0001383 seconds
[1330.389s][info ][safepoint    ] Entering safepoint region: Cleanup
[1330.389s][info ][safepoint    ] Leaving safepoint region
[1330.389s][info ][safepoint    ] Total time for which application threads were stopped: 0.0001388 seconds, Stopping threads took: 0.0000713 seconds
[1331.684s][info ][safepoint    ] Application time: 1.2948359 seconds
[1331.684s][info ][safepoint    ] Entering safepoint region: GenCollectForAllocation
[1331.684s][info ][gc,start     ] GC(639) Pause Young (Allocation Failure)
[1331.684s][info ][gc,task      ] GC(639) Using 4 workers of 4 for evacuation
[1331.691s][debug][gc,ref       ] GC(639) Skipped phase1 of Reference Processing due to unavailable references
[1331.691s][debug][gc,ref       ] GC(639) Skipped phase3 of Reference Processing due to unavailable references
[1331.691s][debug][gc,age       ] GC(639) Desired survivor size 15400960 bytes, new threshold 6 (max threshold 6)
[1331.691s][info ][gc,heap      ] GC(639) ParNew: 253220K->11768K(270976K)
[1331.691s][info ][gc,heap      ] GC(639) CMS: 497171K->498452K(602112K)
[1331.691s][info ][gc,metaspace ] GC(639) Metaspace: 57985K->57985K(1101824K)
[1331.691s][info ][gc           ] GC(639) Pause Young (Allocation Failure) 732M->498M(852M) 6.713ms
[1331.691s][info ][gc,cpu       ] GC(639) User=0.02s Sys=0.00s Real=0.00s
[1331.691s][info ][safepoint    ] Leaving safepoint region
[1331.691s][info ][safepoint    ] Total time for which application threads were stopped: 0.0068768 seconds, Stopping threads took: 0.0000313 seconds
[1334.107s][info ][safepoint    ] Application time: 2.4157832 seconds
[1334.107s][info ][safepoint    ] Entering safepoint region: GenCollectForAllocation
[1334.107s][info ][gc,start     ] GC(640) Pause Young (Allocation Failure)
[1334.107s][info ][gc,task      ] GC(640) Using 4 workers of 4 for evacuation
[1334.113s][debug][gc,ref       ] GC(640) Skipped phase1 of Reference Processing due to unavailable references
[1334.113s][debug][gc,ref       ] GC(640) Skipped phase3 of Reference Processing due to unavailable references
[1334.113s][debug][gc,age       ] GC(640) Desired survivor size 15400960 bytes, new threshold 6 (max threshold 6)
[1334.113s][info ][gc,heap      ] GC(640) ParNew: 252664K->8435K(270976K)
[1334.113s][info ][gc,heap      ] GC(640) CMS: 498452K->499665K(602112K)
[1334.113s][info ][gc,metaspace ] GC(640) Metaspace: 57987K->57987K(1101824K)
[1334.113s][info ][gc           ] GC(640) Pause Young (Allocation Failure) 733M->496M(852M) 6.052ms
[1334.113s][info ][gc,cpu       ] GC(640) User=0.02s Sys=0.01s Real=0.00s
[1334.113s][info ][safepoint    ] Leaving safepoint region
[1334.113s][info ][safepoint    ] Total time for which application threads were stopped: 0.0063045 seconds, Stopping threads took: 0.0000359 seconds
[1336.377s][info ][safepoint    ] Application time: 2.2640738 seconds
[1336.377s][info ][safepoint    ] Entering safepoint region: GenCollectForAllocation
[1336.377s][info ][gc,start     ] GC(641) Pause Young (Allocation Failure)
[1336.377s][info ][gc,task      ] GC(641) Using 4 workers of 4 for evacuation
[1336.383s][debug][gc,ref       ] GC(641) Skipped phase1 of Reference Processing due to unavailable references
[1336.383s][debug][gc,ref       ] GC(641) Skipped phase2 of Reference Processing due to unavailable references
[1336.383s][debug][gc,ref       ] GC(641) Skipped phase3 of Reference Processing due to unavailable references
[1336.384s][debug][gc,age       ] GC(641) Desired survivor size 15400960 bytes, new threshold 6 (max threshold 6)
[1336.384s][info ][gc,heap      ] GC(641) ParNew: 249331K->7308K(270976K)
[1336.384s][info ][gc,heap      ] GC(641) CMS: 499665K->501248K(602112K)
[1336.384s][info ][gc,metaspace ] GC(641) Metaspace: 57989K->57989K(1101824K)
[1336.384s][info ][gc           ] GC(641) Pause Young (Allocation Failure) 731M->496M(852M) 6.198ms
[1336.384s][info ][gc,cpu       ] GC(641) User=0.02s Sys=0.00s Real=0.00s
[1336.384s][info ][safepoint    ] Leaving safepoint region
[1336.384s][info ][safepoint    ] Total time for which application threads were stopped: 0.0063734 seconds, Stopping threads took: 0.0000174 seconds
[1337.384s][info ][safepoint    ] Application time: 1.0000950 seconds
[1337.384s][info ][safepoint    ] Entering safepoint region: Cleanup
[1337.384s][info ][safepoint    ] Leaving safepoint region
[1337.384s][info ][safepoint    ] Total time for which application threads were stopped: 0.0001201 seconds, Stopping threads took: 0.0000415 seconds
[1338.384s][info ][safepoint    ] Application time: 1.0000900 seconds
[1338.384s][info ][safepoint    ] Entering safepoint region: Cleanup
[1338.384s][info ][safepoint    ] Leaving safepoint region
[1338.384s][info ][safepoint    ] Total time for which application threads were stopped: 0.0001518 seconds, Stopping threads took: 0.0000805 seconds
[1338.673s][info ][safepoint    ] Application time: 0.2883486 seconds
[1338.673s][info ][safepoint    ] Entering safepoint region: GenCollectForAllocation
[1338.673s][info ][gc,start     ] GC(642) Pause Young (Allocation Failure)
[1338.673s][info ][gc,task      ] GC(642) Using 4 workers of 4 for evacuation
[1338.678s][debug][gc,ref       ] GC(642) Skipped phase1 of Reference Processing due to unavailable references
[1338.678s][debug][gc,ref       ] GC(642) Skipped phase2 of Reference Processing due to unavailable references
[1338.678s][debug][gc,ref       ] GC(642) Skipped phase3 of Reference Processing due to unavailable references
[1338.678s][debug][gc,age       ] GC(642) Desired survivor size 15400960 bytes, new threshold 6 (max threshold 6)
[1338.678s][info ][gc,heap      ] GC(642) ParNew: 248204K->8861K(270976K)
[1338.678s][info ][gc,heap      ] GC(642) CMS: 501248K->501344K(602112K)
[1338.678s][info ][gc,metaspace ] GC(642) Metaspace: 57989K->57989K(1101824K)
[1338.678s][info ][gc           ] GC(642) Pause Young (Allocation Failure) 731M->498M(852M) 5.026ms
[1338.678s][info ][gc,cpu       ] GC(642) User=0.02s Sys=0.00s Real=0.01s
[1338.678s][info ][safepoint    ] Leaving safepoint region
[1338.678s][info ][safepoint    ] Total time for which application threads were stopped: 0.0051826 seconds, Stopping threads took: 0.0000182 seconds
[1340.975s][info ][safepoint    ] Application time: 2.2973429 seconds
[1340.975s][info ][safepoint    ] Entering safepoint region: GenCollectForAllocation
[1340.975s][info ][gc,start     ] GC(643) Pause Young (Allocation Failure)
[1340.975s][info ][gc,task      ] GC(643) Using 4 workers of 4 for evacuation
[1340.982s][debug][gc,ref       ] GC(643) Skipped phase1 of Reference Processing due to unavailable references
[1340.982s][debug][gc,ref       ] GC(643) Skipped phase2 of Reference Processing due to unavailable references
[1340.982s][debug][gc,ref       ] GC(643) Skipped phase3 of Reference Processing due to unavailable references
[1340.982s][debug][gc,ref       ] GC(643) Skipped phase4 of Reference Processing due to unavailable references
[1340.982s][debug][gc,age       ] GC(643) Desired survivor size 15400960 bytes, new threshold 6 (max threshold 6)
[1340.982s][info ][gc,heap      ] GC(643) ParNew: 249757K->7526K(270976K)
[1340.982s][info ][gc,heap      ] GC(643) CMS: 501344K->503507K(602112K)
[1340.982s][info ][gc,metaspace ] GC(643) Metaspace: 57989K->57989K(1101824K)
[1340.982s][info ][gc           ] GC(643) Pause Young (Allocation Failure) 733M->499M(852M) 6.710ms
[1340.982s][info ][gc,cpu       ] GC(643) User=0.02s Sys=0.00s Real=0.01s
[1340.982s][info ][safepoint    ] Leaving safepoint region
[1340.982s][info ][safepoint    ] Total time for which application threads were stopped: 0.0068906 seconds, Stopping threads took: 0.0000273 seconds
[1343.427s][info ][safepoint    ] Application time: 2.4450464 seconds
[1343.427s][info ][safepoint    ] Entering safepoint region: GenCollectForAllocation
[1343.427s][info ][gc,start     ] GC(644) Pause Young (Allocation Failure)
[1343.427s][info ][gc,task      ] GC(644) Using 4 workers of 4 for evacuation
[1343.432s][debug][gc,ref       ] GC(644) Skipped phase1 of Reference Processing due to unavailable references
[1343.432s][debug][gc,ref       ] GC(644) Skipped phase2 of Reference Processing due to unavailable references
[1343.432s][debug][gc,ref       ] GC(644) Skipped phase3 of Reference Processing due to unavailable references
[1343.432s][debug][gc,ref       ] GC(644) Skipped phase4 of Reference Processing due to unavailable references
[1343.432s][debug][gc,age       ] GC(644) Desired survivor size 15400960 bytes, new threshold 6 (max threshold 6)
[1343.432s][info ][gc,heap      ] GC(644) ParNew: 248422K->4543K(270976K)
[1343.432s][info ][gc,heap      ] GC(644) CMS: 503507K->504184K(602112K)
[1343.432s][info ][gc,metaspace ] GC(644) Metaspace: 57989K->57989K(1101824K)
[1343.432s][info ][gc           ] GC(644) Pause Young (Allocation Failure) 734M->496M(852M) 5.077ms
[1343.432s][info ][gc,cpu       ] GC(644) User=0.01s Sys=0.00s Real=0.00s
[1343.432s][info ][safepoint    ] Leaving safepoint region
[1343.432s][info ][safepoint    ] Total time for which application threads were stopped: 0.0052384 seconds, Stopping threads took: 0.0000172 seconds
[1345.778s][info ][safepoint    ] Application time: 2.3453739 seconds
[1345.778s][info ][safepoint    ] Entering safepoint region: GenCollectForAllocation
[1345.778s][info ][gc,start     ] GC(645) Pause Young (Allocation Failure)
[1345.778s][info ][gc,task      ] GC(645) Using 4 workers of 4 for evacuation
[1345.781s][debug][gc,ref       ] GC(645) Skipped phase1 of Reference Processing due to unavailable references
[1345.781s][debug][gc,ref       ] GC(645) Skipped phase2 of Reference Processing due to unavailable references
[1345.781s][debug][gc,ref       ] GC(645) Skipped phase3 of Reference Processing due to unavailable references
[1345.781s][debug][gc,ref       ] GC(645) Skipped phase4 of Reference Processing due to unavailable references
[1345.782s][debug][gc,age       ] GC(645) Desired survivor size 15400960 bytes, new threshold 6 (max threshold 6)
[1345.782s][info ][gc,heap      ] GC(645) ParNew: 245439K->4848K(270976K)
[1345.782s][info ][gc,heap      ] GC(645) CMS: 504184K->504314K(602112K)
[1345.782s][info ][gc,metaspace ] GC(645) Metaspace: 57991K->57991K(1101824K)
[1345.782s][info ][gc           ] GC(645) Pause Young (Allocation Failure) 732M->497M(852M) 3.671ms
[1345.782s][info ][gc,cpu       ] GC(645) User=0.01s Sys=0.00s Real=0.00s
[1345.782s][info ][safepoint    ] Leaving safepoint region
[1345.782s][info ][safepoint    ] Total time for which application threads were stopped: 0.0038226 seconds, Stopping threads took: 0.0000167 seconds
[1348.187s][info ][safepoint    ] Application time: 2.4049328 seconds
[1348.187s][info ][safepoint    ] Entering safepoint region: GenCollectForAllocation
[1348.187s][info ][gc,start     ] GC(646) Pause Young (Allocation Failure)
[1348.187s][info ][gc,task      ] GC(646) Using 4 workers of 4 for evacuation
[1348.190s][debug][gc,ref       ] GC(646) Skipped phase1 of Reference Processing due to unavailable references
[1348.190s][debug][gc,ref       ] GC(646) Skipped phase2 of Reference Processing due to unavailable references
[1348.190s][debug][gc,ref       ] GC(646) Skipped phase3 of Reference Processing due to unavailable references
[1348.190s][debug][gc,ref       ] GC(646) Skipped phase4 of Reference Processing due to unavailable references
[1348.190s][debug][gc,age       ] GC(646) Desired survivor size 15400960 bytes, new threshold 6 (max threshold 6)
[1348.190s][info ][gc,heap      ] GC(646) ParNew: 245744K->4814K(270976K)
[1348.190s][info ][gc,heap      ] GC(646) CMS: 504314K->504355K(602112K)
[1348.190s][info ][gc,metaspace ] GC(646) Metaspace: 57993K->57993K(1101824K)
[1348.190s][info ][gc           ] GC(646) Pause Young (Allocation Failure) 732M->497M(852M) 3.622ms
[1348.190s][info ][gc,cpu       ] GC(646) User=0.01s Sys=0.00s Real=0.00s
[1348.190s][info ][safepoint    ] Leaving safepoint region
[1348.190s][info ][safepoint    ] Total time for which application threads were stopped: 0.0037831 seconds, Stopping threads took: 0.0000173 seconds
[1350.496s][info ][safepoint    ] Application time: 2.3056310 seconds
[1350.496s][info ][safepoint    ] Entering safepoint region: GenCollectForAllocation
[1350.496s][info ][gc,start     ] GC(647) Pause Young (Allocation Failure)
[1350.496s][info ][gc,task      ] GC(647) Using 4 workers of 4 for evacuation
[1350.500s][debug][gc,ref       ] GC(647) Skipped phase1 of Reference Processing due to unavailable references
[1350.500s][debug][gc,ref       ] GC(647) Skipped phase2 of Reference Processing due to unavailable references
[1350.500s][debug][gc,ref       ] GC(647) Skipped phase3 of Reference Processing due to unavailable references
[1350.500s][debug][gc,age       ] GC(647) Desired survivor size 15400960 bytes, new threshold 6 (max threshold 6)
[1350.500s][info ][gc,heap      ] GC(647) ParNew: 245710K->4849K(270976K)
[1350.500s][info ][gc,heap      ] GC(647) CMS: 504355K->504473K(602112K)
[1350.500s][info ][gc,metaspace ] GC(647) Metaspace: 57995K->57995K(1101824K)
[1350.500s][info ][gc           ] GC(647) Pause Young (Allocation Failure) 732M->497M(852M) 3.623ms
[1350.500s][info ][gc,cpu       ] GC(647) User=0.02s Sys=0.00s Real=0.00s
[1350.500s][info ][safepoint    ] Leaving safepoint region
[1350.500s][info ][safepoint    ] Total time for which application threads were stopped: 0.0037961 seconds, Stopping threads took: 0.0000329 seconds
[1352.789s][info ][safepoint    ] Application time: 2.2894973 seconds
[1352.789s][info ][safepoint    ] Entering safepoint region: GenCollectForAllocation
[1352.790s][info ][gc,start     ] GC(648) Pause Young (Allocation Failure)
[1352.790s][info ][gc,task      ] GC(648) Using 4 workers of 4 for evacuation
[1352.795s][debug][gc,ref       ] GC(648) Skipped phase1 of Reference Processing due to unavailable references
[1352.795s][debug][gc,ref       ] GC(648) Skipped phase2 of Reference Processing due to unavailable references
[1352.795s][debug][gc,ref       ] GC(648) Skipped phase3 of Reference Processing due to unavailable references
[1352.795s][debug][gc,ref       ] GC(648) Skipped phase4 of Reference Processing due to unavailable references
[1352.795s][debug][gc,age       ] GC(648) Desired survivor size 15400960 bytes, new threshold 6 (max threshold 6)
[1352.795s][info ][gc,heap      ] GC(648) ParNew: 245745K->3164K(270976K)
[1352.795s][info ][gc,heap      ] GC(648) CMS: 504473K->506333K(602112K)
[1352.795s][info ][gc,metaspace ] GC(648) Metaspace: 57996K->57996K(1101824K)
[1352.795s][info ][gc           ] GC(648) Pause Young (Allocation Failure) 732M->497M(852M) 5.170ms
[1352.795s][info ][gc,cpu       ] GC(648) User=0.02s Sys=0.00s Real=0.00s
[1352.795s][info ][safepoint    ] Leaving safepoint region
[1352.795s][info ][safepoint    ] Total time for which application threads were stopped: 0.0053459 seconds, Stopping threads took: 0.0000199 seconds
[1353.795s][info ][safepoint    ] Application time: 1.0000958 seconds
[1353.795s][info ][safepoint    ] Entering safepoint region: Cleanup
[1353.795s][info ][safepoint    ] Leaving safepoint region
[1353.795s][info ][safepoint    ] Total time for which application threads were stopped: 0.0000819 seconds, Stopping threads took: 0.0000175 seconds
[1355.193s][info ][safepoint    ] Application time: 1.3977907 seconds
[1355.193s][info ][safepoint    ] Entering safepoint region: GenCollectForAllocation
[1355.193s][info ][gc,start     ] GC(649) Pause Young (Allocation Failure)
[1355.193s][info ][gc,task      ] GC(649) Using 4 workers of 4 for evacuation
[1355.196s][debug][gc,ref       ] GC(649) Skipped phase1 of Reference Processing due to unavailable references
[1355.196s][debug][gc,ref       ] GC(649) Skipped phase2 of Reference Processing due to unavailable references
[1355.196s][debug][gc,ref       ] GC(649) Skipped phase3 of Reference Processing due to unavailable references
[1355.196s][debug][gc,age       ] GC(649) Desired survivor size 15400960 bytes, new threshold 6 (max threshold 6)
[1355.197s][info ][gc,heap      ] GC(649) ParNew: 244060K->2006K(270976K)
[1355.197s][info ][gc,heap      ] GC(649) CMS: 506333K->506376K(602112K)
[1355.197s][info ][gc,metaspace ] GC(649) Metaspace: 57999K->57999K(1101824K)
[1355.197s][info ][gc           ] GC(649) Pause Young (Allocation Failure) 732M->496M(852M) 3.585ms
[1355.197s][info ][gc,cpu       ] GC(649) User=0.01s Sys=0.00s Real=0.01s
[1355.197s][info ][safepoint    ] Leaving safepoint region
[1355.197s][info ][safepoint    ] Total time for which application threads were stopped: 0.0037455 seconds, Stopping threads took: 0.0000187 seconds
[1356.197s][info ][safepoint    ] Application time: 1.0001043 seconds
[1356.197s][info ][safepoint    ] Entering safepoint region: Cleanup
[1356.197s][info ][safepoint    ] Leaving safepoint region
[1356.197s][info ][safepoint    ] Total time for which application threads were stopped: 0.0000792 seconds, Stopping threads took: 0.0000181 seconds
[1357.197s][info ][safepoint    ] Application time: 1.0000945 seconds
[1357.197s][info ][safepoint    ] Entering safepoint region: Cleanup
[1357.197s][info ][safepoint    ] Leaving safepoint region
[1357.197s][info ][safepoint    ] Total time for which application threads were stopped: 0.0001314 seconds, Stopping threads took: 0.0000680 seconds
[1357.631s][info ][safepoint    ] Application time: 0.4338675 seconds
[1357.631s][info ][safepoint    ] Entering safepoint region: GenCollectForAllocation
[1357.631s][info ][gc,start     ] GC(650) Pause Young (Allocation Failure)
[1357.631s][info ][gc,task      ] GC(650) Using 4 workers of 4 for evacuation
[1357.634s][debug][gc,ref       ] GC(650) Skipped phase1 of Reference Processing due to unavailable references
[1357.634s][debug][gc,ref       ] GC(650) Skipped phase3 of Reference Processing due to unavailable references
[1357.634s][debug][gc,age       ] GC(650) Desired survivor size 15400960 bytes, new threshold 6 (max threshold 6)
[1357.634s][info ][gc,heap      ] GC(650) ParNew: 242902K->2310K(270976K)
[1357.634s][info ][gc,heap      ] GC(650) CMS: 506376K->506389K(602112K)
[1357.634s][info ][gc,metaspace ] GC(650) Metaspace: 58005K->58005K(1101824K)
[1357.634s][info ][gc           ] GC(650) Pause Young (Allocation Failure) 731M->496M(852M) 3.336ms
[1357.634s][info ][gc,cpu       ] GC(650) User=0.02s Sys=0.00s Real=0.00s
[1357.634s][info ][safepoint    ] Leaving safepoint region
[1357.634s][info ][safepoint    ] Total time for which application threads were stopped: 0.0034970 seconds, Stopping threads took: 0.0000174 seconds
[1359.635s][info ][safepoint    ] Application time: 2.0002228 seconds
[1359.635s][info ][safepoint    ] Entering safepoint region: Cleanup
[1359.635s][info ][safepoint    ] Leaving safepoint region
[1359.635s][info ][safepoint    ] Total time for which application threads were stopped: 0.0001503 seconds, Stopping threads took: 0.0000698 seconds
[1359.927s][info ][safepoint    ] Application time: 0.2925658 seconds
[1359.927s][info ][safepoint    ] Entering safepoint region: GenCollectForAllocation
[1359.928s][info ][gc,start     ] GC(651) Pause Young (Allocation Failure)
[1359.928s][info ][gc,task      ] GC(651) Using 4 workers of 4 for evacuation
[1359.930s][debug][gc,ref       ] GC(651) Skipped phase1 of Reference Processing due to unavailable references
[1359.930s][debug][gc,ref       ] GC(651) Skipped phase2 of Reference Processing due to unavailable references
[1359.930s][debug][gc,ref       ] GC(651) Skipped phase3 of Reference Processing due to unavailable references
[1359.930s][debug][gc,ref       ] GC(651) Skipped phase4 of Reference Processing due to unavailable references
[1359.930s][debug][gc,age       ] GC(651) Desired survivor size 15400960 bytes, new threshold 6 (max threshold 6)
[1359.931s][info ][gc,heap      ] GC(651) ParNew: 243206K->2349K(270976K)
[1359.931s][info ][gc,heap      ] GC(651) CMS: 506389K->506392K(602112K)
[1359.931s][info ][gc,metaspace ] GC(651) Metaspace: 58005K->58005K(1101824K)
[1359.931s][info ][gc           ] GC(651) Pause Young (Allocation Failure) 732M->496M(852M) 2.960ms
[1359.931s][info ][gc,cpu       ] GC(651) User=0.02s Sys=0.00s Real=0.00s
[1359.931s][info ][safepoint    ] Leaving safepoint region
[1359.931s][info ][safepoint    ] Total time for which application threads were stopped: 0.0031205 seconds, Stopping threads took: 0.0000179 seconds
[1360.931s][info ][safepoint    ] Application time: 1.0001028 seconds
[1360.931s][info ][safepoint    ] Entering safepoint region: Cleanup
[1360.931s][info ][safepoint    ] Leaving safepoint region
[1360.931s][info ][safepoint    ] Total time for which application threads were stopped: 0.0001788 seconds, Stopping threads took: 0.0000653 seconds
[1362.284s][info ][safepoint    ] Application time: 1.3531480 seconds
[1362.284s][info ][safepoint    ] Entering safepoint region: GenCollectForAllocation
[1362.284s][info ][gc,start     ] GC(652) Pause Young (Allocation Failure)
[1362.284s][info ][gc,task      ] GC(652) Using 4 workers of 4 for evacuation
[1362.287s][debug][gc,ref       ] GC(652) Skipped phase1 of Reference Processing due to unavailable references
[1362.287s][debug][gc,ref       ] GC(652) Skipped phase2 of Reference Processing due to unavailable references
[1362.287s][debug][gc,ref       ] GC(652) Skipped phase3 of Reference Processing due to unavailable references
[1362.287s][debug][gc,ref       ] GC(652) Skipped phase4 of Reference Processing due to unavailable references
[1362.287s][debug][gc,age       ] GC(652) Desired survivor size 15400960 bytes, new threshold 6 (max threshold 6)
[1362.287s][info ][gc,heap      ] GC(652) ParNew: 243245K->2128K(270976K)
[1362.287s][info ][gc,heap      ] GC(652) CMS: 506392K->506725K(602112K)
[1362.287s][info ][gc,metaspace ] GC(652) Metaspace: 58006K->58006K(1101824K)
[1362.287s][info ][gc           ] GC(652) Pause Young (Allocation Failure) 732M->496M(852M) 3.256ms
[1362.287s][info ][gc,cpu       ] GC(652) User=0.01s Sys=0.00s Real=0.00s
[1362.287s][info ][safepoint    ] Leaving safepoint region
[1362.287s][info ][safepoint    ] Total time for which application threads were stopped: 0.0034067 seconds, Stopping threads took: 0.0000171 seconds
[1364.586s][info ][safepoint    ] Application time: 2.2988314 seconds
[1364.586s][info ][safepoint    ] Entering safepoint region: GenCollectForAllocation
[1364.586s][info ][gc,start     ] GC(653) Pause Young (Allocation Failure)
[1364.587s][info ][gc,task      ] GC(653) Using 4 workers of 4 for evacuation
[1364.589s][debug][gc,ref       ] GC(653) Skipped phase1 of Reference Processing due to unavailable references
[1364.589s][debug][gc,ref       ] GC(653) Skipped phase2 of Reference Processing due to unavailable references
[1364.589s][debug][gc,ref       ] GC(653) Skipped phase3 of Reference Processing due to unavailable references
[1364.589s][debug][gc,ref       ] GC(653) Skipped phase4 of Reference Processing due to unavailable references
[1364.590s][debug][gc,age       ] GC(653) Desired survivor size 15400960 bytes, new threshold 6 (max threshold 6)
[1364.590s][info ][gc,heap      ] GC(653) ParNew: 243024K->2328K(270976K)
[1364.590s][info ][gc,heap      ] GC(653) CMS: 506725K->506790K(602112K)
[1364.590s][info ][gc,metaspace ] GC(653) Metaspace: 58006K->58006K(1101824K)
[1364.590s][info ][gc           ] GC(653) Pause Young (Allocation Failure) 732M->497M(852M) 3.077ms
[1364.590s][info ][gc,cpu       ] GC(653) User=0.01s Sys=0.00s Real=0.00s
[1364.590s][info ][safepoint    ] Leaving safepoint region
[1364.590s][info ][safepoint    ] Total time for which application threads were stopped: 0.0032331 seconds, Stopping threads took: 0.0000180 seconds
[1366.832s][info ][safepoint    ] Application time: 2.2422211 seconds
[1366.832s][info ][safepoint    ] Entering safepoint region: GenCollectForAllocation
[1366.832s][info ][gc,start     ] GC(654) Pause Young (Allocation Failure)
[1366.832s][info ][gc,task      ] GC(654) Using 4 workers of 4 for evacuation
[1366.835s][debug][gc,ref       ] GC(654) Skipped phase1 of Reference Processing due to unavailable references
[1366.835s][debug][gc,ref       ] GC(654) Skipped phase3 of Reference Processing due to unavailable references
[1366.835s][debug][gc,ref       ] GC(654) Skipped phase4 of Reference Processing due to unavailable references
[1366.835s][debug][gc,age       ] GC(654) Desired survivor size 15400960 bytes, new threshold 6 (max threshold 6)
[1366.835s][info ][gc,heap      ] GC(654) ParNew: 243224K->2276K(270976K)
[1366.835s][info ][gc,heap      ] GC(654) CMS: 506790K->506842K(602112K)
[1366.835s][info ][gc,metaspace ] GC(654) Metaspace: 58006K->58006K(1101824K)
[1366.835s][info ][gc           ] GC(654) Pause Young (Allocation Failure) 732M->497M(852M) 2.995ms
[1366.835s][info ][gc,cpu       ] GC(654) User=0.01s Sys=0.00s Real=0.00s
[1366.835s][info ][safepoint    ] Leaving safepoint region
[1366.835s][info ][safepoint    ] Total time for which application threads were stopped: 0.0031811 seconds, Stopping threads took: 0.0000441 seconds
[1367.835s][info ][safepoint    ] Application time: 1.0001148 seconds
[1367.835s][info ][safepoint    ] Entering safepoint region: Cleanup
[1367.835s][info ][safepoint    ] Leaving safepoint region
[1367.835s][info ][safepoint    ] Total time for which application threads were stopped: 0.0001163 seconds, Stopping threads took: 0.0000435 seconds
[1368.809s][info ][safepoint    ] Application time: 0.9733231 seconds
[1368.809s][info ][safepoint    ] Entering safepoint region: GenCollectForAllocation
[1368.809s][info ][gc,start     ] GC(655) Pause Young (Allocation Failure)
[1368.809s][info ][gc,task      ] GC(655) Using 4 workers of 4 for evacuation
[1368.813s][debug][gc,ref       ] GC(655) Skipped phase1 of Reference Processing due to unavailable references
[1368.813s][debug][gc,ref       ] GC(655) Skipped phase3 of Reference Processing due to unavailable references
[1368.813s][debug][gc,ref       ] GC(655) Skipped phase4 of Reference Processing due to unavailable references
[1368.813s][debug][gc,age       ] GC(655) Desired survivor size 15400960 bytes, new threshold 6 (max threshold 6)
[1368.814s][info ][gc,heap      ] GC(655) ParNew: 243172K->5080K(270976K)
[1368.814s][info ][gc,heap      ] GC(655) CMS: 506842K->507019K(602112K)
[1368.814s][info ][gc,metaspace ] GC(655) Metaspace: 58006K->58006K(1101824K)
[1368.814s][info ][gc           ] GC(655) Pause Young (Allocation Failure) 732M->500M(852M) 4.761ms
[1368.814s][info ][gc,cpu       ] GC(655) User=0.02s Sys=0.00s Real=0.00s
[1368.814s][info ][safepoint    ] Leaving safepoint region
[1368.814s][info ][safepoint    ] Total time for which application threads were stopped: 0.0049228 seconds, Stopping threads took: 0.0000190 seconds
[1371.186s][info ][safepoint    ] Application time: 2.3721851 seconds
[1371.186s][info ][safepoint    ] Entering safepoint region: GenCollectForAllocation
[1371.186s][info ][gc,start     ] GC(656) Pause Young (Allocation Failure)
[1371.186s][info ][gc,task      ] GC(656) Using 4 workers of 4 for evacuation
[1371.190s][debug][gc,ref       ] GC(656) Skipped phase1 of Reference Processing due to unavailable references
[1371.190s][debug][gc,ref       ] GC(656) Skipped phase2 of Reference Processing due to unavailable references
[1371.190s][debug][gc,ref       ] GC(656) Skipped phase3 of Reference Processing due to unavailable references
[1371.190s][debug][gc,ref       ] GC(656) Skipped phase4 of Reference Processing due to unavailable references
[1371.190s][debug][gc,age       ] GC(656) Desired survivor size 15400960 bytes, new threshold 6 (max threshold 6)
[1371.190s][info ][gc,heap      ] GC(656) ParNew: 245976K->6063K(270976K)
[1371.190s][info ][gc,heap      ] GC(656) CMS: 507019K->507056K(602112K)
[1371.190s][info ][gc,metaspace ] GC(656) Metaspace: 58006K->58006K(1101824K)
[1371.190s][info ][gc           ] GC(656) Pause Young (Allocation Failure) 735M->501M(852M) 3.953ms
[1371.190s][info ][gc,cpu       ] GC(656) User=0.01s Sys=0.00s Real=0.00s
[1371.190s][info ][safepoint    ] Leaving safepoint region
[1371.190s][info ][safepoint    ] Total time for which application threads were stopped: 0.0041213 seconds, Stopping threads took: 0.0000181 seconds
[1373.423s][info ][safepoint    ] Application time: 2.2331484 seconds
[1373.423s][info ][safepoint    ] Entering safepoint region: GenCollectForAllocation
[1373.423s][info ][gc,start     ] GC(657) Pause Young (Allocation Failure)
[1373.423s][info ][gc,task      ] GC(657) Using 4 workers of 4 for evacuation
[1373.427s][debug][gc,ref       ] GC(657) Skipped phase1 of Reference Processing due to unavailable references
[1373.427s][debug][gc,ref       ] GC(657) Skipped phase2 of Reference Processing due to unavailable references
[1373.427s][debug][gc,ref       ] GC(657) Skipped phase3 of Reference Processing due to unavailable references
[1373.427s][debug][gc,ref       ] GC(657) Skipped phase4 of Reference Processing due to unavailable references
[1373.427s][debug][gc,age       ] GC(657) Desired survivor size 15400960 bytes, new threshold 6 (max threshold 6)
[1373.427s][info ][gc,heap      ] GC(657) ParNew: 246959K->6232K(270976K)
[1373.427s][info ][gc,heap      ] GC(657) CMS: 507056K->507214K(602112K)
[1373.427s][info ][gc,metaspace ] GC(657) Metaspace: 58006K->58006K(1101824K)
[1373.427s][info ][gc           ] GC(657) Pause Young (Allocation Failure) 736M->501M(852M) 4.206ms
[1373.428s][info ][gc,cpu       ] GC(657) User=0.01s Sys=0.00s Real=0.01s
[1373.428s][info ][safepoint    ] Leaving safepoint region
[1373.428s][info ][safepoint    ] Total time for which application threads were stopped: 0.0044184 seconds, Stopping threads took: 0.0000813 seconds
[1375.626s][info ][safepoint    ] Application time: 2.1980512 seconds
[1375.626s][info ][safepoint    ] Entering safepoint region: GenCollectForAllocation
[1375.626s][info ][gc,start     ] GC(658) Pause Young (Allocation Failure)
[1375.626s][info ][gc,task      ] GC(658) Using 4 workers of 4 for evacuation
[1375.630s][debug][gc,ref       ] GC(658) Skipped phase1 of Reference Processing due to unavailable references
[1375.630s][debug][gc,ref       ] GC(658) Skipped phase2 of Reference Processing due to unavailable references
[1375.630s][debug][gc,ref       ] GC(658) Skipped phase3 of Reference Processing due to unavailable references
[1375.630s][debug][gc,ref       ] GC(658) Skipped phase4 of Reference Processing due to unavailable references
[1375.630s][debug][gc,age       ] GC(658) Desired survivor size 15400960 bytes, new threshold 6 (max threshold 6)
[1375.630s][info ][gc,heap      ] GC(658) ParNew: 247128K->6309K(270976K)
[1375.630s][info ][gc,heap      ] GC(658) CMS: 507214K->507317K(602112K)
[1375.630s][info ][gc,metaspace ] GC(658) Metaspace: 58006K->58006K(1101824K)
[1375.630s][info ][gc           ] GC(658) Pause Young (Allocation Failure) 736M->501M(852M) 4.042ms
[1375.630s][info ][gc,cpu       ] GC(658) User=0.01s Sys=0.00s Real=0.00s
[1375.630s][info ][safepoint    ] Leaving safepoint region
[1375.630s][info ][safepoint    ] Total time for which application threads were stopped: 0.0042203 seconds, Stopping threads took: 0.0000186 seconds
[1377.777s][info ][safepoint    ] Application time: 2.1471101 seconds
[1377.777s][info ][safepoint    ] Entering safepoint region: GenCollectForAllocation
[1377.777s][info ][gc,start     ] GC(659) Pause Young (Allocation Failure)
[1377.777s][info ][gc,task      ] GC(659) Using 4 workers of 4 for evacuation
[1377.781s][debug][gc,ref       ] GC(659) Skipped phase1 of Reference Processing due to unavailable references
[1377.781s][debug][gc,ref       ] GC(659) Skipped phase2 of Reference Processing due to unavailable references
[1377.781s][debug][gc,ref       ] GC(659) Skipped phase3 of Reference Processing due to unavailable references
[1377.781s][debug][gc,ref       ] GC(659) Skipped phase4 of Reference Processing due to unavailable references
[1377.781s][debug][gc,age       ] GC(659) Desired survivor size 15400960 bytes, new threshold 6 (max threshold 6)
[1377.781s][info ][gc,heap      ] GC(659) ParNew: 247205K->7375K(270976K)
[1377.781s][info ][gc,heap      ] GC(659) CMS: 507317K->507396K(602112K)
[1377.781s][info ][gc,metaspace ] GC(659) Metaspace: 58006K->58006K(1101824K)
[1377.781s][info ][gc           ] GC(659) Pause Young (Allocation Failure) 736M->502M(852M) 4.274ms
[1377.781s][info ][gc,cpu       ] GC(659) User=0.02s Sys=0.00s Real=0.00s
[1377.781s][info ][safepoint    ] Leaving safepoint region
[1377.781s][info ][safepoint    ] Total time for which application threads were stopped: 0.0044486 seconds, Stopping threads took: 0.0000185 seconds
[1380.238s][info ][safepoint    ] Application time: 2.4565191 seconds
[1380.238s][info ][safepoint    ] Entering safepoint region: GenCollectForAllocation
[1380.238s][info ][gc,start     ] GC(660) Pause Young (Allocation Failure)
[1380.238s][info ][gc,task      ] GC(660) Using 4 workers of 4 for evacuation
[1380.242s][debug][gc,ref       ] GC(660) Skipped phase1 of Reference Processing due to unavailable references
[1380.242s][debug][gc,ref       ] GC(660) Skipped phase2 of Reference Processing due to unavailable references
[1380.242s][debug][gc,ref       ] GC(660) Skipped phase3 of Reference Processing due to unavailable references
[1380.242s][debug][gc,ref       ] GC(660) Skipped phase4 of Reference Processing due to unavailable references
[1380.243s][debug][gc,age       ] GC(660) Desired survivor size 15400960 bytes, new threshold 6 (max threshold 6)
[1380.243s][info ][gc,heap      ] GC(660) ParNew: 248271K->6134K(270976K)
[1380.243s][info ][gc,heap      ] GC(660) CMS: 507396K->507421K(602112K)
[1380.243s][info ][gc,metaspace ] GC(660) Metaspace: 58006K->58006K(1101824K)
[1380.243s][info ][gc           ] GC(660) Pause Young (Allocation Failure) 737M->501M(852M) 4.465ms
[1380.243s][info ][gc,cpu       ] GC(660) User=0.02s Sys=0.00s Real=0.00s
[1380.243s][info ][safepoint    ] Leaving safepoint region
[1380.243s][info ][safepoint    ] Total time for which application threads were stopped: 0.0046068 seconds, Stopping threads took: 0.0000177 seconds
[1381.244s][info ][safepoint    ] Application time: 1.0009458 seconds
[1381.244s][info ][safepoint    ] Entering safepoint region: Cleanup
[1381.244s][info ][safepoint    ] Leaving safepoint region
[1381.244s][info ][safepoint    ] Total time for which application threads were stopped: 0.0001065 seconds, Stopping threads took: 0.0000187 seconds
[1382.526s][info ][safepoint    ] Application time: 1.2821001 seconds
[1382.526s][info ][safepoint    ] Entering safepoint region: GenCollectForAllocation
[1382.526s][info ][gc,start     ] GC(661) Pause Young (Allocation Failure)
[1382.526s][info ][gc,task      ] GC(661) Using 4 workers of 4 for evacuation
[1382.533s][debug][gc,ref       ] GC(661) Skipped phase1 of Reference Processing due to unavailable references
[1382.533s][debug][gc,ref       ] GC(661) Skipped phase2 of Reference Processing due to unavailable references
[1382.533s][debug][gc,ref       ] GC(661) Skipped phase3 of Reference Processing due to unavailable references
[1382.533s][debug][gc,ref       ] GC(661) Skipped phase4 of Reference Processing due to unavailable references
[1382.534s][debug][gc,age       ] GC(661) Desired survivor size 15400960 bytes, new threshold 6 (max threshold 6)
[1382.534s][info ][gc,heap      ] GC(661) ParNew: 247030K->3835K(270976K)
[1382.534s][info ][gc,heap      ] GC(661) CMS: 507421K->510281K(602112K)
[1382.534s][info ][gc,metaspace ] GC(661) Metaspace: 58006K->58006K(1101824K)
[1382.534s][info ][gc           ] GC(661) Pause Young (Allocation Failure) 736M->502M(852M) 7.581ms
[1382.534s][info ][gc,cpu       ] GC(661) User=0.03s Sys=0.00s Real=0.00s
[1382.534s][info ][safepoint    ] Leaving safepoint region
[1382.534s][info ][safepoint    ] Total time for which application threads were stopped: 0.0077856 seconds, Stopping threads took: 0.0000236 seconds
[1383.534s][info ][safepoint    ] Application time: 1.0005894 seconds
[1383.534s][info ][safepoint    ] Entering safepoint region: Cleanup
[1383.534s][info ][safepoint    ] Leaving safepoint region
[1383.534s][info ][safepoint    ] Total time for which application threads were stopped: 0.0001546 seconds, Stopping threads took: 0.0000741 seconds
[1384.926s][info ][safepoint    ] Application time: 1.3920049 seconds
[1384.926s][info ][safepoint    ] Entering safepoint region: GenCollectForAllocation
[1384.927s][info ][gc,start     ] GC(662) Pause Young (Allocation Failure)
[1384.927s][info ][gc,task      ] GC(662) Using 4 workers of 4 for evacuation
[1384.929s][debug][gc,ref       ] GC(662) Skipped phase1 of Reference Processing due to unavailable references
[1384.929s][debug][gc,ref       ] GC(662) Skipped phase2 of Reference Processing due to unavailable references
[1384.929s][debug][gc,ref       ] GC(662) Skipped phase3 of Reference Processing due to unavailable references
[1384.929s][debug][gc,ref       ] GC(662) Skipped phase4 of Reference Processing due to unavailable references
[1384.930s][debug][gc,age       ] GC(662) Desired survivor size 15400960 bytes, new threshold 6 (max threshold 6)
[1384.930s][info ][gc,heap      ] GC(662) ParNew: 244731K->2750K(270976K)
[1384.930s][info ][gc,heap      ] GC(662) CMS: 510281K->510330K(602112K)
[1384.930s][info ][gc,metaspace ] GC(662) Metaspace: 58006K->58006K(1101824K)
[1384.930s][info ][gc           ] GC(662) Pause Young (Allocation Failure) 737M->501M(852M) 3.044ms
[1384.930s][info ][gc,cpu       ] GC(662) User=0.01s Sys=0.00s Real=0.00s
[1384.930s][info ][safepoint    ] Leaving safepoint region
[1384.930s][info ][safepoint    ] Total time for which application threads were stopped: 0.0032164 seconds, Stopping threads took: 0.0000190 seconds
[1387.372s][info ][safepoint    ] Application time: 2.4426392 seconds
[1387.372s][info ][safepoint    ] Entering safepoint region: GenCollectForAllocation
[1387.372s][info ][gc,start     ] GC(663) Pause Young (Allocation Failure)
[1387.372s][info ][gc,task      ] GC(663) Using 4 workers of 4 for evacuation
[1387.376s][debug][gc,ref       ] GC(663) Skipped phase1 of Reference Processing due to unavailable references
[1387.376s][debug][gc,ref       ] GC(663) Skipped phase2 of Reference Processing due to unavailable references
[1387.376s][debug][gc,ref       ] GC(663) Skipped phase3 of Reference Processing due to unavailable references
[1387.376s][debug][gc,ref       ] GC(663) Skipped phase4 of Reference Processing due to unavailable references
[1387.376s][debug][gc,age       ] GC(663) Desired survivor size 15400960 bytes, new threshold 6 (max threshold 6)
[1387.376s][info ][gc,heap      ] GC(663) ParNew: 243646K->2568K(270976K)
[1387.376s][info ][gc,heap      ] GC(663) CMS: 510330K->510333K(602112K)
[1387.376s][info ][gc,metaspace ] GC(663) Metaspace: 58006K->58006K(1101824K)
[1387.376s][info ][gc           ] GC(663) Pause Young (Allocation Failure) 736M->500M(852M) 3.661ms
[1387.376s][info ][gc,cpu       ] GC(663) User=0.01s Sys=0.01s Real=0.01s
[1387.376s][info ][safepoint    ] Leaving safepoint region
[1387.376s][info ][safepoint    ] Total time for which application threads were stopped: 0.0038116 seconds, Stopping threads took: 0.0000187 seconds
[1388.376s][info ][safepoint    ] Application time: 1.0000884 seconds
[1388.376s][info ][safepoint    ] Entering safepoint region: Cleanup
[1388.376s][info ][safepoint    ] Leaving safepoint region
[1388.376s][info ][safepoint    ] Total time for which application threads were stopped: 0.0001231 seconds, Stopping threads took: 0.0000480 seconds
[1389.741s][info ][safepoint    ] Application time: 1.3646928 seconds
[1389.741s][info ][safepoint    ] Entering safepoint region: GenCollectForAllocation
[1389.741s][info ][gc,start     ] GC(664) Pause Young (Allocation Failure)
[1389.741s][info ][gc,task      ] GC(664) Using 4 workers of 4 for evacuation
[1389.745s][debug][gc,ref       ] GC(664) Skipped phase1 of Reference Processing due to unavailable references
[1389.745s][debug][gc,ref       ] GC(664) Skipped phase2 of Reference Processing due to unavailable references
[1389.745s][debug][gc,ref       ] GC(664) Skipped phase3 of Reference Processing due to unavailable references
[1389.745s][debug][gc,ref       ] GC(664) Skipped phase4 of Reference Processing due to unavailable references
[1389.745s][debug][gc,age       ] GC(664) Desired survivor size 15400960 bytes, new threshold 6 (max threshold 6)
[1389.745s][info ][gc,heap      ] GC(664) ParNew: 243464K->3128K(270976K)
[1389.745s][info ][gc,heap      ] GC(664) CMS: 510333K->510389K(602112K)
[1389.745s][info ][gc,metaspace ] GC(664) Metaspace: 58006K->58006K(1101824K)
[1389.745s][info ][gc           ] GC(664) Pause Young (Allocation Failure) 736M->501M(852M) 4.105ms
[1389.745s][info ][gc,cpu       ] GC(664) User=0.01s Sys=0.00s Real=0.01s
[1389.745s][info ][safepoint    ] Leaving safepoint region
[1389.745s][info ][safepoint    ] Total time for which application threads were stopped: 0.0042648 seconds, Stopping threads took: 0.0000179 seconds
[1391.746s][info ][safepoint    ] Application time: 2.0002104 seconds
[1391.746s][info ][safepoint    ] Entering safepoint region: Cleanup
[1391.746s][info ][safepoint    ] Leaving safepoint region
[1391.746s][info ][safepoint    ] Total time for which application threads were stopped: 0.0000762 seconds, Stopping threads took: 0.0000179 seconds
[1392.089s][info ][safepoint    ] Application time: 0.3427194 seconds
[1392.089s][info ][safepoint    ] Entering safepoint region: GenCollectForAllocation
[1392.089s][info ][gc,start     ] GC(665) Pause Young (Allocation Failure)
[1392.089s][info ][gc,task      ] GC(665) Using 4 workers of 4 for evacuation
[1392.092s][debug][gc,ref       ] GC(665) Skipped phase1 of Reference Processing due to unavailable references
[1392.092s][debug][gc,ref       ] GC(665) Skipped phase2 of Reference Processing due to unavailable references
[1392.092s][debug][gc,ref       ] GC(665) Skipped phase3 of Reference Processing due to unavailable references
[1392.092s][debug][gc,ref       ] GC(665) Skipped phase4 of Reference Processing due to unavailable references
[1392.092s][debug][gc,age       ] GC(665) Desired survivor size 15400960 bytes, new threshold 6 (max threshold 6)
[1392.092s][info ][gc,heap      ] GC(665) ParNew: 244024K->3250K(270976K)
[1392.092s][info ][gc,heap      ] GC(665) CMS: 510389K->510535K(602112K)
[1392.092s][info ][gc,metaspace ] GC(665) Metaspace: 58006K->58006K(1101824K)
[1392.092s][info ][gc           ] GC(665) Pause Young (Allocation Failure) 736M->501M(852M) 3.620ms
[1392.092s][info ][gc,cpu       ] GC(665) User=0.01s Sys=0.00s Real=0.00s
[1392.092s][info ][safepoint    ] Leaving safepoint region
[1392.092s][info ][safepoint    ] Total time for which application threads were stopped: 0.0037894 seconds, Stopping threads took: 0.0000361 seconds
[1394.329s][info ][safepoint    ] Application time: 2.2366071 seconds
[1394.329s][info ][safepoint    ] Entering safepoint region: GenCollectForAllocation
[1394.329s][info ][gc,start     ] GC(666) Pause Young (Allocation Failure)
[1394.329s][info ][gc,task      ] GC(666) Using 4 workers of 4 for evacuation
[1394.332s][debug][gc,ref       ] GC(666) Skipped phase1 of Reference Processing due to unavailable references
[1394.332s][debug][gc,ref       ] GC(666) Skipped phase2 of Reference Processing due to unavailable references
[1394.332s][debug][gc,ref       ] GC(666) Skipped phase3 of Reference Processing due to unavailable references
[1394.332s][debug][gc,ref       ] GC(666) Skipped phase4 of Reference Processing due to unavailable references
[1394.332s][debug][gc,age       ] GC(666) Desired survivor size 15400960 bytes, new threshold 6 (max threshold 6)
[1394.332s][info ][gc,heap      ] GC(666) ParNew: 244146K->2550K(270976K)
[1394.332s][info ][gc,heap      ] GC(666) CMS: 510535K->510632K(602112K)
[1394.332s][info ][gc,metaspace ] GC(666) Metaspace: 58006K->58006K(1101824K)
[1394.332s][info ][gc           ] GC(666) Pause Young (Allocation Failure) 736M->501M(852M) 3.274ms
[1394.332s][info ][gc,cpu       ] GC(666) User=0.02s Sys=0.00s Real=0.00s
[1394.332s][info ][safepoint    ] Leaving safepoint region
[1394.332s][info ][safepoint    ] Total time for which application threads were stopped: 0.0034415 seconds, Stopping threads took: 0.0000201 seconds
[1396.541s][info ][safepoint    ] Application time: 2.2084316 seconds
[1396.541s][info ][safepoint    ] Entering safepoint region: GenCollectForAllocation
[1396.542s][info ][gc,start     ] GC(667) Pause Young (Allocation Failure)
[1396.542s][info ][gc,task      ] GC(667) Using 4 workers of 4 for evacuation
[1396.545s][debug][gc,ref       ] GC(667) Skipped phase1 of Reference Processing due to unavailable references
[1396.545s][debug][gc,ref       ] GC(667) Skipped phase2 of Reference Processing due to unavailable references
[1396.545s][debug][gc,ref       ] GC(667) Skipped phase3 of Reference Processing due to unavailable references
[1396.545s][debug][gc,ref       ] GC(667) Skipped phase4 of Reference Processing due to unavailable references
[1396.545s][debug][gc,age       ] GC(667) Desired survivor size 15400960 bytes, new threshold 6 (max threshold 6)
[1396.545s][info ][gc,heap      ] GC(667) ParNew: 243446K->2473K(270976K)
[1396.545s][info ][gc,heap      ] GC(667) CMS: 510632K->510746K(602112K)
[1396.545s][info ][gc,metaspace ] GC(667) Metaspace: 58006K->58006K(1101824K)
[1396.545s][info ][gc           ] GC(667) Pause Young (Allocation Failure) 736M->501M(852M) 3.350ms
[1396.545s][info ][gc,cpu       ] GC(667) User=0.02s Sys=0.00s Real=0.01s
[1396.545s][info ][safepoint    ] Leaving safepoint region
[1396.545s][info ][safepoint    ] Total time for which application threads were stopped: 0.0035183 seconds, Stopping threads took: 0.0000184 seconds
[1398.825s][info ][safepoint    ] Application time: 2.2796214 seconds
[1398.825s][info ][safepoint    ] Entering safepoint region: GenCollectForAllocation
[1398.825s][info ][gc,start     ] GC(668) Pause Young (Allocation Failure)
[1398.825s][info ][gc,task      ] GC(668) Using 4 workers of 4 for evacuation
[1398.828s][debug][gc,ref       ] GC(668) Skipped phase1 of Reference Processing due to unavailable references
[1398.828s][debug][gc,ref       ] GC(668) Skipped phase2 of Reference Processing due to unavailable references
[1398.828s][debug][gc,ref       ] GC(668) Skipped phase3 of Reference Processing due to unavailable references
[1398.828s][debug][gc,ref       ] GC(668) Skipped phase4 of Reference Processing due to unavailable references
[1398.828s][debug][gc,age       ] GC(668) Desired survivor size 15400960 bytes, new threshold 6 (max threshold 6)
[1398.828s][info ][gc,heap      ] GC(668) ParNew: 243369K->2668K(270976K)
[1398.828s][info ][gc,heap      ] GC(668) CMS: 510746K->510839K(602112K)
[1398.828s][info ][gc,metaspace ] GC(668) Metaspace: 58011K->58011K(1101824K)
[1398.828s][info ][gc           ] GC(668) Pause Young (Allocation Failure) 736M->501M(852M) 3.273ms
[1398.828s][info ][gc,cpu       ] GC(668) User=0.01s Sys=0.00s Real=0.00s
[1398.828s][info ][safepoint    ] Leaving safepoint region
[1398.828s][info ][safepoint    ] Total time for which application threads were stopped: 0.0034866 seconds, Stopping threads took: 0.0000611 seconds
[1401.124s][info ][safepoint    ] Application time: 2.2955193 seconds
[1401.124s][info ][safepoint    ] Entering safepoint region: GenCollectForAllocation
[1401.124s][info ][gc,start     ] GC(669) Pause Young (Allocation Failure)
[1401.124s][info ][gc,task      ] GC(669) Using 4 workers of 4 for evacuation
[1401.127s][debug][gc,ref       ] GC(669) Skipped phase1 of Reference Processing due to unavailable references
[1401.127s][debug][gc,ref       ] GC(669) Skipped phase2 of Reference Processing due to unavailable references
[1401.127s][debug][gc,ref       ] GC(669) Skipped phase3 of Reference Processing due to unavailable references
[1401.127s][debug][gc,ref       ] GC(669) Skipped phase4 of Reference Processing due to unavailable references
[1401.127s][debug][gc,age       ] GC(669) Desired survivor size 15400960 bytes, new threshold 6 (max threshold 6)
[1401.127s][info ][gc,heap      ] GC(669) ParNew: 243564K->2716K(270976K)
[1401.127s][info ][gc,heap      ] GC(669) CMS: 510839K->510919K(602112K)
[1401.127s][info ][gc,metaspace ] GC(669) Metaspace: 58011K->58011K(1101824K)
[1401.127s][info ][gc           ] GC(669) Pause Young (Allocation Failure) 736M->501M(852M) 2.967ms
[1401.127s][info ][gc,cpu       ] GC(669) User=0.01s Sys=0.00s Real=0.00s
[1401.127s][info ][safepoint    ] Leaving safepoint region
[1401.127s][info ][safepoint    ] Total time for which application threads were stopped: 0.0031257 seconds, Stopping threads took: 0.0000193 seconds
[1403.544s][info ][safepoint    ] Application time: 2.4176213 seconds
[1403.544s][info ][safepoint    ] Entering safepoint region: GenCollectForAllocation
[1403.545s][info ][gc,start     ] GC(670) Pause Young (Allocation Failure)
[1403.545s][info ][gc,task      ] GC(670) Using 4 workers of 4 for evacuation
[1403.548s][debug][gc,ref       ] GC(670) Skipped phase1 of Reference Processing due to unavailable references
[1403.548s][debug][gc,ref       ] GC(670) Skipped phase2 of Reference Processing due to unavailable references
[1403.548s][debug][gc,ref       ] GC(670) Skipped phase3 of Reference Processing due to unavailable references
[1403.548s][debug][gc,ref       ] GC(670) Skipped phase4 of Reference Processing due to unavailable references
[1403.548s][debug][gc,age       ] GC(670) Desired survivor size 15400960 bytes, new threshold 6 (max threshold 6)
[1403.548s][info ][gc,heap      ] GC(670) ParNew: 243612K->2172K(270976K)
[1403.548s][info ][gc,heap      ] GC(670) CMS: 510919K->511121K(602112K)
[1403.548s][info ][gc,metaspace ] GC(670) Metaspace: 58012K->58012K(1101824K)
[1403.548s][info ][gc           ] GC(670) Pause Young (Allocation Failure) 736M->501M(852M) 3.236ms
[1403.548s][info ][gc,cpu       ] GC(670) User=0.01s Sys=0.00s Real=0.00s
[1403.548s][info ][safepoint    ] Leaving safepoint region
[1403.548s][info ][safepoint    ] Total time for which application threads were stopped: 0.0033923 seconds, Stopping threads took: 0.0000167 seconds
[1405.548s][info ][safepoint    ] Application time: 2.0001776 seconds
[1405.548s][info ][safepoint    ] Entering safepoint region: Cleanup
[1405.548s][info ][safepoint    ] Leaving safepoint region
[1405.548s][info ][safepoint    ] Total time for which application threads were stopped: 0.0000767 seconds, Stopping threads took: 0.0000171 seconds
[1405.886s][info ][safepoint    ] Application time: 0.3377598 seconds
[1405.886s][info ][safepoint    ] Entering safepoint region: GenCollectForAllocation
[1405.886s][info ][gc,start     ] GC(671) Pause Young (Allocation Failure)
[1405.886s][info ][gc,task      ] GC(671) Using 4 workers of 4 for evacuation
[1405.889s][debug][gc,ref       ] GC(671) Skipped phase1 of Reference Processing due to unavailable references
[1405.890s][debug][gc,ref       ] GC(671) Skipped phase2 of Reference Processing due to unavailable references
[1405.890s][debug][gc,ref       ] GC(671) Skipped phase3 of Reference Processing due to unavailable references
[1405.890s][debug][gc,age       ] GC(671) Desired survivor size 15400960 bytes, new threshold 6 (max threshold 6)
[1405.890s][info ][gc,heap      ] GC(671) ParNew: 243068K->3485K(270976K)
[1405.890s][info ][gc,heap      ] GC(671) CMS: 511121K->511208K(602112K)
[1405.890s][info ][gc,metaspace ] GC(671) Metaspace: 58015K->58015K(1101824K)
[1405.890s][info ][gc           ] GC(671) Pause Young (Allocation Failure) 736M->502M(852M) 3.618ms
[1405.890s][info ][gc,cpu       ] GC(671) User=0.01s Sys=0.00s Real=0.00s
[1405.890s][info ][safepoint    ] Leaving safepoint region
[1405.890s][info ][safepoint    ] Total time for which application threads were stopped: 0.0037618 seconds, Stopping threads took: 0.0000176 seconds
[1408.189s][info ][safepoint    ] Application time: 2.2988511 seconds
[1408.189s][info ][safepoint    ] Entering safepoint region: GenCollectForAllocation
[1408.189s][info ][gc,start     ] GC(672) Pause Young (Allocation Failure)
[1408.189s][info ][gc,task      ] GC(672) Using 4 workers of 4 for evacuation
[1408.192s][debug][gc,ref       ] GC(672) Skipped phase1 of Reference Processing due to unavailable references
[1408.192s][debug][gc,ref       ] GC(672) Skipped phase2 of Reference Processing due to unavailable references
[1408.192s][debug][gc,ref       ] GC(672) Skipped phase3 of Reference Processing due to unavailable references
[1408.192s][debug][gc,ref       ] GC(672) Skipped phase4 of Reference Processing due to unavailable references
[1408.192s][debug][gc,age       ] GC(672) Desired survivor size 15400960 bytes, new threshold 6 (max threshold 6)
[1408.192s][info ][gc,heap      ] GC(672) ParNew: 244381K->3979K(270976K)
[1408.192s][info ][gc,heap      ] GC(672) CMS: 511208K->511351K(602112K)
[1408.192s][info ][gc,metaspace ] GC(672) Metaspace: 58024K->58024K(1101824K)
[1408.192s][info ][gc           ] GC(672) Pause Young (Allocation Failure) 737M->503M(852M) 3.670ms
[1408.192s][info ][gc,cpu       ] GC(672) User=0.01s Sys=0.00s Real=0.00s
[1408.192s][info ][safepoint    ] Leaving safepoint region
[1408.192s][info ][safepoint    ] Total time for which application threads were stopped: 0.0038268 seconds, Stopping threads took: 0.0000178 seconds
[1410.573s][info ][safepoint    ] Application time: 2.3805067 seconds
[1410.573s][info ][safepoint    ] Entering safepoint region: GenCollectForAllocation
[1410.573s][info ][gc,start     ] GC(673) Pause Young (Allocation Failure)
[1410.573s][info ][gc,task      ] GC(673) Using 4 workers of 4 for evacuation
[1410.576s][debug][gc,ref       ] GC(673) Skipped phase1 of Reference Processing due to unavailable references
[1410.576s][debug][gc,ref       ] GC(673) Skipped phase2 of Reference Processing due to unavailable references
[1410.576s][debug][gc,ref       ] GC(673) Skipped phase3 of Reference Processing due to unavailable references
[1410.576s][debug][gc,ref       ] GC(673) Skipped phase4 of Reference Processing due to unavailable references
[1410.577s][debug][gc,age       ] GC(673) Desired survivor size 15400960 bytes, new threshold 6 (max threshold 6)
[1410.577s][info ][gc,heap      ] GC(673) ParNew: 244875K->3727K(270976K)
[1410.577s][info ][gc,heap      ] GC(673) CMS: 511351K->511444K(602112K)
[1410.577s][info ][gc,metaspace ] GC(673) Metaspace: 58024K->58024K(1101824K)
[1410.577s][info ][gc           ] GC(673) Pause Young (Allocation Failure) 738M->503M(852M) 3.483ms
[1410.577s][info ][gc,cpu       ] GC(673) User=0.02s Sys=0.00s Real=0.01s
[1410.577s][info ][safepoint    ] Leaving safepoint region
[1410.577s][info ][safepoint    ] Total time for which application threads were stopped: 0.0036655 seconds, Stopping threads took: 0.0000537 seconds
[1412.938s][info ][safepoint    ] Application time: 2.3611164 seconds
[1412.938s][info ][safepoint    ] Entering safepoint region: GenCollectForAllocation
[1412.938s][info ][gc,start     ] GC(674) Pause Young (Allocation Failure)
[1412.938s][info ][gc,task      ] GC(674) Using 4 workers of 4 for evacuation
[1412.941s][debug][gc,ref       ] GC(674) Skipped phase1 of Reference Processing due to unavailable references
[1412.941s][debug][gc,ref       ] GC(674) Skipped phase2 of Reference Processing due to unavailable references
[1412.941s][debug][gc,ref       ] GC(674) Skipped phase3 of Reference Processing due to unavailable references
[1412.941s][debug][gc,ref       ] GC(674) Skipped phase4 of Reference Processing due to unavailable references
[1412.941s][debug][gc,age       ] GC(674) Desired survivor size 15400960 bytes, new threshold 6 (max threshold 6)
[1412.941s][info ][gc,heap      ] GC(674) ParNew: 244623K->3843K(270976K)
[1412.941s][info ][gc,heap      ] GC(674) CMS: 511444K->511532K(602112K)
[1412.941s][info ][gc,metaspace ] GC(674) Metaspace: 58024K->58024K(1101824K)
[1412.941s][info ][gc           ] GC(674) Pause Young (Allocation Failure) 738M->503M(852M) 3.370ms
[1412.941s][info ][gc,cpu       ] GC(674) User=0.01s Sys=0.00s Real=0.00s
[1412.941s][info ][safepoint    ] Leaving safepoint region
[1412.941s][info ][safepoint    ] Total time for which application threads were stopped: 0.0035266 seconds, Stopping threads took: 0.0000194 seconds
[1415.231s][info ][safepoint    ] Application time: 2.2891811 seconds
[1415.231s][info ][safepoint    ] Entering safepoint region: GenCollectForAllocation
[1415.231s][info ][gc,start     ] GC(675) Pause Young (Allocation Failure)
[1415.231s][info ][gc,task      ] GC(675) Using 4 workers of 4 for evacuation
[1415.234s][debug][gc,ref       ] GC(675) Skipped phase1 of Reference Processing due to unavailable references
[1415.234s][debug][gc,ref       ] GC(675) Skipped phase2 of Reference Processing due to unavailable references
[1415.234s][debug][gc,ref       ] GC(675) Skipped phase3 of Reference Processing due to unavailable references
[1415.234s][debug][gc,ref       ] GC(675) Skipped phase4 of Reference Processing due to unavailable references
[1415.234s][debug][gc,age       ] GC(675) Desired survivor size 15400960 bytes, new threshold 6 (max threshold 6)
[1415.234s][info ][gc,heap      ] GC(675) ParNew: 244739K->3804K(270976K)
[1415.234s][info ][gc,heap      ] GC(675) CMS: 511532K->511536K(602112K)
[1415.234s][info ][gc,metaspace ] GC(675) Metaspace: 58028K->58028K(1101824K)
[1415.234s][info ][gc           ] GC(675) Pause Young (Allocation Failure) 738M->503M(852M) 3.248ms
[1415.234s][info ][gc,cpu       ] GC(675) User=0.01s Sys=0.01s Real=0.00s
[1415.234s][info ][safepoint    ] Leaving safepoint region
[1415.234s][info ][safepoint    ] Total time for which application threads were stopped: 0.0033968 seconds, Stopping threads took: 0.0000199 seconds
[1417.543s][info ][safepoint    ] Application time: 2.3087668 seconds
[1417.543s][info ][safepoint    ] Entering safepoint region: GenCollectForAllocation
[1417.543s][info ][gc,start     ] GC(676) Pause Young (Allocation Failure)
[1417.543s][info ][gc,task      ] GC(676) Using 4 workers of 4 for evacuation
[1417.546s][debug][gc,ref       ] GC(676) Skipped phase1 of Reference Processing due to unavailable references
[1417.546s][debug][gc,ref       ] GC(676) Skipped phase2 of Reference Processing due to unavailable references
[1417.546s][debug][gc,ref       ] GC(676) Skipped phase3 of Reference Processing due to unavailable references
[1417.546s][debug][gc,ref       ] GC(676) Skipped phase4 of Reference Processing due to unavailable references
[1417.546s][debug][gc,age       ] GC(676) Desired survivor size 15400960 bytes, new threshold 6 (max threshold 6)
[1417.546s][info ][gc,heap      ] GC(676) ParNew: 244700K->3857K(270976K)
[1417.546s][info ][gc,heap      ] GC(676) CMS: 511536K->511548K(602112K)
[1417.546s][info ][gc,metaspace ] GC(676) Metaspace: 58028K->58028K(1101824K)
[1417.546s][info ][gc           ] GC(676) Pause Young (Allocation Failure) 738M->503M(852M) 3.304ms
[1417.546s][info ][gc,cpu       ] GC(676) User=0.02s Sys=0.00s Real=0.01s
[1417.546s][info ][safepoint    ] Leaving safepoint region
[1417.546s][info ][safepoint    ] Total time for which application threads were stopped: 0.0035102 seconds, Stopping threads took: 0.0000771 seconds
[1419.775s][info ][safepoint    ] Application time: 2.2291734 seconds
[1419.775s][info ][safepoint    ] Entering safepoint region: GenCollectForAllocation
[1419.776s][info ][gc,start     ] GC(677) Pause Young (Allocation Failure)
[1419.776s][info ][gc,task      ] GC(677) Using 4 workers of 4 for evacuation
[1419.780s][debug][gc,ref       ] GC(677) Skipped phase1 of Reference Processing due to unavailable references
[1419.780s][debug][gc,ref       ] GC(677) Skipped phase2 of Reference Processing due to unavailable references
[1419.780s][debug][gc,ref       ] GC(677) Skipped phase3 of Reference Processing due to unavailable references
[1419.780s][debug][gc,ref       ] GC(677) Skipped phase4 of Reference Processing due to unavailable references
[1419.780s][debug][gc,age       ] GC(677) Desired survivor size 15400960 bytes, new threshold 6 (max threshold 6)
[1419.780s][info ][gc,heap      ] GC(677) ParNew: 244753K->2665K(270976K)
[1419.780s][info ][gc,heap      ] GC(677) CMS: 511548K->512769K(602112K)
[1419.780s][info ][gc,metaspace ] GC(677) Metaspace: 58028K->58028K(1101824K)
[1419.780s][info ][gc           ] GC(677) Pause Young (Allocation Failure) 738M->503M(852M) 4.301ms
[1419.780s][info ][gc,cpu       ] GC(677) User=0.01s Sys=0.00s Real=0.01s
[1419.780s][info ][safepoint    ] Leaving safepoint region
[1419.780s][info ][safepoint    ] Total time for which application threads were stopped: 0.0044790 seconds, Stopping threads took: 0.0000421 seconds
[1421.780s][info ][safepoint    ] Application time: 2.0002116 seconds
[1421.780s][info ][safepoint    ] Entering safepoint region: Cleanup
[1421.780s][info ][safepoint    ] Leaving safepoint region
[1421.780s][info ][safepoint    ] Total time for which application threads were stopped: 0.0001372 seconds, Stopping threads took: 0.0000548 seconds
[1422.076s][info ][safepoint    ] Application time: 0.2956235 seconds
[1422.076s][info ][safepoint    ] Entering safepoint region: GenCollectForAllocation
[1422.076s][info ][gc,start     ] GC(678) Pause Young (Allocation Failure)
[1422.076s][info ][gc,task      ] GC(678) Using 4 workers of 4 for evacuation
[1422.079s][debug][gc,ref       ] GC(678) Skipped phase1 of Reference Processing due to unavailable references
[1422.079s][debug][gc,ref       ] GC(678) Skipped phase2 of Reference Processing due to unavailable references
[1422.079s][debug][gc,ref       ] GC(678) Skipped phase3 of Reference Processing due to unavailable references
[1422.079s][debug][gc,ref       ] GC(678) Skipped phase4 of Reference Processing due to unavailable references
[1422.079s][debug][gc,age       ] GC(678) Desired survivor size 15400960 bytes, new threshold 6 (max threshold 6)
[1422.079s][info ][gc,heap      ] GC(678) ParNew: 243561K->2453K(270976K)
[1422.079s][info ][gc,heap      ] GC(678) CMS: 512769K->512855K(602112K)
[1422.079s][info ][gc,metaspace ] GC(678) Metaspace: 58028K->58028K(1101824K)
[1422.079s][info ][gc           ] GC(678) Pause Young (Allocation Failure) 738M->503M(852M) 3.180ms
[1422.079s][info ][gc,cpu       ] GC(678) User=0.01s Sys=0.00s Real=0.00s
[1422.079s][info ][safepoint    ] Leaving safepoint region
[1422.079s][info ][safepoint    ] Total time for which application threads were stopped: 0.0033365 seconds, Stopping threads took: 0.0000183 seconds
[1424.281s][info ][safepoint    ] Application time: 2.2020804 seconds
[1424.281s][info ][safepoint    ] Entering safepoint region: GenCollectForAllocation
[1424.282s][info ][gc,start     ] GC(679) Pause Young (Allocation Failure)
[1424.282s][info ][gc,task      ] GC(679) Using 4 workers of 4 for evacuation
[1424.288s][debug][gc,ref       ] GC(679) Skipped phase1 of Reference Processing due to unavailable references
[1424.288s][debug][gc,ref       ] GC(679) Skipped phase2 of Reference Processing due to unavailable references
[1424.288s][debug][gc,ref       ] GC(679) Skipped phase3 of Reference Processing due to unavailable references
[1424.288s][debug][gc,ref       ] GC(679) Skipped phase4 of Reference Processing due to unavailable references
[1424.288s][debug][gc,age       ] GC(679) Desired survivor size 15400960 bytes, new threshold 6 (max threshold 6)
[1424.288s][info ][gc,heap      ] GC(679) ParNew: 243349K->3104K(270976K)
[1424.288s][info ][gc,heap      ] GC(679) CMS: 512855K->512901K(602112K)
[1424.288s][info ][gc,metaspace ] GC(679) Metaspace: 58028K->58028K(1101824K)
[1424.288s][info ][gc           ] GC(679) Pause Young (Allocation Failure) 738M->503M(852M) 6.327ms
[1424.288s][info ][gc,cpu       ] GC(679) User=0.01s Sys=0.01s Real=0.01s
[1424.288s][info ][safepoint    ] Leaving safepoint region
[1424.288s][info ][safepoint    ] Total time for which application threads were stopped: 0.0064780 seconds, Stopping threads took: 0.0000189 seconds
[1426.533s][info ][safepoint    ] Application time: 2.2446684 seconds
[1426.533s][info ][safepoint    ] Entering safepoint region: GenCollectForAllocation
[1426.533s][info ][gc,start     ] GC(680) Pause Young (Allocation Failure)
[1426.533s][info ][gc,task      ] GC(680) Using 4 workers of 4 for evacuation
[1426.536s][debug][gc,ref       ] GC(680) Skipped phase1 of Reference Processing due to unavailable references
[1426.536s][debug][gc,ref       ] GC(680) Skipped phase2 of Reference Processing due to unavailable references
[1426.536s][debug][gc,ref       ] GC(680) Skipped phase3 of Reference Processing due to unavailable references
[1426.536s][debug][gc,ref       ] GC(680) Skipped phase4 of Reference Processing due to unavailable references
[1426.536s][debug][gc,age       ] GC(680) Desired survivor size 15400960 bytes, new threshold 6 (max threshold 6)
[1426.536s][info ][gc,heap      ] GC(680) ParNew: 244000K->3300K(270976K)
[1426.536s][info ][gc,heap      ] GC(680) CMS: 512901K->512923K(602112K)
[1426.536s][info ][gc,metaspace ] GC(680) Metaspace: 58028K->58028K(1101824K)
[1426.536s][info ][gc           ] GC(680) Pause Young (Allocation Failure) 739M->504M(852M) 3.171ms
[1426.536s][info ][gc,cpu       ] GC(680) User=0.01s Sys=0.00s Real=0.01s
[1426.536s][info ][safepoint    ] Leaving safepoint region
[1426.536s][info ][safepoint    ] Total time for which application threads were stopped: 0.0033506 seconds, Stopping threads took: 0.0000272 seconds
[1428.536s][info ][safepoint    ] Application time: 2.0002097 seconds
[1428.536s][info ][safepoint    ] Entering safepoint region: Cleanup
[1428.536s][info ][safepoint    ] Leaving safepoint region
[1428.536s][info ][safepoint    ] Total time for which application threads were stopped: 0.0001038 seconds, Stopping threads took: 0.0000389 seconds
[1428.827s][info ][safepoint    ] Application time: 0.2909065 seconds
[1428.827s][info ][safepoint    ] Entering safepoint region: GenCollectForAllocation
[1428.827s][info ][gc,start     ] GC(681) Pause Young (Allocation Failure)
[1428.827s][info ][gc,task      ] GC(681) Using 4 workers of 4 for evacuation
[1428.831s][debug][gc,ref       ] GC(681) Skipped phase1 of Reference Processing due to unavailable references
[1428.831s][debug][gc,ref       ] GC(681) Skipped phase2 of Reference Processing due to unavailable references
[1428.831s][debug][gc,ref       ] GC(681) Skipped phase3 of Reference Processing due to unavailable references
[1428.831s][debug][gc,ref       ] GC(681) Skipped phase4 of Reference Processing due to unavailable references
[1428.831s][debug][gc,age       ] GC(681) Desired survivor size 15400960 bytes, new threshold 6 (max threshold 6)
[1428.831s][info ][gc,heap      ] GC(681) ParNew: 244196K->3001K(270976K)
[1428.831s][info ][gc,heap      ] GC(681) CMS: 512923K->513075K(602112K)
[1428.831s][info ][gc,metaspace ] GC(681) Metaspace: 58028K->58028K(1101824K)
[1428.831s][info ][gc           ] GC(681) Pause Young (Allocation Failure) 739M->503M(852M) 3.648ms
[1428.831s][info ][gc,cpu       ] GC(681) User=0.01s Sys=0.00s Real=0.00s
[1428.831s][info ][safepoint    ] Leaving safepoint region
[1428.831s][info ][safepoint    ] Total time for which application threads were stopped: 0.0037963 seconds, Stopping threads took: 0.0000173 seconds
[1431.176s][info ][safepoint    ] Application time: 2.3445820 seconds
[1431.176s][info ][safepoint    ] Entering safepoint region: GenCollectForAllocation
[1431.176s][info ][gc,start     ] GC(682) Pause Young (Allocation Failure)
[1431.176s][info ][gc,task      ] GC(682) Using 4 workers of 4 for evacuation
[1431.179s][debug][gc,ref       ] GC(682) Skipped phase1 of Reference Processing due to unavailable references
[1431.179s][debug][gc,ref       ] GC(682) Skipped phase2 of Reference Processing due to unavailable references
[1431.179s][debug][gc,ref       ] GC(682) Skipped phase3 of Reference Processing due to unavailable references
[1431.179s][debug][gc,ref       ] GC(682) Skipped phase4 of Reference Processing due to unavailable references
[1431.179s][debug][gc,age       ] GC(682) Desired survivor size 15400960 bytes, new threshold 6 (max threshold 6)
[1431.179s][info ][gc,heap      ] GC(682) ParNew: 243897K->3412K(270976K)
[1431.179s][info ][gc,heap      ] GC(682) CMS: 513075K->513189K(602112K)
[1431.179s][info ][gc,metaspace ] GC(682) Metaspace: 58028K->58028K(1101824K)
[1431.179s][info ][gc           ] GC(682) Pause Young (Allocation Failure) 739M->504M(852M) 3.667ms
[1431.179s][info ][gc,cpu       ] GC(682) User=0.01s Sys=0.00s Real=0.00s
[1431.180s][info ][safepoint    ] Leaving safepoint region
[1431.180s][info ][safepoint    ] Total time for which application threads were stopped: 0.0038095 seconds, Stopping threads took: 0.0000189 seconds
[1433.493s][info ][safepoint    ] Application time: 2.3138780 seconds
[1433.493s][info ][safepoint    ] Entering safepoint region: GenCollectForAllocation
[1433.494s][info ][gc,start     ] GC(683) Pause Young (Allocation Failure)
[1433.494s][info ][gc,task      ] GC(683) Using 4 workers of 4 for evacuation
[1433.497s][debug][gc,ref       ] GC(683) Skipped phase1 of Reference Processing due to unavailable references
[1433.497s][debug][gc,ref       ] GC(683) Skipped phase2 of Reference Processing due to unavailable references
[1433.498s][debug][gc,ref       ] GC(683) Skipped phase3 of Reference Processing due to unavailable references
[1433.498s][debug][gc,ref       ] GC(683) Skipped phase4 of Reference Processing due to unavailable references
[1433.498s][debug][gc,age       ] GC(683) Desired survivor size 15400960 bytes, new threshold 6 (max threshold 6)
[1433.498s][info ][gc,heap      ] GC(683) ParNew: 244308K->2399K(270976K)
[1433.498s][info ][gc,heap      ] GC(683) CMS: 513189K->513331K(602112K)
[1433.498s][info ][gc,metaspace ] GC(683) Metaspace: 58028K->58028K(1101824K)
[1433.498s][info ][gc           ] GC(683) Pause Young (Allocation Failure) 739M->503M(852M) 4.098ms
[1433.498s][info ][gc,cpu       ] GC(683) User=0.02s Sys=0.00s Real=0.01s
[1433.498s][info ][safepoint    ] Leaving safepoint region
[1433.498s][info ][safepoint    ] Total time for which application threads were stopped: 0.0042461 seconds, Stopping threads took: 0.0000190 seconds
[1435.773s][info ][safepoint    ] Application time: 2.2752232 seconds
[1435.773s][info ][safepoint    ] Entering safepoint region: GenCollectForAllocation
[1435.773s][info ][gc,start     ] GC(684) Pause Young (Allocation Failure)
[1435.773s][info ][gc,task      ] GC(684) Using 4 workers of 4 for evacuation
[1435.776s][debug][gc,ref       ] GC(684) Skipped phase1 of Reference Processing due to unavailable references
[1435.776s][debug][gc,ref       ] GC(684) Skipped phase2 of Reference Processing due to unavailable references
[1435.776s][debug][gc,ref       ] GC(684) Skipped phase3 of Reference Processing due to unavailable references
[1435.776s][debug][gc,ref       ] GC(684) Skipped phase4 of Reference Processing due to unavailable references
[1435.776s][debug][gc,age       ] GC(684) Desired survivor size 15400960 bytes, new threshold 6 (max threshold 6)
[1435.776s][info ][gc,heap      ] GC(684) ParNew: 243295K->2929K(270976K)
[1435.776s][info ][gc,heap      ] GC(684) CMS: 513331K->513394K(602112K)
[1435.776s][info ][gc,metaspace ] GC(684) Metaspace: 58028K->58028K(1101824K)
[1435.776s][info ][gc           ] GC(684) Pause Young (Allocation Failure) 738M->504M(852M) 3.253ms
[1435.776s][info ][gc,cpu       ] GC(684) User=0.01s Sys=0.00s Real=0.01s
[1435.776s][info ][safepoint    ] Leaving safepoint region
[1435.776s][info ][safepoint    ] Total time for which application threads were stopped: 0.0034261 seconds, Stopping threads took: 0.0000512 seconds
[1437.777s][info ][safepoint    ] Application time: 2.0001368 seconds
[1437.777s][info ][safepoint    ] Entering safepoint region: Cleanup
[1437.777s][info ][safepoint    ] Leaving safepoint region
[1437.777s][info ][safepoint    ] Total time for which application threads were stopped: 0.0001186 seconds, Stopping threads took: 0.0000437 seconds
[1438.039s][info ][safepoint    ] Application time: 0.2621181 seconds
[1438.039s][info ][safepoint    ] Entering safepoint region: GenCollectForAllocation
[1438.039s][info ][gc,start     ] GC(685) Pause Young (Allocation Failure)
[1438.039s][info ][gc,task      ] GC(685) Using 4 workers of 4 for evacuation
[1438.043s][debug][gc,ref       ] GC(685) Skipped phase1 of Reference Processing due to unavailable references
[1438.043s][debug][gc,ref       ] GC(685) Skipped phase2 of Reference Processing due to unavailable references
[1438.043s][debug][gc,ref       ] GC(685) Skipped phase3 of Reference Processing due to unavailable references
[1438.043s][debug][gc,ref       ] GC(685) Skipped phase4 of Reference Processing due to unavailable references
[1438.043s][debug][gc,age       ] GC(685) Desired survivor size 15400960 bytes, new threshold 6 (max threshold 6)
[1438.043s][info ][gc,heap      ] GC(685) ParNew: 243825K->3237K(270976K)
[1438.043s][info ][gc,heap      ] GC(685) CMS: 513394K->513630K(602112K)
[1438.043s][info ][gc,metaspace ] GC(685) Metaspace: 58028K->58028K(1101824K)
[1438.043s][info ][gc           ] GC(685) Pause Young (Allocation Failure) 739M->504M(852M) 3.864ms
[1438.043s][info ][gc,cpu       ] GC(685) User=0.01s Sys=0.00s Real=0.00s
[1438.043s][info ][safepoint    ] Leaving safepoint region
[1438.043s][info ][safepoint    ] Total time for which application threads were stopped: 0.0040062 seconds, Stopping threads took: 0.0000177 seconds
[1440.009s][info ][safepoint    ] Application time: 1.9665783 seconds
[1440.010s][info ][safepoint    ] Entering safepoint region: GenCollectForAllocation
[1440.010s][info ][gc,start     ] GC(686) Pause Young (Allocation Failure)
[1440.010s][info ][gc,task      ] GC(686) Using 4 workers of 4 for evacuation
[1440.014s][debug][gc,ref       ] GC(686) Skipped phase1 of Reference Processing due to unavailable references
[1440.014s][debug][gc,ref       ] GC(686) Skipped phase2 of Reference Processing due to unavailable references
[1440.014s][debug][gc,ref       ] GC(686) Skipped phase3 of Reference Processing due to unavailable references
[1440.014s][debug][gc,ref       ] GC(686) Skipped phase4 of Reference Processing due to unavailable references
[1440.014s][debug][gc,age       ] GC(686) Desired survivor size 15400960 bytes, new threshold 6 (max threshold 6)
[1440.014s][info ][gc,heap      ] GC(686) ParNew: 244133K->5682K(270976K)
[1440.014s][info ][gc,heap      ] GC(686) CMS: 513630K->513766K(602112K)
[1440.014s][info ][gc,metaspace ] GC(686) Metaspace: 58028K->58028K(1101824K)
[1440.014s][info ][gc           ] GC(686) Pause Young (Allocation Failure) 740M->507M(852M) 4.607ms
[1440.014s][info ][gc,cpu       ] GC(686) User=0.02s Sys=0.00s Real=0.00s
[1440.014s][info ][safepoint    ] Leaving safepoint region
[1440.014s][info ][safepoint    ] Total time for which application threads were stopped: 0.0048082 seconds, Stopping threads took: 0.0000656 seconds
[1442.014s][info ][safepoint    ] Application time: 2.0001720 seconds
[1442.014s][info ][safepoint    ] Entering safepoint region: Cleanup
[1442.015s][info ][safepoint    ] Leaving safepoint region
[1442.015s][info ][safepoint    ] Total time for which application threads were stopped: 0.0001000 seconds, Stopping threads took: 0.0000193 seconds
[1442.329s][info ][safepoint    ] Application time: 0.3143210 seconds
[1442.329s][info ][safepoint    ] Entering safepoint region: GenCollectForAllocation
[1442.329s][info ][gc,start     ] GC(687) Pause Young (Allocation Failure)
[1442.329s][info ][gc,task      ] GC(687) Using 4 workers of 4 for evacuation
[1442.334s][debug][gc,ref       ] GC(687) Skipped phase1 of Reference Processing due to unavailable references
[1442.334s][debug][gc,ref       ] GC(687) Skipped phase2 of Reference Processing due to unavailable references
[1442.334s][debug][gc,ref       ] GC(687) Skipped phase3 of Reference Processing due to unavailable references
[1442.334s][debug][gc,ref       ] GC(687) Skipped phase4 of Reference Processing due to unavailable references
[1442.334s][debug][gc,age       ] GC(687) Desired survivor size 15400960 bytes, new threshold 6 (max threshold 6)
[1442.334s][info ][gc,heap      ] GC(687) ParNew: 246578K->6620K(270976K)
[1442.334s][info ][gc,heap      ] GC(687) CMS: 513766K->513850K(602112K)
[1442.334s][info ][gc,metaspace ] GC(687) Metaspace: 58030K->58030K(1101824K)
[1442.334s][info ][gc           ] GC(687) Pause Young (Allocation Failure) 742M->508M(852M) 4.708ms
[1442.334s][info ][gc,cpu       ] GC(687) User=0.02s Sys=0.00s Real=0.00s
[1442.334s][info ][safepoint    ] Leaving safepoint region
[1442.334s][info ][safepoint    ] Total time for which application threads were stopped: 0.0048982 seconds, Stopping threads took: 0.0000174 seconds
[1443.334s][info ][safepoint    ] Application time: 1.0001350 seconds
[1443.334s][info ][safepoint    ] Entering safepoint region: Cleanup
[1443.334s][info ][safepoint    ] Leaving safepoint region
[1443.334s][info ][safepoint    ] Total time for which application threads were stopped: 0.0001445 seconds, Stopping threads took: 0.0000474 seconds
[1444.334s][info ][safepoint    ] Application time: 1.0000782 seconds
[1444.334s][info ][safepoint    ] Entering safepoint region: Cleanup
[1444.334s][info ][safepoint    ] Leaving safepoint region
[1444.334s][info ][safepoint    ] Total time for which application threads were stopped: 0.0001119 seconds, Stopping threads took: 0.0000390 seconds
[1444.631s][info ][safepoint    ] Application time: 0.2965897 seconds
[1444.631s][info ][safepoint    ] Entering safepoint region: GenCollectForAllocation
[1444.631s][info ][gc,start     ] GC(688) Pause Young (Allocation Failure)
[1444.631s][info ][gc,task      ] GC(688) Using 4 workers of 4 for evacuation
[1444.635s][debug][gc,ref       ] GC(688) Skipped phase1 of Reference Processing due to unavailable references
[1444.635s][debug][gc,ref       ] GC(688) Skipped phase2 of Reference Processing due to unavailable references
[1444.635s][debug][gc,ref       ] GC(688) Skipped phase3 of Reference Processing due to unavailable references
[1444.635s][debug][gc,ref       ] GC(688) Skipped phase4 of Reference Processing due to unavailable references
[1444.635s][debug][gc,age       ] GC(688) Desired survivor size 15400960 bytes, new threshold 6 (max threshold 6)
[1444.635s][info ][gc,heap      ] GC(688) ParNew: 247516K->6781K(270976K)
[1444.635s][info ][gc,heap      ] GC(688) CMS: 513850K->513863K(602112K)
[1444.635s][info ][gc,metaspace ] GC(688) Metaspace: 58030K->58030K(1101824K)
[1444.635s][info ][gc           ] GC(688) Pause Young (Allocation Failure) 743M->508M(852M) 4.187ms
[1444.635s][info ][gc,cpu       ] GC(688) User=0.01s Sys=0.00s Real=0.00s
[1444.635s][info ][safepoint    ] Leaving safepoint region
[1444.635s][info ][safepoint    ] Total time for which application threads were stopped: 0.0043376 seconds, Stopping threads took: 0.0000185 seconds
[1445.635s][info ][safepoint    ] Application time: 1.0001013 seconds
[1445.636s][info ][safepoint    ] Entering safepoint region: Cleanup
[1445.636s][info ][safepoint    ] Leaving safepoint region
[1445.636s][info ][safepoint    ] Total time for which application threads were stopped: 0.0001138 seconds, Stopping threads took: 0.0000431 seconds
[1446.636s][info ][safepoint    ] Application time: 1.0000601 seconds
[1446.636s][info ][safepoint    ] Entering safepoint region: Cleanup
[1446.636s][info ][safepoint    ] Leaving safepoint region
[1446.636s][info ][safepoint    ] Total time for which application threads were stopped: 0.0001609 seconds, Stopping threads took: 0.0000820 seconds
[1446.643s][info ][safepoint    ] Application time: 0.0074560 seconds
[1446.643s][info ][safepoint    ] Entering safepoint region: GenCollectForAllocation
[1446.643s][info ][gc,start     ] GC(689) Pause Young (Allocation Failure)
[1446.643s][info ][gc,task      ] GC(689) Using 4 workers of 4 for evacuation
[1446.649s][debug][gc,ref       ] GC(689) Skipped phase1 of Reference Processing due to unavailable references
[1446.649s][debug][gc,ref       ] GC(689) Skipped phase2 of Reference Processing due to unavailable references
[1446.649s][debug][gc,ref       ] GC(689) Skipped phase3 of Reference Processing due to unavailable references
[1446.649s][debug][gc,ref       ] GC(689) Skipped phase4 of Reference Processing due to unavailable references
[1446.649s][debug][gc,age       ] GC(689) Desired survivor size 15400960 bytes, new threshold 6 (max threshold 6)
[1446.649s][info ][gc,heap      ] GC(689) ParNew: 247677K->7122K(270976K)
[1446.649s][info ][gc,heap      ] GC(689) CMS: 513863K->513924K(602112K)
[1446.649s][info ][gc,metaspace ] GC(689) Metaspace: 58030K->58030K(1101824K)
[1446.649s][info ][gc           ] GC(689) Pause Young (Allocation Failure) 743M->508M(852M) 5.414ms
[1446.649s][info ][gc,cpu       ] GC(689) User=0.02s Sys=0.00s Real=0.01s
[1446.649s][info ][safepoint    ] Leaving safepoint region
[1446.649s][info ][safepoint    ] Total time for which application threads were stopped: 0.0055364 seconds, Stopping threads took: 0.0000128 seconds
[1447.649s][info ][safepoint    ] Application time: 1.0001409 seconds
[1447.649s][info ][safepoint    ] Entering safepoint region: Cleanup
[1447.649s][info ][safepoint    ] Leaving safepoint region
[1447.649s][info ][safepoint    ] Total time for which application threads were stopped: 0.0000823 seconds, Stopping threads took: 0.0000166 seconds
[1448.334s][info ][safepoint    ] Application time: 0.6845472 seconds
[1448.334s][info ][safepoint    ] Entering safepoint region: GenCollectForAllocation
[1448.334s][info ][gc,start     ] GC(690) Pause Young (Allocation Failure)
[1448.334s][info ][gc,task      ] GC(690) Using 4 workers of 4 for evacuation
[1448.339s][debug][gc,ref       ] GC(690) Skipped phase1 of Reference Processing due to unavailable references
[1448.339s][debug][gc,ref       ] GC(690) Skipped phase2 of Reference Processing due to unavailable references
[1448.339s][debug][gc,ref       ] GC(690) Skipped phase3 of Reference Processing due to unavailable references
[1448.339s][debug][gc,ref       ] GC(690) Skipped phase4 of Reference Processing due to unavailable references
[1448.339s][debug][gc,age       ] GC(690) Desired survivor size 15400960 bytes, new threshold 6 (max threshold 6)
[1448.339s][info ][gc,heap      ] GC(690) ParNew: 248018K->9793K(270976K)
[1448.339s][info ][gc,heap      ] GC(690) CMS: 513924K->514019K(602112K)
[1448.339s][info ][gc,metaspace ] GC(690) Metaspace: 58031K->58031K(1101824K)
[1448.339s][info ][gc           ] GC(690) Pause Young (Allocation Failure) 744M->511M(852M) 5.193ms
[1448.339s][info ][gc,cpu       ] GC(690) User=0.02s Sys=0.00s Real=0.01s
[1448.339s][info ][safepoint    ] Leaving safepoint region
[1448.339s][info ][safepoint    ] Total time for which application threads were stopped: 0.0053545 seconds, Stopping threads took: 0.0000173 seconds
[1449.339s][info ][safepoint    ] Application time: 1.0001108 seconds
[1449.339s][info ][safepoint    ] Entering safepoint region: Cleanup
[1449.339s][info ][safepoint    ] Leaving safepoint region
[1449.339s][info ][safepoint    ] Total time for which application threads were stopped: 0.0001237 seconds, Stopping threads took: 0.0000537 seconds
[1450.339s][info ][safepoint    ] Application time: 1.0000921 seconds
[1450.340s][info ][safepoint    ] Entering safepoint region: Cleanup
[1450.340s][info ][safepoint    ] Leaving safepoint region
[1450.340s][info ][safepoint    ] Total time for which application threads were stopped: 0.0001106 seconds, Stopping threads took: 0.0000415 seconds
[1450.486s][info ][safepoint    ] Application time: 0.1462841 seconds
[1450.486s][info ][safepoint    ] Entering safepoint region: GenCollectForAllocation
[1450.486s][info ][gc,start     ] GC(691) Pause Young (Allocation Failure)
[1450.486s][info ][gc,task      ] GC(691) Using 4 workers of 4 for evacuation
[1450.491s][debug][gc,ref       ] GC(691) Skipped phase1 of Reference Processing due to unavailable references
[1450.491s][debug][gc,ref       ] GC(691) Skipped phase2 of Reference Processing due to unavailable references
[1450.491s][debug][gc,ref       ] GC(691) Skipped phase3 of Reference Processing due to unavailable references
[1450.491s][debug][gc,ref       ] GC(691) Skipped phase4 of Reference Processing due to unavailable references
[1450.491s][debug][gc,age       ] GC(691) Desired survivor size 15400960 bytes, new threshold 6 (max threshold 6)
[1450.491s][info ][gc,heap      ] GC(691) ParNew: 250689K->8645K(270976K)
[1450.491s][info ][gc,heap      ] GC(691) CMS: 514019K->514348K(602112K)
[1450.491s][info ][gc,metaspace ] GC(691) Metaspace: 58031K->58031K(1101824K)
[1450.491s][info ][gc           ] GC(691) Pause Young (Allocation Failure) 746M->510M(852M) 5.296ms
[1450.491s][info ][gc,cpu       ] GC(691) User=0.02s Sys=0.00s Real=0.00s
[1450.491s][info ][safepoint    ] Leaving safepoint region
[1450.491s][info ][safepoint    ] Total time for which application threads were stopped: 0.0054372 seconds, Stopping threads took: 0.0000181 seconds
[1451.491s][info ][safepoint    ] Application time: 1.0000958 seconds
[1451.492s][info ][safepoint    ] Entering safepoint region: Cleanup
[1451.492s][info ][safepoint    ] Leaving safepoint region
[1451.492s][info ][safepoint    ] Total time for which application threads were stopped: 0.0001489 seconds, Stopping threads took: 0.0000566 seconds
[1452.492s][info ][safepoint    ] Application time: 1.0000960 seconds
[1452.492s][info ][safepoint    ] Entering safepoint region: Cleanup
[1452.492s][info ][safepoint    ] Leaving safepoint region
[1452.492s][info ][safepoint    ] Total time for which application threads were stopped: 0.0000999 seconds, Stopping threads took: 0.0000404 seconds
[1452.697s][info ][safepoint    ] Application time: 0.2047418 seconds
[1452.697s][info ][safepoint    ] Entering safepoint region: GenCollectForAllocation
[1452.697s][info ][gc,start     ] GC(692) Pause Young (Allocation Failure)
[1452.697s][info ][gc,task      ] GC(692) Using 4 workers of 4 for evacuation
[1452.702s][debug][gc,ref       ] GC(692) Skipped phase1 of Reference Processing due to unavailable references
[1452.702s][debug][gc,ref       ] GC(692) Skipped phase2 of Reference Processing due to unavailable references
[1452.702s][debug][gc,ref       ] GC(692) Skipped phase3 of Reference Processing due to unavailable references
[1452.702s][debug][gc,ref       ] GC(692) Skipped phase4 of Reference Processing due to unavailable references
[1452.702s][debug][gc,age       ] GC(692) Desired survivor size 15400960 bytes, new threshold 6 (max threshold 6)
[1452.702s][info ][gc,heap      ] GC(692) ParNew: 249541K->7167K(270976K)
[1452.702s][info ][gc,heap      ] GC(692) CMS: 514348K->515410K(602112K)
[1452.702s][info ][gc,metaspace ] GC(692) Metaspace: 58032K->58032K(1101824K)
[1452.702s][info ][gc           ] GC(692) Pause Young (Allocation Failure) 745M->510M(852M) 5.284ms
[1452.702s][info ][gc,cpu       ] GC(692) User=0.01s Sys=0.00s Real=0.00s
[1452.702s][info ][safepoint    ] Leaving safepoint region
[1452.702s][info ][safepoint    ] Total time for which application threads were stopped: 0.0054360 seconds, Stopping threads took: 0.0000163 seconds
[1453.702s][info ][safepoint    ] Application time: 1.0001068 seconds
[1453.702s][info ][safepoint    ] Entering safepoint region: Cleanup
[1453.702s][info ][safepoint    ] Leaving safepoint region
[1453.702s][info ][safepoint    ] Total time for which application threads were stopped: 0.0000752 seconds, Stopping threads took: 0.0000180 seconds
[1454.703s][info ][safepoint    ] Application time: 1.0001380 seconds
[1454.703s][info ][safepoint    ] Entering safepoint region: Cleanup
[1454.703s][info ][safepoint    ] Leaving safepoint region
[1454.703s][info ][safepoint    ] Total time for which application threads were stopped: 0.0000713 seconds, Stopping threads took: 0.0000184 seconds
[1455.029s][info ][safepoint    ] Application time: 0.3259320 seconds
[1455.029s][info ][safepoint    ] Entering safepoint region: GenCollectForAllocation
[1455.029s][info ][gc,start     ] GC(693) Pause Young (Allocation Failure)
[1455.029s][info ][gc,task      ] GC(693) Using 4 workers of 4 for evacuation
[1455.033s][debug][gc,ref       ] GC(693) Skipped phase1 of Reference Processing due to unavailable references
[1455.033s][debug][gc,ref       ] GC(693) Skipped phase2 of Reference Processing due to unavailable references
[1455.033s][debug][gc,ref       ] GC(693) Skipped phase3 of Reference Processing due to unavailable references
[1455.033s][debug][gc,ref       ] GC(693) Skipped phase4 of Reference Processing due to unavailable references
[1455.033s][debug][gc,age       ] GC(693) Desired survivor size 15400960 bytes, new threshold 6 (max threshold 6)
[1455.033s][info ][gc,heap      ] GC(693) ParNew: 248063K->6376K(270976K)
[1455.033s][info ][gc,heap      ] GC(693) CMS: 515410K->515560K(602112K)
[1455.033s][info ][gc,metaspace ] GC(693) Metaspace: 58032K->58032K(1101824K)
[1455.033s][info ][gc           ] GC(693) Pause Young (Allocation Failure) 745M->509M(852M) 4.220ms
[1455.033s][info ][gc,cpu       ] GC(693) User=0.01s Sys=0.00s Real=0.00s
[1455.033s][info ][safepoint    ] Leaving safepoint region
[1455.033s][info ][safepoint    ] Total time for which application threads were stopped: 0.0043887 seconds, Stopping threads took: 0.0000180 seconds
[1456.033s][info ][safepoint    ] Application time: 1.0001090 seconds
[1456.033s][info ][safepoint    ] Entering safepoint region: Cleanup
[1456.033s][info ][safepoint    ] Leaving safepoint region
[1456.033s][info ][safepoint    ] Total time for which application threads were stopped: 0.0001130 seconds, Stopping threads took: 0.0000386 seconds
[1457.033s][info ][safepoint    ] Application time: 1.0000554 seconds
[1457.033s][info ][safepoint    ] Entering safepoint region: Cleanup
[1457.033s][info ][safepoint    ] Leaving safepoint region
[1457.033s][info ][safepoint    ] Total time for which application threads were stopped: 0.0001197 seconds, Stopping threads took: 0.0000368 seconds
[1457.485s][info ][safepoint    ] Application time: 0.4520052 seconds
[1457.485s][info ][safepoint    ] Entering safepoint region: GenCollectForAllocation
[1457.486s][info ][gc,start     ] GC(694) Pause Young (Allocation Failure)
[1457.486s][info ][gc,task      ] GC(694) Using 4 workers of 4 for evacuation
[1457.490s][debug][gc,ref       ] GC(694) Skipped phase1 of Reference Processing due to unavailable references
[1457.490s][debug][gc,ref       ] GC(694) Skipped phase2 of Reference Processing due to unavailable references
[1457.490s][debug][gc,ref       ] GC(694) Skipped phase3 of Reference Processing due to unavailable references
[1457.490s][debug][gc,ref       ] GC(694) Skipped phase4 of Reference Processing due to unavailable references
[1457.490s][debug][gc,age       ] GC(694) Desired survivor size 15400960 bytes, new threshold 6 (max threshold 6)
[1457.490s][info ][gc,heap      ] GC(694) ParNew: 247272K->7332K(270976K)
[1457.490s][info ][gc,heap      ] GC(694) CMS: 515560K->515627K(602112K)
[1457.490s][info ][gc,metaspace ] GC(694) Metaspace: 58032K->58032K(1101824K)
[1457.490s][info ][gc           ] GC(694) Pause Young (Allocation Failure) 744M->510M(852M) 4.135ms
[1457.490s][info ][gc,cpu       ] GC(694) User=0.01s Sys=0.00s Real=0.00s
[1457.490s][info ][safepoint    ] Leaving safepoint region
[1457.490s][info ][safepoint    ] Total time for which application threads were stopped: 0.0042933 seconds, Stopping threads took: 0.0000170 seconds
[1458.490s][info ][safepoint    ] Application time: 1.0000938 seconds
[1458.490s][info ][safepoint    ] Entering safepoint region: Cleanup
[1458.490s][info ][safepoint    ] Leaving safepoint region
[1458.490s][info ][safepoint    ] Total time for which application threads were stopped: 0.0001473 seconds, Stopping threads took: 0.0000207 seconds
[1459.490s][info ][safepoint    ] Application time: 1.0000863 seconds
[1459.490s][info ][safepoint    ] Entering safepoint region: Cleanup
[1459.490s][info ][safepoint    ] Leaving safepoint region
[1459.490s][info ][safepoint    ] Total time for which application threads were stopped: 0.0000986 seconds, Stopping threads took: 0.0000305 seconds
[1460.035s][info ][safepoint    ] Application time: 0.5446978 seconds
[1460.035s][info ][safepoint    ] Entering safepoint region: GenCollectForAllocation
[1460.035s][info ][gc,start     ] GC(695) Pause Young (Allocation Failure)
[1460.035s][info ][gc,task      ] GC(695) Using 4 workers of 4 for evacuation
[1460.039s][debug][gc,ref       ] GC(695) Skipped phase1 of Reference Processing due to unavailable references
[1460.039s][debug][gc,ref       ] GC(695) Skipped phase3 of Reference Processing due to unavailable references
[1460.039s][debug][gc,age       ] GC(695) Desired survivor size 15400960 bytes, new threshold 6 (max threshold 6)
[1460.040s][info ][gc,heap      ] GC(695) ParNew: 248228K->8408K(270976K)
[1460.040s][info ][gc,heap      ] GC(695) CMS: 515627K->515792K(602112K)
[1460.040s][info ][gc,metaspace ] GC(695) Metaspace: 58042K->58042K(1101824K)
[1460.040s][info ][gc           ] GC(695) Pause Young (Allocation Failure) 745M->511M(852M) 4.423ms
[1460.040s][info ][gc,cpu       ] GC(695) User=0.02s Sys=0.00s Real=0.01s
[1460.040s][info ][safepoint    ] Leaving safepoint region
[1460.040s][info ][safepoint    ] Total time for which application threads were stopped: 0.0045904 seconds, Stopping threads took: 0.0000185 seconds
[1461.040s][info ][safepoint    ] Application time: 1.0000841 seconds
[1461.040s][info ][safepoint    ] Entering safepoint region: Cleanup
[1461.040s][info ][safepoint    ] Leaving safepoint region
[1461.040s][info ][safepoint    ] Total time for which application threads were stopped: 0.0001352 seconds, Stopping threads took: 0.0000415 seconds
[1462.040s][info ][safepoint    ] Application time: 1.0000978 seconds
[1462.040s][info ][safepoint    ] Entering safepoint region: Cleanup
[1462.040s][info ][safepoint    ] Leaving safepoint region
[1462.040s][info ][safepoint    ] Total time for which application threads were stopped: 0.0001433 seconds, Stopping threads took: 0.0000457 seconds
[1462.158s][info ][safepoint    ] Application time: 0.1177681 seconds
[1462.158s][info ][safepoint    ] Entering safepoint region: GenCollectForAllocation
[1462.158s][info ][gc,start     ] GC(696) Pause Young (Allocation Failure)
[1462.158s][info ][gc,task      ] GC(696) Using 4 workers of 4 for evacuation
[1462.168s][debug][gc,ref       ] GC(696) Skipped phase1 of Reference Processing due to unavailable references
[1462.168s][debug][gc,ref       ] GC(696) Skipped phase2 of Reference Processing due to unavailable references
[1462.168s][debug][gc,ref       ] GC(696) Skipped phase3 of Reference Processing due to unavailable references
[1462.168s][debug][gc,ref       ] GC(696) Skipped phase4 of Reference Processing due to unavailable references
[1462.168s][debug][gc,age       ] GC(696) Desired survivor size 15400960 bytes, new threshold 6 (max threshold 6)
[1462.168s][info ][gc,heap      ] GC(696) ParNew: 249304K->4719K(270976K)
[1462.168s][info ][gc,heap      ] GC(696) CMS: 515792K->517966K(602112K)
[1462.168s][info ][gc,metaspace ] GC(696) Metaspace: 58043K->58043K(1101824K)
[1462.168s][info ][gc           ] GC(696) Pause Young (Allocation Failure) 747M->510M(852M) 9.978ms
[1462.168s][info ][gc,cpu       ] GC(696) User=0.03s Sys=0.00s Real=0.01s
[1462.168s][info ][safepoint    ] Leaving safepoint region
[1462.168s][info ][safepoint    ] Total time for which application threads were stopped: 0.0101556 seconds, Stopping threads took: 0.0000210 seconds
[1463.168s][info ][safepoint    ] Application time: 1.0000953 seconds
[1463.168s][info ][safepoint    ] Entering safepoint region: Cleanup
[1463.168s][info ][safepoint    ] Leaving safepoint region
[1463.168s][info ][safepoint    ] Total time for which application threads were stopped: 0.0000800 seconds, Stopping threads took: 0.0000196 seconds
[1464.168s][info ][safepoint    ] Application time: 1.0000811 seconds
[1464.168s][info ][safepoint    ] Entering safepoint region: Cleanup
[1464.169s][info ][safepoint    ] Leaving safepoint region
[1464.169s][info ][safepoint    ] Total time for which application threads were stopped: 0.0000820 seconds, Stopping threads took: 0.0000185 seconds
[1464.377s][info ][safepoint    ] Application time: 0.2082229 seconds
[1464.377s][info ][safepoint    ] Entering safepoint region: GenCollectForAllocation
[1464.377s][info ][gc,start     ] GC(697) Pause Young (Allocation Failure)
[1464.377s][info ][gc,task      ] GC(697) Using 4 workers of 4 for evacuation
[1464.380s][debug][gc,ref       ] GC(697) Skipped phase1 of Reference Processing due to unavailable references
[1464.380s][debug][gc,ref       ] GC(697) Skipped phase2 of Reference Processing due to unavailable references
[1464.380s][debug][gc,ref       ] GC(697) Skipped phase3 of Reference Processing due to unavailable references
[1464.381s][debug][gc,ref       ] GC(697) Skipped phase4 of Reference Processing due to unavailable references
[1464.381s][debug][gc,age       ] GC(697) Desired survivor size 15400960 bytes, new threshold 6 (max threshold 6)
[1464.381s][info ][gc,heap      ] GC(697) ParNew: 245615K->4109K(270976K)
[1464.381s][info ][gc,heap      ] GC(697) CMS: 517966K->517995K(602112K)
[1464.381s][info ][gc,metaspace ] GC(697) Metaspace: 58043K->58043K(1101824K)
[1464.381s][info ][gc           ] GC(697) Pause Young (Allocation Failure) 745M->509M(852M) 3.837ms
[1464.381s][info ][gc,cpu       ] GC(697) User=0.02s Sys=0.00s Real=0.00s
[1464.381s][info ][safepoint    ] Leaving safepoint region
[1464.381s][info ][safepoint    ] Total time for which application threads were stopped: 0.0039930 seconds, Stopping threads took: 0.0000178 seconds
[1465.381s][info ][safepoint    ] Application time: 1.0001067 seconds
[1465.381s][info ][safepoint    ] Entering safepoint region: Cleanup
[1465.381s][info ][safepoint    ] Leaving safepoint region
[1465.381s][info ][safepoint    ] Total time for which application threads were stopped: 0.0001291 seconds, Stopping threads took: 0.0000431 seconds
[1466.381s][info ][safepoint    ] Application time: 1.0000943 seconds
[1466.381s][info ][safepoint    ] Entering safepoint region: Cleanup
[1466.381s][info ][safepoint    ] Leaving safepoint region
[1466.381s][info ][safepoint    ] Total time for which application threads were stopped: 0.0001594 seconds, Stopping threads took: 0.0000763 seconds
[1466.548s][info ][safepoint    ] Application time: 0.1661883 seconds
[1466.548s][info ][safepoint    ] Entering safepoint region: GenCollectForAllocation
[1466.548s][info ][gc,start     ] GC(698) Pause Young (Allocation Failure)
[1466.548s][info ][gc,task      ] GC(698) Using 4 workers of 4 for evacuation
[1466.552s][debug][gc,ref       ] GC(698) Skipped phase1 of Reference Processing due to unavailable references
[1466.552s][debug][gc,ref       ] GC(698) Skipped phase2 of Reference Processing due to unavailable references
[1466.552s][debug][gc,ref       ] GC(698) Skipped phase3 of Reference Processing due to unavailable references
[1466.552s][debug][gc,ref       ] GC(698) Skipped phase4 of Reference Processing due to unavailable references
[1466.552s][debug][gc,age       ] GC(698) Desired survivor size 15400960 bytes, new threshold 6 (max threshold 6)
[1466.552s][info ][gc,heap      ] GC(698) ParNew: 245005K->4559K(270976K)
[1466.552s][info ][gc,heap      ] GC(698) CMS: 517995K->518318K(602112K)
[1466.552s][info ][gc,metaspace ] GC(698) Metaspace: 58044K->58044K(1101824K)
[1466.552s][info ][gc           ] GC(698) Pause Young (Allocation Failure) 745M->510M(852M) 4.173ms
[1466.552s][info ][gc,cpu       ] GC(698) User=0.01s Sys=0.00s Real=0.00s
[1466.552s][info ][safepoint    ] Leaving safepoint region
[1466.552s][info ][safepoint    ] Total time for which application threads were stopped: 0.0043291 seconds, Stopping threads took: 0.0000165 seconds
[1467.552s][info ][safepoint    ] Application time: 1.0003149 seconds
[1467.552s][info ][safepoint    ] Entering safepoint region: Cleanup
[1467.552s][info ][safepoint    ] Leaving safepoint region
[1467.552s][info ][safepoint    ] Total time for which application threads were stopped: 0.0000723 seconds, Stopping threads took: 0.0000187 seconds
[1468.552s][info ][safepoint    ] Application time: 1.0000965 seconds
[1468.552s][info ][safepoint    ] Entering safepoint region: Cleanup
[1468.553s][info ][safepoint    ] Leaving safepoint region
[1468.553s][info ][safepoint    ] Total time for which application threads were stopped: 0.0000689 seconds, Stopping threads took: 0.0000170 seconds
[1468.739s][info ][safepoint    ] Application time: 0.1864334 seconds
[1468.739s][info ][safepoint    ] Entering safepoint region: GenCollectForAllocation
[1468.739s][info ][gc,start     ] GC(699) Pause Young (Allocation Failure)
[1468.739s][info ][gc,task      ] GC(699) Using 4 workers of 4 for evacuation
[1468.743s][debug][gc,ref       ] GC(699) Skipped phase1 of Reference Processing due to unavailable references
[1468.743s][debug][gc,ref       ] GC(699) Skipped phase2 of Reference Processing due to unavailable references
[1468.743s][debug][gc,ref       ] GC(699) Skipped phase3 of Reference Processing due to unavailable references
[1468.743s][debug][gc,ref       ] GC(699) Skipped phase4 of Reference Processing due to unavailable references
[1468.743s][debug][gc,age       ] GC(699) Desired survivor size 15400960 bytes, new threshold 6 (max threshold 6)
[1468.743s][info ][gc,heap      ] GC(699) ParNew: 245455K->4600K(270976K)
[1468.743s][info ][gc,heap      ] GC(699) CMS: 518318K->518336K(602112K)
[1468.743s][info ][gc,metaspace ] GC(699) Metaspace: 58044K->58044K(1101824K)
[1468.743s][info ][gc           ] GC(699) Pause Young (Allocation Failure) 745M->510M(852M) 4.195ms
[1468.743s][info ][gc,cpu       ] GC(699) User=0.02s Sys=0.00s Real=0.00s
[1468.743s][info ][safepoint    ] Leaving safepoint region
[1468.743s][info ][safepoint    ] Total time for which application threads were stopped: 0.0043313 seconds, Stopping threads took: 0.0000157 seconds
[1469.743s][info ][safepoint    ] Application time: 1.0001355 seconds
[1469.744s][info ][safepoint    ] Entering safepoint region: Cleanup
[1469.744s][info ][safepoint    ] Leaving safepoint region
[1469.744s][info ][safepoint    ] Total time for which application threads were stopped: 0.0000713 seconds, Stopping threads took: 0.0000177 seconds
[1470.744s][info ][safepoint    ] Application time: 1.0000979 seconds
[1470.744s][info ][safepoint    ] Entering safepoint region: Cleanup
[1470.744s][info ][safepoint    ] Leaving safepoint region
[1470.744s][info ][safepoint    ] Total time for which application threads were stopped: 0.0001341 seconds, Stopping threads took: 0.0000791 seconds
[1470.922s][info ][safepoint    ] Application time: 0.1778798 seconds
[1470.922s][info ][safepoint    ] Entering safepoint region: GenCollectForAllocation
[1470.922s][info ][gc,start     ] GC(700) Pause Young (Allocation Failure)
[1470.922s][info ][gc,task      ] GC(700) Using 4 workers of 4 for evacuation
[1470.926s][debug][gc,ref       ] GC(700) Skipped phase1 of Reference Processing due to unavailable references
[1470.926s][debug][gc,ref       ] GC(700) Skipped phase2 of Reference Processing due to unavailable references
[1470.926s][debug][gc,ref       ] GC(700) Skipped phase3 of Reference Processing due to unavailable references
[1470.926s][debug][gc,ref       ] GC(700) Skipped phase4 of Reference Processing due to unavailable references
[1470.926s][debug][gc,age       ] GC(700) Desired survivor size 15400960 bytes, new threshold 6 (max threshold 6)
[1470.926s][info ][gc,heap      ] GC(700) ParNew: 245496K->5094K(270976K)
[1470.926s][info ][gc,heap      ] GC(700) CMS: 518336K->518348K(602112K)
[1470.926s][info ][gc,metaspace ] GC(700) Metaspace: 58044K->58044K(1101824K)
[1470.926s][info ][gc           ] GC(700) Pause Young (Allocation Failure) 745M->511M(852M) 4.180ms
[1470.926s][info ][gc,cpu       ] GC(700) User=0.01s Sys=0.00s Real=0.01s
[1470.926s][info ][safepoint    ] Leaving safepoint region
[1470.926s][info ][safepoint    ] Total time for which application threads were stopped: 0.0043249 seconds, Stopping threads took: 0.0000181 seconds
[1471.926s][info ][safepoint    ] Application time: 1.0000940 seconds
[1471.926s][info ][safepoint    ] Entering safepoint region: Cleanup
[1471.926s][info ][safepoint    ] Leaving safepoint region
[1471.926s][info ][safepoint    ] Total time for which application threads were stopped: 0.0001562 seconds, Stopping threads took: 0.0000759 seconds
[1472.927s][info ][safepoint    ] Application time: 1.0001315 seconds
[1472.927s][info ][safepoint    ] Entering safepoint region: Cleanup
[1472.927s][info ][safepoint    ] Leaving safepoint region
[1472.927s][info ][safepoint    ] Total time for which application threads were stopped: 0.0001028 seconds, Stopping threads took: 0.0000356 seconds
[1473.232s][info ][safepoint    ] Application time: 0.3052897 seconds
[1473.232s][info ][safepoint    ] Entering safepoint region: GenCollectForAllocation
[1473.232s][info ][gc,start     ] GC(701) Pause Young (Allocation Failure)
[1473.232s][info ][gc,task      ] GC(701) Using 4 workers of 4 for evacuation
[1473.236s][debug][gc,ref       ] GC(701) Skipped phase1 of Reference Processing due to unavailable references
[1473.236s][debug][gc,ref       ] GC(701) Skipped phase2 of Reference Processing due to unavailable references
[1473.236s][debug][gc,ref       ] GC(701) Skipped phase3 of Reference Processing due to unavailable references
[1473.236s][debug][gc,ref       ] GC(701) Skipped phase4 of Reference Processing due to unavailable references
[1473.236s][debug][gc,age       ] GC(701) Desired survivor size 15400960 bytes, new threshold 6 (max threshold 6)
[1473.236s][info ][gc,heap      ] GC(701) ParNew: 245990K->5492K(270976K)
[1473.236s][info ][gc,heap      ] GC(701) CMS: 518348K->518369K(602112K)
[1473.236s][info ][gc,metaspace ] GC(701) Metaspace: 58044K->58044K(1101824K)
[1473.236s][info ][gc           ] GC(701) Pause Young (Allocation Failure) 746M->511M(852M) 3.644ms
[1473.236s][info ][gc,cpu       ] GC(701) User=0.01s Sys=0.00s Real=0.01s
[1473.236s][info ][safepoint    ] Leaving safepoint region
[1473.236s][info ][safepoint    ] Total time for which application threads were stopped: 0.0037867 seconds, Stopping threads took: 0.0000175 seconds
[1474.236s][info ][safepoint    ] Application time: 1.0000967 seconds
[1474.236s][info ][safepoint    ] Entering safepoint region: Cleanup
[1474.236s][info ][safepoint    ] Leaving safepoint region
[1474.236s][info ][safepoint    ] Total time for which application threads were stopped: 0.0000880 seconds, Stopping threads took: 0.0000352 seconds
[1475.236s][info ][safepoint    ] Application time: 1.0001324 seconds
[1475.236s][info ][safepoint    ] Entering safepoint region: Cleanup
[1475.236s][info ][safepoint    ] Leaving safepoint region
[1475.236s][info ][safepoint    ] Total time for which application threads were stopped: 0.0001121 seconds, Stopping threads took: 0.0000425 seconds
[1475.831s][info ][safepoint    ] Application time: 0.5945659 seconds
[1475.831s][info ][safepoint    ] Entering safepoint region: GenCollectForAllocation
[1475.831s][info ][gc,start     ] GC(702) Pause Young (Allocation Failure)
[1475.831s][info ][gc,task      ] GC(702) Using 4 workers of 4 for evacuation
[1475.835s][debug][gc,ref       ] GC(702) Skipped phase1 of Reference Processing due to unavailable references
[1475.835s][debug][gc,ref       ] GC(702) Skipped phase2 of Reference Processing due to unavailable references
[1475.835s][debug][gc,ref       ] GC(702) Skipped phase3 of Reference Processing due to unavailable references
[1475.835s][debug][gc,ref       ] GC(702) Skipped phase4 of Reference Processing due to unavailable references
[1475.835s][debug][gc,age       ] GC(702) Desired survivor size 15400960 bytes, new threshold 6 (max threshold 6)
[1475.835s][info ][gc,heap      ] GC(702) ParNew: 246388K->4640K(270976K)
[1475.835s][info ][gc,heap      ] GC(702) CMS: 518369K->518812K(602112K)
[1475.835s][info ][gc,metaspace ] GC(702) Metaspace: 58044K->58044K(1101824K)
[1475.836s][info ][gc           ] GC(702) Pause Young (Allocation Failure) 746M->511M(852M) 4.527ms
[1475.836s][info ][gc,cpu       ] GC(702) User=0.02s Sys=0.00s Real=0.00s
[1475.836s][info ][safepoint    ] Leaving safepoint region
[1475.836s][info ][safepoint    ] Total time for which application threads were stopped: 0.0046731 seconds, Stopping threads took: 0.0000179 seconds
[1476.836s][info ][safepoint    ] Application time: 1.0001308 seconds
[1476.836s][info ][safepoint    ] Entering safepoint region: Cleanup
[1476.836s][info ][safepoint    ] Leaving safepoint region
[1476.836s][info ][safepoint    ] Total time for which application threads were stopped: 0.0001153 seconds, Stopping threads took: 0.0000449 seconds
[1477.836s][info ][safepoint    ] Application time: 1.0001428 seconds
[1477.836s][info ][safepoint    ] Entering safepoint region: Cleanup
[1477.836s][info ][safepoint    ] Leaving safepoint region
[1477.836s][info ][safepoint    ] Total time for which application threads were stopped: 0.0001271 seconds, Stopping threads took: 0.0000513 seconds
[1478.337s][info ][safepoint    ] Application time: 0.5004649 seconds
[1478.337s][info ][safepoint    ] Entering safepoint region: GenCollectForAllocation
[1478.337s][info ][gc,start     ] GC(703) Pause Young (Allocation Failure)
[1478.337s][info ][gc,task      ] GC(703) Using 4 workers of 4 for evacuation
[1478.340s][debug][gc,ref       ] GC(703) Skipped phase1 of Reference Processing due to unavailable references
[1478.340s][debug][gc,ref       ] GC(703) Skipped phase2 of Reference Processing due to unavailable references
[1478.340s][debug][gc,ref       ] GC(703) Skipped phase3 of Reference Processing due to unavailable references
[1478.340s][debug][gc,ref       ] GC(703) Skipped phase4 of Reference Processing due to unavailable references
[1478.341s][debug][gc,age       ] GC(703) Desired survivor size 15400960 bytes, new threshold 6 (max threshold 6)
[1478.341s][info ][gc,heap      ] GC(703) ParNew: 245536K->4856K(270976K)
[1478.341s][info ][gc,heap      ] GC(703) CMS: 518812K->518855K(602112K)
[1478.341s][info ][gc,metaspace ] GC(703) Metaspace: 58044K->58044K(1101824K)
[1478.341s][info ][gc           ] GC(703) Pause Young (Allocation Failure) 746M->511M(852M) 3.955ms
[1478.341s][info ][gc,cpu       ] GC(703) User=0.02s Sys=0.00s Real=0.00s
[1478.341s][info ][safepoint    ] Leaving safepoint region
[1478.341s][info ][safepoint    ] Total time for which application threads were stopped: 0.0040954 seconds, Stopping threads took: 0.0000184 seconds
[1479.341s][info ][safepoint    ] Application time: 1.0000977 seconds
[1479.341s][info ][safepoint    ] Entering safepoint region: Cleanup
[1479.341s][info ][safepoint    ] Leaving safepoint region
[1479.341s][info ][safepoint    ] Total time for which application threads were stopped: 0.0001779 seconds, Stopping threads took: 0.0000763 seconds
[1480.341s][info ][safepoint    ] Application time: 1.0001541 seconds
[1480.341s][info ][safepoint    ] Entering safepoint region: Cleanup
[1480.341s][info ][safepoint    ] Leaving safepoint region
[1480.341s][info ][safepoint    ] Total time for which application threads were stopped: 0.0001494 seconds, Stopping threads took: 0.0000534 seconds
[1480.835s][info ][safepoint    ] Application time: 0.4934228 seconds
[1480.835s][info ][safepoint    ] Entering safepoint region: GenCollectForAllocation
[1480.835s][info ][gc,start     ] GC(704) Pause Young (Allocation Failure)
[1480.835s][info ][gc,task      ] GC(704) Using 4 workers of 4 for evacuation
[1480.839s][debug][gc,ref       ] GC(704) Skipped phase1 of Reference Processing due to unavailable references
[1480.839s][debug][gc,ref       ] GC(704) Skipped phase2 of Reference Processing due to unavailable references
[1480.839s][debug][gc,ref       ] GC(704) Skipped phase3 of Reference Processing due to unavailable references
[1480.839s][debug][gc,ref       ] GC(704) Skipped phase4 of Reference Processing due to unavailable references
[1480.839s][debug][gc,age       ] GC(704) Desired survivor size 15400960 bytes, new threshold 6 (max threshold 6)
[1480.839s][info ][gc,heap      ] GC(704) ParNew: 245752K->4932K(270976K)
[1480.839s][info ][gc,heap      ] GC(704) CMS: 518855K->519012K(602112K)
[1480.839s][info ][gc,metaspace ] GC(704) Metaspace: 58044K->58044K(1101824K)
[1480.839s][info ][gc           ] GC(704) Pause Young (Allocation Failure) 746M->511M(852M) 4.188ms
[1480.839s][info ][gc,cpu       ] GC(704) User=0.01s Sys=0.00s Real=0.01s
[1480.839s][info ][safepoint    ] Leaving safepoint region
[1480.839s][info ][safepoint    ] Total time for which application threads were stopped: 0.0043453 seconds, Stopping threads took: 0.0000176 seconds
[1481.839s][info ][safepoint    ] Application time: 1.0001440 seconds
[1481.839s][info ][safepoint    ] Entering safepoint region: Cleanup
[1481.839s][info ][safepoint    ] Leaving safepoint region
[1481.840s][info ][safepoint    ] Total time for which application threads were stopped: 0.0001097 seconds, Stopping threads took: 0.0000396 seconds
[1482.840s][info ][safepoint    ] Application time: 1.0000924 seconds
[1482.840s][info ][safepoint    ] Entering safepoint region: Cleanup
[1482.840s][info ][safepoint    ] Leaving safepoint region
[1482.840s][info ][safepoint    ] Total time for which application threads were stopped: 0.0000958 seconds, Stopping threads took: 0.0000187 seconds
[1483.322s][info ][safepoint    ] Application time: 0.4822696 seconds
[1483.322s][info ][safepoint    ] Entering safepoint region: GenCollectForAllocation
[1483.322s][info ][gc,start     ] GC(705) Pause Young (Allocation Failure)
[1483.322s][info ][gc,task      ] GC(705) Using 4 workers of 4 for evacuation
[1483.326s][debug][gc,ref       ] GC(705) Skipped phase1 of Reference Processing due to unavailable references
[1483.326s][debug][gc,ref       ] GC(705) Skipped phase2 of Reference Processing due to unavailable references
[1483.326s][debug][gc,ref       ] GC(705) Skipped phase3 of Reference Processing due to unavailable references
[1483.326s][debug][gc,ref       ] GC(705) Skipped phase4 of Reference Processing due to unavailable references
[1483.326s][debug][gc,age       ] GC(705) Desired survivor size 15400960 bytes, new threshold 6 (max threshold 6)
[1483.326s][info ][gc,heap      ] GC(705) ParNew: 245828K->3483K(270976K)
[1483.326s][info ][gc,heap      ] GC(705) CMS: 519012K->520023K(602112K)
[1483.326s][info ][gc,metaspace ] GC(705) Metaspace: 58044K->58044K(1101824K)
[1483.326s][info ][gc           ] GC(705) Pause Young (Allocation Failure) 746M->511M(852M) 3.883ms
[1483.326s][info ][gc,cpu       ] GC(705) User=0.02s Sys=0.00s Real=0.01s
[1483.326s][info ][safepoint    ] Leaving safepoint region
[1483.326s][info ][safepoint    ] Total time for which application threads were stopped: 0.0040574 seconds, Stopping threads took: 0.0000380 seconds
[1484.326s][info ][safepoint    ] Application time: 1.0000939 seconds
[1484.326s][info ][safepoint    ] Entering safepoint region: Cleanup
[1484.326s][info ][safepoint    ] Leaving safepoint region
[1484.326s][info ][safepoint    ] Total time for which application threads were stopped: 0.0001240 seconds, Stopping threads took: 0.0000396 seconds
[1485.327s][info ][safepoint    ] Application time: 1.0001288 seconds
[1485.327s][info ][safepoint    ] Entering safepoint region: Cleanup
[1485.327s][info ][safepoint    ] Leaving safepoint region
[1485.327s][info ][safepoint    ] Total time for which application threads were stopped: 0.0001392 seconds, Stopping threads took: 0.0000634 seconds
[1485.623s][info ][safepoint    ] Application time: 0.2963898 seconds
[1485.623s][info ][safepoint    ] Entering safepoint region: GenCollectForAllocation
[1485.623s][info ][gc,start     ] GC(706) Pause Young (Allocation Failure)
[1485.623s][info ][gc,task      ] GC(706) Using 4 workers of 4 for evacuation
[1485.627s][debug][gc,ref       ] GC(706) Skipped phase1 of Reference Processing due to unavailable references
[1485.627s][debug][gc,ref       ] GC(706) Skipped phase2 of Reference Processing due to unavailable references
[1485.627s][debug][gc,ref       ] GC(706) Skipped phase3 of Reference Processing due to unavailable references
[1485.627s][debug][gc,ref       ] GC(706) Skipped phase4 of Reference Processing due to unavailable references
[1485.627s][debug][gc,age       ] GC(706) Desired survivor size 15400960 bytes, new threshold 6 (max threshold 6)
[1485.627s][info ][gc,heap      ] GC(706) ParNew: 244379K->3571K(270976K)
[1485.627s][info ][gc,heap      ] GC(706) CMS: 520023K->520279K(602112K)
[1485.627s][info ][gc,metaspace ] GC(706) Metaspace: 58045K->58045K(1101824K)
[1485.627s][info ][gc           ] GC(706) Pause Young (Allocation Failure) 746M->511M(852M) 3.908ms
[1485.627s][info ][gc,cpu       ] GC(706) User=0.02s Sys=0.00s Real=0.01s
[1485.627s][info ][safepoint    ] Leaving safepoint region
[1485.627s][info ][safepoint    ] Total time for which application threads were stopped: 0.0040756 seconds, Stopping threads took: 0.0000444 seconds
[1486.627s][info ][safepoint    ] Application time: 1.0000612 seconds
[1486.627s][info ][safepoint    ] Entering safepoint region: Cleanup
[1486.627s][info ][safepoint    ] Leaving safepoint region
[1486.627s][info ][safepoint    ] Total time for which application threads were stopped: 0.0001278 seconds, Stopping threads took: 0.0000431 seconds
[1487.628s][info ][safepoint    ] Application time: 1.0001045 seconds
[1487.628s][info ][safepoint    ] Entering safepoint region: Cleanup
[1487.628s][info ][safepoint    ] Leaving safepoint region
[1487.628s][info ][safepoint    ] Total time for which application threads were stopped: 0.0001999 seconds, Stopping threads took: 0.0000690 seconds
[1487.944s][info ][safepoint    ] Application time: 0.3162372 seconds
[1487.944s][info ][safepoint    ] Entering safepoint region: GenCollectForAllocation
[1487.944s][info ][gc,start     ] GC(707) Pause Young (Allocation Failure)
[1487.944s][info ][gc,task      ] GC(707) Using 4 workers of 4 for evacuation
[1487.948s][debug][gc,ref       ] GC(707) Skipped phase1 of Reference Processing due to unavailable references
[1487.948s][debug][gc,ref       ] GC(707) Skipped phase2 of Reference Processing due to unavailable references
[1487.948s][debug][gc,ref       ] GC(707) Skipped phase3 of Reference Processing due to unavailable references
[1487.948s][debug][gc,ref       ] GC(707) Skipped phase4 of Reference Processing due to unavailable references
[1487.948s][debug][gc,age       ] GC(707) Desired survivor size 15400960 bytes, new threshold 6 (max threshold 6)
[1487.948s][info ][gc,heap      ] GC(707) ParNew: 244467K->2600K(270976K)
[1487.948s][info ][gc,heap      ] GC(707) CMS: 520279K->520777K(602112K)
[1487.948s][info ][gc,metaspace ] GC(707) Metaspace: 58049K->58049K(1101824K)
[1487.948s][info ][gc           ] GC(707) Pause Young (Allocation Failure) 746M->511M(852M) 4.241ms
[1487.948s][info ][gc,cpu       ] GC(707) User=0.01s Sys=0.00s Real=0.00s
[1487.948s][info ][safepoint    ] Leaving safepoint region
[1487.948s][info ][safepoint    ] Total time for which application threads were stopped: 0.0043960 seconds, Stopping threads took: 0.0000171 seconds
[1488.949s][info ][safepoint    ] Application time: 1.0000475 seconds
[1488.949s][info ][safepoint    ] Entering safepoint region: Cleanup
[1488.949s][info ][safepoint    ] Leaving safepoint region
[1488.949s][info ][safepoint    ] Total time for which application threads were stopped: 0.0000756 seconds, Stopping threads took: 0.0000167 seconds
[1489.949s][info ][safepoint    ] Application time: 1.0001344 seconds
[1489.949s][info ][safepoint    ] Entering safepoint region: Cleanup
[1489.949s][info ][safepoint    ] Leaving safepoint region
[1489.949s][info ][safepoint    ] Total time for which application threads were stopped: 0.0001327 seconds, Stopping threads took: 0.0000541 seconds
[1490.197s][info ][safepoint    ] Application time: 0.2479524 seconds
[1490.197s][info ][safepoint    ] Entering safepoint region: GenCollectForAllocation
[1490.197s][info ][gc,start     ] GC(708) Pause Young (Allocation Failure)
[1490.197s][info ][gc,task      ] GC(708) Using 4 workers of 4 for evacuation
[1490.201s][debug][gc,ref       ] GC(708) Skipped phase1 of Reference Processing due to unavailable references
[1490.201s][debug][gc,ref       ] GC(708) Skipped phase2 of Reference Processing due to unavailable references
[1490.201s][debug][gc,ref       ] GC(708) Skipped phase3 of Reference Processing due to unavailable references
[1490.201s][debug][gc,ref       ] GC(708) Skipped phase4 of Reference Processing due to unavailable references
[1490.201s][debug][gc,age       ] GC(708) Desired survivor size 15400960 bytes, new threshold 6 (max threshold 6)
[1490.201s][info ][gc,heap      ] GC(708) ParNew: 243496K->2153K(270976K)
[1490.201s][info ][gc,heap      ] GC(708) CMS: 520777K->521313K(602112K)
[1490.201s][info ][gc,metaspace ] GC(708) Metaspace: 58053K->58053K(1101824K)
[1490.201s][info ][gc           ] GC(708) Pause Young (Allocation Failure) 746M->511M(852M) 3.858ms
[1490.201s][info ][gc,cpu       ] GC(708) User=0.02s Sys=0.01s Real=0.00s
[1490.201s][info ][safepoint    ] Leaving safepoint region
[1490.201s][info ][safepoint    ] Total time for which application threads were stopped: 0.0040094 seconds, Stopping threads took: 0.0000193 seconds
[1491.201s][info ][safepoint    ] Application time: 1.0001055 seconds
[1491.201s][info ][safepoint    ] Entering safepoint region: Cleanup
[1491.201s][info ][safepoint    ] Leaving safepoint region
[1491.201s][info ][safepoint    ] Total time for which application threads were stopped: 0.0000927 seconds, Stopping threads took: 0.0000182 seconds
[1492.201s][info ][safepoint    ] Application time: 1.0001004 seconds
[1492.201s][info ][safepoint    ] Entering safepoint region: Cleanup
[1492.201s][info ][safepoint    ] Leaving safepoint region
[1492.201s][info ][safepoint    ] Total time for which application threads were stopped: 0.0000712 seconds, Stopping threads took: 0.0000163 seconds
[1492.622s][info ][safepoint    ] Application time: 0.4208271 seconds
[1492.622s][info ][safepoint    ] Entering safepoint region: GenCollectForAllocation
[1492.622s][info ][gc,start     ] GC(709) Pause Young (Allocation Failure)
[1492.622s][info ][gc,task      ] GC(709) Using 4 workers of 4 for evacuation
[1492.625s][debug][gc,ref       ] GC(709) Skipped phase1 of Reference Processing due to unavailable references
[1492.625s][debug][gc,ref       ] GC(709) Skipped phase2 of Reference Processing due to unavailable references
[1492.625s][debug][gc,ref       ] GC(709) Skipped phase3 of Reference Processing due to unavailable references
[1492.625s][debug][gc,ref       ] GC(709) Skipped phase4 of Reference Processing due to unavailable references
[1492.626s][debug][gc,age       ] GC(709) Desired survivor size 15400960 bytes, new threshold 6 (max threshold 6)
[1492.626s][info ][gc,heap      ] GC(709) ParNew: 243049K->1689K(270976K)
[1492.626s][info ][gc,heap      ] GC(709) CMS: 521313K->521603K(602112K)
[1492.626s][info ][gc,metaspace ] GC(709) Metaspace: 58056K->58056K(1101824K)
[1492.626s][info ][gc           ] GC(709) Pause Young (Allocation Failure) 746M->511M(852M) 3.198ms
[1492.626s][info ][gc,cpu       ] GC(709) User=0.01s Sys=0.00s Real=0.01s
[1492.626s][info ][safepoint    ] Leaving safepoint region
[1492.626s][info ][safepoint    ] Total time for which application threads were stopped: 0.0033507 seconds, Stopping threads took: 0.0000178 seconds
[1493.626s][info ][safepoint    ] Application time: 1.0001030 seconds
[1493.626s][info ][safepoint    ] Entering safepoint region: Cleanup
[1493.626s][info ][safepoint    ] Leaving safepoint region
[1493.626s][info ][safepoint    ] Total time for which application threads were stopped: 0.0000993 seconds, Stopping threads took: 0.0000422 seconds
[1494.626s][info ][safepoint    ] Application time: 1.0001118 seconds
[1494.626s][info ][safepoint    ] Entering safepoint region: Cleanup
[1494.626s][info ][safepoint    ] Leaving safepoint region
[1494.626s][info ][safepoint    ] Total time for which application threads were stopped: 0.0001528 seconds, Stopping threads took: 0.0000857 seconds
[1495.175s][info ][safepoint    ] Application time: 0.5491529 seconds
[1495.175s][info ][safepoint    ] Entering safepoint region: GenCollectForAllocation
[1495.175s][info ][gc,start     ] GC(710) Pause Young (Allocation Failure)
[1495.175s][info ][gc,task      ] GC(710) Using 4 workers of 4 for evacuation
[1495.179s][debug][gc,ref       ] GC(710) Skipped phase1 of Reference Processing due to unavailable references
[1495.179s][debug][gc,ref       ] GC(710) Skipped phase2 of Reference Processing due to unavailable references
[1495.179s][debug][gc,ref       ] GC(710) Skipped phase3 of Reference Processing due to unavailable references
[1495.179s][debug][gc,ref       ] GC(710) Skipped phase4 of Reference Processing due to unavailable references
[1495.179s][debug][gc,age       ] GC(710) Desired survivor size 15400960 bytes, new threshold 6 (max threshold 6)
[1495.179s][info ][gc,heap      ] GC(710) ParNew: 242585K->1692K(270976K)
[1495.179s][info ][gc,heap      ] GC(710) CMS: 521603K->521677K(602112K)
[1495.179s][info ][gc,metaspace ] GC(710) Metaspace: 58056K->58056K(1101824K)
[1495.179s][info ][gc           ] GC(710) Pause Young (Allocation Failure) 746M->511M(852M) 3.306ms
[1495.179s][info ][gc,cpu       ] GC(710) User=0.01s Sys=0.00s Real=0.01s
[1495.179s][info ][safepoint    ] Leaving safepoint region
[1495.179s][info ][safepoint    ] Total time for which application threads were stopped: 0.0034518 seconds, Stopping threads took: 0.0000169 seconds
[1496.179s][info ][safepoint    ] Application time: 1.0001003 seconds
[1496.179s][info ][safepoint    ] Entering safepoint region: Cleanup
[1496.179s][info ][safepoint    ] Leaving safepoint region
[1496.179s][info ][safepoint    ] Total time for which application threads were stopped: 0.0001599 seconds, Stopping threads took: 0.0000853 seconds
[1497.179s][info ][safepoint    ] Application time: 1.0001335 seconds
[1497.179s][info ][safepoint    ] Entering safepoint region: Cleanup
[1497.179s][info ][safepoint    ] Leaving safepoint region
[1497.179s][info ][safepoint    ] Total time for which application threads were stopped: 0.0000984 seconds, Stopping threads took: 0.0000414 seconds
[1497.433s][info ][safepoint    ] Application time: 0.2534461 seconds
[1497.433s][info ][safepoint    ] Entering safepoint region: GenCollectForAllocation
[1497.433s][info ][gc,start     ] GC(711) Pause Young (Allocation Failure)
[1497.433s][info ][gc,task      ] GC(711) Using 4 workers of 4 for evacuation
[1497.436s][debug][gc,ref       ] GC(711) Skipped phase1 of Reference Processing due to unavailable references
[1497.436s][debug][gc,ref       ] GC(711) Skipped phase2 of Reference Processing due to unavailable references
[1497.436s][debug][gc,ref       ] GC(711) Skipped phase3 of Reference Processing due to unavailable references
[1497.436s][debug][gc,ref       ] GC(711) Skipped phase4 of Reference Processing due to unavailable references
[1497.436s][debug][gc,age       ] GC(711) Desired survivor size 15400960 bytes, new threshold 6 (max threshold 6)
[1497.436s][info ][gc,heap      ] GC(711) ParNew: 242588K->2165K(270976K)
[1497.436s][info ][gc,heap      ] GC(711) CMS: 521677K->521789K(602112K)
[1497.436s][info ][gc,metaspace ] GC(711) Metaspace: 58056K->58056K(1101824K)
[1497.436s][info ][gc           ] GC(711) Pause Young (Allocation Failure) 746M->511M(852M) 3.023ms
[1497.436s][info ][gc,cpu       ] GC(711) User=0.01s Sys=0.00s Real=0.01s
[1497.436s][info ][safepoint    ] Leaving safepoint region
[1497.436s][info ][safepoint    ] Total time for which application threads were stopped: 0.0031876 seconds, Stopping threads took: 0.0000173 seconds
[1498.436s][info ][safepoint    ] Application time: 1.0000932 seconds
[1498.436s][info ][safepoint    ] Entering safepoint region: Cleanup
[1498.436s][info ][safepoint    ] Leaving safepoint region
[1498.436s][info ][safepoint    ] Total time for which application threads were stopped: 0.0001191 seconds, Stopping threads took: 0.0000532 seconds
[1499.436s][info ][safepoint    ] Application time: 1.0001358 seconds
[1499.437s][info ][safepoint    ] Entering safepoint region: Cleanup
[1499.437s][info ][safepoint    ] Leaving safepoint region
[1499.437s][info ][safepoint    ] Total time for which application threads were stopped: 0.0001195 seconds, Stopping threads took: 0.0000396 seconds
[1499.731s][info ][safepoint    ] Application time: 0.2939746 seconds
[1499.731s][info ][safepoint    ] Entering safepoint region: GenCollectForAllocation
[1499.731s][info ][gc,start     ] GC(712) Pause Young (Allocation Failure)
[1499.731s][info ][gc,task      ] GC(712) Using 4 workers of 4 for evacuation
[1499.734s][debug][gc,ref       ] GC(712) Skipped phase1 of Reference Processing due to unavailable references
[1499.734s][debug][gc,ref       ] GC(712) Skipped phase2 of Reference Processing due to unavailable references
[1499.734s][debug][gc,ref       ] GC(712) Skipped phase3 of Reference Processing due to unavailable references
[1499.734s][debug][gc,ref       ] GC(712) Skipped phase4 of Reference Processing due to unavailable references
[1499.734s][debug][gc,age       ] GC(712) Desired survivor size 15400960 bytes, new threshold 6 (max threshold 6)
[1499.734s][info ][gc,heap      ] GC(712) ParNew: 243061K->2234K(270976K)
[1499.734s][info ][gc,heap      ] GC(712) CMS: 521789K->521940K(602112K)
[1499.734s][info ][gc,metaspace ] GC(712) Metaspace: 58056K->58056K(1101824K)
[1499.734s][info ][gc           ] GC(712) Pause Young (Allocation Failure) 746M->511M(852M) 3.156ms
[1499.734s][info ][gc,cpu       ] GC(712) User=0.01s Sys=0.00s Real=0.00s
[1499.734s][info ][safepoint    ] Leaving safepoint region
[1499.734s][info ][safepoint    ] Total time for which application threads were stopped: 0.0033297 seconds, Stopping threads took: 0.0000189 seconds
[1500.735s][info ][safepoint    ] Application time: 1.0007174 seconds
[1500.735s][info ][safepoint    ] Entering safepoint region: Cleanup
[1500.735s][info ][safepoint    ] Leaving safepoint region
[1500.735s][info ][safepoint    ] Total time for which application threads were stopped: 0.0001066 seconds, Stopping threads took: 0.0000412 seconds
[1501.735s][info ][safepoint    ] Application time: 1.0001560 seconds
[1501.735s][info ][safepoint    ] Entering safepoint region: Cleanup
[1501.735s][info ][safepoint    ] Leaving safepoint region
[1501.735s][info ][safepoint    ] Total time for which application threads were stopped: 0.0001274 seconds, Stopping threads took: 0.0000525 seconds
[1501.984s][info ][safepoint    ] Application time: 0.2486483 seconds
[1501.984s][info ][safepoint    ] Entering safepoint region: GenCollectForAllocation
[1501.984s][info ][gc,start     ] GC(713) Pause Young (Allocation Failure)
[1501.984s][info ][gc,task      ] GC(713) Using 4 workers of 4 for evacuation
[1501.987s][debug][gc,ref       ] GC(713) Skipped phase1 of Reference Processing due to unavailable references
[1501.987s][debug][gc,ref       ] GC(713) Skipped phase2 of Reference Processing due to unavailable references
[1501.987s][debug][gc,ref       ] GC(713) Skipped phase3 of Reference Processing due to unavailable references
[1501.987s][debug][gc,ref       ] GC(713) Skipped phase4 of Reference Processing due to unavailable references
[1501.987s][debug][gc,age       ] GC(713) Desired survivor size 15400960 bytes, new threshold 6 (max threshold 6)
[1501.987s][info ][gc,heap      ] GC(713) ParNew: 243130K->2326K(270976K)
[1501.987s][info ][gc,heap      ] GC(713) CMS: 521940K->521952K(602112K)
[1501.987s][info ][gc,metaspace ] GC(713) Metaspace: 58058K->58058K(1101824K)
[1501.987s][info ][gc           ] GC(713) Pause Young (Allocation Failure) 747M->511M(852M) 2.917ms
[1501.987s][info ][gc,cpu       ] GC(713) User=0.01s Sys=0.00s Real=0.00s
[1501.987s][info ][safepoint    ] Leaving safepoint region
[1501.987s][info ][safepoint    ] Total time for which application threads were stopped: 0.0030693 seconds, Stopping threads took: 0.0000171 seconds
[1502.987s][info ][safepoint    ] Application time: 1.0000941 seconds
[1502.987s][info ][safepoint    ] Entering safepoint region: Cleanup
[1502.987s][info ][safepoint    ] Leaving safepoint region
[1502.987s][info ][safepoint    ] Total time for which application threads were stopped: 0.0000688 seconds, Stopping threads took: 0.0000190 seconds
[1503.987s][info ][safepoint    ] Application time: 1.0000822 seconds
[1503.987s][info ][safepoint    ] Entering safepoint region: Cleanup
[1503.987s][info ][safepoint    ] Leaving safepoint region
[1503.987s][info ][safepoint    ] Total time for which application threads were stopped: 0.0001099 seconds, Stopping threads took: 0.0000517 seconds
[1504.395s][info ][safepoint    ] Application time: 0.4075698 seconds
[1504.395s][info ][safepoint    ] Entering safepoint region: GenCollectForAllocation
[1504.395s][info ][gc,start     ] GC(714) Pause Young (Allocation Failure)
[1504.395s][info ][gc,task      ] GC(714) Using 4 workers of 4 for evacuation
[1504.398s][debug][gc,ref       ] GC(714) Skipped phase1 of Reference Processing due to unavailable references
[1504.398s][debug][gc,ref       ] GC(714) Skipped phase2 of Reference Processing due to unavailable references
[1504.398s][debug][gc,ref       ] GC(714) Skipped phase3 of Reference Processing due to unavailable references
[1504.398s][debug][gc,ref       ] GC(714) Skipped phase4 of Reference Processing due to unavailable references
[1504.398s][debug][gc,age       ] GC(714) Desired survivor size 15400960 bytes, new threshold 6 (max threshold 6)
[1504.398s][info ][gc,heap      ] GC(714) ParNew: 243222K->2527K(270976K)
[1504.398s][info ][gc,heap      ] GC(714) CMS: 521952K->521965K(602112K)
[1504.398s][info ][gc,metaspace ] GC(714) Metaspace: 58058K->58058K(1101824K)
[1504.398s][info ][gc           ] GC(714) Pause Young (Allocation Failure) 747M->512M(852M) 2.921ms
[1504.398s][info ][gc,cpu       ] GC(714) User=0.01s Sys=0.00s Real=0.01s
[1504.398s][info ][safepoint    ] Leaving safepoint region
[1504.398s][info ][safepoint    ] Total time for which application threads were stopped: 0.0031343 seconds, Stopping threads took: 0.0000908 seconds
[1505.398s][info ][safepoint    ] Application time: 1.0000914 seconds
[1505.398s][info ][safepoint    ] Entering safepoint region: Cleanup
[1505.398s][info ][safepoint    ] Leaving safepoint region
[1505.398s][info ][safepoint    ] Total time for which application threads were stopped: 0.0000872 seconds, Stopping threads took: 0.0000324 seconds
[1506.398s][info ][safepoint    ] Application time: 1.0001025 seconds
[1506.398s][info ][safepoint    ] Entering safepoint region: Cleanup
[1506.398s][info ][safepoint    ] Leaving safepoint region
[1506.399s][info ][safepoint    ] Total time for which application threads were stopped: 0.0000986 seconds, Stopping threads took: 0.0000190 seconds
[1506.781s][info ][safepoint    ] Application time: 0.3828650 seconds
[1506.781s][info ][safepoint    ] Entering safepoint region: GenCollectForAllocation
[1506.782s][info ][gc,start     ] GC(715) Pause Young (Allocation Failure)
[1506.782s][info ][gc,task      ] GC(715) Using 4 workers of 4 for evacuation
[1506.784s][debug][gc,ref       ] GC(715) Skipped phase1 of Reference Processing due to unavailable references
[1506.784s][debug][gc,ref       ] GC(715) Skipped phase2 of Reference Processing due to unavailable references
[1506.784s][debug][gc,ref       ] GC(715) Skipped phase3 of Reference Processing due to unavailable references
[1506.784s][debug][gc,ref       ] GC(715) Skipped phase4 of Reference Processing due to unavailable references
[1506.785s][debug][gc,age       ] GC(715) Desired survivor size 15400960 bytes, new threshold 6 (max threshold 6)
[1506.785s][info ][gc,heap      ] GC(715) ParNew: 243423K->2486K(270976K)
[1506.785s][info ][gc,heap      ] GC(715) CMS: 521965K->522010K(602112K)
[1506.785s][info ][gc,metaspace ] GC(715) Metaspace: 58058K->58058K(1101824K)
[1506.785s][info ][gc           ] GC(715) Pause Young (Allocation Failure) 747M->512M(852M) 3.059ms
[1506.785s][info ][gc,cpu       ] GC(715) User=0.01s Sys=0.00s Real=0.01s
[1506.785s][info ][safepoint    ] Leaving safepoint region
[1506.785s][info ][safepoint    ] Total time for which application threads were stopped: 0.0032025 seconds, Stopping threads took: 0.0000199 seconds
[1507.785s][info ][safepoint    ] Application time: 1.0000896 seconds
[1507.785s][info ][safepoint    ] Entering safepoint region: Cleanup
[1507.785s][info ][safepoint    ] Leaving safepoint region
[1507.785s][info ][safepoint    ] Total time for which application threads were stopped: 0.0001282 seconds, Stopping threads took: 0.0000657 seconds
[1508.785s][info ][safepoint    ] Application time: 1.0000980 seconds
[1508.785s][info ][safepoint    ] Entering safepoint region: Cleanup
[1508.785s][info ][safepoint    ] Leaving safepoint region
[1508.785s][info ][safepoint    ] Total time for which application threads were stopped: 0.0001117 seconds, Stopping threads took: 0.0000401 seconds
[1509.323s][info ][safepoint    ] Application time: 0.5377941 seconds
[1509.323s][info ][safepoint    ] Entering safepoint region: GenCollectForAllocation
[1509.323s][info ][gc,start     ] GC(716) Pause Young (Allocation Failure)
[1509.323s][info ][gc,task      ] GC(716) Using 4 workers of 4 for evacuation
[1509.326s][debug][gc,ref       ] GC(716) Skipped phase1 of Reference Processing due to unavailable references
[1509.326s][debug][gc,ref       ] GC(716) Skipped phase2 of Reference Processing due to unavailable references
[1509.326s][debug][gc,ref       ] GC(716) Skipped phase3 of Reference Processing due to unavailable references
[1509.326s][debug][gc,ref       ] GC(716) Skipped phase4 of Reference Processing due to unavailable references
[1509.326s][debug][gc,age       ] GC(716) Desired survivor size 15400960 bytes, new threshold 6 (max threshold 6)
[1509.326s][info ][gc,heap      ] GC(716) ParNew: 243382K->2398K(270976K)
[1509.326s][info ][gc,heap      ] GC(716) CMS: 522010K->522026K(602112K)
[1509.326s][info ][gc,metaspace ] GC(716) Metaspace: 58058K->58058K(1101824K)
[1509.326s][info ][gc           ] GC(716) Pause Young (Allocation Failure) 747M->512M(852M) 3.069ms
[1509.326s][info ][gc,cpu       ] GC(716) User=0.00s Sys=0.00s Real=0.01s
[1509.326s][info ][safepoint    ] Leaving safepoint region
[1509.326s][info ][safepoint    ] Total time for which application threads were stopped: 0.0032125 seconds, Stopping threads took: 0.0000183 seconds
[1510.326s][info ][safepoint    ] Application time: 1.0001047 seconds
[1510.326s][info ][safepoint    ] Entering safepoint region: Cleanup
[1510.326s][info ][safepoint    ] Leaving safepoint region
[1510.326s][info ][safepoint    ] Total time for which application threads were stopped: 0.0001299 seconds, Stopping threads took: 0.0000399 seconds
[1511.327s][info ][safepoint    ] Application time: 1.0001042 seconds
[1511.327s][info ][safepoint    ] Entering safepoint region: Cleanup
[1511.327s][info ][safepoint    ] Leaving safepoint region
[1511.327s][info ][safepoint    ] Total time for which application threads were stopped: 0.0001270 seconds, Stopping threads took: 0.0000425 seconds
[1511.673s][info ][safepoint    ] Application time: 0.3465575 seconds
[1511.673s][info ][safepoint    ] Entering safepoint region: GenCollectForAllocation
[1511.673s][info ][gc,start     ] GC(717) Pause Young (Allocation Failure)
[1511.673s][info ][gc,task      ] GC(717) Using 4 workers of 4 for evacuation
[1511.676s][debug][gc,ref       ] GC(717) Skipped phase1 of Reference Processing due to unavailable references
[1511.677s][debug][gc,ref       ] GC(717) Skipped phase3 of Reference Processing due to unavailable references
[1511.677s][debug][gc,age       ] GC(717) Desired survivor size 15400960 bytes, new threshold 6 (max threshold 6)
[1511.677s][info ][gc,heap      ] GC(717) ParNew: 243294K->2218K(270976K)
[1511.677s][info ][gc,heap      ] GC(717) CMS: 522026K->522496K(602112K)
[1511.677s][info ][gc,metaspace ] GC(717) Metaspace: 58065K->58065K(1101824K)
[1511.677s][info ][gc           ] GC(717) Pause Young (Allocation Failure) 747M->512M(852M) 3.273ms
[1511.677s][info ][gc,cpu       ] GC(717) User=0.01s Sys=0.00s Real=0.01s
[1511.677s][info ][safepoint    ] Leaving safepoint region
[1511.677s][info ][safepoint    ] Total time for which application threads were stopped: 0.0034506 seconds, Stopping threads took: 0.0000398 seconds
[1512.677s][info ][safepoint    ] Application time: 1.0001235 seconds
[1512.677s][info ][safepoint    ] Entering safepoint region: Cleanup
[1512.677s][info ][safepoint    ] Leaving safepoint region
[1512.677s][info ][safepoint    ] Total time for which application threads were stopped: 0.0001070 seconds, Stopping threads took: 0.0000387 seconds
[1513.677s][info ][safepoint    ] Application time: 1.0001437 seconds
[1513.677s][info ][safepoint    ] Entering safepoint region: Cleanup
[1513.677s][info ][safepoint    ] Leaving safepoint region
[1513.677s][info ][safepoint    ] Total time for which application threads were stopped: 0.0001096 seconds, Stopping threads took: 0.0000447 seconds
[1514.139s][info ][safepoint    ] Application time: 0.4613223 seconds
[1514.139s][info ][safepoint    ] Entering safepoint region: GenCollectForAllocation
[1514.139s][info ][gc,start     ] GC(718) Pause Young (Allocation Failure)
[1514.139s][info ][gc,task      ] GC(718) Using 4 workers of 4 for evacuation
[1514.148s][debug][gc,ref       ] GC(718) Skipped phase1 of Reference Processing due to unavailable references
[1514.148s][debug][gc,ref       ] GC(718) Skipped phase3 of Reference Processing due to unavailable references
[1514.148s][debug][gc,ref       ] GC(718) Skipped phase4 of Reference Processing due to unavailable references
[1514.148s][debug][gc,age       ] GC(718) Desired survivor size 15400960 bytes, new threshold 6 (max threshold 6)
[1514.148s][info ][gc,heap      ] GC(718) ParNew: 243114K->2012K(270976K)
[1514.148s][info ][gc,heap      ] GC(718) CMS: 522496K->522531K(602112K)
[1514.148s][info ][gc,metaspace ] GC(718) Metaspace: 58066K->58066K(1101824K)
[1514.148s][info ][gc           ] GC(718) Pause Young (Allocation Failure) 747M->512M(852M) 9.181ms
[1514.148s][info ][gc,cpu       ] GC(718) User=0.02s Sys=0.00s Real=0.01s
[1514.148s][info ][safepoint    ] Leaving safepoint region
[1514.148s][info ][safepoint    ] Total time for which application threads were stopped: 0.0093416 seconds, Stopping threads took: 0.0000179 seconds
[1515.148s][info ][safepoint    ] Application time: 1.0000987 seconds
[1515.148s][info ][safepoint    ] Entering safepoint region: Cleanup
[1515.148s][info ][safepoint    ] Leaving safepoint region
[1515.148s][info ][safepoint    ] Total time for which application threads were stopped: 0.0001396 seconds, Stopping threads took: 0.0000746 seconds
[1516.148s][info ][safepoint    ] Application time: 1.0000867 seconds
[1516.148s][info ][safepoint    ] Entering safepoint region: Cleanup
[1516.148s][info ][safepoint    ] Leaving safepoint region
[1516.148s][info ][safepoint    ] Total time for which application threads were stopped: 0.0000688 seconds, Stopping threads took: 0.0000166 seconds
[1516.573s][info ][safepoint    ] Application time: 0.4246253 seconds
[1516.573s][info ][safepoint    ] Entering safepoint region: GenCollectForAllocation
[1516.573s][info ][gc,start     ] GC(719) Pause Young (Allocation Failure)
[1516.573s][info ][gc,task      ] GC(719) Using 4 workers of 4 for evacuation
[1516.577s][debug][gc,ref       ] GC(719) Skipped phase1 of Reference Processing due to unavailable references
[1516.577s][debug][gc,ref       ] GC(719) Skipped phase3 of Reference Processing due to unavailable references
[1516.577s][debug][gc,ref       ] GC(719) Skipped phase4 of Reference Processing due to unavailable references
[1516.577s][debug][gc,age       ] GC(719) Desired survivor size 15400960 bytes, new threshold 6 (max threshold 6)
[1516.577s][info ][gc,heap      ] GC(719) ParNew: 242908K->2425K(270976K)
[1516.577s][info ][gc,heap      ] GC(719) CMS: 522531K->522660K(602112K)
[1516.577s][info ][gc,metaspace ] GC(719) Metaspace: 58066K->58066K(1101824K)
[1516.577s][info ][gc           ] GC(719) Pause Young (Allocation Failure) 747M->512M(852M) 3.715ms
[1516.577s][info ][gc,cpu       ] GC(719) User=0.01s Sys=0.00s Real=0.01s
[1516.577s][info ][safepoint    ] Leaving safepoint region
[1516.577s][info ][safepoint    ] Total time for which application threads were stopped: 0.0038950 seconds, Stopping threads took: 0.0000556 seconds
[1517.577s][info ][safepoint    ] Application time: 1.0000620 seconds
[1517.577s][info ][safepoint    ] Entering safepoint region: Cleanup
[1517.577s][info ][safepoint    ] Leaving safepoint region
[1517.577s][info ][safepoint    ] Total time for which application threads were stopped: 0.0001110 seconds, Stopping threads took: 0.0000428 seconds
[1518.577s][info ][safepoint    ] Application time: 1.0001023 seconds
[1518.577s][info ][safepoint    ] Entering safepoint region: Cleanup
[1518.578s][info ][safepoint    ] Leaving safepoint region
[1518.578s][info ][safepoint    ] Total time for which application threads were stopped: 0.0001054 seconds, Stopping threads took: 0.0000424 seconds
[1518.841s][info ][safepoint    ] Application time: 0.2633677 seconds
[1518.841s][info ][safepoint    ] Entering safepoint region: GenCollectForAllocation
[1518.841s][info ][gc,start     ] GC(720) Pause Young (Allocation Failure)
[1518.841s][info ][gc,task      ] GC(720) Using 4 workers of 4 for evacuation
[1518.844s][debug][gc,ref       ] GC(720) Skipped phase1 of Reference Processing due to unavailable references
[1518.844s][debug][gc,ref       ] GC(720) Skipped phase3 of Reference Processing due to unavailable references
[1518.844s][debug][gc,ref       ] GC(720) Skipped phase4 of Reference Processing due to unavailable references
[1518.844s][debug][gc,age       ] GC(720) Desired survivor size 15400960 bytes, new threshold 6 (max threshold 6)
[1518.844s][info ][gc,heap      ] GC(720) ParNew: 243321K->1997K(270976K)
[1518.844s][info ][gc,heap      ] GC(720) CMS: 522660K->522768K(602112K)
[1518.844s][info ][gc,metaspace ] GC(720) Metaspace: 58066K->58066K(1101824K)
[1518.844s][info ][gc           ] GC(720) Pause Young (Allocation Failure) 748M->512M(852M) 3.360ms
[1518.844s][info ][gc,cpu       ] GC(720) User=0.02s Sys=0.00s Real=0.01s
[1518.844s][info ][safepoint    ] Leaving safepoint region
[1518.844s][info ][safepoint    ] Total time for which application threads were stopped: 0.0035143 seconds, Stopping threads took: 0.0000226 seconds
[1519.845s][info ][safepoint    ] Application time: 1.0001106 seconds
[1519.845s][info ][safepoint    ] Entering safepoint region: Cleanup
[1519.845s][info ][safepoint    ] Leaving safepoint region
[1519.845s][info ][safepoint    ] Total time for which application threads were stopped: 0.0000724 seconds, Stopping threads took: 0.0000172 seconds
[1520.845s][info ][safepoint    ] Application time: 1.0001397 seconds
[1520.845s][info ][safepoint    ] Entering safepoint region: Cleanup
[1520.845s][info ][safepoint    ] Leaving safepoint region
[1520.845s][info ][safepoint    ] Total time for which application threads were stopped: 0.0000688 seconds, Stopping threads took: 0.0000153 seconds
[1521.228s][info ][safepoint    ] Application time: 0.3827919 seconds
[1521.228s][info ][safepoint    ] Entering safepoint region: GenCollectForAllocation
[1521.228s][info ][gc,start     ] GC(721) Pause Young (Allocation Failure)
[1521.228s][info ][gc,task      ] GC(721) Using 4 workers of 4 for evacuation
[1521.231s][debug][gc,ref       ] GC(721) Skipped phase1 of Reference Processing due to unavailable references
[1521.231s][debug][gc,ref       ] GC(721) Skipped phase3 of Reference Processing due to unavailable references
[1521.231s][debug][gc,ref       ] GC(721) Skipped phase4 of Reference Processing due to unavailable references
[1521.231s][debug][gc,age       ] GC(721) Desired survivor size 15400960 bytes, new threshold 6 (max threshold 6)
[1521.231s][info ][gc,heap      ] GC(721) ParNew: 242893K->2424K(270976K)
[1521.231s][info ][gc,heap      ] GC(721) CMS: 522768K->522890K(602112K)
[1521.231s][info ][gc,metaspace ] GC(721) Metaspace: 58067K->58067K(1101824K)
[1521.231s][info ][gc           ] GC(721) Pause Young (Allocation Failure) 747M->513M(852M) 3.375ms
[1521.231s][info ][gc,cpu       ] GC(721) User=0.01s Sys=0.00s Real=0.00s
[1521.231s][info ][safepoint    ] Leaving safepoint region
[1521.231s][info ][safepoint    ] Total time for which application threads were stopped: 0.0035270 seconds, Stopping threads took: 0.0000181 seconds
[1522.231s][info ][safepoint    ] Application time: 1.0000946 seconds
[1522.231s][info ][safepoint    ] Entering safepoint region: Cleanup
[1522.232s][info ][safepoint    ] Leaving safepoint region
[1522.232s][info ][safepoint    ] Total time for which application threads were stopped: 0.0001021 seconds, Stopping threads took: 0.0000428 seconds
[1523.232s][info ][safepoint    ] Application time: 1.0000931 seconds
[1523.232s][info ][safepoint    ] Entering safepoint region: Cleanup
[1523.232s][info ][safepoint    ] Leaving safepoint region
[1523.232s][info ][safepoint    ] Total time for which application threads were stopped: 0.0001270 seconds, Stopping threads took: 0.0000574 seconds
[1523.530s][info ][safepoint    ] Application time: 0.2985276 seconds
[1523.530s][info ][safepoint    ] Entering safepoint region: GenCollectForAllocation
[1523.530s][info ][gc,start     ] GC(722) Pause Young (Allocation Failure)
[1523.530s][info ][gc,task      ] GC(722) Using 4 workers of 4 for evacuation
[1523.535s][debug][gc,ref       ] GC(722) Skipped phase1 of Reference Processing due to unavailable references
[1523.535s][debug][gc,ref       ] GC(722) Skipped phase3 of Reference Processing due to unavailable references
[1523.535s][debug][gc,ref       ] GC(722) Skipped phase4 of Reference Processing due to unavailable references
[1523.535s][debug][gc,age       ] GC(722) Desired survivor size 15400960 bytes, new threshold 6 (max threshold 6)
[1523.535s][info ][gc,heap      ] GC(722) ParNew: 243320K->2540K(270976K)
[1523.535s][info ][gc,heap      ] GC(722) CMS: 522890K->522926K(602112K)
[1523.535s][info ][gc,metaspace ] GC(722) Metaspace: 58070K->58070K(1101824K)
[1523.535s][info ][gc           ] GC(722) Pause Young (Allocation Failure) 748M->513M(852M) 4.337ms
[1523.535s][info ][gc,cpu       ] GC(722) User=0.02s Sys=0.00s Real=0.00s
[1523.535s][info ][safepoint    ] Leaving safepoint region
[1523.535s][info ][safepoint    ] Total time for which application threads were stopped: 0.0044791 seconds, Stopping threads took: 0.0000190 seconds
[1524.535s][info ][safepoint    ] Application time: 1.0000999 seconds
[1524.535s][info ][safepoint    ] Entering safepoint region: Cleanup
[1524.535s][info ][safepoint    ] Leaving safepoint region
[1524.535s][info ][safepoint    ] Total time for which application threads were stopped: 0.0000724 seconds, Stopping threads took: 0.0000174 seconds
[1525.535s][info ][safepoint    ] Application time: 1.0001059 seconds
[1525.535s][info ][safepoint    ] Entering safepoint region: Cleanup
[1525.535s][info ][safepoint    ] Leaving safepoint region
[1525.535s][info ][safepoint    ] Total time for which application threads were stopped: 0.0001053 seconds, Stopping threads took: 0.0000408 seconds
[1525.991s][info ][safepoint    ] Application time: 0.4557630 seconds
[1525.991s][info ][safepoint    ] Entering safepoint region: GenCollectForAllocation
[1525.991s][info ][gc,start     ] GC(723) Pause Young (Allocation Failure)
[1525.991s][info ][gc,task      ] GC(723) Using 4 workers of 4 for evacuation
[1525.994s][debug][gc,ref       ] GC(723) Skipped phase1 of Reference Processing due to unavailable references
[1525.994s][debug][gc,ref       ] GC(723) Skipped phase2 of Reference Processing due to unavailable references
[1525.994s][debug][gc,ref       ] GC(723) Skipped phase3 of Reference Processing due to unavailable references
[1525.994s][debug][gc,ref       ] GC(723) Skipped phase4 of Reference Processing due to unavailable references
[1525.994s][debug][gc,age       ] GC(723) Desired survivor size 15400960 bytes, new threshold 6 (max threshold 6)
[1525.994s][info ][gc,heap      ] GC(723) ParNew: 243436K->2277K(270976K)
[1525.994s][info ][gc,heap      ] GC(723) CMS: 522926K->522975K(602112K)
[1525.994s][info ][gc,metaspace ] GC(723) Metaspace: 58070K->58070K(1101824K)
[1525.994s][info ][gc           ] GC(723) Pause Young (Allocation Failure) 748M->512M(852M) 3.169ms
[1525.994s][info ][gc,cpu       ] GC(723) User=0.01s Sys=0.00s Real=0.00s
[1525.994s][info ][safepoint    ] Leaving safepoint region
[1525.994s][info ][safepoint    ] Total time for which application threads were stopped: 0.0033268 seconds, Stopping threads took: 0.0000199 seconds
[1526.995s][info ][safepoint    ] Application time: 1.0000998 seconds
[1526.995s][info ][safepoint    ] Entering safepoint region: Cleanup
[1526.995s][info ][safepoint    ] Leaving safepoint region
[1526.995s][info ][safepoint    ] Total time for which application threads were stopped: 0.0000927 seconds, Stopping threads took: 0.0000299 seconds
[1527.995s][info ][safepoint    ] Application time: 1.0000900 seconds
[1527.995s][info ][safepoint    ] Entering safepoint region: Cleanup
[1527.995s][info ][safepoint    ] Leaving safepoint region
[1527.995s][info ][safepoint    ] Total time for which application threads were stopped: 0.0000698 seconds, Stopping threads took: 0.0000169 seconds
[1528.389s][info ][safepoint    ] Application time: 0.3943097 seconds
[1528.389s][info ][safepoint    ] Entering safepoint region: GenCollectForAllocation
[1528.389s][info ][gc,start     ] GC(724) Pause Young (Allocation Failure)
[1528.389s][info ][gc,task      ] GC(724) Using 4 workers of 4 for evacuation
[1528.393s][debug][gc,ref       ] GC(724) Skipped phase1 of Reference Processing due to unavailable references
[1528.393s][debug][gc,ref       ] GC(724) Skipped phase2 of Reference Processing due to unavailable references
[1528.393s][debug][gc,ref       ] GC(724) Skipped phase3 of Reference Processing due to unavailable references
[1528.393s][debug][gc,ref       ] GC(724) Skipped phase4 of Reference Processing due to unavailable references
[1528.393s][debug][gc,age       ] GC(724) Desired survivor size 15400960 bytes, new threshold 6 (max threshold 6)
[1528.393s][info ][gc,heap      ] GC(724) ParNew: 243173K->2333K(270976K)
[1528.393s][info ][gc,heap      ] GC(724) CMS: 522975K->523048K(602112K)
[1528.393s][info ][gc,metaspace ] GC(724) Metaspace: 58070K->58070K(1101824K)
[1528.393s][info ][gc           ] GC(724) Pause Young (Allocation Failure) 748M->513M(852M) 3.495ms
[1528.393s][info ][gc,cpu       ] GC(724) User=0.01s Sys=0.00s Real=0.00s
[1528.393s][info ][safepoint    ] Leaving safepoint region
[1528.393s][info ][safepoint    ] Total time for which application threads were stopped: 0.0036374 seconds, Stopping threads took: 0.0000188 seconds
[1529.393s][info ][safepoint    ] Application time: 1.0001144 seconds
[1529.393s][info ][safepoint    ] Entering safepoint region: Cleanup
[1529.393s][info ][safepoint    ] Leaving safepoint region
[1529.393s][info ][safepoint    ] Total time for which application threads were stopped: 0.0001267 seconds, Stopping threads took: 0.0000428 seconds
[1530.393s][info ][safepoint    ] Application time: 1.0001247 seconds
[1530.393s][info ][safepoint    ] Entering safepoint region: Cleanup
[1530.393s][info ][safepoint    ] Leaving safepoint region
[1530.393s][info ][safepoint    ] Total time for which application threads were stopped: 0.0001000 seconds, Stopping threads took: 0.0000415 seconds
[1530.686s][info ][safepoint    ] Application time: 0.2924862 seconds
[1530.686s][info ][safepoint    ] Entering safepoint region: GenCollectForAllocation
[1530.686s][info ][gc,start     ] GC(725) Pause Young (Allocation Failure)
[1530.686s][info ][gc,task      ] GC(725) Using 4 workers of 4 for evacuation
[1530.689s][debug][gc,ref       ] GC(725) Skipped phase1 of Reference Processing due to unavailable references
[1530.689s][debug][gc,ref       ] GC(725) Skipped phase2 of Reference Processing due to unavailable references
[1530.689s][debug][gc,ref       ] GC(725) Skipped phase3 of Reference Processing due to unavailable references
[1530.689s][debug][gc,ref       ] GC(725) Skipped phase4 of Reference Processing due to unavailable references
[1530.690s][debug][gc,age       ] GC(725) Desired survivor size 15400960 bytes, new threshold 6 (max threshold 6)
[1530.690s][info ][gc,heap      ] GC(725) ParNew: 243229K->2450K(270976K)
[1530.690s][info ][gc,heap      ] GC(725) CMS: 523048K->523210K(602112K)
[1530.690s][info ][gc,metaspace ] GC(725) Metaspace: 58070K->58070K(1101824K)
[1530.690s][info ][gc           ] GC(725) Pause Young (Allocation Failure) 748M->513M(852M) 3.540ms
[1530.690s][info ][gc,cpu       ] GC(725) User=0.01s Sys=0.00s Real=0.00s
[1530.690s][info ][safepoint    ] Leaving safepoint region
[1530.690s][info ][safepoint    ] Total time for which application threads were stopped: 0.0037160 seconds, Stopping threads took: 0.0000370 seconds
[1531.690s][info ][safepoint    ] Application time: 1.0000802 seconds
[1531.690s][info ][safepoint    ] Entering safepoint region: Cleanup
[1531.690s][info ][safepoint    ] Leaving safepoint region
[1531.690s][info ][safepoint    ] Total time for which application threads were stopped: 0.0000724 seconds, Stopping threads took: 0.0000183 seconds
[1532.690s][info ][safepoint    ] Application time: 1.0001088 seconds
[1532.690s][info ][safepoint    ] Entering safepoint region: Cleanup
[1532.690s][info ][safepoint    ] Leaving safepoint region
[1532.690s][info ][safepoint    ] Total time for which application threads were stopped: 0.0001148 seconds, Stopping threads took: 0.0000553 seconds
[1532.936s][info ][safepoint    ] Application time: 0.2458083 seconds
[1532.936s][info ][safepoint    ] Entering safepoint region: GenCollectForAllocation
[1532.936s][info ][gc,start     ] GC(726) Pause Young (Allocation Failure)
[1532.936s][info ][gc,task      ] GC(726) Using 4 workers of 4 for evacuation
[1532.939s][debug][gc,ref       ] GC(726) Skipped phase1 of Reference Processing due to unavailable references
[1532.939s][debug][gc,ref       ] GC(726) Skipped phase2 of Reference Processing due to unavailable references
[1532.939s][debug][gc,ref       ] GC(726) Skipped phase3 of Reference Processing due to unavailable references
[1532.939s][debug][gc,ref       ] GC(726) Skipped phase4 of Reference Processing due to unavailable references
[1532.939s][debug][gc,age       ] GC(726) Desired survivor size 15400960 bytes, new threshold 6 (max threshold 6)
[1532.939s][info ][gc,heap      ] GC(726) ParNew: 243346K->2423K(270976K)
[1532.939s][info ][gc,heap      ] GC(726) CMS: 523210K->523386K(602112K)
[1532.940s][info ][gc,metaspace ] GC(726) Metaspace: 58070K->58070K(1101824K)
[1532.940s][info ][gc           ] GC(726) Pause Young (Allocation Failure) 748M->513M(852M) 3.411ms
[1532.940s][info ][gc,cpu       ] GC(726) User=0.01s Sys=0.00s Real=0.00s
[1532.940s][info ][safepoint    ] Leaving safepoint region
[1532.940s][info ][safepoint    ] Total time for which application threads were stopped: 0.0035571 seconds, Stopping threads took: 0.0000183 seconds
[1533.940s][info ][safepoint    ] Application time: 1.0001123 seconds
[1533.940s][info ][safepoint    ] Entering safepoint region: Cleanup
[1533.940s][info ][safepoint    ] Leaving safepoint region
[1533.940s][info ][safepoint    ] Total time for which application threads were stopped: 0.0000985 seconds, Stopping threads took: 0.0000430 seconds
[1534.940s][info ][safepoint    ] Application time: 1.0001418 seconds
[1534.940s][info ][safepoint    ] Entering safepoint region: Cleanup
[1534.940s][info ][safepoint    ] Leaving safepoint region
[1534.940s][info ][safepoint    ] Total time for which application threads were stopped: 0.0001115 seconds, Stopping threads took: 0.0000415 seconds
[1535.230s][info ][safepoint    ] Application time: 0.2896684 seconds
[1535.230s][info ][safepoint    ] Entering safepoint region: GenCollectForAllocation
[1535.230s][info ][gc,start     ] GC(727) Pause Young (Allocation Failure)
[1535.230s][info ][gc,task      ] GC(727) Using 4 workers of 4 for evacuation
[1535.234s][debug][gc,ref       ] GC(727) Skipped phase1 of Reference Processing due to unavailable references
[1535.234s][debug][gc,ref       ] GC(727) Skipped phase2 of Reference Processing due to unavailable references
[1535.234s][debug][gc,ref       ] GC(727) Skipped phase3 of Reference Processing due to unavailable references
[1535.234s][debug][gc,ref       ] GC(727) Skipped phase4 of Reference Processing due to unavailable references
[1535.234s][debug][gc,age       ] GC(727) Desired survivor size 15400960 bytes, new threshold 6 (max threshold 6)
[1535.234s][info ][gc,heap      ] GC(727) ParNew: 243319K->2833K(270976K)
[1535.234s][info ][gc,heap      ] GC(727) CMS: 523386K->523655K(602112K)
[1535.234s][info ][gc,metaspace ] GC(727) Metaspace: 58070K->58070K(1101824K)
[1535.234s][info ][gc           ] GC(727) Pause Young (Allocation Failure) 748M->514M(852M) 4.454ms
[1535.234s][info ][gc,cpu       ] GC(727) User=0.02s Sys=0.00s Real=0.00s
[1535.234s][info ][safepoint    ] Leaving safepoint region
[1535.234s][info ][safepoint    ] Total time for which application threads were stopped: 0.0046106 seconds, Stopping threads took: 0.0000174 seconds
[1536.237s][info ][safepoint    ] Application time: 1.0026361 seconds
[1536.237s][info ][safepoint    ] Entering safepoint region: Cleanup
[1536.237s][info ][safepoint    ] Leaving safepoint region
[1536.237s][info ][safepoint    ] Total time for which application threads were stopped: 0.0001276 seconds, Stopping threads took: 0.0000406 seconds
[1537.237s][info ][safepoint    ] Application time: 1.0001380 seconds
[1537.237s][info ][safepoint    ] Entering safepoint region: Cleanup
[1537.237s][info ][safepoint    ] Leaving safepoint region
[1537.237s][info ][safepoint    ] Total time for which application threads were stopped: 0.0000840 seconds, Stopping threads took: 0.0000186 seconds
[1537.361s][info ][safepoint    ] Application time: 0.1235117 seconds
[1537.361s][info ][safepoint    ] Entering safepoint region: GenCollectForAllocation
[1537.361s][info ][gc,start     ] GC(728) Pause Young (Allocation Failure)
[1537.361s][info ][gc,task      ] GC(728) Using 4 workers of 4 for evacuation
[1537.370s][debug][gc,ref       ] GC(728) Skipped phase1 of Reference Processing due to unavailable references
[1537.370s][debug][gc,ref       ] GC(728) Skipped phase2 of Reference Processing due to unavailable references
[1537.370s][debug][gc,ref       ] GC(728) Skipped phase3 of Reference Processing due to unavailable references
[1537.370s][debug][gc,ref       ] GC(728) Skipped phase4 of Reference Processing due to unavailable references
[1537.370s][debug][gc,age       ] GC(728) Desired survivor size 15400960 bytes, new threshold 6 (max threshold 6)
[1537.370s][info ][gc,heap      ] GC(728) ParNew: 243729K->1922K(270976K)
[1537.370s][info ][gc,heap      ] GC(728) CMS: 523655K->523807K(602112K)
[1537.370s][info ][gc,metaspace ] GC(728) Metaspace: 58070K->58070K(1101824K)
[1537.370s][info ][gc           ] GC(728) Pause Young (Allocation Failure) 749M->513M(852M) 9.262ms
[1537.370s][info ][gc,cpu       ] GC(728) User=0.01s Sys=0.00s Real=0.01s
[1537.370s][info ][safepoint    ] Leaving safepoint region
[1537.370s][info ][safepoint    ] Total time for which application threads were stopped: 0.0094412 seconds, Stopping threads took: 0.0000501 seconds
[1538.371s][info ][safepoint    ] Application time: 1.0000986 seconds
[1538.371s][info ][safepoint    ] Entering safepoint region: Cleanup
[1538.371s][info ][safepoint    ] Leaving safepoint region
[1538.371s][info ][safepoint    ] Total time for which application threads were stopped: 0.0000887 seconds, Stopping threads took: 0.0000185 seconds
[1539.371s][info ][safepoint    ] Application time: 1.0004802 seconds
[1539.371s][info ][safepoint    ] Entering safepoint region: Cleanup
[1539.371s][info ][safepoint    ] Leaving safepoint region
[1539.371s][info ][safepoint    ] Total time for which application threads were stopped: 0.0001185 seconds, Stopping threads took: 0.0000609 seconds
[1539.642s][info ][safepoint    ] Application time: 0.2707875 seconds
[1539.642s][info ][safepoint    ] Entering safepoint region: GenCollectForAllocation
[1539.642s][info ][gc,start     ] GC(729) Pause Young (Allocation Failure)
[1539.642s][info ][gc,task      ] GC(729) Using 4 workers of 4 for evacuation
[1539.645s][debug][gc,ref       ] GC(729) Skipped phase1 of Reference Processing due to unavailable references
[1539.645s][debug][gc,ref       ] GC(729) Skipped phase2 of Reference Processing due to unavailable references
[1539.645s][debug][gc,ref       ] GC(729) Skipped phase3 of Reference Processing due to unavailable references
[1539.645s][debug][gc,ref       ] GC(729) Skipped phase4 of Reference Processing due to unavailable references
[1539.645s][debug][gc,age       ] GC(729) Desired survivor size 15400960 bytes, new threshold 6 (max threshold 6)
[1539.645s][info ][gc,heap      ] GC(729) ParNew: 242818K->2600K(270976K)
[1539.645s][info ][gc,heap      ] GC(729) CMS: 523807K->523870K(602112K)
[1539.645s][info ][gc,metaspace ] GC(729) Metaspace: 58070K->58070K(1101824K)
[1539.645s][info ][gc           ] GC(729) Pause Young (Allocation Failure) 748M->514M(852M) 2.927ms
[1539.645s][info ][gc,cpu       ] GC(729) User=0.01s Sys=0.00s Real=0.01s
[1539.645s][info ][safepoint    ] Leaving safepoint region
[1539.645s][info ][safepoint    ] Total time for which application threads were stopped: 0.0030660 seconds, Stopping threads took: 0.0000173 seconds
[1540.645s][info ][safepoint    ] Application time: 1.0001329 seconds
[1540.645s][info ][safepoint    ] Entering safepoint region: Cleanup
[1540.646s][info ][safepoint    ] Leaving safepoint region
[1540.646s][info ][safepoint    ] Total time for which application threads were stopped: 0.0001160 seconds, Stopping threads took: 0.0000390 seconds
[1541.646s][info ][safepoint    ] Application time: 1.0001049 seconds
[1541.646s][info ][safepoint    ] Entering safepoint region: Cleanup
[1541.646s][info ][safepoint    ] Leaving safepoint region
[1541.646s][info ][safepoint    ] Total time for which application threads were stopped: 0.0000741 seconds, Stopping threads took: 0.0000181 seconds
[1541.978s][info ][safepoint    ] Application time: 0.3326945 seconds
[1541.978s][info ][safepoint    ] Entering safepoint region: GenCollectForAllocation
[1541.979s][info ][gc,start     ] GC(730) Pause Young (Allocation Failure)
[1541.979s][info ][gc,task      ] GC(730) Using 4 workers of 4 for evacuation
[1541.982s][debug][gc,ref       ] GC(730) Skipped phase1 of Reference Processing due to unavailable references
[1541.982s][debug][gc,ref       ] GC(730) Skipped phase2 of Reference Processing due to unavailable references
[1541.982s][debug][gc,ref       ] GC(730) Skipped phase3 of Reference Processing due to unavailable references
[1541.982s][debug][gc,ref       ] GC(730) Skipped phase4 of Reference Processing due to unavailable references
[1541.982s][debug][gc,age       ] GC(730) Desired survivor size 15400960 bytes, new threshold 6 (max threshold 6)
[1541.982s][info ][gc,heap      ] GC(730) ParNew: 243496K->1935K(270976K)
[1541.982s][info ][gc,heap      ] GC(730) CMS: 523870K->523980K(602112K)
[1541.982s][info ][gc,metaspace ] GC(730) Metaspace: 58070K->58070K(1101824K)
[1541.982s][info ][gc           ] GC(730) Pause Young (Allocation Failure) 749M->513M(852M) 3.182ms
[1541.982s][info ][gc,cpu       ] GC(730) User=0.01s Sys=0.00s Real=0.00s
[1541.982s][info ][safepoint    ] Leaving safepoint region
[1541.982s][info ][safepoint    ] Total time for which application threads were stopped: 0.0033426 seconds, Stopping threads took: 0.0000171 seconds
[1542.982s][info ][safepoint    ] Application time: 1.0001016 seconds
[1542.982s][info ][safepoint    ] Entering safepoint region: Cleanup
[1542.982s][info ][safepoint    ] Leaving safepoint region
[1542.982s][info ][safepoint    ] Total time for which application threads were stopped: 0.0001338 seconds, Stopping threads took: 0.0000680 seconds
[1543.982s][info ][safepoint    ] Application time: 1.0000989 seconds
[1543.982s][info ][safepoint    ] Entering safepoint region: Cleanup
[1543.982s][info ][safepoint    ] Leaving safepoint region
[1543.982s][info ][safepoint    ] Total time for which application threads were stopped: 0.0001140 seconds, Stopping threads took: 0.0000412 seconds
[1544.424s][info ][safepoint    ] Application time: 0.4411286 seconds
[1544.424s][info ][safepoint    ] Entering safepoint region: GenCollectForAllocation
[1544.424s][info ][gc,start     ] GC(731) Pause Young (Allocation Failure)
[1544.424s][info ][gc,task      ] GC(731) Using 4 workers of 4 for evacuation
[1544.427s][debug][gc,ref       ] GC(731) Skipped phase1 of Reference Processing due to unavailable references
[1544.427s][debug][gc,ref       ] GC(731) Skipped phase2 of Reference Processing due to unavailable references
[1544.427s][debug][gc,ref       ] GC(731) Skipped phase3 of Reference Processing due to unavailable references
[1544.427s][debug][gc,ref       ] GC(731) Skipped phase4 of Reference Processing due to unavailable references
[1544.427s][debug][gc,age       ] GC(731) Desired survivor size 15400960 bytes, new threshold 6 (max threshold 6)
[1544.427s][info ][gc,heap      ] GC(731) ParNew: 242831K->2572K(270976K)
[1544.427s][info ][gc,heap      ] GC(731) CMS: 523980K->524053K(602112K)
[1544.427s][info ][gc,metaspace ] GC(731) Metaspace: 58072K->58072K(1101824K)
[1544.427s][info ][gc           ] GC(731) Pause Young (Allocation Failure) 748M->514M(852M) 3.128ms
[1544.427s][info ][gc,cpu       ] GC(731) User=0.01s Sys=0.00s Real=0.00s
[1544.427s][info ][safepoint    ] Leaving safepoint region
[1544.427s][info ][safepoint    ] Total time for which application threads were stopped: 0.0033278 seconds, Stopping threads took: 0.0000417 seconds
[1545.427s][info ][safepoint    ] Application time: 1.0001396 seconds
[1545.428s][info ][safepoint    ] Entering safepoint region: Cleanup
[1545.428s][info ][safepoint    ] Leaving safepoint region
[1545.428s][info ][safepoint    ] Total time for which application threads were stopped: 0.0008311 seconds, Stopping threads took: 0.0007561 seconds
[1546.428s][info ][safepoint    ] Application time: 1.0001568 seconds
[1546.428s][info ][safepoint    ] Entering safepoint region: Cleanup
[1546.428s][info ][safepoint    ] Leaving safepoint region
[1546.428s][info ][safepoint    ] Total time for which application threads were stopped: 0.0002100 seconds, Stopping threads took: 0.0001332 seconds
[1546.625s][info ][safepoint    ] Application time: 0.1969978 seconds
[1546.625s][info ][safepoint    ] Entering safepoint region: GenCollectForAllocation
[1546.626s][info ][gc,start     ] GC(732) Pause Young (Allocation Failure)
[1546.626s][info ][gc,task      ] GC(732) Using 4 workers of 4 for evacuation
[1546.628s][debug][gc,ref       ] GC(732) Skipped phase1 of Reference Processing due to unavailable references
[1546.628s][debug][gc,ref       ] GC(732) Skipped phase2 of Reference Processing due to unavailable references
[1546.628s][debug][gc,ref       ] GC(732) Skipped phase3 of Reference Processing due to unavailable references
[1546.628s][debug][gc,ref       ] GC(732) Skipped phase4 of Reference Processing due to unavailable references
[1546.629s][debug][gc,age       ] GC(732) Desired survivor size 15400960 bytes, new threshold 6 (max threshold 6)
[1546.629s][info ][gc,heap      ] GC(732) ParNew: 243468K->2707K(270976K)
[1546.629s][info ][gc,heap      ] GC(732) CMS: 524053K->524175K(602112K)
[1546.629s][info ][gc,metaspace ] GC(732) Metaspace: 58072K->58072K(1101824K)
[1546.629s][info ][gc           ] GC(732) Pause Young (Allocation Failure) 749M->514M(852M) 3.133ms
[1546.629s][info ][gc,cpu       ] GC(732) User=0.02s Sys=0.00s Real=0.00s
[1546.629s][info ][safepoint    ] Leaving safepoint region
[1546.629s][info ][safepoint    ] Total time for which application threads were stopped: 0.0033005 seconds, Stopping threads took: 0.0000169 seconds
[1547.629s][info ][safepoint    ] Application time: 1.0000844 seconds
[1547.629s][info ][safepoint    ] Entering safepoint region: Cleanup
[1547.629s][info ][safepoint    ] Leaving safepoint region
[1547.629s][info ][safepoint    ] Total time for which application threads were stopped: 0.0001272 seconds, Stopping threads took: 0.0000630 seconds
[1548.629s][info ][safepoint    ] Application time: 1.0000945 seconds
[1548.629s][info ][safepoint    ] Entering safepoint region: Cleanup
[1548.629s][info ][safepoint    ] Leaving safepoint region
[1548.629s][info ][safepoint    ] Total time for which application threads were stopped: 0.0001274 seconds, Stopping threads took: 0.0000602 seconds
[1548.996s][info ][safepoint    ] Application time: 0.3669768 seconds
[1548.996s][info ][safepoint    ] Entering safepoint region: GenCollectForAllocation
[1548.996s][info ][gc,start     ] GC(733) Pause Young (Allocation Failure)
[1548.996s][info ][gc,task      ] GC(733) Using 4 workers of 4 for evacuation
[1548.999s][debug][gc,ref       ] GC(733) Skipped phase1 of Reference Processing due to unavailable references
[1548.999s][debug][gc,ref       ] GC(733) Skipped phase2 of Reference Processing due to unavailable references
[1548.999s][debug][gc,ref       ] GC(733) Skipped phase3 of Reference Processing due to unavailable references
[1548.999s][debug][gc,ref       ] GC(733) Skipped phase4 of Reference Processing due to unavailable references
[1548.999s][debug][gc,age       ] GC(733) Desired survivor size 15400960 bytes, new threshold 6 (max threshold 6)
[1548.999s][info ][gc,heap      ] GC(733) ParNew: 243603K->2627K(270976K)
[1548.999s][info ][gc,heap      ] GC(733) CMS: 524175K->524248K(602112K)
[1548.999s][info ][gc,metaspace ] GC(733) Metaspace: 58072K->58072K(1101824K)
[1548.999s][info ][gc           ] GC(733) Pause Young (Allocation Failure) 749M->514M(852M) 3.078ms
[1548.999s][info ][gc,cpu       ] GC(733) User=0.01s Sys=0.00s Real=0.00s
[1549.000s][info ][safepoint    ] Leaving safepoint region
[1549.000s][info ][safepoint    ] Total time for which application threads were stopped: 0.0032225 seconds, Stopping threads took: 0.0000178 seconds
[1550.000s][info ][safepoint    ] Application time: 1.0001026 seconds
[1550.000s][info ][safepoint    ] Entering safepoint region: Cleanup
[1550.000s][info ][safepoint    ] Leaving safepoint region
[1550.000s][info ][safepoint    ] Total time for which application threads were stopped: 0.0000917 seconds, Stopping threads took: 0.0000207 seconds
[1551.001s][info ][safepoint    ] Application time: 1.0009098 seconds
[1551.001s][info ][safepoint    ] Entering safepoint region: Cleanup
[1551.001s][info ][safepoint    ] Leaving safepoint region
[1551.001s][info ][safepoint    ] Total time for which application threads were stopped: 0.0000665 seconds, Stopping threads took: 0.0000154 seconds
[1551.274s][info ][safepoint    ] Application time: 0.2729351 seconds
[1551.274s][info ][safepoint    ] Entering safepoint region: GenCollectForAllocation
[1551.274s][info ][gc,start     ] GC(734) Pause Young (Allocation Failure)
[1551.274s][info ][gc,task      ] GC(734) Using 4 workers of 4 for evacuation
[1551.277s][debug][gc,ref       ] GC(734) Skipped phase1 of Reference Processing due to unavailable references
[1551.277s][debug][gc,ref       ] GC(734) Skipped phase2 of Reference Processing due to unavailable references
[1551.277s][debug][gc,ref       ] GC(734) Skipped phase3 of Reference Processing due to unavailable references
[1551.277s][debug][gc,ref       ] GC(734) Skipped phase4 of Reference Processing due to unavailable references
[1551.277s][debug][gc,age       ] GC(734) Desired survivor size 15400960 bytes, new threshold 6 (max threshold 6)
[1551.277s][info ][gc,heap      ] GC(734) ParNew: 243523K->2844K(270976K)
[1551.277s][info ][gc,heap      ] GC(734) CMS: 524248K->524370K(602112K)
[1551.277s][info ][gc,metaspace ] GC(734) Metaspace: 58072K->58072K(1101824K)
[1551.277s][info ][gc           ] GC(734) Pause Young (Allocation Failure) 749M->514M(852M) 3.300ms
[1551.277s][info ][gc,cpu       ] GC(734) User=0.01s Sys=0.00s Real=0.01s
[1551.277s][info ][safepoint    ] Leaving safepoint region
[1551.277s][info ][safepoint    ] Total time for which application threads were stopped: 0.0034967 seconds, Stopping threads took: 0.0000404 seconds
[1552.277s][info ][safepoint    ] Application time: 1.0001016 seconds
[1552.277s][info ][safepoint    ] Entering safepoint region: Cleanup
[1552.278s][info ][safepoint    ] Leaving safepoint region
[1552.278s][info ][safepoint    ] Total time for which application threads were stopped: 0.0001565 seconds, Stopping threads took: 0.0000779 seconds
[1552.701s][info ][safepoint    ] Application time: 0.4234990 seconds
[1552.701s][info ][safepoint    ] Entering safepoint region: GenCollectForAllocation
[1552.701s][info ][gc,start     ] GC(735) Pause Young (Allocation Failure)
[1552.701s][info ][gc,task      ] GC(735) Using 4 workers of 4 for evacuation
[1552.720s][debug][gc,ref       ] GC(735) Skipped phase1 of Reference Processing due to unavailable references
[1552.720s][debug][gc,ref       ] GC(735) Skipped phase3 of Reference Processing due to unavailable references
[1552.720s][debug][gc,age       ] GC(735) Desired survivor size 15400960 bytes, new threshold 1 (max threshold 6)
[1552.720s][info ][gc,heap      ] GC(735) ParNew: 243740K->19432K(270976K)
[1552.720s][info ][gc,heap      ] GC(735) CMS: 524370K->524439K(602112K)
[1552.720s][info ][gc,metaspace ] GC(735) Metaspace: 58081K->58081K(1101824K)
[1552.720s][info ][gc           ] GC(735) Pause Young (Allocation Failure) 750M->531M(852M) 18.667ms
[1552.720s][info ][gc,cpu       ] GC(735) User=0.07s Sys=0.00s Real=0.02s
[1552.720s][info ][safepoint    ] Leaving safepoint region
[1552.720s][info ][safepoint    ] Total time for which application threads were stopped: 0.0189165 seconds, Stopping threads took: 0.0000606 seconds
[1553.720s][info ][safepoint    ] Application time: 1.0001826 seconds
[1553.720s][info ][safepoint    ] Entering safepoint region: Cleanup
[1553.720s][info ][safepoint    ] Leaving safepoint region
[1553.720s][info ][safepoint    ] Total time for which application threads were stopped: 0.0000987 seconds, Stopping threads took: 0.0000190 seconds
[1554.484s][info ][safepoint    ] Application time: 0.7634578 seconds
[1554.484s][info ][safepoint    ] Entering safepoint region: GenCollectForAllocation
[1554.484s][info ][gc,start     ] GC(736) Pause Young (Allocation Failure)
[1554.484s][info ][gc,task      ] GC(736) Using 4 workers of 4 for evacuation
[1554.489s][debug][gc,ref       ] GC(736) Skipped phase1 of Reference Processing due to unavailable references
[1554.489s][debug][gc,ref       ] GC(736) Skipped phase2 of Reference Processing due to unavailable references
[1554.489s][debug][gc,ref       ] GC(736) Skipped phase3 of Reference Processing due to unavailable references
[1554.489s][debug][gc,ref       ] GC(736) Skipped phase4 of Reference Processing due to unavailable references
[1554.489s][debug][gc,age       ] GC(736) Desired survivor size 15400960 bytes, new threshold 6 (max threshold 6)
[1554.489s][info ][gc,heap      ] GC(736) ParNew: 260328K->14333K(270976K)
[1554.489s][info ][gc,heap      ] GC(736) CMS: 524439K->525902K(602112K)
[1554.489s][info ][gc,metaspace ] GC(736) Metaspace: 58081K->58081K(1101824K)
[1554.489s][info ][gc           ] GC(736) Pause Young (Allocation Failure) 766M->527M(852M) 5.425ms
[1554.489s][info ][gc,cpu       ] GC(736) User=0.02s Sys=0.00s Real=0.00s
[1554.489s][info ][safepoint    ] Leaving safepoint region
[1554.489s][info ][safepoint    ] Total time for which application threads were stopped: 0.0055808 seconds, Stopping threads took: 0.0000273 seconds
[1555.490s][info ][safepoint    ] Application time: 1.0001015 seconds
[1555.490s][info ][safepoint    ] Entering safepoint region: Cleanup
[1555.490s][info ][safepoint    ] Leaving safepoint region
[1555.490s][info ][safepoint    ] Total time for which application threads were stopped: 0.0001024 seconds, Stopping threads took: 0.0000422 seconds
[1556.490s][info ][safepoint    ] Application time: 1.0000897 seconds
[1556.490s][info ][safepoint    ] Entering safepoint region: Cleanup
[1556.490s][info ][safepoint    ] Leaving safepoint region
[1556.490s][info ][safepoint    ] Total time for which application threads were stopped: 0.0001074 seconds, Stopping threads took: 0.0000380 seconds
[1556.774s][info ][safepoint    ] Application time: 0.2837446 seconds
[1556.774s][info ][safepoint    ] Entering safepoint region: GenCollectForAllocation
[1556.774s][info ][gc,start     ] GC(737) Pause Young (Allocation Failure)
[1556.774s][info ][gc,task      ] GC(737) Using 4 workers of 4 for evacuation
[1556.776s][debug][gc,ref       ] GC(737) Skipped phase1 of Reference Processing due to unavailable references
[1556.776s][debug][gc,ref       ] GC(737) Skipped phase2 of Reference Processing due to unavailable references
[1556.776s][debug][gc,ref       ] GC(737) Skipped phase3 of Reference Processing due to unavailable references
[1556.776s][debug][gc,ref       ] GC(737) Skipped phase4 of Reference Processing due to unavailable references
[1556.776s][debug][gc,age       ] GC(737) Desired survivor size 15400960 bytes, new threshold 6 (max threshold 6)
[1556.776s][info ][gc,heap      ] GC(737) ParNew: 255229K->3662K(270976K)
[1556.776s][info ][gc,heap      ] GC(737) CMS: 525902K->525902K(602112K)
[1556.776s][info ][gc,metaspace ] GC(737) Metaspace: 58085K->58085K(1101824K)
[1556.776s][info ][gc           ] GC(737) Pause Young (Allocation Failure) 762M->517M(852M) 2.686ms
[1556.777s][info ][gc,cpu       ] GC(737) User=0.01s Sys=0.00s Real=0.01s
[1556.777s][info ][safepoint    ] Leaving safepoint region
[1556.777s][info ][safepoint    ] Total time for which application threads were stopped: 0.0028488 seconds, Stopping threads took: 0.0000178 seconds
[1557.777s][info ][safepoint    ] Application time: 1.0001262 seconds
[1557.777s][info ][safepoint    ] Entering safepoint region: Cleanup
[1557.777s][info ][safepoint    ] Leaving safepoint region
[1557.777s][info ][safepoint    ] Total time for which application threads were stopped: 0.0001573 seconds, Stopping threads took: 0.0000550 seconds
[1558.777s][info ][safepoint    ] Application time: 1.0000857 seconds
[1558.777s][info ][safepoint    ] Entering safepoint region: Cleanup
[1558.777s][info ][safepoint    ] Leaving safepoint region
[1558.777s][info ][safepoint    ] Total time for which application threads were stopped: 0.0001873 seconds, Stopping threads took: 0.0000954 seconds
[1559.145s][info ][safepoint    ] Application time: 0.3675364 seconds
[1559.145s][info ][safepoint    ] Entering safepoint region: GenCollectForAllocation
[1559.145s][info ][gc,start     ] GC(738) Pause Young (Allocation Failure)
[1559.145s][info ][gc,task      ] GC(738) Using 4 workers of 4 for evacuation
[1559.148s][debug][gc,ref       ] GC(738) Skipped phase1 of Reference Processing due to unavailable references
[1559.148s][debug][gc,ref       ] GC(738) Skipped phase2 of Reference Processing due to unavailable references
[1559.148s][debug][gc,ref       ] GC(738) Skipped phase3 of Reference Processing due to unavailable references
[1559.148s][debug][gc,ref       ] GC(738) Skipped phase4 of Reference Processing due to unavailable references
[1559.148s][debug][gc,age       ] GC(738) Desired survivor size 15400960 bytes, new threshold 6 (max threshold 6)
[1559.148s][info ][gc,heap      ] GC(738) ParNew: 244558K->2434K(270976K)
[1559.148s][info ][gc,heap      ] GC(738) CMS: 525902K->525902K(602112K)
[1559.148s][info ][gc,metaspace ] GC(738) Metaspace: 58085K->58085K(1101824K)
[1559.148s][info ][gc           ] GC(738) Pause Young (Allocation Failure) 752M->515M(852M) 2.987ms
[1559.148s][info ][gc,cpu       ] GC(738) User=0.02s Sys=0.00s Real=0.00s
[1559.148s][info ][safepoint    ] Leaving safepoint region
[1559.148s][info ][safepoint    ] Total time for which application threads were stopped: 0.0031305 seconds, Stopping threads took: 0.0000168 seconds
[1560.148s][info ][safepoint    ] Application time: 1.0001252 seconds
[1560.148s][info ][safepoint    ] Entering safepoint region: Cleanup
[1560.148s][info ][safepoint    ] Leaving safepoint region
[1560.148s][info ][safepoint    ] Total time for which application threads were stopped: 0.0000748 seconds, Stopping threads took: 0.0000173 seconds
[1561.148s][info ][safepoint    ] Application time: 1.0000836 seconds
[1561.148s][info ][safepoint    ] Entering safepoint region: Cleanup
[1561.148s][info ][safepoint    ] Leaving safepoint region
[1561.148s][info ][safepoint    ] Total time for which application threads were stopped: 0.0000720 seconds, Stopping threads took: 0.0000169 seconds
[1561.445s][info ][safepoint    ] Application time: 0.2965759 seconds
[1561.445s][info ][safepoint    ] Entering safepoint region: GenCollectForAllocation
[1561.445s][info ][gc,start     ] GC(739) Pause Young (Allocation Failure)
[1561.445s][info ][gc,task      ] GC(739) Using 4 workers of 4 for evacuation
[1561.448s][debug][gc,ref       ] GC(739) Skipped phase1 of Reference Processing due to unavailable references
[1561.448s][debug][gc,ref       ] GC(739) Skipped phase2 of Reference Processing due to unavailable references
[1561.448s][debug][gc,ref       ] GC(739) Skipped phase3 of Reference Processing due to unavailable references
[1561.448s][debug][gc,ref       ] GC(739) Skipped phase4 of Reference Processing due to unavailable references
[1561.448s][debug][gc,age       ] GC(739) Desired survivor size 15400960 bytes, new threshold 6 (max threshold 6)
[1561.448s][info ][gc,heap      ] GC(739) ParNew: 243330K->2691K(270976K)
[1561.448s][info ][gc,heap      ] GC(739) CMS: 525902K->525902K(602112K)
[1561.448s][info ][gc,metaspace ] GC(739) Metaspace: 58085K->58085K(1101824K)
[1561.448s][info ][gc           ] GC(739) Pause Young (Allocation Failure) 751M->516M(852M) 3.422ms
[1561.449s][info ][gc,cpu       ] GC(739) User=0.01s Sys=0.00s Real=0.00s
[1561.449s][info ][safepoint    ] Leaving safepoint region
[1561.449s][info ][safepoint    ] Total time for which application threads were stopped: 0.0035788 seconds, Stopping threads took: 0.0000171 seconds
[1562.449s][info ][safepoint    ] Application time: 1.0000920 seconds
[1562.449s][info ][safepoint    ] Entering safepoint region: Cleanup
[1562.449s][info ][safepoint    ] Leaving safepoint region
[1562.449s][info ][safepoint    ] Total time for which application threads were stopped: 0.0000850 seconds, Stopping threads took: 0.0000319 seconds
[1563.449s][info ][safepoint    ] Application time: 1.0000934 seconds
[1563.449s][info ][safepoint    ] Entering safepoint region: Cleanup
[1563.449s][info ][safepoint    ] Leaving safepoint region
[1563.449s][info ][safepoint    ] Total time for which application threads were stopped: 0.0000777 seconds, Stopping threads took: 0.0000208 seconds
[1563.838s][info ][safepoint    ] Application time: 0.3889698 seconds
[1563.838s][info ][safepoint    ] Entering safepoint region: GenCollectForAllocation
[1563.838s][info ][gc,start     ] GC(740) Pause Young (Allocation Failure)
[1563.838s][info ][gc,task      ] GC(740) Using 4 workers of 4 for evacuation
[1563.841s][debug][gc,ref       ] GC(740) Skipped phase1 of Reference Processing due to unavailable references
[1563.841s][debug][gc,ref       ] GC(740) Skipped phase2 of Reference Processing due to unavailable references
[1563.841s][debug][gc,ref       ] GC(740) Skipped phase3 of Reference Processing due to unavailable references
[1563.841s][debug][gc,ref       ] GC(740) Skipped phase4 of Reference Processing due to unavailable references
[1563.842s][debug][gc,age       ] GC(740) Desired survivor size 15400960 bytes, new threshold 6 (max threshold 6)
[1563.842s][info ][gc,heap      ] GC(740) ParNew: 243587K->2479K(270976K)
[1563.842s][info ][gc,heap      ] GC(740) CMS: 525902K->525902K(602112K)
[1563.842s][info ][gc,metaspace ] GC(740) Metaspace: 58087K->58087K(1101824K)
[1563.842s][info ][gc           ] GC(740) Pause Young (Allocation Failure) 751M->515M(852M) 3.477ms
[1563.842s][info ][gc,cpu       ] GC(740) User=0.01s Sys=0.00s Real=0.00s
[1563.842s][info ][safepoint    ] Leaving safepoint region
[1563.842s][info ][safepoint    ] Total time for which application threads were stopped: 0.0036298 seconds, Stopping threads took: 0.0000177 seconds
[1564.842s][info ][safepoint    ] Application time: 1.0001624 seconds
[1564.842s][info ][safepoint    ] Entering safepoint region: Cleanup
[1564.842s][info ][safepoint    ] Leaving safepoint region
[1564.842s][info ][safepoint    ] Total time for which application threads were stopped: 0.0000705 seconds, Stopping threads took: 0.0000170 seconds
[1565.842s][info ][safepoint    ] Application time: 1.0000972 seconds
[1565.842s][info ][safepoint    ] Entering safepoint region: Cleanup
[1565.842s][info ][safepoint    ] Leaving safepoint region
[1565.842s][info ][safepoint    ] Total time for which application threads were stopped: 0.0001222 seconds, Stopping threads took: 0.0000445 seconds
[1566.228s][info ][safepoint    ] Application time: 0.3863151 seconds
[1566.229s][info ][safepoint    ] Entering safepoint region: GenCollectForAllocation
[1566.229s][info ][gc,start     ] GC(741) Pause Young (Allocation Failure)
[1566.229s][info ][gc,task      ] GC(741) Using 4 workers of 4 for evacuation
[1566.232s][debug][gc,ref       ] GC(741) Skipped phase1 of Reference Processing due to unavailable references
[1566.232s][debug][gc,ref       ] GC(741) Skipped phase2 of Reference Processing due to unavailable references
[1566.232s][debug][gc,ref       ] GC(741) Skipped phase3 of Reference Processing due to unavailable references
[1566.232s][debug][gc,ref       ] GC(741) Skipped phase4 of Reference Processing due to unavailable references
[1566.232s][debug][gc,age       ] GC(741) Desired survivor size 15400960 bytes, new threshold 6 (max threshold 6)
[1566.232s][info ][gc,heap      ] GC(741) ParNew: 243375K->2415K(270976K)
[1566.232s][info ][gc,heap      ] GC(741) CMS: 525902K->525902K(602112K)
[1566.232s][info ][gc,metaspace ] GC(741) Metaspace: 58087K->58087K(1101824K)
[1566.232s][info ][gc           ] GC(741) Pause Young (Allocation Failure) 751M->515M(852M) 3.367ms
[1566.232s][info ][gc,cpu       ] GC(741) User=0.01s Sys=0.00s Real=0.00s
[1566.232s][info ][safepoint    ] Leaving safepoint region
[1566.232s][info ][safepoint    ] Total time for which application threads were stopped: 0.0035568 seconds, Stopping threads took: 0.0000429 seconds
[1567.232s][info ][safepoint    ] Application time: 1.0001010 seconds
[1567.232s][info ][safepoint    ] Entering safepoint region: Cleanup
[1567.232s][info ][safepoint    ] Leaving safepoint region
[1567.232s][info ][safepoint    ] Total time for which application threads were stopped: 0.0001223 seconds, Stopping threads took: 0.0000558 seconds
[1568.232s][info ][safepoint    ] Application time: 1.0000874 seconds
[1568.233s][info ][safepoint    ] Entering safepoint region: Cleanup
[1568.233s][info ][safepoint    ] Leaving safepoint region
[1568.233s][info ][safepoint    ] Total time for which application threads were stopped: 0.0001192 seconds, Stopping threads took: 0.0000394 seconds
[1568.774s][info ][safepoint    ] Application time: 0.5410652 seconds
[1568.774s][info ][safepoint    ] Entering safepoint region: GenCollectForAllocation
[1568.774s][info ][gc,start     ] GC(742) Pause Young (Allocation Failure)
[1568.774s][info ][gc,task      ] GC(742) Using 4 workers of 4 for evacuation
[1568.778s][debug][gc,ref       ] GC(742) Skipped phase1 of Reference Processing due to unavailable references
[1568.778s][debug][gc,ref       ] GC(742) Skipped phase2 of Reference Processing due to unavailable references
[1568.778s][debug][gc,ref       ] GC(742) Skipped phase3 of Reference Processing due to unavailable references
[1568.778s][debug][gc,ref       ] GC(742) Skipped phase4 of Reference Processing due to unavailable references
[1568.778s][debug][gc,age       ] GC(742) Desired survivor size 15400960 bytes, new threshold 6 (max threshold 6)
[1568.778s][info ][gc,heap      ] GC(742) ParNew: 243311K->2903K(270976K)
[1568.778s][info ][gc,heap      ] GC(742) CMS: 525902K->525991K(602112K)
[1568.778s][info ][gc,metaspace ] GC(742) Metaspace: 58087K->58087K(1101824K)
[1568.778s][info ][gc           ] GC(742) Pause Young (Allocation Failure) 751M->516M(852M) 4.055ms
[1568.778s][info ][gc,cpu       ] GC(742) User=0.01s Sys=0.00s Real=0.01s
[1568.778s][info ][safepoint    ] Leaving safepoint region
[1568.778s][info ][safepoint    ] Total time for which application threads were stopped: 0.0042370 seconds, Stopping threads took: 0.0000515 seconds
[1569.778s][info ][safepoint    ] Application time: 1.0001549 seconds
[1569.778s][info ][safepoint    ] Entering safepoint region: Cleanup
[1569.778s][info ][safepoint    ] Leaving safepoint region
[1569.778s][info ][safepoint    ] Total time for which application threads were stopped: 0.0001182 seconds, Stopping threads took: 0.0000434 seconds
[1570.778s][info ][safepoint    ] Application time: 1.0000978 seconds
[1570.778s][info ][safepoint    ] Entering safepoint region: Cleanup
[1570.779s][info ][safepoint    ] Leaving safepoint region
[1570.779s][info ][safepoint    ] Total time for which application threads were stopped: 0.0001225 seconds, Stopping threads took: 0.0000434 seconds
[1571.251s][info ][safepoint    ] Application time: 0.4720956 seconds
[1571.251s][info ][safepoint    ] Entering safepoint region: GenCollectForAllocation
[1571.251s][info ][gc,start     ] GC(743) Pause Young (Allocation Failure)
[1571.251s][info ][gc,task      ] GC(743) Using 4 workers of 4 for evacuation
[1571.254s][debug][gc,ref       ] GC(743) Skipped phase1 of Reference Processing due to unavailable references
[1571.254s][debug][gc,ref       ] GC(743) Skipped phase2 of Reference Processing due to unavailable references
[1571.254s][debug][gc,ref       ] GC(743) Skipped phase3 of Reference Processing due to unavailable references
[1571.254s][debug][gc,ref       ] GC(743) Skipped phase4 of Reference Processing due to unavailable references
[1571.254s][debug][gc,age       ] GC(743) Desired survivor size 15400960 bytes, new threshold 6 (max threshold 6)
[1571.254s][info ][gc,heap      ] GC(743) ParNew: 243799K->2650K(270976K)
[1571.254s][info ][gc,heap      ] GC(743) CMS: 525991K->526087K(602112K)
[1571.254s][info ][gc,metaspace ] GC(743) Metaspace: 58087K->58087K(1101824K)
[1571.254s][info ][gc           ] GC(743) Pause Young (Allocation Failure) 751M->516M(852M) 3.179ms
[1571.254s][info ][gc,cpu       ] GC(743) User=0.02s Sys=0.00s Real=0.00s
[1571.254s][info ][safepoint    ] Leaving safepoint region
[1571.254s][info ][safepoint    ] Total time for which application threads were stopped: 0.0033192 seconds, Stopping threads took: 0.0000175 seconds
[1572.254s][info ][safepoint    ] Application time: 1.0000948 seconds
[1572.254s][info ][safepoint    ] Entering safepoint region: Cleanup
[1572.254s][info ][safepoint    ] Leaving safepoint region
[1572.254s][info ][safepoint    ] Total time for which application threads were stopped: 0.0000704 seconds, Stopping threads took: 0.0000187 seconds
[1573.254s][info ][safepoint    ] Application time: 1.0000890 seconds
[1573.254s][info ][safepoint    ] Entering safepoint region: Cleanup
[1573.254s][info ][safepoint    ] Leaving safepoint region
[1573.254s][info ][safepoint    ] Total time for which application threads were stopped: 0.0001017 seconds, Stopping threads took: 0.0000191 seconds
[1573.524s][info ][safepoint    ] Application time: 0.2691981 seconds
[1573.524s][info ][safepoint    ] Entering safepoint region: GenCollectForAllocation
[1573.524s][info ][gc,start     ] GC(744) Pause Young (Allocation Failure)
[1573.524s][info ][gc,task      ] GC(744) Using 4 workers of 4 for evacuation
[1573.527s][debug][gc,ref       ] GC(744) Skipped phase1 of Reference Processing due to unavailable references
[1573.527s][debug][gc,ref       ] GC(744) Skipped phase2 of Reference Processing due to unavailable references
[1573.527s][debug][gc,ref       ] GC(744) Skipped phase3 of Reference Processing due to unavailable references
[1573.527s][debug][gc,ref       ] GC(744) Skipped phase4 of Reference Processing due to unavailable references
[1573.527s][debug][gc,age       ] GC(744) Desired survivor size 15400960 bytes, new threshold 6 (max threshold 6)
[1573.527s][info ][gc,heap      ] GC(744) ParNew: 243546K->3257K(270976K)
[1573.527s][info ][gc,heap      ] GC(744) CMS: 526087K->526641K(602112K)
[1573.527s][info ][gc,metaspace ] GC(744) Metaspace: 58087K->58087K(1101824K)
[1573.527s][info ][gc           ] GC(744) Pause Young (Allocation Failure) 751M->517M(852M) 3.533ms
[1573.527s][info ][gc,cpu       ] GC(744) User=0.01s Sys=0.00s Real=0.00s
[1573.527s][info ][safepoint    ] Leaving safepoint region
[1573.527s][info ][safepoint    ] Total time for which application threads were stopped: 0.0037009 seconds, Stopping threads took: 0.0000441 seconds
[1574.528s][info ][safepoint    ] Application time: 1.0001368 seconds
[1574.528s][info ][safepoint    ] Entering safepoint region: Cleanup
[1574.528s][info ][safepoint    ] Leaving safepoint region
[1574.528s][info ][safepoint    ] Total time for which application threads were stopped: 0.0001426 seconds, Stopping threads took: 0.0000587 seconds
[1575.528s][info ][safepoint    ] Application time: 1.0001370 seconds
[1575.528s][info ][safepoint    ] Entering safepoint region: Cleanup
[1575.528s][info ][safepoint    ] Leaving safepoint region
[1575.528s][info ][safepoint    ] Total time for which application threads were stopped: 0.0001171 seconds, Stopping threads took: 0.0000426 seconds
[1575.923s][info ][safepoint    ] Application time: 0.3953917 seconds
[1575.923s][info ][safepoint    ] Entering safepoint region: GenCollectForAllocation
[1575.924s][info ][gc,start     ] GC(745) Pause Young (Allocation Failure)
[1575.924s][info ][gc,task      ] GC(745) Using 4 workers of 4 for evacuation
[1575.927s][debug][gc,ref       ] GC(745) Skipped phase1 of Reference Processing due to unavailable references
[1575.927s][debug][gc,ref       ] GC(745) Skipped phase2 of Reference Processing due to unavailable references
[1575.927s][debug][gc,ref       ] GC(745) Skipped phase3 of Reference Processing due to unavailable references
[1575.927s][debug][gc,ref       ] GC(745) Skipped phase4 of Reference Processing due to unavailable references
[1575.927s][debug][gc,age       ] GC(745) Desired survivor size 15400960 bytes, new threshold 6 (max threshold 6)
[1575.927s][info ][gc,heap      ] GC(745) ParNew: 244153K->2719K(270976K)
[1575.927s][info ][gc,heap      ] GC(745) CMS: 526641K->526758K(602112K)
[1575.927s][info ][gc,metaspace ] GC(745) Metaspace: 58087K->58087K(1101824K)
[1575.927s][info ][gc           ] GC(745) Pause Young (Allocation Failure) 752M->517M(852M) 3.166ms
[1575.927s][info ][gc,cpu       ] GC(745) User=0.00s Sys=0.00s Real=0.01s
[1575.927s][info ][safepoint    ] Leaving safepoint region
[1575.927s][info ][safepoint    ] Total time for which application threads were stopped: 0.0033545 seconds, Stopping threads took: 0.0000413 seconds
[1576.927s][info ][safepoint    ] Application time: 1.0001464 seconds
[1576.927s][info ][safepoint    ] Entering safepoint region: Cleanup
[1576.927s][info ][safepoint    ] Leaving safepoint region
[1576.927s][info ][safepoint    ] Total time for which application threads were stopped: 0.0001009 seconds, Stopping threads took: 0.0000409 seconds
[1577.927s][info ][safepoint    ] Application time: 1.0000887 seconds
[1577.927s][info ][safepoint    ] Entering safepoint region: Cleanup
[1577.927s][info ][safepoint    ] Leaving safepoint region
[1577.927s][info ][safepoint    ] Total time for which application threads were stopped: 0.0001656 seconds, Stopping threads took: 0.0000942 seconds
[1578.524s][info ][safepoint    ] Application time: 0.5962278 seconds
[1578.524s][info ][safepoint    ] Entering safepoint region: GenCollectForAllocation
[1578.524s][info ][gc,start     ] GC(746) Pause Young (Allocation Failure)
[1578.524s][info ][gc,task      ] GC(746) Using 4 workers of 4 for evacuation
[1578.528s][debug][gc,ref       ] GC(746) Skipped phase1 of Reference Processing due to unavailable references
[1578.528s][debug][gc,ref       ] GC(746) Skipped phase2 of Reference Processing due to unavailable references
[1578.528s][debug][gc,ref       ] GC(746) Skipped phase3 of Reference Processing due to unavailable references
[1578.528s][debug][gc,ref       ] GC(746) Skipped phase4 of Reference Processing due to unavailable references
[1578.528s][debug][gc,age       ] GC(746) Desired survivor size 15400960 bytes, new threshold 6 (max threshold 6)
[1578.528s][info ][gc,heap      ] GC(746) ParNew: 243615K->2608K(270976K)
[1578.528s][info ][gc,heap      ] GC(746) CMS: 526758K->527160K(602112K)
[1578.528s][info ][gc,metaspace ] GC(746) Metaspace: 58088K->58088K(1101824K)
[1578.528s][info ][gc           ] GC(746) Pause Young (Allocation Failure) 752M->517M(852M) 4.128ms
[1578.528s][info ][gc,cpu       ] GC(746) User=0.01s Sys=0.00s Real=0.00s
[1578.528s][info ][safepoint    ] Leaving safepoint region
[1578.528s][info ][safepoint    ] Total time for which application threads were stopped: 0.0043643 seconds, Stopping threads took: 0.0000470 seconds
[1579.528s][info ][safepoint    ] Application time: 1.0001000 seconds
[1579.528s][info ][safepoint    ] Entering safepoint region: Cleanup
[1579.528s][info ][safepoint    ] Leaving safepoint region
[1579.528s][info ][safepoint    ] Total time for which application threads were stopped: 0.0001115 seconds, Stopping threads took: 0.0000397 seconds
[1580.528s][info ][safepoint    ] Application time: 1.0000998 seconds
[1580.528s][info ][safepoint    ] Entering safepoint region: Cleanup
[1580.529s][info ][safepoint    ] Leaving safepoint region
[1580.529s][info ][safepoint    ] Total time for which application threads were stopped: 0.0001005 seconds, Stopping threads took: 0.0000396 seconds
[1581.023s][info ][safepoint    ] Application time: 0.4940918 seconds
[1581.023s][info ][safepoint    ] Entering safepoint region: GenCollectForAllocation
[1581.023s][info ][gc,start     ] GC(747) Pause Young (Allocation Failure)
[1581.023s][info ][gc,task      ] GC(747) Using 4 workers of 4 for evacuation
[1581.026s][debug][gc,ref       ] GC(747) Skipped phase1 of Reference Processing due to unavailable references
[1581.026s][debug][gc,ref       ] GC(747) Skipped phase2 of Reference Processing due to unavailable references
[1581.026s][debug][gc,ref       ] GC(747) Skipped phase3 of Reference Processing due to unavailable references
[1581.026s][debug][gc,ref       ] GC(747) Skipped phase4 of Reference Processing due to unavailable references
[1581.026s][debug][gc,age       ] GC(747) Desired survivor size 15400960 bytes, new threshold 6 (max threshold 6)
[1581.026s][info ][gc,heap      ] GC(747) ParNew: 243504K->2313K(270976K)
[1581.026s][info ][gc,heap      ] GC(747) CMS: 527160K->527317K(602112K)
[1581.026s][info ][gc,metaspace ] GC(747) Metaspace: 58089K->58089K(1101824K)
[1581.026s][info ][gc           ] GC(747) Pause Young (Allocation Failure) 752M->517M(852M) 2.989ms
[1581.026s][info ][gc,cpu       ] GC(747) User=0.01s Sys=0.00s Real=0.01s
[1581.026s][info ][safepoint    ] Leaving safepoint region
[1581.026s][info ][safepoint    ] Total time for which application threads were stopped: 0.0031526 seconds, Stopping threads took: 0.0000179 seconds
[1582.026s][info ][safepoint    ] Application time: 1.0000892 seconds
[1582.026s][info ][safepoint    ] Entering safepoint region: Cleanup
[1582.026s][info ][safepoint    ] Leaving safepoint region
[1582.026s][info ][safepoint    ] Total time for which application threads were stopped: 0.0001716 seconds, Stopping threads took: 0.0001000 seconds
[1583.026s][info ][safepoint    ] Application time: 1.0000819 seconds
[1583.026s][info ][safepoint    ] Entering safepoint region: Cleanup
[1583.026s][info ][safepoint    ] Leaving safepoint region
[1583.026s][info ][safepoint    ] Total time for which application threads were stopped: 0.0001507 seconds, Stopping threads took: 0.0000789 seconds
[1583.435s][info ][safepoint    ] Application time: 0.4087464 seconds
[1583.435s][info ][safepoint    ] Entering safepoint region: GenCollectForAllocation
[1583.435s][info ][gc,start     ] GC(748) Pause Young (Allocation Failure)
[1583.435s][info ][gc,task      ] GC(748) Using 4 workers of 4 for evacuation
[1583.438s][debug][gc,ref       ] GC(748) Skipped phase1 of Reference Processing due to unavailable references
[1583.438s][debug][gc,ref       ] GC(748) Skipped phase2 of Reference Processing due to unavailable references
[1583.438s][debug][gc,ref       ] GC(748) Skipped phase3 of Reference Processing due to unavailable references
[1583.438s][debug][gc,ref       ] GC(748) Skipped phase4 of Reference Processing due to unavailable references
[1583.438s][debug][gc,age       ] GC(748) Desired survivor size 15400960 bytes, new threshold 6 (max threshold 6)
[1583.438s][info ][gc,heap      ] GC(748) ParNew: 243209K->2553K(270976K)
[1583.438s][info ][gc,heap      ] GC(748) CMS: 527317K->527373K(602112K)
[1583.438s][info ][gc,metaspace ] GC(748) Metaspace: 58090K->58090K(1101824K)
[1583.439s][info ][gc           ] GC(748) Pause Young (Allocation Failure) 752M->517M(852M) 3.211ms
[1583.439s][info ][gc,cpu       ] GC(748) User=0.01s Sys=0.00s Real=0.01s
[1583.439s][info ][safepoint    ] Leaving safepoint region
[1583.439s][info ][safepoint    ] Total time for which application threads were stopped: 0.0033569 seconds, Stopping threads took: 0.0000190 seconds
[1585.883s][info ][safepoint    ] Application time: 2.4444093 seconds
[1585.883s][info ][safepoint    ] Entering safepoint region: GenCollectForAllocation
[1585.883s][info ][gc,start     ] GC(749) Pause Young (Allocation Failure)
[1585.883s][info ][gc,task      ] GC(749) Using 4 workers of 4 for evacuation
[1585.886s][debug][gc,ref       ] GC(749) Skipped phase1 of Reference Processing due to unavailable references
[1585.886s][debug][gc,ref       ] GC(749) Skipped phase2 of Reference Processing due to unavailable references
[1585.886s][debug][gc,ref       ] GC(749) Skipped phase3 of Reference Processing due to unavailable references
[1585.886s][debug][gc,ref       ] GC(749) Skipped phase4 of Reference Processing due to unavailable references
[1585.886s][debug][gc,age       ] GC(749) Desired survivor size 15400960 bytes, new threshold 6 (max threshold 6)
[1585.886s][info ][gc,heap      ] GC(749) ParNew: 243449K->2805K(270976K)
[1585.886s][info ][gc,heap      ] GC(749) CMS: 527373K->527579K(602112K)
[1585.886s][info ][gc,metaspace ] GC(749) Metaspace: 58090K->58090K(1101824K)
[1585.886s][info ][gc           ] GC(749) Pause Young (Allocation Failure) 752M->517M(852M) 3.263ms
[1585.886s][info ][gc,cpu       ] GC(749) User=0.01s Sys=0.00s Real=0.01s
[1585.886s][info ][safepoint    ] Leaving safepoint region
[1585.886s][info ][safepoint    ] Total time for which application threads were stopped: 0.0034097 seconds, Stopping threads took: 0.0000184 seconds
[1586.887s][info ][safepoint    ] Application time: 1.0001044 seconds
[1586.887s][info ][safepoint    ] Entering safepoint region: Cleanup
[1586.887s][info ][safepoint    ] Leaving safepoint region
[1586.887s][info ][safepoint    ] Total time for which application threads were stopped: 0.0000764 seconds, Stopping threads took: 0.0000161 seconds
[1587.887s][info ][safepoint    ] Application time: 1.0000894 seconds
[1587.887s][info ][safepoint    ] Entering safepoint region: Cleanup
[1587.887s][info ][safepoint    ] Leaving safepoint region
[1587.887s][info ][safepoint    ] Total time for which application threads were stopped: 0.0000747 seconds, Stopping threads took: 0.0000160 seconds
[1588.331s][info ][safepoint    ] Application time: 0.4442888 seconds
[1588.331s][info ][safepoint    ] Entering safepoint region: GenCollectForAllocation
[1588.331s][info ][gc,start     ] GC(750) Pause Young (Allocation Failure)
[1588.331s][info ][gc,task      ] GC(750) Using 4 workers of 4 for evacuation
[1588.334s][debug][gc,ref       ] GC(750) Skipped phase1 of Reference Processing due to unavailable references
[1588.334s][debug][gc,ref       ] GC(750) Skipped phase2 of Reference Processing due to unavailable references
[1588.334s][debug][gc,ref       ] GC(750) Skipped phase3 of Reference Processing due to unavailable references
[1588.334s][debug][gc,ref       ] GC(750) Skipped phase4 of Reference Processing due to unavailable references
[1588.334s][debug][gc,age       ] GC(750) Desired survivor size 15400960 bytes, new threshold 6 (max threshold 6)
[1588.334s][info ][gc,heap      ] GC(750) ParNew: 243701K->2605K(270976K)
[1588.334s][info ][gc,heap      ] GC(750) CMS: 527579K->527684K(602112K)
[1588.334s][info ][gc,metaspace ] GC(750) Metaspace: 58090K->58090K(1101824K)
[1588.334s][info ][gc           ] GC(750) Pause Young (Allocation Failure) 753M->517M(852M) 3.077ms
[1588.334s][info ][gc,cpu       ] GC(750) User=0.01s Sys=0.00s Real=0.00s
[1588.334s][info ][safepoint    ] Leaving safepoint region
[1588.334s][info ][safepoint    ] Total time for which application threads were stopped: 0.0032230 seconds, Stopping threads took: 0.0000190 seconds
[1590.678s][info ][safepoint    ] Application time: 2.3431711 seconds
[1590.678s][info ][safepoint    ] Entering safepoint region: GenCollectForAllocation
[1590.678s][info ][gc,start     ] GC(751) Pause Young (Allocation Failure)
[1590.678s][info ][gc,task      ] GC(751) Using 4 workers of 4 for evacuation
[1590.682s][debug][gc,ref       ] GC(751) Skipped phase1 of Reference Processing due to unavailable references
[1590.682s][debug][gc,ref       ] GC(751) Skipped phase2 of Reference Processing due to unavailable references
[1590.682s][debug][gc,ref       ] GC(751) Skipped phase3 of Reference Processing due to unavailable references
[1590.682s][debug][gc,ref       ] GC(751) Skipped phase4 of Reference Processing due to unavailable references
[1590.682s][debug][gc,age       ] GC(751) Desired survivor size 15400960 bytes, new threshold 6 (max threshold 6)
[1590.682s][info ][gc,heap      ] GC(751) ParNew: 243501K->2738K(270976K)
[1590.682s][info ][gc,heap      ] GC(751) CMS: 527684K->527698K(602112K)
[1590.682s][info ][gc,metaspace ] GC(751) Metaspace: 58090K->58090K(1101824K)
[1590.682s][info ][gc           ] GC(751) Pause Young (Allocation Failure) 753M->518M(852M) 4.196ms
[1590.682s][info ][gc,cpu       ] GC(751) User=0.01s Sys=0.00s Real=0.00s
[1590.682s][info ][safepoint    ] Leaving safepoint region
[1590.682s][info ][safepoint    ] Total time for which application threads were stopped: 0.0043500 seconds, Stopping threads took: 0.0000184 seconds
[1591.682s][info ][safepoint    ] Application time: 1.0001423 seconds
[1591.682s][info ][safepoint    ] Entering safepoint region: Cleanup
[1591.682s][info ][safepoint    ] Leaving safepoint region
[1591.682s][info ][safepoint    ] Total time for which application threads were stopped: 0.0001606 seconds, Stopping threads took: 0.0000817 seconds
[1593.074s][info ][safepoint    ] Application time: 1.3914150 seconds
[1593.074s][info ][safepoint    ] Entering safepoint region: GenCollectForAllocation
[1593.074s][info ][gc,start     ] GC(752) Pause Young (Allocation Failure)
[1593.074s][info ][gc,task      ] GC(752) Using 4 workers of 4 for evacuation
[1593.077s][debug][gc,ref       ] GC(752) Skipped phase1 of Reference Processing due to unavailable references
[1593.077s][debug][gc,ref       ] GC(752) Skipped phase2 of Reference Processing due to unavailable references
[1593.077s][debug][gc,ref       ] GC(752) Skipped phase3 of Reference Processing due to unavailable references
[1593.077s][debug][gc,ref       ] GC(752) Skipped phase4 of Reference Processing due to unavailable references
[1593.077s][debug][gc,age       ] GC(752) Desired survivor size 15400960 bytes, new threshold 6 (max threshold 6)
[1593.077s][info ][gc,heap      ] GC(752) ParNew: 243634K->2710K(270976K)
[1593.077s][info ][gc,heap      ] GC(752) CMS: 527698K->527737K(602112K)
[1593.077s][info ][gc,metaspace ] GC(752) Metaspace: 58090K->58090K(1101824K)
[1593.077s][info ][gc           ] GC(752) Pause Young (Allocation Failure) 753M->518M(852M) 3.433ms
[1593.077s][info ][gc,cpu       ] GC(752) User=0.01s Sys=0.00s Real=0.01s
[1593.077s][info ][safepoint    ] Leaving safepoint region
[1593.077s][info ][safepoint    ] Total time for which application threads were stopped: 0.0035953 seconds, Stopping threads took: 0.0000381 seconds
[1595.335s][info ][safepoint    ] Application time: 2.2573216 seconds
[1595.335s][info ][safepoint    ] Entering safepoint region: GenCollectForAllocation
[1595.335s][info ][gc,start     ] GC(753) Pause Young (Allocation Failure)
[1595.335s][info ][gc,task      ] GC(753) Using 4 workers of 4 for evacuation
[1595.338s][debug][gc,ref       ] GC(753) Skipped phase1 of Reference Processing due to unavailable references
[1595.338s][debug][gc,ref       ] GC(753) Skipped phase2 of Reference Processing due to unavailable references
[1595.338s][debug][gc,ref       ] GC(753) Skipped phase3 of Reference Processing due to unavailable references
[1595.338s][debug][gc,ref       ] GC(753) Skipped phase4 of Reference Processing due to unavailable references
[1595.338s][debug][gc,age       ] GC(753) Desired survivor size 15400960 bytes, new threshold 6 (max threshold 6)
[1595.338s][info ][gc,heap      ] GC(753) ParNew: 243606K->2215K(270976K)
[1595.338s][info ][gc,heap      ] GC(753) CMS: 527737K->528170K(602112K)
[1595.338s][info ][gc,metaspace ] GC(753) Metaspace: 58090K->58090K(1101824K)
[1595.338s][info ][gc           ] GC(753) Pause Young (Allocation Failure) 753M->517M(852M) 3.217ms
[1595.338s][info ][gc,cpu       ] GC(753) User=0.01s Sys=0.00s Real=0.01s
[1595.338s][info ][safepoint    ] Leaving safepoint region
[1595.338s][info ][safepoint    ] Total time for which application threads were stopped: 0.0033742 seconds, Stopping threads took: 0.0000155 seconds
[1597.684s][info ][safepoint    ] Application time: 2.3458346 seconds
[1597.684s][info ][safepoint    ] Entering safepoint region: GenCollectForAllocation
[1597.684s][info ][gc,start     ] GC(754) Pause Young (Allocation Failure)
[1597.684s][info ][gc,task      ] GC(754) Using 4 workers of 4 for evacuation
[1597.687s][debug][gc,ref       ] GC(754) Skipped phase1 of Reference Processing due to unavailable references
[1597.687s][debug][gc,ref       ] GC(754) Skipped phase2 of Reference Processing due to unavailable references
[1597.687s][debug][gc,ref       ] GC(754) Skipped phase3 of Reference Processing due to unavailable references
[1597.687s][debug][gc,ref       ] GC(754) Skipped phase4 of Reference Processing due to unavailable references
[1597.687s][debug][gc,age       ] GC(754) Desired survivor size 15400960 bytes, new threshold 6 (max threshold 6)
[1597.687s][info ][gc,heap      ] GC(754) ParNew: 243111K->2870K(270976K)
[1597.687s][info ][gc,heap      ] GC(754) CMS: 528170K->528311K(602112K)
[1597.687s][info ][gc,metaspace ] GC(754) Metaspace: 58090K->58090K(1101824K)
[1597.687s][info ][gc           ] GC(754) Pause Young (Allocation Failure) 753M->518M(852M) 3.319ms
[1597.687s][info ][gc,cpu       ] GC(754) User=0.01s Sys=0.00s Real=0.00s
[1597.687s][info ][safepoint    ] Leaving safepoint region
[1597.687s][info ][safepoint    ] Total time for which application threads were stopped: 0.0035092 seconds, Stopping threads took: 0.0000182 seconds
[1599.937s][info ][safepoint    ] Application time: 2.2494006 seconds
[1599.937s][info ][safepoint    ] Entering safepoint region: GenCollectForAllocation
[1599.937s][info ][gc,start     ] GC(755) Pause Young (Allocation Failure)
[1599.937s][info ][gc,task      ] GC(755) Using 4 workers of 4 for evacuation
[1599.940s][debug][gc,ref       ] GC(755) Skipped phase1 of Reference Processing due to unavailable references
[1599.940s][debug][gc,ref       ] GC(755) Skipped phase2 of Reference Processing due to unavailable references
[1599.940s][debug][gc,ref       ] GC(755) Skipped phase3 of Reference Processing due to unavailable references
[1599.940s][debug][gc,ref       ] GC(755) Skipped phase4 of Reference Processing due to unavailable references
[1599.940s][debug][gc,age       ] GC(755) Desired survivor size 15400960 bytes, new threshold 6 (max threshold 6)
[1599.940s][info ][gc,heap      ] GC(755) ParNew: 243766K->2088K(270976K)
[1599.940s][info ][gc,heap      ] GC(755) CMS: 528311K->528362K(602112K)
[1599.940s][info ][gc,metaspace ] GC(755) Metaspace: 58090K->58090K(1101824K)
[1599.940s][info ][gc           ] GC(755) Pause Young (Allocation Failure) 753M->518M(852M) 3.146ms
[1599.940s][info ][gc,cpu       ] GC(755) User=0.01s Sys=0.00s Real=0.00s
[1599.940s][info ][safepoint    ] Leaving safepoint region
[1599.940s][info ][safepoint    ] Total time for which application threads were stopped: 0.0032895 seconds, Stopping threads took: 0.0000173 seconds
[1602.385s][info ][safepoint    ] Application time: 2.4445910 seconds
[1602.385s][info ][safepoint    ] Entering safepoint region: GenCollectForAllocation
[1602.385s][info ][gc,start     ] GC(756) Pause Young (Allocation Failure)
[1602.385s][info ][gc,task      ] GC(756) Using 4 workers of 4 for evacuation
[1602.388s][debug][gc,ref       ] GC(756) Skipped phase1 of Reference Processing due to unavailable references
[1602.388s][debug][gc,ref       ] GC(756) Skipped phase2 of Reference Processing due to unavailable references
[1602.388s][debug][gc,ref       ] GC(756) Skipped phase3 of Reference Processing due to unavailable references
[1602.388s][debug][gc,ref       ] GC(756) Skipped phase4 of Reference Processing due to unavailable references
[1602.388s][debug][gc,age       ] GC(756) Desired survivor size 15400960 bytes, new threshold 6 (max threshold 6)
[1602.388s][info ][gc,heap      ] GC(756) ParNew: 242984K->2330K(270976K)
[1602.388s][info ][gc,heap      ] GC(756) CMS: 528362K->528490K(602112K)
[1602.388s][info ][gc,metaspace ] GC(756) Metaspace: 58090K->58090K(1101824K)
[1602.388s][info ][gc           ] GC(756) Pause Young (Allocation Failure) 753M->518M(852M) 3.044ms
[1602.388s][info ][gc,cpu       ] GC(756) User=0.01s Sys=0.00s Real=0.00s
[1602.388s][info ][safepoint    ] Leaving safepoint region
[1602.388s][info ][safepoint    ] Total time for which application threads were stopped: 0.0031898 seconds, Stopping threads took: 0.0000177 seconds
[1604.885s][info ][safepoint    ] Application time: 2.4966579 seconds
[1604.885s][info ][safepoint    ] Entering safepoint region: GenCollectForAllocation
[1604.885s][info ][gc,start     ] GC(757) Pause Young (Allocation Failure)
[1604.885s][info ][gc,task      ] GC(757) Using 4 workers of 4 for evacuation
[1604.888s][debug][gc,ref       ] GC(757) Skipped phase1 of Reference Processing due to unavailable references
[1604.888s][debug][gc,ref       ] GC(757) Skipped phase2 of Reference Processing due to unavailable references
[1604.888s][debug][gc,ref       ] GC(757) Skipped phase3 of Reference Processing due to unavailable references
[1604.888s][debug][gc,ref       ] GC(757) Skipped phase4 of Reference Processing due to unavailable references
[1604.888s][debug][gc,age       ] GC(757) Desired survivor size 15400960 bytes, new threshold 6 (max threshold 6)
[1604.888s][info ][gc,heap      ] GC(757) ParNew: 243226K->2283K(270976K)
[1604.888s][info ][gc,heap      ] GC(757) CMS: 528490K->528498K(602112K)
[1604.888s][info ][gc,metaspace ] GC(757) Metaspace: 58090K->58090K(1101824K)
[1604.888s][info ][gc           ] GC(757) Pause Young (Allocation Failure) 753M->518M(852M) 2.937ms
[1604.888s][info ][gc,cpu       ] GC(757) User=0.01s Sys=0.00s Real=0.00s
[1604.888s][info ][safepoint    ] Leaving safepoint region
[1604.888s][info ][safepoint    ] Total time for which application threads were stopped: 0.0030772 seconds, Stopping threads took: 0.0000197 seconds
[1605.888s][info ][safepoint    ] Application time: 1.0000936 seconds
[1605.888s][info ][safepoint    ] Entering safepoint region: Cleanup
[1605.888s][info ][safepoint    ] Leaving safepoint region
[1605.888s][info ][safepoint    ] Total time for which application threads were stopped: 0.0001397 seconds, Stopping threads took: 0.0000644 seconds
[1606.523s][info ][safepoint    ] Application time: 0.6352802 seconds
[1606.523s][info ][safepoint    ] Entering safepoint region: GenCollectForAllocation
[1606.524s][info ][gc,start     ] GC(758) Pause Young (Allocation Failure)
[1606.524s][info ][gc,task      ] GC(758) Using 4 workers of 4 for evacuation
[1606.527s][debug][gc,ref       ] GC(758) Skipped phase1 of Reference Processing due to unavailable references
[1606.527s][debug][gc,ref       ] GC(758) Skipped phase2 of Reference Processing due to unavailable references
[1606.527s][debug][gc,ref       ] GC(758) Skipped phase3 of Reference Processing due to unavailable references
[1606.527s][debug][gc,ref       ] GC(758) Skipped phase4 of Reference Processing due to unavailable references
[1606.528s][debug][gc,age       ] GC(758) Desired survivor size 15400960 bytes, new threshold 6 (max threshold 6)
[1606.528s][info ][gc,heap      ] GC(758) ParNew: 243179K->2831K(270976K)
[1606.528s][info ][gc,heap      ] GC(758) CMS: 528498K->528592K(602112K)
[1606.528s][info ][gc,metaspace ] GC(758) Metaspace: 58104K->58104K(1101824K)
[1606.528s][info ][gc           ] GC(758) Pause Young (Allocation Failure) 753M->518M(852M) 4.104ms
[1606.528s][info ][gc,cpu       ] GC(758) User=0.02s Sys=0.00s Real=0.01s
[1606.528s][info ][safepoint    ] Leaving safepoint region
[1606.528s][info ][safepoint    ] Total time for which application threads were stopped: 0.0042680 seconds, Stopping threads took: 0.0000177 seconds
[1611.431s][info ][safepoint    ] Application time: 4.9034055 seconds
[1611.431s][info ][safepoint    ] Entering safepoint region: GenCollectForAllocation
[1611.431s][info ][gc,start     ] GC(759) Pause Young (Allocation Failure)
[1611.431s][info ][gc,task      ] GC(759) Using 4 workers of 4 for evacuation
[1611.434s][debug][gc,ref       ] GC(759) Skipped phase1 of Reference Processing due to unavailable references
[1611.434s][debug][gc,ref       ] GC(759) Skipped phase2 of Reference Processing due to unavailable references
[1611.434s][debug][gc,ref       ] GC(759) Skipped phase3 of Reference Processing due to unavailable references
[1611.434s][debug][gc,ref       ] GC(759) Skipped phase4 of Reference Processing due to unavailable references
[1611.435s][debug][gc,age       ] GC(759) Desired survivor size 15400960 bytes, new threshold 6 (max threshold 6)
[1611.435s][info ][gc,heap      ] GC(759) ParNew: 243727K->2801K(270976K)
[1611.435s][info ][gc,heap      ] GC(759) CMS: 528592K->528683K(602112K)
[1611.435s][info ][gc,metaspace ] GC(759) Metaspace: 58104K->58104K(1101824K)
[1611.435s][info ][gc           ] GC(759) Pause Young (Allocation Failure) 754M->519M(852M) 3.250ms
[1611.435s][info ][gc,cpu       ] GC(759) User=0.01s Sys=0.01s Real=0.00s
[1611.435s][info ][safepoint    ] Leaving safepoint region
[1611.435s][info ][safepoint    ] Total time for which application threads were stopped: 0.0034017 seconds, Stopping threads took: 0.0000177 seconds
[1616.473s][info ][safepoint    ] Application time: 5.0386689 seconds
[1616.473s][info ][safepoint    ] Entering safepoint region: GenCollectForAllocation
[1616.473s][info ][gc,start     ] GC(760) Pause Young (Allocation Failure)
[1616.473s][info ][gc,task      ] GC(760) Using 4 workers of 4 for evacuation
[1616.477s][debug][gc,ref       ] GC(760) Skipped phase1 of Reference Processing due to unavailable references
[1616.477s][debug][gc,ref       ] GC(760) Skipped phase2 of Reference Processing due to unavailable references
[1616.477s][debug][gc,ref       ] GC(760) Skipped phase3 of Reference Processing due to unavailable references
[1616.477s][debug][gc,ref       ] GC(760) Skipped phase4 of Reference Processing due to unavailable references
[1616.477s][debug][gc,age       ] GC(760) Desired survivor size 15400960 bytes, new threshold 6 (max threshold 6)
[1616.477s][info ][gc,heap      ] GC(760) ParNew: 243697K->2500K(270976K)
[1616.477s][info ][gc,heap      ] GC(760) CMS: 528683K->528823K(602112K)
[1616.477s][info ][gc,metaspace ] GC(760) Metaspace: 58104K->58104K(1101824K)
[1616.477s][info ][gc           ] GC(760) Pause Young (Allocation Failure) 754M->518M(852M) 3.406ms
[1616.477s][info ][gc,cpu       ] GC(760) User=0.01s Sys=0.00s Real=0.01s
[1616.477s][info ][safepoint    ] Leaving safepoint region
[1616.477s][info ][safepoint    ] Total time for which application threads were stopped: 0.0035732 seconds, Stopping threads took: 0.0000331 seconds
[1666.060s][info ][safepoint    ] Application time: 49.5827368 seconds
[1666.060s][info ][safepoint    ] Entering safepoint region: RevokeBias
[1666.060s][info ][safepoint    ] Leaving safepoint region
[1666.060s][info ][safepoint    ] Total time for which application threads were stopped: 0.0001614 seconds, Stopping threads took: 0.0000886 seconds
[1726.060s][info ][safepoint    ] Application time: 59.9997511 seconds
[1726.060s][info ][safepoint    ] Entering safepoint region: RevokeBias
[1726.060s][info ][safepoint    ] Leaving safepoint region
[1726.060s][info ][safepoint    ] Total time for which application threads were stopped: 0.0001005 seconds, Stopping threads took: 0.0000323 seconds
[1761.122s][info ][safepoint    ] Application time: 35.0625701 seconds
[1761.122s][info ][safepoint    ] Entering safepoint region: GenCollectForAllocation
[1761.123s][info ][gc,start     ] GC(761) Pause Young (Allocation Failure)
[1761.123s][info ][gc,task      ] GC(761) Using 4 workers of 4 for evacuation
[1761.125s][debug][gc,ref       ] GC(761) Skipped phase1 of Reference Processing due to unavailable references
[1761.125s][debug][gc,ref       ] GC(761) Skipped phase2 of Reference Processing due to unavailable references
[1761.126s][debug][gc,ref       ] GC(761) Skipped phase3 of Reference Processing due to unavailable references
[1761.126s][debug][gc,ref       ] GC(761) Skipped phase4 of Reference Processing due to unavailable references
[1761.126s][debug][gc,age       ] GC(761) Desired survivor size 15400960 bytes, new threshold 6 (max threshold 6)
[1761.126s][info ][gc,heap      ] GC(761) ParNew: 243396K->2397K(270976K)
[1761.126s][info ][gc,heap      ] GC(761) CMS: 528823K->528861K(602112K)
[1761.126s][info ][gc,metaspace ] GC(761) Metaspace: 58112K->58112K(1101824K)
[1761.126s][info ][gc           ] GC(761) Pause Young (Allocation Failure) 754M->518M(852M) 3.085ms
[1761.126s][info ][gc,cpu       ] GC(761) User=0.01s Sys=0.00s Real=0.01s
[1761.126s][info ][safepoint    ] Leaving safepoint region
[1761.126s][info ][safepoint    ] Total time for which application threads were stopped: 0.0033104 seconds, Stopping threads took: 0.0001136 seconds
[1782.128s][info ][safepoint    ] Application time: 21.0018787 seconds
[1782.128s][info ][safepoint    ] Entering safepoint region: Cleanup
[1782.128s][info ][safepoint    ] Leaving safepoint region
[1782.128s][info ][safepoint    ] Total time for which application threads were stopped: 0.0001609 seconds, Stopping threads took: 0.0001043 seconds
[1786.060s][info ][safepoint    ] Application time: 3.9318593 seconds
[1786.060s][info ][safepoint    ] Entering safepoint region: RevokeBias
[1786.060s][info ][safepoint    ] Leaving safepoint region
[1786.060s][info ][safepoint    ] Total time for which application threads were stopped: 0.0001063 seconds, Stopping threads took: 0.0000184 seconds
[1810.062s][info ][safepoint    ] Application time: 24.0021031 seconds
[1810.062s][info ][safepoint    ] Entering safepoint region: Cleanup
[1810.062s][info ][safepoint    ] Leaving safepoint region
[1810.062s][info ][safepoint    ] Total time for which application threads were stopped: 0.0000983 seconds, Stopping threads took: 0.0000353 seconds
[1811.062s][info ][safepoint    ] Application time: 1.0000903 seconds
[1811.062s][info ][safepoint    ] Entering safepoint region: Cleanup
[1811.062s][info ][safepoint    ] Leaving safepoint region
[1811.062s][info ][safepoint    ] Total time for which application threads were stopped: 0.0000769 seconds, Stopping threads took: 0.0000168 seconds
[1846.060s][info ][safepoint    ] Application time: 34.9973477 seconds
[1846.060s][info ][safepoint    ] Entering safepoint region: RevokeBias
[1846.060s][info ][safepoint    ] Leaving safepoint region
[1846.060s][info ][safepoint    ] Total time for which application threads were stopped: 0.0001025 seconds, Stopping threads took: 0.0000329 seconds
[1906.060s][info ][safepoint    ] Application time: 59.9999378 seconds
[1906.060s][info ][safepoint    ] Entering safepoint region: RevokeBias
[1906.060s][info ][safepoint    ] Leaving safepoint region
[1906.060s][info ][safepoint    ] Total time for which application threads were stopped: 0.0001674 seconds, Stopping threads took: 0.0000398 seconds
[1919.062s][info ][safepoint    ] Application time: 13.0018372 seconds
[1919.062s][info ][safepoint    ] Entering safepoint region: Cleanup
[1919.062s][info ][safepoint    ] Leaving safepoint region
[1919.062s][info ][safepoint    ] Total time for which application threads were stopped: 0.0000897 seconds, Stopping threads took: 0.0000326 seconds
[1922.062s][info ][safepoint    ] Application time: 3.0002553 seconds
[1922.062s][info ][safepoint    ] Entering safepoint region: Cleanup
[1922.062s][info ][safepoint    ] Leaving safepoint region
[1922.062s][info ][safepoint    ] Total time for which application threads were stopped: 0.0001017 seconds, Stopping threads took: 0.0000269 seconds
[1966.060s][info ][safepoint    ] Application time: 43.9971195 seconds
[1966.060s][info ][safepoint    ] Entering safepoint region: RevokeBias
[1966.060s][info ][safepoint    ] Leaving safepoint region
[1966.060s][info ][safepoint    ] Total time for which application threads were stopped: 0.0001121 seconds, Stopping threads took: 0.0000526 seconds
[1969.265s][info ][safepoint    ] Application time: 3.2056275 seconds
[1969.265s][info ][safepoint    ] Entering safepoint region: RevokeBias
[1969.266s][info ][safepoint    ] Leaving safepoint region
[1969.266s][info ][safepoint    ] Total time for which application threads were stopped: 0.0001372 seconds, Stopping threads took: 0.0000568 seconds
[1969.266s][info ][safepoint    ] Application time: 0.0000823 seconds
[1969.266s][info ][safepoint    ] Entering safepoint region: RevokeBias
[1969.266s][info ][safepoint    ] Leaving safepoint region
[1969.266s][info ][safepoint    ] Total time for which application threads were stopped: 0.0000740 seconds, Stopping threads took: 0.0000283 seconds
[1969.279s][info ][safepoint    ] Application time: 0.0132835 seconds
[1969.279s][info ][safepoint    ] Entering safepoint region: RevokeBias
[1969.279s][info ][safepoint    ] Leaving safepoint region
[1969.279s][info ][safepoint    ] Total time for which application threads were stopped: 0.0000891 seconds, Stopping threads took: 0.0000129 seconds
[1969.293s][info ][safepoint    ] Application time: 0.0141878 seconds
[1969.293s][info ][safepoint    ] Entering safepoint region: RevokeBias
[1969.293s][info ][safepoint    ] Leaving safepoint region
[1969.293s][info ][safepoint    ] Total time for which application threads were stopped: 0.0000831 seconds, Stopping threads took: 0.0000121 seconds
[1969.294s][info ][safepoint    ] Application time: 0.0005368 seconds
[1969.294s][info ][safepoint    ] Entering safepoint region: RevokeBias
[1969.294s][info ][safepoint    ] Leaving safepoint region
[1969.294s][info ][safepoint    ] Total time for which application threads were stopped: 0.0000812 seconds, Stopping threads took: 0.0000375 seconds
[1969.294s][info ][safepoint    ] Application time: 0.0000881 seconds
[1969.294s][info ][safepoint    ] Entering safepoint region: RevokeBias
[1969.294s][info ][safepoint    ] Leaving safepoint region
[1969.294s][info ][safepoint    ] Total time for which application threads were stopped: 0.0000835 seconds, Stopping threads took: 0.0000496 seconds
[1969.294s][info ][safepoint    ] Application time: 0.0002334 seconds
[1969.295s][info ][safepoint    ] Entering safepoint region: RevokeBias
[1969.295s][info ][safepoint    ] Leaving safepoint region
[1969.295s][info ][safepoint    ] Total time for which application threads were stopped: 0.0001469 seconds, Stopping threads took: 0.0001275 seconds
[1969.295s][info ][safepoint    ] Application time: 0.0000576 seconds
[1969.295s][info ][safepoint    ] Entering safepoint region: RevokeBias
[1969.295s][info ][safepoint    ] Leaving safepoint region
[1969.295s][info ][safepoint    ] Total time for which application threads were stopped: 0.0000184 seconds, Stopping threads took: 0.0000057 seconds
[1969.296s][info ][safepoint    ] Application time: 0.0011787 seconds
[1969.296s][info ][safepoint    ] Entering safepoint region: RevokeBias
[1969.296s][info ][safepoint    ] Leaving safepoint region
[1969.296s][info ][safepoint    ] Total time for which application threads were stopped: 0.0000361 seconds, Stopping threads took: 0.0000069 seconds
[1969.297s][info ][safepoint    ] Application time: 0.0013316 seconds
[1969.297s][info ][safepoint    ] Entering safepoint region: RevokeBias
[1969.297s][info ][safepoint    ] Leaving safepoint region
[1969.297s][info ][safepoint    ] Total time for which application threads were stopped: 0.0000363 seconds, Stopping threads took: 0.0000075 seconds
[1969.298s][info ][gc,heap,exit ] Heap
[1969.298s][info ][gc,heap,exit ]  par new generation   total 270976K, used 131693K [0x0000000700000000, 0x0000000712600000, 0x0000000714cc0000)
[1969.298s][info ][gc,heap,exit ]   eden space 240896K,  53% used [0x0000000700000000, 0x0000000707e43cf0, 0x000000070eb40000)
[1969.298s][info ][gc,heap,exit ]   from space 30080K,   7% used [0x000000070eb40000, 0x000000070ed97768, 0x00000007108a0000)
[1969.298s][info ][gc,heap,exit ]   to   space 30080K,   0% used [0x00000007108a0000, 0x00000007108a0000, 0x0000000712600000)
[1969.298s][info ][gc,heap,exit ]  concurrent mark-sweep generation total 602112K, used 528861K [0x0000000714cc0000, 0x00000007398c0000, 0x0000000800000000)
[1969.298s][info ][gc,heap,exit ]  Metaspace       used 58158K, capacity 61813K, committed 61988K, reserved 1101824K
[1969.298s][info ][gc,heap,exit ]   class space    used 7731K, capacity 9366K, committed 9436K, reserved 1048576K
[1969.298s][info ][safepoint    ] Application time: 0.0005203 seconds
[1969.298s][info ][safepoint    ] Entering safepoint region: Halt
